[2023-05-16T02:35:57.007+0000][6][gc,heap] Heap region size: 1M
[2023-05-16T02:35:57.007+0000][6][gc,heap,coops] Heap address: 0x00000000c0000000, size: 1024 MB, Compressed Oops mode: 32-bit
[2023-05-16T02:35:57.375+0000][6][gc           ] Using G1
[2023-05-16T02:35:57.375+0000][6][gc,cds       ] Mark closed archive regions in map: [0x00000000fff00000, 0x00000000fff7eff8]
[2023-05-16T02:35:57.375+0000][6][gc,cds       ] Mark open archive regions in map: [0x00000000ffe00000, 0x00000000ffe51ff8]
[2023-05-16T02:35:57.386+0000][6][gc           ] Periodic GC disabled
[2023-05-16T02:35:58.054+0000][6][safepoint    ] Safepoint "ICBufferFull", Time since last: 671669260 ns, Reaching safepoint: 424213 ns, At safepoint: 5767 ns, Total: 429980 ns
[2023-05-16T02:35:58.869+0000][6][gc,start     ] GC(0) Pause Young (Normal) (G1 Evacuation Pause)
[2023-05-16T02:35:58.869+0000][6][gc,task      ] GC(0) Using 8 workers of 8 for evacuation
[2023-05-16T02:35:58.869+0000][6][gc,age       ] GC(0) Desired survivor size 3670016 bytes, new threshold 15 (max threshold 15)
[2023-05-16T02:35:58.877+0000][6][gc,age       ] GC(0) Age table with threshold 15 (max threshold 15)
[2023-05-16T02:35:58.877+0000][6][gc,age       ] GC(0) - age   1:    4078648 bytes,    4078648 total
[2023-05-16T02:35:58.878+0000][6][gc,phases    ] GC(0)   Pre Evacuate Collection Set: 0.1ms
[2023-05-16T02:35:58.878+0000][6][gc,phases    ] GC(0)   Merge Heap Roots: 0.0ms
[2023-05-16T02:35:58.878+0000][6][gc,phases    ] GC(0)   Evacuate Collection Set: 7.3ms
[2023-05-16T02:35:58.878+0000][6][gc,phases    ] GC(0)   Post Evacuate Collection Set: 0.5ms
[2023-05-16T02:35:58.878+0000][6][gc,phases    ] GC(0)   Other: 0.6ms
[2023-05-16T02:35:58.878+0000][6][gc,heap      ] GC(0) Eden regions: 51->0(60)
[2023-05-16T02:35:58.878+0000][6][gc,heap      ] GC(0) Survivor regions: 0->5(7)
[2023-05-16T02:35:58.878+0000][6][gc,heap      ] GC(0) Old regions: 0->0
[2023-05-16T02:35:58.878+0000][6][gc,heap      ] GC(0) Archive regions: 2->2
[2023-05-16T02:35:58.878+0000][6][gc,heap      ] GC(0) Humongous regions: 1->1
[2023-05-16T02:35:58.878+0000][6][gc,metaspace ] GC(0) Metaspace: 10721K(11520K)->10721K(11520K) NonClass: 9383K(9984K)->9383K(9984K) Class: 1338K(1536K)->1338K(1536K)
[2023-05-16T02:35:58.878+0000][6][gc           ] GC(0) Pause Young (Normal) (G1 Evacuation Pause) 52M->5M(1024M) 8.651ms
[2023-05-16T02:35:58.878+0000][6][gc,cpu       ] GC(0) User=0.01s Sys=0.00s Real=0.00s
[2023-05-16T02:35:58.878+0000][6][safepoint    ] Safepoint "G1CollectForAllocation", Time since last: 814404041 ns, Reaching safepoint: 169153 ns, At safepoint: 8722730 ns, Total: 8891883 ns
[2023-05-16T02:36:00.253+0000][6][safepoint    ] Safepoint "ICBufferFull", Time since last: 1374182657 ns, Reaching safepoint: 746128 ns, At safepoint: 18954 ns, Total: 765082 ns
[2023-05-16T02:36:00.306+0000][6][gc,start     ] GC(1) Pause Young (Normal) (G1 Evacuation Pause)
[2023-05-16T02:36:00.306+0000][6][gc,task      ] GC(1) Using 8 workers of 8 for evacuation
[2023-05-16T02:36:00.306+0000][6][gc,age       ] GC(1) Desired survivor size 4718592 bytes, new threshold 15 (max threshold 15)
[2023-05-16T02:36:00.321+0000][6][gc,age       ] GC(1) Age table with threshold 15 (max threshold 15)
[2023-05-16T02:36:00.321+0000][6][gc,age       ] GC(1) - age   1:    3423224 bytes,    3423224 total
[2023-05-16T02:36:00.321+0000][6][gc,age       ] GC(1) - age   2:    3962480 bytes,    7385704 total
[2023-05-16T02:36:00.321+0000][6][gc,phases    ] GC(1)   Pre Evacuate Collection Set: 0.2ms
[2023-05-16T02:36:00.321+0000][6][gc,phases    ] GC(1)   Merge Heap Roots: 0.1ms
[2023-05-16T02:36:00.321+0000][6][gc,phases    ] GC(1)   Evacuate Collection Set: 10.7ms
[2023-05-16T02:36:00.321+0000][6][gc,phases    ] GC(1)   Post Evacuate Collection Set: 3.4ms
[2023-05-16T02:36:00.321+0000][6][gc,phases    ] GC(1)   Other: 0.2ms
[2023-05-16T02:36:00.321+0000][6][gc,heap      ] GC(1) Eden regions: 60->0(133)
[2023-05-16T02:36:00.321+0000][6][gc,heap      ] GC(1) Survivor regions: 5->8(9)
[2023-05-16T02:36:00.321+0000][6][gc,heap      ] GC(1) Old regions: 0->0
[2023-05-16T02:36:00.321+0000][6][gc,heap      ] GC(1) Archive regions: 2->2
[2023-05-16T02:36:00.321+0000][6][gc,heap      ] GC(1) Humongous regions: 2->1
[2023-05-16T02:36:00.321+0000][6][gc,metaspace ] GC(1) Metaspace: 14569K(15360K)->14569K(15360K) NonClass: 12823K(13312K)->12823K(13312K) Class: 1746K(2048K)->1746K(2048K)
[2023-05-16T02:36:00.321+0000][6][gc           ] GC(1) Pause Young (Normal) (G1 Evacuation Pause) 66M->9M(1024M) 14.626ms
[2023-05-16T02:36:00.321+0000][6][gc,cpu       ] GC(1) User=0.02s Sys=0.00s Real=0.02s
[2023-05-16T02:36:00.321+0000][6][safepoint    ] Safepoint "G1CollectForAllocation", Time since last: 53586156 ns, Reaching safepoint: 125171 ns, At safepoint: 14695161 ns, Total: 14820332 ns
[2023-05-16T02:36:00.321+0000][6][safepoint    ] Safepoint "BulkRevokeBias", Time since last: 231781 ns, Reaching safepoint: 118007 ns, At safepoint: 78861 ns, Total: 196868 ns
[2023-05-16T02:36:00.322+0000][6][safepoint    ] Safepoint "BulkRevokeBias", Time since last: 848337 ns, Reaching safepoint: 173625 ns, At safepoint: 40697 ns, Total: 214322 ns
[2023-05-16T02:36:00.323+0000][6][safepoint    ] Safepoint "BulkRevokeBias", Time since last: 25407 ns, Reaching safepoint: 98193 ns, At safepoint: 85955 ns, Total: 184148 ns
[2023-05-16T02:36:01.313+0000][6][gc,start     ] GC(2) Pause Young (Normal) (G1 Evacuation Pause)
[2023-05-16T02:36:01.313+0000][6][gc,task      ] GC(2) Using 8 workers of 8 for evacuation
[2023-05-16T02:36:01.313+0000][6][gc,age       ] GC(2) Desired survivor size 9437184 bytes, new threshold 15 (max threshold 15)
[2023-05-16T02:36:01.342+0000][6][gc,age       ] GC(2) Age table with threshold 15 (max threshold 15)
[2023-05-16T02:36:01.343+0000][6][gc,age       ] GC(2) - age   1:    2548704 bytes,    2548704 total
[2023-05-16T02:36:01.343+0000][6][gc,age       ] GC(2) - age   2:    3397704 bytes,    5946408 total
[2023-05-16T02:36:01.343+0000][6][gc,age       ] GC(2) - age   3:    3942392 bytes,    9888800 total
[2023-05-16T02:36:01.343+0000][6][gc,phases    ] GC(2)   Pre Evacuate Collection Set: 0.2ms
[2023-05-16T02:36:01.343+0000][6][gc,phases    ] GC(2)   Merge Heap Roots: 0.1ms
[2023-05-16T02:36:01.343+0000][6][gc,phases    ] GC(2)   Evacuate Collection Set: 28.1ms
[2023-05-16T02:36:01.343+0000][6][gc,phases    ] GC(2)   Post Evacuate Collection Set: 0.8ms
[2023-05-16T02:36:01.343+0000][6][gc,phases    ] GC(2)   Other: 0.3ms
[2023-05-16T02:36:01.343+0000][6][gc,heap      ] GC(2) Eden regions: 133->0(499)
[2023-05-16T02:36:01.343+0000][6][gc,heap      ] GC(2) Survivor regions: 8->10(18)
[2023-05-16T02:36:01.343+0000][6][gc,heap      ] GC(2) Old regions: 0->0
[2023-05-16T02:36:01.343+0000][6][gc,heap      ] GC(2) Archive regions: 2->2
[2023-05-16T02:36:01.343+0000][6][gc,heap      ] GC(2) Humongous regions: 1->1
[2023-05-16T02:36:01.343+0000][6][gc,metaspace ] GC(2) Metaspace: 17026K(17792K)->17026K(17792K) NonClass: 14923K(15360K)->14923K(15360K) Class: 2102K(2432K)->2102K(2432K)
[2023-05-16T02:36:01.343+0000][6][gc           ] GC(2) Pause Young (Normal) (G1 Evacuation Pause) 142M->11M(1024M) 29.501ms
[2023-05-16T02:36:01.343+0000][6][gc,cpu       ] GC(2) User=0.02s Sys=0.00s Real=0.03s
[2023-05-16T02:36:01.343+0000][6][safepoint    ] Safepoint "G1CollectForAllocation", Time since last: 990121502 ns, Reaching safepoint: 266307 ns, At safepoint: 29571204 ns, Total: 29837511 ns
[2023-05-16T02:36:03.093+0000][6][safepoint    ] Safepoint "Cleanup", Time since last: 1747545353 ns, Reaching safepoint: 2961076 ns, At safepoint: 6156 ns, Total: 2967232 ns
[2023-05-16T02:36:03.616+0000][6][gc,start     ] GC(3) Pause Young (Normal) (G1 Evacuation Pause)
[2023-05-16T02:36:03.616+0000][6][gc,task      ] GC(3) Using 8 workers of 8 for evacuation
[2023-05-16T02:36:03.616+0000][6][gc,age       ] GC(3) Desired survivor size 33554432 bytes, new threshold 15 (max threshold 15)
[2023-05-16T02:36:03.666+0000][6][gc,age       ] GC(3) Age table with threshold 15 (max threshold 15)
[2023-05-16T02:36:03.666+0000][6][gc,age       ] GC(3) - age   1:    7493728 bytes,    7493728 total
[2023-05-16T02:36:03.666+0000][6][gc,age       ] GC(3) - age   2:    1937176 bytes,    9430904 total
[2023-05-16T02:36:03.666+0000][6][gc,age       ] GC(3) - age   3:    3396368 bytes,   12827272 total
[2023-05-16T02:36:03.666+0000][6][gc,age       ] GC(3) - age   4:    3941688 bytes,   16768960 total
[2023-05-16T02:36:03.666+0000][6][gc,phases    ] GC(3)   Pre Evacuate Collection Set: 0.2ms
[2023-05-16T02:36:03.666+0000][6][gc,phases    ] GC(3)   Merge Heap Roots: 0.1ms
[2023-05-16T02:36:03.666+0000][6][gc,phases    ] GC(3)   Evacuate Collection Set: 35.4ms
[2023-05-16T02:36:03.666+0000][6][gc,phases    ] GC(3)   Post Evacuate Collection Set: 13.9ms
[2023-05-16T02:36:03.666+0000][6][gc,phases    ] GC(3)   Other: 0.4ms
[2023-05-16T02:36:03.666+0000][6][gc,heap      ] GC(3) Eden regions: 499->0(597)
[2023-05-16T02:36:03.666+0000][6][gc,heap      ] GC(3) Survivor regions: 10->17(64)
[2023-05-16T02:36:03.666+0000][6][gc,heap      ] GC(3) Old regions: 0->0
[2023-05-16T02:36:03.666+0000][6][gc,heap      ] GC(3) Archive regions: 2->2
[2023-05-16T02:36:03.666+0000][6][gc,heap      ] GC(3) Humongous regions: 1->1
[2023-05-16T02:36:03.666+0000][6][gc,metaspace ] GC(3) Metaspace: 19399K(20736K)->19399K(20736K) NonClass: 17002K(17920K)->17002K(17920K) Class: 2396K(2816K)->2396K(2816K)
[2023-05-16T02:36:03.666+0000][6][gc           ] GC(3) Pause Young (Normal) (G1 Evacuation Pause) 510M->18M(1024M) 50.064ms
[2023-05-16T02:36:03.666+0000][6][gc,cpu       ] GC(3) User=0.11s Sys=0.00s Real=0.05s
[2023-05-16T02:36:03.667+0000][6][safepoint    ] Safepoint "G1CollectForAllocation", Time since last: 523060326 ns, Reaching safepoint: 155292 ns, At safepoint: 50139844 ns, Total: 50295136 ns
[2023-05-16T02:36:03.673+0000][6][safepoint    ] Safepoint "BulkRevokeBias", Time since last: 2446557 ns, Reaching safepoint: 3724784 ns, At safepoint: 84168 ns, Total: 3808952 ns
[2023-05-16T02:36:03.677+0000][6][safepoint    ] Safepoint "BulkRevokeBias", Time since last: 592915 ns, Reaching safepoint: 2849739 ns, At safepoint: 801508 ns, Total: 3651247 ns
[2023-05-16T02:36:03.681+0000][6][safepoint    ] Safepoint "BulkRevokeBias", Time since last: 401650 ns, Reaching safepoint: 3436004 ns, At safepoint: 272298 ns, Total: 3708302 ns
[2023-05-16T02:36:04.427+0000][6][gc,start     ] GC(4) Pause Young (Concurrent Start) (Metadata GC Threshold)
[2023-05-16T02:36:04.427+0000][6][gc,task      ] GC(4) Using 8 workers of 8 for evacuation
[2023-05-16T02:36:04.427+0000][6][gc,age       ] GC(4) Desired survivor size 40370176 bytes, new threshold 15 (max threshold 15)
[2023-05-16T02:36:04.442+0000][6][gc,age       ] GC(4) Age table with threshold 15 (max threshold 15)
[2023-05-16T02:36:04.442+0000][6][gc,age       ] GC(4) - age   1:     932464 bytes,     932464 total
[2023-05-16T02:36:04.442+0000][6][gc,age       ] GC(4) - age   2:    6330824 bytes,    7263288 total
[2023-05-16T02:36:04.442+0000][6][gc,age       ] GC(4) - age   3:    1936792 bytes,    9200080 total
[2023-05-16T02:36:04.442+0000][6][gc,age       ] GC(4) - age   4:    3396368 bytes,   12596448 total
[2023-05-16T02:36:04.442+0000][6][gc,age       ] GC(4) - age   5:    3941688 bytes,   16538136 total
[2023-05-16T02:36:04.442+0000][6][gc,phases    ] GC(4)   Pre Evacuate Collection Set: 1.4ms
[2023-05-16T02:36:04.442+0000][6][gc,phases    ] GC(4)   Merge Heap Roots: 0.6ms
[2023-05-16T02:36:04.442+0000][6][gc,phases    ] GC(4)   Evacuate Collection Set: 10.7ms
[2023-05-16T02:36:04.442+0000][6][gc,phases    ] GC(4)   Post Evacuate Collection Set: 1.8ms
[2023-05-16T02:36:04.442+0000][6][gc,phases    ] GC(4)   Other: 0.9ms
[2023-05-16T02:36:04.442+0000][6][gc,heap      ] GC(4) Eden regions: 246->0(596)
[2023-05-16T02:36:04.442+0000][6][gc,heap      ] GC(4) Survivor regions: 17->18(77)
[2023-05-16T02:36:04.442+0000][6][gc,heap      ] GC(4) Old regions: 0->0
[2023-05-16T02:36:04.442+0000][6][gc,heap      ] GC(4) Archive regions: 2->2
[2023-05-16T02:36:04.442+0000][6][gc,heap      ] GC(4) Humongous regions: 1->1
[2023-05-16T02:36:04.442+0000][6][gc,metaspace ] GC(4) Metaspace: 19714K(21296K)->19714K(21296K) NonClass: 17270K(18352K)->17270K(18352K) Class: 2443K(2944K)->2443K(2944K)
[2023-05-16T02:36:04.442+0000][6][gc           ] GC(4) Pause Young (Concurrent Start) (Metadata GC Threshold) 264M->19M(1024M) 15.500ms
[2023-05-16T02:36:04.442+0000][6][gc,cpu       ] GC(4) User=0.05s Sys=0.00s Real=0.02s
[2023-05-16T02:36:04.442+0000][6][gc           ] GC(5) Concurrent Cycle
[2023-05-16T02:36:04.442+0000][6][gc,marking   ] GC(5) Concurrent Clear Claimed Marks
[2023-05-16T02:36:04.442+0000][6][gc,marking   ] GC(5) Concurrent Clear Claimed Marks 0.079ms
[2023-05-16T02:36:04.442+0000][6][gc,marking   ] GC(5) Concurrent Scan Root Regions
[2023-05-16T02:36:04.442+0000][6][safepoint    ] Safepoint "CollectForMetadataAllocation", Time since last: 744636587 ns, Reaching safepoint: 611586 ns, At safepoint: 16000595 ns, Total: 16612181 ns
[2023-05-16T02:36:04.463+0000][6][gc,marking   ] GC(5) Concurrent Scan Root Regions 20.280ms
[2023-05-16T02:36:04.463+0000][6][gc,marking   ] GC(5) Concurrent Mark (7.461s)
[2023-05-16T02:36:04.463+0000][6][gc,marking   ] GC(5) Concurrent Mark From Roots
[2023-05-16T02:36:04.463+0000][6][gc,task      ] GC(5) Using 2 workers of 2 for marking
[2023-05-16T02:36:04.465+0000][6][gc,marking   ] GC(5) Concurrent Mark From Roots 2.816ms
[2023-05-16T02:36:04.465+0000][6][gc,marking   ] GC(5) Concurrent Preclean
[2023-05-16T02:36:04.466+0000][6][gc,marking   ] GC(5) Concurrent Preclean 0.135ms
[2023-05-16T02:36:04.466+0000][6][gc,marking   ] GC(5) Concurrent Mark (7.461s, 7.464s) 3.009ms
[2023-05-16T02:36:04.466+0000][6][gc,start     ] GC(5) Pause Remark
[2023-05-16T02:36:04.475+0000][6][gc           ] GC(5) Pause Remark 27M->27M(1024M) 9.325ms
[2023-05-16T02:36:04.475+0000][6][gc,cpu       ] GC(5) User=0.02s Sys=0.00s Real=0.01s
[2023-05-16T02:36:04.475+0000][6][safepoint    ] Safepoint "G1Concurrent", Time since last: 23251626 ns, Reaching safepoint: 149440 ns, At safepoint: 9694463 ns, Total: 9843903 ns
[2023-05-16T02:36:04.479+0000][6][gc,marking   ] GC(5) Concurrent Rebuild Remembered Sets
[2023-05-16T02:36:04.480+0000][6][gc,marking   ] GC(5) Concurrent Rebuild Remembered Sets 1.010ms
[2023-05-16T02:36:04.481+0000][6][gc,start     ] GC(5) Pause Cleanup
[2023-05-16T02:36:04.481+0000][6][gc           ] GC(5) Pause Cleanup 28M->28M(1024M) 0.346ms
[2023-05-16T02:36:04.481+0000][6][gc,cpu       ] GC(5) User=0.00s Sys=0.00s Real=0.00s
[2023-05-16T02:36:04.481+0000][6][safepoint    ] Safepoint "G1Concurrent", Time since last: 4971389 ns, Reaching safepoint: 626391 ns, At safepoint: 393862 ns, Total: 1020253 ns
[2023-05-16T02:36:04.481+0000][6][gc,marking   ] GC(5) Concurrent Cleanup for Next Mark
[2023-05-16T02:36:04.493+0000][6][gc,marking   ] GC(5) Concurrent Cleanup for Next Mark 11.270ms
[2023-05-16T02:36:04.493+0000][6][gc           ] GC(5) Concurrent Cycle 50.697ms
[2023-05-16T02:36:05.909+0000][6][safepoint    ] Safepoint "ICBufferFull", Time since last: 1427212566 ns, Reaching safepoint: 293961 ns, At safepoint: 4290 ns, Total: 298251 ns
[2023-05-16T02:36:07.081+0000][6][safepoint    ] Safepoint "Cleanup", Time since last: 1169835463 ns, Reaching safepoint: 2620966 ns, At safepoint: 33064 ns, Total: 2654030 ns
[2023-05-16T02:36:08.087+0000][6][safepoint    ] Safepoint "Cleanup", Time since last: 1005156617 ns, Reaching safepoint: 701632 ns, At safepoint: 8693 ns, Total: 710325 ns
[2023-05-16T02:36:09.608+0000][6][gc,start     ] GC(6) Pause Young (Concurrent Start) (Metadata GC Threshold)
[2023-05-16T02:36:09.608+0000][6][gc,task      ] GC(6) Using 8 workers of 8 for evacuation
[2023-05-16T02:36:09.608+0000][6][gc,age       ] GC(6) Desired survivor size 40370176 bytes, new threshold 15 (max threshold 15)
[2023-05-16T02:36:09.671+0000][6][gc,age       ] GC(6) Age table with threshold 15 (max threshold 15)
[2023-05-16T02:36:09.671+0000][6][gc,age       ] GC(6) - age   1:   29420488 bytes,   29420488 total
[2023-05-16T02:36:09.671+0000][6][gc,age       ] GC(6) - age   2:     864256 bytes,   30284744 total
[2023-05-16T02:36:09.671+0000][6][gc,age       ] GC(6) - age   3:    6278736 bytes,   36563480 total
[2023-05-16T02:36:09.671+0000][6][gc,age       ] GC(6) - age   4:    1907456 bytes,   38470936 total
[2023-05-16T02:36:09.671+0000][6][gc,age       ] GC(6) - age   5:    3341512 bytes,   41812448 total
[2023-05-16T02:36:09.671+0000][6][gc,age       ] GC(6) - age   6:    3911552 bytes,   45724000 total
[2023-05-16T02:36:09.671+0000][6][gc,phases    ] GC(6)   Pre Evacuate Collection Set: 0.3ms
[2023-05-16T02:36:09.671+0000][6][gc,phases    ] GC(6)   Merge Heap Roots: 0.1ms
[2023-05-16T02:36:09.671+0000][6][gc,phases    ] GC(6)   Evacuate Collection Set: 49.2ms
[2023-05-16T02:36:09.671+0000][6][gc,phases    ] GC(6)   Post Evacuate Collection Set: 12.7ms
[2023-05-16T02:36:09.671+0000][6][gc,phases    ] GC(6)   Other: 0.4ms
[2023-05-16T02:36:09.671+0000][6][gc,heap      ] GC(6) Eden regions: 470->0(569)
[2023-05-16T02:36:09.671+0000][6][gc,heap      ] GC(6) Survivor regions: 18->45(77)
[2023-05-16T02:36:09.671+0000][6][gc,heap      ] GC(6) Old regions: 0->0
[2023-05-16T02:36:09.671+0000][6][gc,heap      ] GC(6) Archive regions: 2->2
[2023-05-16T02:36:09.671+0000][6][gc,heap      ] GC(6) Humongous regions: 1->1
[2023-05-16T02:36:09.671+0000][6][gc,metaspace ] GC(6) Metaspace: 32819K(35888K)->32819K(35888K) NonClass: 28503K(30640K)->28503K(30640K) Class: 4316K(5248K)->4316K(5248K)
[2023-05-16T02:36:09.671+0000][6][gc           ] GC(6) Pause Young (Concurrent Start) (Metadata GC Threshold) 488M->46M(1024M) 62.793ms
[2023-05-16T02:36:09.671+0000][6][gc,cpu       ] GC(6) User=0.17s Sys=0.01s Real=0.07s
[2023-05-16T02:36:09.671+0000][6][gc           ] GC(7) Concurrent Cycle
[2023-05-16T02:36:09.671+0000][6][gc,marking   ] GC(7) Concurrent Clear Claimed Marks
[2023-05-16T02:36:09.672+0000][6][gc,marking   ] GC(7) Concurrent Clear Claimed Marks 0.269ms
[2023-05-16T02:36:09.672+0000][6][gc,marking   ] GC(7) Concurrent Scan Root Regions
[2023-05-16T02:36:09.672+0000][6][safepoint    ] Safepoint "CollectForMetadataAllocation", Time since last: 1520810223 ns, Reaching safepoint: 171516 ns, At safepoint: 63380489 ns, Total: 63552005 ns
[2023-05-16T02:36:09.693+0000][6][gc,marking   ] GC(7) Concurrent Scan Root Regions 21.412ms
[2023-05-16T02:36:09.693+0000][6][gc,marking   ] GC(7) Concurrent Mark (12.691s)
[2023-05-16T02:36:09.693+0000][6][gc,marking   ] GC(7) Concurrent Mark From Roots
[2023-05-16T02:36:09.693+0000][6][gc,task      ] GC(7) Using 2 workers of 2 for marking
[2023-05-16T02:36:09.696+0000][6][gc,marking   ] GC(7) Concurrent Mark From Roots 2.665ms
[2023-05-16T02:36:09.696+0000][6][gc,marking   ] GC(7) Concurrent Preclean
[2023-05-16T02:36:09.696+0000][6][gc,marking   ] GC(7) Concurrent Preclean 0.045ms
[2023-05-16T02:36:09.696+0000][6][gc,marking   ] GC(7) Concurrent Mark (12.691s, 12.694s) 2.778ms
[2023-05-16T02:36:09.697+0000][6][safepoint    ] Safepoint "CollectForMetadataAllocation", Time since last: 24730390 ns, Reaching safepoint: 77342 ns, At safepoint: 142786 ns, Total: 220128 ns
[2023-05-16T02:36:09.697+0000][6][gc,start     ] GC(7) Pause Remark
[2023-05-16T02:36:09.718+0000][6][gc           ] GC(7) Pause Remark 48M->48M(1024M) 21.134ms
[2023-05-16T02:36:09.718+0000][6][gc,cpu       ] GC(7) User=0.02s Sys=0.00s Real=0.02s
[2023-05-16T02:36:09.718+0000][6][safepoint    ] Safepoint "G1Concurrent", Time since last: 425162 ns, Reaching safepoint: 101539 ns, At safepoint: 21312517 ns, Total: 21414056 ns
[2023-05-16T02:36:09.719+0000][6][gc,marking   ] GC(7) Concurrent Rebuild Remembered Sets
[2023-05-16T02:36:09.719+0000][6][gc,marking   ] GC(7) Concurrent Rebuild Remembered Sets 0.546ms
[2023-05-16T02:36:09.733+0000][6][gc,start     ] GC(7) Pause Cleanup
[2023-05-16T02:36:09.733+0000][6][gc           ] GC(7) Pause Cleanup 48M->48M(1024M) 0.306ms
[2023-05-16T02:36:09.733+0000][6][gc,cpu       ] GC(7) User=0.00s Sys=0.00s Real=0.00s
[2023-05-16T02:36:09.733+0000][6][safepoint    ] Safepoint "G1Concurrent", Time since last: 610312 ns, Reaching safepoint: 14025543 ns, At safepoint: 372978 ns, Total: 14398521 ns
[2023-05-16T02:36:09.734+0000][6][gc,marking   ] GC(7) Concurrent Cleanup for Next Mark
[2023-05-16T02:36:09.739+0000][6][gc,marking   ] GC(7) Concurrent Cleanup for Next Mark 5.841ms
[2023-05-16T02:36:09.739+0000][6][gc           ] GC(7) Concurrent Cycle 68.094ms
[2023-05-16T02:36:10.781+0000][6][safepoint    ] Safepoint "Cleanup", Time since last: 1047213123 ns, Reaching safepoint: 245153 ns, At safepoint: 8076 ns, Total: 253229 ns
[2023-05-16T02:36:11.782+0000][6][safepoint    ] Safepoint "Cleanup", Time since last: 1000158191 ns, Reaching safepoint: 660923 ns, At safepoint: 8965 ns, Total: 669888 ns
[2023-05-16T02:36:13.065+0000][6][safepoint    ] Safepoint "ICBufferFull", Time since last: 1283511339 ns, Reaching safepoint: 120426 ns, At safepoint: 3011 ns, Total: 123437 ns
[2023-05-16T02:36:14.079+0000][6][safepoint    ] Safepoint "Cleanup", Time since last: 1013095925 ns, Reaching safepoint: 900054 ns, At safepoint: 5522 ns, Total: 905576 ns
[2023-05-16T02:36:14.270+0000][6][safepoint    ] Safepoint "BulkRevokeBias", Time since last: 190191459 ns, Reaching safepoint: 133605 ns, At safepoint: 102803 ns, Total: 236408 ns
[2023-05-16T02:36:14.341+0000][6][safepoint    ] Safepoint "BulkRevokeBias", Time since last: 70978596 ns, Reaching safepoint: 74718 ns, At safepoint: 59952 ns, Total: 134670 ns
[2023-05-16T02:36:14.350+0000][6][safepoint    ] Safepoint "BulkRevokeBias", Time since last: 9145305 ns, Reaching safepoint: 101901 ns, At safepoint: 106748 ns, Total: 208649 ns
[2023-05-16T02:36:14.382+0000][6][safepoint    ] Safepoint "BulkRevokeBias", Time since last: 30003647 ns, Reaching safepoint: 1791312 ns, At safepoint: 210435 ns, Total: 2001747 ns
[2023-05-16T02:36:14.574+0000][6][gc,start     ] GC(8) Pause Young (Concurrent Start) (Metadata GC Threshold)
[2023-05-16T02:36:14.574+0000][6][gc,task      ] GC(8) Using 8 workers of 8 for evacuation
[2023-05-16T02:36:14.574+0000][6][gc,age       ] GC(8) Desired survivor size 40370176 bytes, new threshold 5 (max threshold 15)
[2023-05-16T02:36:14.689+0000][6][gc,age       ] GC(8) Age table with threshold 5 (max threshold 15)
[2023-05-16T02:36:14.689+0000][6][gc,age       ] GC(8) - age   1:   10588296 bytes,   10588296 total
[2023-05-16T02:36:14.689+0000][6][gc,age       ] GC(8) - age   2:   29177984 bytes,   39766280 total
[2023-05-16T02:36:14.689+0000][6][gc,age       ] GC(8) - age   3:     859920 bytes,   40626200 total
[2023-05-16T02:36:14.689+0000][6][gc,age       ] GC(8) - age   4:    6254528 bytes,   46880728 total
[2023-05-16T02:36:14.689+0000][6][gc,age       ] GC(8) - age   5:    1888128 bytes,   48768856 total
[2023-05-16T02:36:14.689+0000][6][gc,phases    ] GC(8)   Pre Evacuate Collection Set: 3.1ms
[2023-05-16T02:36:14.689+0000][6][gc,phases    ] GC(8)   Merge Heap Roots: 0.5ms
[2023-05-16T02:36:14.689+0000][6][gc,phases    ] GC(8)   Evacuate Collection Set: 99.5ms
[2023-05-16T02:36:14.689+0000][6][gc,phases    ] GC(8)   Post Evacuate Collection Set: 11.8ms
[2023-05-16T02:36:14.689+0000][6][gc,phases    ] GC(8)   Other: 0.7ms
[2023-05-16T02:36:14.689+0000][6][gc,heap      ] GC(8) Eden regions: 333->0(361)
[2023-05-16T02:36:14.689+0000][6][gc,heap      ] GC(8) Survivor regions: 45->49(77)
[2023-05-16T02:36:14.689+0000][6][gc,heap      ] GC(8) Old regions: 0->8
[2023-05-16T02:36:14.689+0000][6][gc,heap      ] GC(8) Archive regions: 2->2
[2023-05-16T02:36:14.689+0000][6][gc,heap      ] GC(8) Humongous regions: 1->1
[2023-05-16T02:36:14.689+0000][6][gc,metaspace ] GC(8) Metaspace: 55671K(60828K)->55671K(60828K) NonClass: 48153K(51376K)->48153K(51376K) Class: 7518K(9452K)->7518K(9452K)
[2023-05-16T02:36:14.689+0000][6][gc           ] GC(8) Pause Young (Concurrent Start) (Metadata GC Threshold) 379M->57M(1024M) 115.739ms
[2023-05-16T02:36:14.689+0000][6][gc,cpu       ] GC(8) User=0.35s Sys=0.00s Real=0.12s
[2023-05-16T02:36:14.689+0000][6][gc           ] GC(9) Concurrent Cycle
[2023-05-16T02:36:14.689+0000][6][gc,marking   ] GC(9) Concurrent Clear Claimed Marks
[2023-05-16T02:36:14.689+0000][6][safepoint    ] Safepoint "CollectForMetadataAllocation", Time since last: 191005890 ns, Reaching safepoint: 209234 ns, At safepoint: 115905278 ns, Total: 116114512 ns
[2023-05-16T02:36:14.690+0000][6][gc,marking   ] GC(9) Concurrent Clear Claimed Marks 0.476ms
[2023-05-16T02:36:14.690+0000][6][gc,marking   ] GC(9) Concurrent Scan Root Regions
[2023-05-16T02:36:14.758+0000][6][gc,marking   ] GC(9) Concurrent Scan Root Regions 68.127ms
[2023-05-16T02:36:14.758+0000][6][gc,marking   ] GC(9) Concurrent Mark (17.756s)
[2023-05-16T02:36:14.758+0000][6][gc,marking   ] GC(9) Concurrent Mark From Roots
[2023-05-16T02:36:14.758+0000][6][gc,task      ] GC(9) Using 2 workers of 2 for marking
[2023-05-16T02:36:14.759+0000][6][gc,marking   ] GC(9) Concurrent Mark From Roots 1.345ms
[2023-05-16T02:36:14.760+0000][6][gc,marking   ] GC(9) Concurrent Preclean
[2023-05-16T02:36:14.760+0000][6][gc,marking   ] GC(9) Concurrent Preclean 0.055ms
[2023-05-16T02:36:14.760+0000][6][gc,marking   ] GC(9) Concurrent Mark (17.756s, 17.758s) 1.542ms
[2023-05-16T02:36:14.760+0000][6][gc,start     ] GC(9) Pause Remark
[2023-05-16T02:36:14.774+0000][6][gc           ] GC(9) Pause Remark 61M->61M(1024M) 13.796ms
[2023-05-16T02:36:14.774+0000][6][gc,cpu       ] GC(9) User=0.03s Sys=0.00s Real=0.02s
[2023-05-16T02:36:14.774+0000][6][safepoint    ] Safepoint "G1Concurrent", Time since last: 70241562 ns, Reaching safepoint: 560850 ns, At safepoint: 13991119 ns, Total: 14551969 ns
[2023-05-16T02:36:14.774+0000][6][gc,marking   ] GC(9) Concurrent Rebuild Remembered Sets
[2023-05-16T02:36:14.778+0000][6][gc,marking   ] GC(9) Concurrent Rebuild Remembered Sets 4.032ms
[2023-05-16T02:36:14.787+0000][6][gc,start     ] GC(9) Pause Cleanup
[2023-05-16T02:36:14.788+0000][6][gc           ] GC(9) Pause Cleanup 61M->61M(1024M) 0.269ms
[2023-05-16T02:36:14.788+0000][6][gc,cpu       ] GC(9) User=0.01s Sys=0.00s Real=0.00s
[2023-05-16T02:36:14.788+0000][6][safepoint    ] Safepoint "G1Concurrent", Time since last: 4327334 ns, Reaching safepoint: 8897584 ns, At safepoint: 339444 ns, Total: 9237028 ns
[2023-05-16T02:36:14.788+0000][6][gc,marking   ] GC(9) Concurrent Cleanup for Next Mark
[2023-05-16T02:36:14.792+0000][6][gc,marking   ] GC(9) Concurrent Cleanup for Next Mark 4.629ms
[2023-05-16T02:36:14.793+0000][6][gc           ] GC(9) Concurrent Cycle 103.178ms
[2023-05-16T02:36:15.279+0000][6][safepoint    ] Safepoint "BulkRevokeBias", Time since last: 489049385 ns, Reaching safepoint: 2256046 ns, At safepoint: 378545 ns, Total: 2634591 ns
[2023-05-16T02:36:16.281+0000][6][safepoint    ] Safepoint "Cleanup", Time since last: 1000174371 ns, Reaching safepoint: 1550374 ns, At safepoint: 7837 ns, Total: 1558211 ns
[2023-05-16T02:36:17.566+0000][6][safepoint    ] Safepoint "ICBufferFull", Time since last: 1284296116 ns, Reaching safepoint: 159808 ns, At safepoint: 2683 ns, Total: 162491 ns
[2023-05-16T02:36:18.388+0000][6][safepoint    ] Safepoint "ICBufferFull", Time since last: 822034365 ns, Reaching safepoint: 381476 ns, At safepoint: 5424 ns, Total: 386900 ns
[2023-05-16T02:36:18.680+0000][6][safepoint    ] Safepoint "BulkRevokeBias", Time since last: 289279276 ns, Reaching safepoint: 2746455 ns, At safepoint: 200353 ns, Total: 2946808 ns
[2023-05-16T02:36:19.357+0000][6][safepoint    ] Safepoint "BulkRevokeBias", Time since last: 675490461 ns, Reaching safepoint: 546892 ns, At safepoint: 346427 ns, Total: 893319 ns
[2023-05-16T02:36:19.360+0000][6][safepoint    ] Safepoint "BulkRevokeBias", Time since last: 1759298 ns, Reaching safepoint: 956142 ns, At safepoint: 276125 ns, Total: 1232267 ns
[2023-05-16T02:36:19.401+0000][6][safepoint    ] Safepoint "BulkRevokeBias", Time since last: 33532817 ns, Reaching safepoint: 7564585 ns, At safepoint: 619671 ns, Total: 8184256 ns
[2023-05-16T02:36:19.600+0000][6][safepoint    ] Safepoint "BulkRevokeBias", Time since last: 191468589 ns, Reaching safepoint: 6483940 ns, At safepoint: 909254 ns, Total: 7393194 ns
[2023-05-16T02:36:19.694+0000][6][safepoint    ] Safepoint "BulkRevokeBias", Time since last: 12393976 ns, Reaching safepoint: 33986190 ns, At safepoint: 47704732 ns, Total: 81690922 ns
[2023-05-16T02:36:20.775+0000][6][safepoint    ] Safepoint "Cleanup", Time since last: 1079462565 ns, Reaching safepoint: 691315 ns, At safepoint: 14876 ns, Total: 706191 ns
[2023-05-16T02:36:22.108+0000][6][safepoint    ] Safepoint "Cleanup", Time since last: 1332769670 ns, Reaching safepoint: 295742 ns, At safepoint: 6682 ns, Total: 302424 ns
[2023-05-16T02:36:22.261+0000][6][safepoint    ] Safepoint "BulkRevokeBias", Time since last: 153021469 ns, Reaching safepoint: 155558 ns, At safepoint: 308761 ns, Total: 464319 ns
[2023-05-16T02:36:22.409+0000][6][safepoint    ] Safepoint "BulkRevokeBias", Time since last: 147610756 ns, Reaching safepoint: 114114 ns, At safepoint: 242279 ns, Total: 356393 ns
[2023-05-16T02:36:22.639+0000][6][gc,start     ] GC(10) Pause Young (Normal) (G1 Evacuation Pause)
[2023-05-16T02:36:22.639+0000][6][gc,task      ] GC(10) Using 8 workers of 8 for evacuation
[2023-05-16T02:36:22.639+0000][6][gc,age       ] GC(10) Desired survivor size 39321600 bytes, new threshold 2 (max threshold 15)
[2023-05-16T02:36:22.717+0000][6][gc,age       ] GC(10) Age table with threshold 2 (max threshold 15)
[2023-05-16T02:36:22.717+0000][6][gc,age       ] GC(10) - age   1:   10585760 bytes,   10585760 total
[2023-05-16T02:36:22.717+0000][6][gc,age       ] GC(10) - age   2:   10043000 bytes,   20628760 total
[2023-05-16T02:36:22.717+0000][6][gc,phases    ] GC(10)   Pre Evacuate Collection Set: 0.4ms
[2023-05-16T02:36:22.717+0000][6][gc,phases    ] GC(10)   Merge Heap Roots: 0.3ms
[2023-05-16T02:36:22.717+0000][6][gc,phases    ] GC(10)   Evacuate Collection Set: 74.4ms
[2023-05-16T02:36:22.717+0000][6][gc,phases    ] GC(10)   Post Evacuate Collection Set: 3.0ms
[2023-05-16T02:36:22.718+0000][6][gc,phases    ] GC(10)   Other: 0.7ms
[2023-05-16T02:36:22.718+0000][6][gc,heap      ] GC(10) Eden regions: 547->0(592)
[2023-05-16T02:36:22.718+0000][6][gc,heap      ] GC(10) Survivor regions: 49->22(75)
[2023-05-16T02:36:22.718+0000][6][gc,heap      ] GC(10) Old regions: 8->44
[2023-05-16T02:36:22.718+0000][6][gc,heap      ] GC(10) Archive regions: 2->2
[2023-05-16T02:36:22.718+0000][6][gc,heap      ] GC(10) Humongous regions: 1->1
[2023-05-16T02:36:22.718+0000][6][gc,metaspace ] GC(10) Metaspace: 84068K(90620K)->84068K(90620K) NonClass: 72592K(76432K)->72592K(76432K) Class: 11476K(14188K)->11476K(14188K)
[2023-05-16T02:36:22.718+0000][6][gc           ] GC(10) Pause Young (Normal) (G1 Evacuation Pause) 604M->67M(1024M) 78.735ms
[2023-05-16T02:36:22.718+0000][6][gc,cpu       ] GC(10) User=0.26s Sys=0.02s Real=0.08s
[2023-05-16T02:36:22.718+0000][6][safepoint    ] Safepoint "G1CollectForAllocation", Time since last: 228995764 ns, Reaching safepoint: 627933 ns, At safepoint: 78967985 ns, Total: 79595918 ns
[2023-05-16T02:36:23.762+0000][6][safepoint    ] Safepoint "Cleanup", Time since last: 1044087742 ns, Reaching safepoint: 357058 ns, At safepoint: 9180 ns, Total: 366238 ns
[2023-05-16T02:36:24.452+0000][6][safepoint    ] Safepoint "ICBufferFull", Time since last: 690047449 ns, Reaching safepoint: 165497 ns, At safepoint: 5168 ns, Total: 170665 ns
[2023-05-16T02:36:24.587+0000][6][safepoint    ] Safepoint "BulkRevokeBias", Time since last: 133851837 ns, Reaching safepoint: 143011 ns, At safepoint: 252524 ns, Total: 395535 ns
[2023-05-16T02:36:26.455+0000][6][safepoint    ] Safepoint "Cleanup", Time since last: 1868324693 ns, Reaching safepoint: 321869 ns, At safepoint: 3098 ns, Total: 324967 ns
[2023-05-16T02:36:28.001+0000][6][safepoint    ] Safepoint "Cleanup", Time since last: 1545982651 ns, Reaching safepoint: 101263 ns, At safepoint: 4681 ns, Total: 105944 ns
[2023-05-16T02:36:30.002+0000][6][safepoint    ] Safepoint "Cleanup", Time since last: 2000208952 ns, Reaching safepoint: 105619 ns, At safepoint: 2875 ns, Total: 108494 ns
[2023-05-16T02:36:31.002+0000][6][safepoint    ] Safepoint "Cleanup", Time since last: 1000267185 ns, Reaching safepoint: 113127 ns, At safepoint: 3873 ns, Total: 117000 ns
[2023-05-16T02:36:32.003+0000][6][safepoint    ] Safepoint "Cleanup", Time since last: 1000141007 ns, Reaching safepoint: 411930 ns, At safepoint: 3288 ns, Total: 415218 ns
[2023-05-16T02:36:33.003+0000][6][safepoint    ] Safepoint "Cleanup", Time since last: 1000284753 ns, Reaching safepoint: 343939 ns, At safepoint: 6462 ns, Total: 350401 ns
[2023-05-16T02:36:35.005+0000][6][safepoint    ] Safepoint "Cleanup", Time since last: 2001625962 ns, Reaching safepoint: 69875 ns, At safepoint: 2456 ns, Total: 72331 ns
[2023-05-16T02:36:37.005+0000][6][safepoint    ] Safepoint "Cleanup", Time since last: 2000148779 ns, Reaching safepoint: 63454 ns, At safepoint: 3650 ns, Total: 67104 ns
[2023-05-16T02:36:39.005+0000][6][safepoint    ] Safepoint "Cleanup", Time since last: 2000152837 ns, Reaching safepoint: 63118 ns, At safepoint: 3753 ns, Total: 66871 ns
[2023-05-16T02:36:41.006+0000][6][safepoint    ] Safepoint "Cleanup", Time since last: 2000187888 ns, Reaching safepoint: 73276 ns, At safepoint: 2445 ns, Total: 75721 ns
[2023-05-16T02:36:42.006+0000][6][safepoint    ] Safepoint "Cleanup", Time since last: 1000112638 ns, Reaching safepoint: 59989 ns, At safepoint: 2403 ns, Total: 62392 ns
[2023-05-16T02:36:43.006+0000][6][safepoint    ] Safepoint "Cleanup", Time since last: 1000054684 ns, Reaching safepoint: 72037 ns, At safepoint: 2435 ns, Total: 74472 ns
[2023-05-16T02:36:44.006+0000][6][safepoint    ] Safepoint "Cleanup", Time since last: 1000111309 ns, Reaching safepoint: 70608 ns, At safepoint: 3970 ns, Total: 74578 ns
[2023-05-16T02:36:45.006+0000][6][safepoint    ] Safepoint "Cleanup", Time since last: 1000115482 ns, Reaching safepoint: 93335 ns, At safepoint: 3785 ns, Total: 97120 ns
[2023-05-16T02:36:46.006+0000][6][safepoint    ] Safepoint "Cleanup", Time since last: 1000096831 ns, Reaching safepoint: 84606 ns, At safepoint: 3180 ns, Total: 87786 ns
[2023-05-16T02:36:48.007+0000][6][safepoint    ] Safepoint "Cleanup", Time since last: 2000224966 ns, Reaching safepoint: 420239 ns, At safepoint: 12055 ns, Total: 432294 ns
[2023-05-16T02:36:49.008+0000][6][safepoint    ] Safepoint "Cleanup", Time since last: 1000322631 ns, Reaching safepoint: 112426 ns, At safepoint: 3176 ns, Total: 115602 ns
[2023-05-16T02:36:50.008+0000][6][safepoint    ] Safepoint "Cleanup", Time since last: 1000110690 ns, Reaching safepoint: 80445 ns, At safepoint: 2513 ns, Total: 82958 ns
[2023-05-16T02:36:51.280+0000][6][safepoint    ] Safepoint "Cleanup", Time since last: 1271696586 ns, Reaching safepoint: 97224 ns, At safepoint: 2022 ns, Total: 99246 ns
[2023-05-16T02:36:52.283+0000][6][safepoint    ] Safepoint "Cleanup", Time since last: 1003012083 ns, Reaching safepoint: 160556 ns, At safepoint: 5961 ns, Total: 166517 ns
[2023-05-16T02:36:53.519+0000][6][safepoint    ] Safepoint "Cleanup", Time since last: 1235991057 ns, Reaching safepoint: 91602 ns, At safepoint: 2310 ns, Total: 93912 ns
[2023-05-16T02:36:55.455+0000][6][safepoint    ] Safepoint "Cleanup", Time since last: 1936041008 ns, Reaching safepoint: 91984 ns, At safepoint: 2945 ns, Total: 94929 ns
[2023-05-16T02:36:57.455+0000][6][safepoint    ] Safepoint "Cleanup", Time since last: 2000213421 ns, Reaching safepoint: 159477 ns, At safepoint: 4903 ns, Total: 164380 ns
[2023-05-16T02:36:58.456+0000][6][safepoint    ] Safepoint "Cleanup", Time since last: 1000114095 ns, Reaching safepoint: 162465 ns, At safepoint: 5483 ns, Total: 167948 ns
[2023-05-16T02:37:00.330+0000][6][safepoint    ] Safepoint "Cleanup", Time since last: 1874146606 ns, Reaching safepoint: 91018 ns, At safepoint: 3707 ns, Total: 94725 ns
[2023-05-16T02:37:01.330+0000][6][safepoint    ] Safepoint "Cleanup", Time since last: 1000091642 ns, Reaching safepoint: 58172 ns, At safepoint: 3110 ns, Total: 61282 ns
[2023-05-16T02:37:02.330+0000][6][safepoint    ] Safepoint "Cleanup", Time since last: 1000103199 ns, Reaching safepoint: 216487 ns, At safepoint: 6631 ns, Total: 223118 ns
[2023-05-16T02:37:05.331+0000][6][safepoint    ] Safepoint "Cleanup", Time since last: 3000295162 ns, Reaching safepoint: 417583 ns, At safepoint: 4525 ns, Total: 422108 ns
[2023-05-16T02:37:06.331+0000][6][safepoint    ] Safepoint "Cleanup", Time since last: 1000134336 ns, Reaching safepoint: 130538 ns, At safepoint: 3313 ns, Total: 133851 ns
[2023-05-16T02:37:07.332+0000][6][safepoint    ] Safepoint "Cleanup", Time since last: 1000155610 ns, Reaching safepoint: 535894 ns, At safepoint: 8848 ns, Total: 544742 ns
[2023-05-16T02:37:08.332+0000][6][safepoint    ] Safepoint "Cleanup", Time since last: 1000206483 ns, Reaching safepoint: 64681 ns, At safepoint: 3300 ns, Total: 67981 ns
[2023-05-16T02:37:09.332+0000][6][safepoint    ] Safepoint "Cleanup", Time since last: 1000077514 ns, Reaching safepoint: 67697 ns, At safepoint: 2343 ns, Total: 70040 ns
[2023-05-16T02:37:11.333+0000][6][safepoint    ] Safepoint "Cleanup", Time since last: 2000629761 ns, Reaching safepoint: 138524 ns, At safepoint: 4424 ns, Total: 142948 ns
[2023-05-16T02:37:12.333+0000][6][safepoint    ] Safepoint "Cleanup", Time since last: 1000090073 ns, Reaching safepoint: 68784 ns, At safepoint: 2479 ns, Total: 71263 ns
[2023-05-16T02:37:13.334+0000][6][safepoint    ] Safepoint "Cleanup", Time since last: 1000078726 ns, Reaching safepoint: 63336 ns, At safepoint: 3240 ns, Total: 66576 ns
[2023-05-16T02:37:14.334+0000][6][safepoint    ] Safepoint "Cleanup", Time since last: 1000097862 ns, Reaching safepoint: 477797 ns, At safepoint: 7927 ns, Total: 485724 ns
[2023-05-16T02:37:19.335+0000][6][safepoint    ] Safepoint "Cleanup", Time since last: 5000528062 ns, Reaching safepoint: 113444 ns, At safepoint: 3948 ns, Total: 117392 ns
[2023-05-16T02:37:20.335+0000][6][safepoint    ] Safepoint "Cleanup", Time since last: 1000101426 ns, Reaching safepoint: 99339 ns, At safepoint: 2740 ns, Total: 102079 ns
[2023-05-16T02:37:21.664+0000][6][safepoint    ] Safepoint "Cleanup", Time since last: 1328539694 ns, Reaching safepoint: 109064 ns, At safepoint: 2768 ns, Total: 111832 ns
[2023-05-16T02:37:22.664+0000][6][safepoint    ] Safepoint "Cleanup", Time since last: 1000115451 ns, Reaching safepoint: 68013 ns, At safepoint: 2669 ns, Total: 70682 ns
[2023-05-16T02:37:23.664+0000][6][safepoint    ] Safepoint "Cleanup", Time since last: 1000087859 ns, Reaching safepoint: 70271 ns, At safepoint: 3283 ns, Total: 73554 ns
[2023-05-16T02:37:24.664+0000][6][safepoint    ] Safepoint "Cleanup", Time since last: 1000095403 ns, Reaching safepoint: 68072 ns, At safepoint: 2178 ns, Total: 70250 ns
[2023-05-16T02:37:26.664+0000][6][safepoint    ] Safepoint "Cleanup", Time since last: 2000184422 ns, Reaching safepoint: 143192 ns, At safepoint: 6205 ns, Total: 149397 ns
[2023-05-16T02:37:27.665+0000][6][safepoint    ] Safepoint "Cleanup", Time since last: 1000113647 ns, Reaching safepoint: 84096 ns, At safepoint: 2535 ns, Total: 86631 ns
[2023-05-16T02:37:28.665+0000][6][safepoint    ] Safepoint "Cleanup", Time since last: 1000084996 ns, Reaching safepoint: 70027 ns, At safepoint: 2807 ns, Total: 72834 ns
[2023-05-16T02:37:29.665+0000][6][safepoint    ] Safepoint "Cleanup", Time since last: 1000100863 ns, Reaching safepoint: 74056 ns, At safepoint: 3614 ns, Total: 77670 ns
[2023-05-16T02:37:31.665+0000][6][safepoint    ] Safepoint "Cleanup", Time since last: 2000151199 ns, Reaching safepoint: 84614 ns, At safepoint: 5079 ns, Total: 89693 ns
[2023-05-16T02:37:32.666+0000][6][safepoint    ] Safepoint "Cleanup", Time since last: 1000154162 ns, Reaching safepoint: 299146 ns, At safepoint: 4306 ns, Total: 303452 ns
[2023-05-16T02:37:34.666+0000][6][safepoint    ] Safepoint "Cleanup", Time since last: 2000267735 ns, Reaching safepoint: 369953 ns, At safepoint: 9600 ns, Total: 379553 ns
[2023-05-16T02:37:35.667+0000][6][safepoint    ] Safepoint "Cleanup", Time since last: 1000251756 ns, Reaching safepoint: 63782 ns, At safepoint: 3309 ns, Total: 67091 ns
[2023-05-16T02:37:37.667+0000][6][safepoint    ] Safepoint "Cleanup", Time since last: 2000210106 ns, Reaching safepoint: 90490 ns, At safepoint: 2401 ns, Total: 92891 ns
[2023-05-16T02:37:42.668+0000][6][safepoint    ] Safepoint "Cleanup", Time since last: 5000530204 ns, Reaching safepoint: 174980 ns, At safepoint: 4275 ns, Total: 179255 ns
[2023-05-16T02:37:43.668+0000][6][safepoint    ] Safepoint "Cleanup", Time since last: 1000109591 ns, Reaching safepoint: 71984 ns, At safepoint: 2397 ns, Total: 74381 ns
[2023-05-16T02:37:44.668+0000][6][safepoint    ] Safepoint "Cleanup", Time since last: 1000098432 ns, Reaching safepoint: 101902 ns, At safepoint: 3057 ns, Total: 104959 ns
[2023-05-16T02:37:47.669+0000][6][safepoint    ] Safepoint "Cleanup", Time since last: 3000312704 ns, Reaching safepoint: 404174 ns, At safepoint: 5411 ns, Total: 409585 ns
[2023-05-16T02:37:51.669+0000][6][safepoint    ] Safepoint "Cleanup", Time since last: 4000355835 ns, Reaching safepoint: 79899 ns, At safepoint: 4540 ns, Total: 84439 ns
[2023-05-16T02:37:53.670+0000][6][safepoint    ] Safepoint "Cleanup", Time since last: 2000202663 ns, Reaching safepoint: 73594 ns, At safepoint: 2739 ns, Total: 76333 ns
[2023-05-16T02:37:57.670+0000][6][safepoint    ] Safepoint "Cleanup", Time since last: 4000398193 ns, Reaching safepoint: 69814 ns, At safepoint: 3542 ns, Total: 73356 ns
[2023-05-16T02:37:58.671+0000][6][safepoint    ] Safepoint "Cleanup", Time since last: 1000194849 ns, Reaching safepoint: 564707 ns, At safepoint: 14544 ns, Total: 579251 ns
[2023-05-16T02:37:59.671+0000][6][safepoint    ] Safepoint "Cleanup", Time since last: 1000315296 ns, Reaching safepoint: 66676 ns, At safepoint: 3907 ns, Total: 70583 ns
[2023-05-16T02:38:02.672+0000][6][safepoint    ] Safepoint "Cleanup", Time since last: 3000334236 ns, Reaching safepoint: 62394 ns, At safepoint: 2607 ns, Total: 65001 ns
[2023-05-16T02:38:03.672+0000][6][safepoint    ] Safepoint "Cleanup", Time since last: 1000088822 ns, Reaching safepoint: 82179 ns, At safepoint: 2469 ns, Total: 84648 ns
[2023-05-16T02:38:06.672+0000][6][safepoint    ] Safepoint "Cleanup", Time since last: 3000240586 ns, Reaching safepoint: 78267 ns, At safepoint: 4094 ns, Total: 82361 ns
[2023-05-16T02:38:07.672+0000][6][safepoint    ] Safepoint "Cleanup", Time since last: 1000093847 ns, Reaching safepoint: 110964 ns, At safepoint: 2659 ns, Total: 113623 ns
[2023-05-16T02:38:09.673+0000][6][safepoint    ] Safepoint "Cleanup", Time since last: 2000224322 ns, Reaching safepoint: 433419 ns, At safepoint: 6469 ns, Total: 439888 ns
[2023-05-16T02:38:10.673+0000][6][safepoint    ] Safepoint "Cleanup", Time since last: 1000210397 ns, Reaching safepoint: 91526 ns, At safepoint: 2590 ns, Total: 94116 ns
[2023-05-16T02:38:11.674+0000][6][safepoint    ] Safepoint "Cleanup", Time since last: 1000119924 ns, Reaching safepoint: 252752 ns, At safepoint: 7192 ns, Total: 259944 ns
[2023-05-16T02:38:16.674+0000][6][safepoint    ] Safepoint "Cleanup", Time since last: 5000487642 ns, Reaching safepoint: 83661 ns, At safepoint: 2206 ns, Total: 85867 ns
[2023-05-16T02:38:17.674+0000][6][safepoint    ] Safepoint "Cleanup", Time since last: 1000113752 ns, Reaching safepoint: 63994 ns, At safepoint: 3474 ns, Total: 67468 ns
[2023-05-16T02:38:18.675+0000][6][safepoint    ] Safepoint "Cleanup", Time since last: 1000090137 ns, Reaching safepoint: 73749 ns, At safepoint: 2972 ns, Total: 76721 ns
[2023-05-16T02:38:19.675+0000][6][safepoint    ] Safepoint "Cleanup", Time since last: 1000091268 ns, Reaching safepoint: 68110 ns, At safepoint: 3769 ns, Total: 71879 ns
[2023-05-16T02:38:20.675+0000][6][safepoint    ] Safepoint "Cleanup", Time since last: 1000091904 ns, Reaching safepoint: 71125 ns, At safepoint: 3155 ns, Total: 74280 ns
[2023-05-16T02:38:21.675+0000][6][safepoint    ] Safepoint "Cleanup", Time since last: 1000088704 ns, Reaching safepoint: 81244 ns, At safepoint: 3564 ns, Total: 84808 ns
[2023-05-16T02:38:23.675+0000][6][safepoint    ] Safepoint "Cleanup", Time since last: 2000155306 ns, Reaching safepoint: 72390 ns, At safepoint: 2659 ns, Total: 75049 ns
[2023-05-16T02:38:25.676+0000][6][safepoint    ] Safepoint "Cleanup", Time since last: 2000196308 ns, Reaching safepoint: 385014 ns, At safepoint: 6880 ns, Total: 391894 ns
[2023-05-16T02:38:29.676+0000][6][safepoint    ] Safepoint "Cleanup", Time since last: 4000462367 ns, Reaching safepoint: 72195 ns, At safepoint: 4005 ns, Total: 76200 ns
[2023-05-16T02:38:30.677+0000][6][safepoint    ] Safepoint "Cleanup", Time since last: 1000106902 ns, Reaching safepoint: 174851 ns, At safepoint: 3628 ns, Total: 178479 ns
[2023-05-16T02:38:32.677+0000][6][safepoint    ] Safepoint "Cleanup", Time since last: 2000170221 ns, Reaching safepoint: 67084 ns, At safepoint: 2328 ns, Total: 69412 ns
[2023-05-16T02:38:33.677+0000][6][safepoint    ] Safepoint "Cleanup", Time since last: 1000136525 ns, Reaching safepoint: 77748 ns, At safepoint: 2519 ns, Total: 80267 ns
[2023-05-16T02:38:43.679+0000][6][safepoint    ] Safepoint "Cleanup", Time since last: 10001045753 ns, Reaching safepoint: 594576 ns, At safepoint: 9237 ns, Total: 603813 ns
[2023-05-16T02:38:47.680+0000][6][safepoint    ] Safepoint "Cleanup", Time since last: 4000565372 ns, Reaching safepoint: 262551 ns, At safepoint: 3457 ns, Total: 266008 ns
[2023-05-16T02:38:48.680+0000][6][safepoint    ] Safepoint "Cleanup", Time since last: 1000130771 ns, Reaching safepoint: 326830 ns, At safepoint: 9424 ns, Total: 336254 ns
[2023-05-16T02:38:49.681+0000][6][safepoint    ] Safepoint "Cleanup", Time since last: 1000320064 ns, Reaching safepoint: 683864 ns, At safepoint: 11539 ns, Total: 695403 ns
[2023-05-16T02:38:50.682+0000][6][safepoint    ] Safepoint "Cleanup", Time since last: 1000223045 ns, Reaching safepoint: 236298 ns, At safepoint: 3644 ns, Total: 239942 ns
[2023-05-16T02:38:52.682+0000][6][safepoint    ] Safepoint "Cleanup", Time since last: 2000230106 ns, Reaching safepoint: 118815 ns, At safepoint: 3044 ns, Total: 121859 ns
[2023-05-16T02:38:53.682+0000][6][safepoint    ] Safepoint "Cleanup", Time since last: 1000094360 ns, Reaching safepoint: 101998 ns, At safepoint: 3646 ns, Total: 105644 ns
[2023-05-16T02:38:54.682+0000][6][safepoint    ] Safepoint "Cleanup", Time since last: 1000105700 ns, Reaching safepoint: 71767 ns, At safepoint: 2341 ns, Total: 74108 ns
[2023-05-16T02:38:55.682+0000][6][safepoint    ] Safepoint "Cleanup", Time since last: 1000088271 ns, Reaching safepoint: 78976 ns, At safepoint: 3093 ns, Total: 82069 ns
[2023-05-16T02:38:59.683+0000][6][safepoint    ] Safepoint "Cleanup", Time since last: 4000282885 ns, Reaching safepoint: 80489 ns, At safepoint: 3193 ns, Total: 83682 ns
[2023-05-16T02:39:00.683+0000][6][safepoint    ] Safepoint "Cleanup", Time since last: 1000088244 ns, Reaching safepoint: 83251 ns, At safepoint: 3117 ns, Total: 86368 ns
[2023-05-16T02:39:04.684+0000][6][safepoint    ] Safepoint "Cleanup", Time since last: 4000370893 ns, Reaching safepoint: 562149 ns, At safepoint: 7911 ns, Total: 570060 ns
[2023-05-16T02:39:05.684+0000][6][safepoint    ] Safepoint "Cleanup", Time since last: 1000197345 ns, Reaching safepoint: 81802 ns, At safepoint: 2697 ns, Total: 84499 ns
[2023-05-16T02:39:06.684+0000][6][safepoint    ] Safepoint "Cleanup", Time since last: 1000076019 ns, Reaching safepoint: 71825 ns, At safepoint: 2422 ns, Total: 74247 ns
[2023-05-16T02:39:08.685+0000][6][safepoint    ] Safepoint "Cleanup", Time since last: 2000150267 ns, Reaching safepoint: 88172 ns, At safepoint: 2468 ns, Total: 90640 ns
[2023-05-16T02:39:14.685+0000][6][safepoint    ] Safepoint "Cleanup", Time since last: 6000495236 ns, Reaching safepoint: 356499 ns, At safepoint: 3514 ns, Total: 360013 ns
[2023-05-16T02:39:16.686+0000][6][safepoint    ] Safepoint "Cleanup", Time since last: 2000314780 ns, Reaching safepoint: 94820 ns, At safepoint: 4039 ns, Total: 98859 ns
[2023-05-16T02:39:20.686+0000][6][safepoint    ] Safepoint "Cleanup", Time since last: 4000285245 ns, Reaching safepoint: 139544 ns, At safepoint: 3368 ns, Total: 142912 ns
[2023-05-16T02:39:21.686+0000][6][safepoint    ] Safepoint "Cleanup", Time since last: 1000100384 ns, Reaching safepoint: 73469 ns, At safepoint: 3096 ns, Total: 76565 ns
[2023-05-16T02:39:23.687+0000][6][safepoint    ] Safepoint "Cleanup", Time since last: 2000161328 ns, Reaching safepoint: 72267 ns, At safepoint: 3776 ns, Total: 76043 ns
[2023-05-16T02:39:30.687+0000][6][safepoint    ] Safepoint "Cleanup", Time since last: 7000486640 ns, Reaching safepoint: 67599 ns, At safepoint: 2603 ns, Total: 70202 ns
[2023-05-16T02:39:31.687+0000][6][safepoint    ] Safepoint "Cleanup", Time since last: 1000091159 ns, Reaching safepoint: 88947 ns, At safepoint: 3034 ns, Total: 91981 ns
[2023-05-16T02:39:32.688+0000][6][safepoint    ] Safepoint "Cleanup", Time since last: 1000100775 ns, Reaching safepoint: 63570 ns, At safepoint: 2891 ns, Total: 66461 ns
[2023-05-16T02:39:34.688+0000][6][safepoint    ] Safepoint "Cleanup", Time since last: 2000124875 ns, Reaching safepoint: 79837 ns, At safepoint: 2308 ns, Total: 82145 ns
[2023-05-16T02:39:41.688+0000][6][safepoint    ] Safepoint "Cleanup", Time since last: 7000527782 ns, Reaching safepoint: 63980 ns, At safepoint: 3465 ns, Total: 67445 ns
[2023-05-16T02:39:42.689+0000][6][safepoint    ] Safepoint "Cleanup", Time since last: 1000103527 ns, Reaching safepoint: 162940 ns, At safepoint: 4291 ns, Total: 167231 ns
[2023-05-16T02:39:50.690+0000][6][safepoint    ] Safepoint "Cleanup", Time since last: 8000762485 ns, Reaching safepoint: 417101 ns, At safepoint: 12372 ns, Total: 429473 ns
[2023-05-16T02:39:51.691+0000][6][safepoint    ] Safepoint "Cleanup", Time since last: 1000285673 ns, Reaching safepoint: 382007 ns, At safepoint: 8114 ns, Total: 390121 ns
[2023-05-16T02:39:53.691+0000][6][safepoint    ] Safepoint "Cleanup", Time since last: 2000345501 ns, Reaching safepoint: 103316 ns, At safepoint: 2444 ns, Total: 105760 ns
[2023-05-16T02:39:55.691+0000][6][safepoint    ] Safepoint "Cleanup", Time since last: 2000140765 ns, Reaching safepoint: 66189 ns, At safepoint: 2805 ns, Total: 68994 ns
[2023-05-16T02:40:03.692+0000][6][safepoint    ] Safepoint "Cleanup", Time since last: 8000585551 ns, Reaching safepoint: 85345 ns, At safepoint: 2426 ns, Total: 87771 ns
[2023-05-16T02:40:06.692+0000][6][safepoint    ] Safepoint "Cleanup", Time since last: 3000322666 ns, Reaching safepoint: 112172 ns, At safepoint: 2420 ns, Total: 114592 ns
[2023-05-16T02:40:08.693+0000][6][safepoint    ] Safepoint "Cleanup", Time since last: 2000157449 ns, Reaching safepoint: 61400 ns, At safepoint: 3267 ns, Total: 64667 ns
[2023-05-16T02:40:21.694+0000][6][safepoint    ] Safepoint "Cleanup", Time since last: 13001282126 ns, Reaching safepoint: 211365 ns, At safepoint: 7026 ns, Total: 218391 ns
[2023-05-16T02:40:27.695+0000][6][safepoint    ] Safepoint "Cleanup", Time since last: 6000508163 ns, Reaching safepoint: 398906 ns, At safepoint: 6665 ns, Total: 405571 ns
[2023-05-16T02:40:30.696+0000][6][safepoint    ] Safepoint "Cleanup", Time since last: 3000555012 ns, Reaching safepoint: 556363 ns, At safepoint: 9537 ns, Total: 565900 ns
[2023-05-16T02:40:31.697+0000][6][safepoint    ] Safepoint "Cleanup", Time since last: 1000294295 ns, Reaching safepoint: 429297 ns, At safepoint: 7938 ns, Total: 437235 ns
[2023-05-16T02:40:38.698+0000][6][safepoint    ] Safepoint "Cleanup", Time since last: 7000838941 ns, Reaching safepoint: 386230 ns, At safepoint: 5489 ns, Total: 391719 ns
[2023-05-16T02:40:46.700+0000][6][safepoint    ] Safepoint "Cleanup", Time since last: 8001020473 ns, Reaching safepoint: 559283 ns, At safepoint: 11992 ns, Total: 571275 ns
[2023-05-16T02:40:48.700+0000][6][safepoint    ] Safepoint "Cleanup", Time since last: 2000334621 ns, Reaching safepoint: 86788 ns, At safepoint: 3467 ns, Total: 90255 ns
[2023-05-16T02:40:49.700+0000][6][safepoint    ] Safepoint "Cleanup", Time since last: 1000115446 ns, Reaching safepoint: 265340 ns, At safepoint: 6827 ns, Total: 272167 ns
[2023-05-16T02:40:52.701+0000][6][safepoint    ] Safepoint "Cleanup", Time since last: 3000300962 ns, Reaching safepoint: 531658 ns, At safepoint: 9168 ns, Total: 540826 ns
[2023-05-16T02:40:53.702+0000][6][safepoint    ] Safepoint "Cleanup", Time since last: 1000234300 ns, Reaching safepoint: 446908 ns, At safepoint: 8428 ns, Total: 455336 ns
[2023-05-16T02:40:54.702+0000][6][safepoint    ] Safepoint "Cleanup", Time since last: 1000277869 ns, Reaching safepoint: 69840 ns, At safepoint: 3197 ns, Total: 73037 ns
[2023-05-16T02:40:58.703+0000][6][safepoint    ] Safepoint "Cleanup", Time since last: 4000282903 ns, Reaching safepoint: 81693 ns, At safepoint: 3675 ns, Total: 85368 ns
[2023-05-16T02:41:02.703+0000][6][safepoint    ] Safepoint "Cleanup", Time since last: 4000373051 ns, Reaching safepoint: 71608 ns, At safepoint: 4418 ns, Total: 76026 ns
[2023-05-16T02:41:03.704+0000][6][safepoint    ] Safepoint "Cleanup", Time since last: 1000156283 ns, Reaching safepoint: 600107 ns, At safepoint: 10211 ns, Total: 610318 ns
[2023-05-16T02:41:09.705+0000][6][safepoint    ] Safepoint "Cleanup", Time since last: 6000591625 ns, Reaching safepoint: 74056 ns, At safepoint: 3481 ns, Total: 77537 ns
[2023-05-16T02:41:13.705+0000][6][safepoint    ] Safepoint "Cleanup", Time since last: 4000300445 ns, Reaching safepoint: 136141 ns, At safepoint: 2988 ns, Total: 139129 ns
[2023-05-16T02:41:15.706+0000][6][safepoint    ] Safepoint "Cleanup", Time since last: 2000192730 ns, Reaching safepoint: 383043 ns, At safepoint: 8577 ns, Total: 391620 ns
[2023-05-16T02:41:21.706+0000][6][safepoint    ] Safepoint "Cleanup", Time since last: 6000570874 ns, Reaching safepoint: 66920 ns, At safepoint: 2212 ns, Total: 69132 ns
[2023-05-16T02:41:27.387+0000][6][safepoint    ] Safepoint "Cleanup", Time since last: 5680719901 ns, Reaching safepoint: 262744 ns, At safepoint: 5101 ns, Total: 267845 ns
[2023-05-16T02:41:28.387+0000][6][safepoint    ] Safepoint "Cleanup", Time since last: 1000115724 ns, Reaching safepoint: 124167 ns, At safepoint: 3190 ns, Total: 127357 ns
[2023-05-16T02:41:29.388+0000][6][safepoint    ] Safepoint "Cleanup", Time since last: 1000115416 ns, Reaching safepoint: 102300 ns, At safepoint: 3081 ns, Total: 105381 ns
[2023-05-16T02:41:32.388+0000][6][safepoint    ] Safepoint "Cleanup", Time since last: 3000224716 ns, Reaching safepoint: 66255 ns, At safepoint: 3272 ns, Total: 69527 ns
[2023-05-16T02:41:41.389+0000][6][safepoint    ] Safepoint "Cleanup", Time since last: 9000732724 ns, Reaching safepoint: 133578 ns, At safepoint: 2510 ns, Total: 136088 ns
[2023-05-16T02:41:51.328+0000][6][safepoint    ] Safepoint "Cleanup", Time since last: 9939459319 ns, Reaching safepoint: 135888 ns, At safepoint: 5636 ns, Total: 141524 ns
[2023-05-16T02:41:51.712+0000][6][safepoint    ] Safepoint "BulkRevokeBias", Time since last: 382223490 ns, Reaching safepoint: 128818 ns, At safepoint: 693063 ns, Total: 821881 ns
[2023-05-16T02:41:52.542+0000][6][safepoint    ] Safepoint "ICBufferFull", Time since last: 829950259 ns, Reaching safepoint: 758867 ns, At safepoint: 23680 ns, Total: 782547 ns
[2023-05-16T02:41:53.233+0000][6][safepoint    ] Safepoint "ICBufferFull", Time since last: 690172534 ns, Reaching safepoint: 335231 ns, At safepoint: 9628 ns, Total: 344859 ns
[2023-05-16T02:41:53.345+0000][6][safepoint    ] Safepoint "BulkRevokeBias", Time since last: 102526841 ns, Reaching safepoint: 8187317 ns, At safepoint: 1196673 ns, Total: 9383990 ns
[2023-05-16T02:41:53.823+0000][6][safepoint    ] Safepoint "ICBufferFull", Time since last: 477745678 ns, Reaching safepoint: 702743 ns, At safepoint: 13728 ns, Total: 716471 ns
[2023-05-16T02:41:53.877+0000][6][safepoint    ] Safepoint "BulkRevokeBias", Time since last: 43610148 ns, Reaching safepoint: 304355 ns, At safepoint: 9779940 ns, Total: 10084295 ns
[2023-05-16T02:41:54.798+0000][6][safepoint    ] Safepoint "ICBufferFull", Time since last: 920505887 ns, Reaching safepoint: 330266 ns, At safepoint: 10660 ns, Total: 340926 ns
[2023-05-16T02:41:54.960+0000][6][safepoint    ] Safepoint "ICBufferFull", Time since last: 160011587 ns, Reaching safepoint: 1889485 ns, At safepoint: 21701 ns, Total: 1911186 ns
[2023-05-16T02:41:55.343+0000][6][safepoint    ] Safepoint "BulkRevokeBias", Time since last: 382030307 ns, Reaching safepoint: 370043 ns, At safepoint: 546873 ns, Total: 916916 ns
[2023-05-16T02:41:56.328+0000][6][safepoint    ] Safepoint "ICBufferFull", Time since last: 984850537 ns, Reaching safepoint: 358005 ns, At safepoint: 9481 ns, Total: 367486 ns
[2023-05-16T02:41:56.669+0000][6][gc,start     ] GC(11) Pause Young (Normal) (G1 Evacuation Pause)
[2023-05-16T02:41:56.670+0000][6][gc,task      ] GC(11) Using 8 workers of 8 for evacuation
[2023-05-16T02:41:56.670+0000][6][gc,age       ] GC(11) Desired survivor size 40370176 bytes, new threshold 15 (max threshold 15)
[2023-05-16T02:41:56.707+0000][6][gc,age       ] GC(11) Age table with threshold 15 (max threshold 15)
[2023-05-16T02:41:56.707+0000][6][gc,age       ] GC(11) - age   1:    8486920 bytes,    8486920 total
[2023-05-16T02:41:56.707+0000][6][gc,age       ] GC(11) - age   2:   10133880 bytes,   18620800 total
[2023-05-16T02:41:56.707+0000][6][gc,age       ] GC(11) - age   3:    9899560 bytes,   28520360 total
[2023-05-16T02:41:56.707+0000][6][gc,phases    ] GC(11)   Pre Evacuate Collection Set: 0.2ms
[2023-05-16T02:41:56.707+0000][6][gc,phases    ] GC(11)   Merge Heap Roots: 0.1ms
[2023-05-16T02:41:56.707+0000][6][gc,phases    ] GC(11)   Evacuate Collection Set: 26.4ms
[2023-05-16T02:41:56.707+0000][6][gc,phases    ] GC(11)   Post Evacuate Collection Set: 10.3ms
[2023-05-16T02:41:56.707+0000][6][gc,phases    ] GC(11)   Other: 0.4ms
[2023-05-16T02:41:56.707+0000][6][gc,heap      ] GC(11) Eden regions: 592->0(584)
[2023-05-16T02:41:56.707+0000][6][gc,heap      ] GC(11) Survivor regions: 22->30(77)
[2023-05-16T02:41:56.707+0000][6][gc,heap      ] GC(11) Old regions: 44->44
[2023-05-16T02:41:56.707+0000][6][gc,heap      ] GC(11) Archive regions: 2->2
[2023-05-16T02:41:56.707+0000][6][gc,heap      ] GC(11) Humongous regions: 16->15
[2023-05-16T02:41:56.707+0000][6][gc,metaspace ] GC(11) Metaspace: 93134K(100476K)->93134K(100476K) NonClass: 80725K(85136K)->80725K(85136K) Class: 12408K(15340K)->12408K(15340K)
[2023-05-16T02:41:56.707+0000][6][gc           ] GC(11) Pause Young (Normal) (G1 Evacuation Pause) 674M->89M(1024M) 37.350ms
[2023-05-16T02:41:56.707+0000][6][gc,cpu       ] GC(11) User=0.09s Sys=0.00s Real=0.03s
[2023-05-16T02:41:56.707+0000][6][safepoint    ] Safepoint "G1CollectForAllocation", Time since last: 341243091 ns, Reaching safepoint: 402661 ns, At safepoint: 37507337 ns, Total: 37909998 ns
[2023-05-16T02:41:57.761+0000][6][safepoint    ] Safepoint "Cleanup", Time since last: 1053756020 ns, Reaching safepoint: 201645 ns, At safepoint: 6470 ns, Total: 208115 ns
[2023-05-16T02:41:57.825+0000][6][safepoint    ] Safepoint "BulkRevokeBias", Time since last: 63479305 ns, Reaching safepoint: 129238 ns, At safepoint: 397263 ns, Total: 526501 ns
[2023-05-16T02:41:57.939+0000][6][safepoint    ] Safepoint "BulkRevokeBias", Time since last: 113276126 ns, Reaching safepoint: 115510 ns, At safepoint: 649280 ns, Total: 764790 ns
[2023-05-16T02:41:59.635+0000][6][safepoint    ] Safepoint "Cleanup", Time since last: 1696048949 ns, Reaching safepoint: 142430 ns, At safepoint: 4155 ns, Total: 146585 ns
[2023-05-16T02:41:59.894+0000][6][safepoint    ] Safepoint "BulkRevokeBias", Time since last: 258138992 ns, Reaching safepoint: 211453 ns, At safepoint: 534783 ns, Total: 746236 ns
[2023-05-16T02:42:00.915+0000][6][safepoint    ] Safepoint "Cleanup", Time since last: 1021110886 ns, Reaching safepoint: 127241 ns, At safepoint: 3143 ns, Total: 130384 ns
[2023-05-16T02:42:01.987+0000][6][safepoint    ] Safepoint "Cleanup", Time since last: 1071922949 ns, Reaching safepoint: 278675 ns, At safepoint: 8157 ns, Total: 286832 ns
[2023-05-16T02:42:03.013+0000][6][safepoint    ] Safepoint "Cleanup", Time since last: 1025038582 ns, Reaching safepoint: 179304 ns, At safepoint: 4196 ns, Total: 183500 ns
[2023-05-16T02:42:03.438+0000][6][safepoint    ] Safepoint "ICBufferFull", Time since last: 424678723 ns, Reaching safepoint: 418651 ns, At safepoint: 10346 ns, Total: 428997 ns
[2023-05-16T02:42:04.085+0000][6][safepoint    ] Safepoint "BulkRevokeBias", Time since last: 646520782 ns, Reaching safepoint: 469856 ns, At safepoint: 653363 ns, Total: 1123219 ns
[2023-05-16T02:42:05.137+0000][6][safepoint    ] Safepoint "Cleanup", Time since last: 1050942711 ns, Reaching safepoint: 155967 ns, At safepoint: 4022 ns, Total: 159989 ns
[2023-05-16T02:42:05.137+0000][6][safepoint    ] Safepoint "BulkRevokeBias", Time since last: 114686 ns, Reaching safepoint: 107955 ns, At safepoint: 451687 ns, Total: 559642 ns
[2023-05-16T02:42:06.252+0000][6][safepoint    ] Safepoint "Cleanup", Time since last: 1112766507 ns, Reaching safepoint: 1614922 ns, At safepoint: 46089 ns, Total: 1661011 ns
[2023-05-16T02:42:07.253+0000][6][safepoint    ] Safepoint "Cleanup", Time since last: 1000361659 ns, Reaching safepoint: 692365 ns, At safepoint: 5889 ns, Total: 698254 ns
[2023-05-16T02:42:08.293+0000][6][safepoint    ] Safepoint "Cleanup", Time since last: 1040008108 ns, Reaching safepoint: 289383 ns, At safepoint: 4967 ns, Total: 294350 ns
[2023-05-16T02:42:09.308+0000][6][safepoint    ] Safepoint "Cleanup", Time since last: 1015247984 ns, Reaching safepoint: 136577 ns, At safepoint: 4369 ns, Total: 140946 ns
[2023-05-16T02:42:10.409+0000][6][safepoint    ] Safepoint "Cleanup", Time since last: 1100286076 ns, Reaching safepoint: 148833 ns, At safepoint: 5670 ns, Total: 154503 ns
[2023-05-16T02:42:11.414+0000][6][safepoint    ] Safepoint "Cleanup", Time since last: 1005040200 ns, Reaching safepoint: 538199 ns, At safepoint: 14977 ns, Total: 553176 ns
[2023-05-16T02:42:11.465+0000][6][safepoint    ] Safepoint "BulkRevokeBias", Time since last: 50280269 ns, Reaching safepoint: 291328 ns, At safepoint: 469023 ns, Total: 760351 ns
[2023-05-16T02:42:12.468+0000][6][safepoint    ] Safepoint "Cleanup", Time since last: 1001655796 ns, Reaching safepoint: 659545 ns, At safepoint: 10225 ns, Total: 669770 ns
[2023-05-16T02:42:13.517+0000][6][safepoint    ] Safepoint "Cleanup", Time since last: 1048683180 ns, Reaching safepoint: 277537 ns, At safepoint: 8867 ns, Total: 286404 ns
[2023-05-16T02:42:13.569+0000][6][safepoint    ] Safepoint "BulkRevokeBias", Time since last: 51741903 ns, Reaching safepoint: 239664 ns, At safepoint: 536393 ns, Total: 776057 ns
[2023-05-16T02:42:13.593+0000][6][safepoint    ] Safepoint "BulkRevokeBias", Time since last: 22733828 ns, Reaching safepoint: 253580 ns, At safepoint: 573558 ns, Total: 827138 ns
[2023-05-16T02:42:13.632+0000][6][safepoint    ] Safepoint "BulkRevokeBias", Time since last: 38385474 ns, Reaching safepoint: 199798 ns, At safepoint: 401317 ns, Total: 601115 ns
[2023-05-16T02:42:14.625+0000][6][safepoint    ] Safepoint "ICBufferFull", Time since last: 992680560 ns, Reaching safepoint: 241152 ns, At safepoint: 4992 ns, Total: 246144 ns
[2023-05-16T02:42:15.671+0000][6][safepoint    ] Safepoint "Cleanup", Time since last: 1045831965 ns, Reaching safepoint: 191653 ns, At safepoint: 5249 ns, Total: 196902 ns
[2023-05-16T02:42:16.688+0000][6][safepoint    ] Safepoint "Cleanup", Time since last: 1017251879 ns, Reaching safepoint: 398033 ns, At safepoint: 9709 ns, Total: 407742 ns
[2023-05-16T02:42:17.738+0000][6][safepoint    ] Safepoint "Cleanup", Time since last: 1048275222 ns, Reaching safepoint: 1029070 ns, At safepoint: 12101 ns, Total: 1041171 ns
[2023-05-16T02:42:18.770+0000][6][safepoint    ] Safepoint "Cleanup", Time since last: 1032045972 ns, Reaching safepoint: 208963 ns, At safepoint: 3470 ns, Total: 212433 ns
[2023-05-16T02:42:19.770+0000][6][safepoint    ] Safepoint "Cleanup", Time since last: 1000118968 ns, Reaching safepoint: 123108 ns, At safepoint: 3282 ns, Total: 126390 ns
[2023-05-16T02:42:20.865+0000][6][safepoint    ] Safepoint "Cleanup", Time since last: 1094420286 ns, Reaching safepoint: 214216 ns, At safepoint: 5353 ns, Total: 219569 ns
[2023-05-16T02:42:22.094+0000][6][safepoint    ] Safepoint "Cleanup", Time since last: 1228789584 ns, Reaching safepoint: 207255 ns, At safepoint: 6744 ns, Total: 213999 ns
[2023-05-16T02:42:24.003+0000][6][safepoint    ] Safepoint "Cleanup", Time since last: 1908633999 ns, Reaching safepoint: 640796 ns, At safepoint: 15055 ns, Total: 655851 ns
[2023-05-16T02:42:25.004+0000][6][safepoint    ] Safepoint "Cleanup", Time since last: 1000318776 ns, Reaching safepoint: 558898 ns, At safepoint: 13025 ns, Total: 571923 ns
[2023-05-16T02:42:26.005+0000][6][safepoint    ] Safepoint "Cleanup", Time since last: 1000260945 ns, Reaching safepoint: 448002 ns, At safepoint: 9136 ns, Total: 457138 ns
[2023-05-16T02:42:27.005+0000][6][safepoint    ] Safepoint "Cleanup", Time since last: 1000241412 ns, Reaching safepoint: 99012 ns, At safepoint: 3458 ns, Total: 102470 ns
[2023-05-16T02:42:29.005+0000][6][safepoint    ] Safepoint "Cleanup", Time since last: 2000187148 ns, Reaching safepoint: 115852 ns, At safepoint: 4341 ns, Total: 120193 ns
[2023-05-16T02:42:30.006+0000][6][safepoint    ] Safepoint "Cleanup", Time since last: 1000083774 ns, Reaching safepoint: 323844 ns, At safepoint: 6822 ns, Total: 330666 ns
[2023-05-16T02:42:31.006+0000][6][safepoint    ] Safepoint "Cleanup", Time since last: 1000182804 ns, Reaching safepoint: 340376 ns, At safepoint: 3400 ns, Total: 343776 ns
[2023-05-16T02:42:32.008+0000][6][safepoint    ] Safepoint "Cleanup", Time since last: 1000177284 ns, Reaching safepoint: 1079459 ns, At safepoint: 23405 ns, Total: 1102864 ns
[2023-05-16T02:42:33.008+0000][6][safepoint    ] Safepoint "Cleanup", Time since last: 1000306719 ns, Reaching safepoint: 123210 ns, At safepoint: 3112 ns, Total: 126322 ns
[2023-05-16T02:42:34.008+0000][6][safepoint    ] Safepoint "Cleanup", Time since last: 1000109423 ns, Reaching safepoint: 104177 ns, At safepoint: 3349 ns, Total: 107526 ns
[2023-05-16T02:42:35.009+0000][6][safepoint    ] Safepoint "Cleanup", Time since last: 1000094469 ns, Reaching safepoint: 105316 ns, At safepoint: 6999 ns, Total: 112315 ns
[2023-05-16T02:42:35.054+0000][6][gc,start     ] GC(12) Pause Young (Normal) (G1 Evacuation Pause)
[2023-05-16T02:42:35.054+0000][6][gc,task      ] GC(12) Using 8 workers of 8 for evacuation
[2023-05-16T02:42:35.054+0000][6][gc,age       ] GC(12) Desired survivor size 40370176 bytes, new threshold 15 (max threshold 15)
[2023-05-16T02:42:35.100+0000][6][gc,age       ] GC(12) Age table with threshold 15 (max threshold 15)
[2023-05-16T02:42:35.101+0000][6][gc,age       ] GC(12) - age   1:    3721792 bytes,    3721792 total
[2023-05-16T02:42:35.101+0000][6][gc,age       ] GC(12) - age   2:    6910392 bytes,   10632184 total
[2023-05-16T02:42:35.101+0000][6][gc,age       ] GC(12) - age   3:   10133592 bytes,   20765776 total
[2023-05-16T02:42:35.101+0000][6][gc,age       ] GC(12) - age   4:    9899272 bytes,   30665048 total
[2023-05-16T02:42:35.101+0000][6][gc,phases    ] GC(12)   Pre Evacuate Collection Set: 0.1ms
[2023-05-16T02:42:35.101+0000][6][gc,phases    ] GC(12)   Merge Heap Roots: 0.1ms
[2023-05-16T02:42:35.101+0000][6][gc,phases    ] GC(12)   Evacuate Collection Set: 38.7ms
[2023-05-16T02:42:35.101+0000][6][gc,phases    ] GC(12)   Post Evacuate Collection Set: 7.6ms
[2023-05-16T02:42:35.101+0000][6][gc,phases    ] GC(12)   Other: 0.4ms
[2023-05-16T02:42:35.101+0000][6][gc,heap      ] GC(12) Eden regions: 584->0(583)
[2023-05-16T02:42:35.101+0000][6][gc,heap      ] GC(12) Survivor regions: 30->31(77)
[2023-05-16T02:42:35.101+0000][6][gc,heap      ] GC(12) Old regions: 44->44
[2023-05-16T02:42:35.101+0000][6][gc,heap      ] GC(12) Archive regions: 2->2
[2023-05-16T02:42:35.101+0000][6][gc,heap      ] GC(12) Humongous regions: 15->15
[2023-05-16T02:42:35.101+0000][6][gc,metaspace ] GC(12) Metaspace: 94233K(101628K)->94233K(101628K) NonClass: 81791K(86160K)->81791K(86160K) Class: 12441K(15468K)->12441K(15468K)
[2023-05-16T02:42:35.101+0000][6][gc           ] GC(12) Pause Young (Normal) (G1 Evacuation Pause) 673M->90M(1024M) 46.987ms
[2023-05-16T02:42:35.101+0000][6][gc,cpu       ] GC(12) User=0.12s Sys=0.00s Real=0.05s
[2023-05-16T02:42:35.101+0000][6][safepoint    ] Safepoint "G1CollectForAllocation", Time since last: 44988092 ns, Reaching safepoint: 193742 ns, At safepoint: 47115153 ns, Total: 47308895 ns
[2023-05-16T02:42:36.102+0000][6][safepoint    ] Safepoint "Cleanup", Time since last: 1000136211 ns, Reaching safepoint: 731935 ns, At safepoint: 14338 ns, Total: 746273 ns
[2023-05-16T02:42:37.102+0000][6][safepoint    ] Safepoint "Cleanup", Time since last: 1000262171 ns, Reaching safepoint: 178176 ns, At safepoint: 5972 ns, Total: 184148 ns
[2023-05-16T02:42:38.103+0000][6][safepoint    ] Safepoint "Cleanup", Time since last: 1000133113 ns, Reaching safepoint: 607255 ns, At safepoint: 15160 ns, Total: 622415 ns
[2023-05-16T02:42:39.103+0000][6][safepoint    ] Safepoint "Cleanup", Time since last: 1000259499 ns, Reaching safepoint: 224420 ns, At safepoint: 7239 ns, Total: 231659 ns
[2023-05-16T02:42:41.104+0000][6][safepoint    ] Safepoint "Cleanup", Time since last: 2000247801 ns, Reaching safepoint: 182540 ns, At safepoint: 3721 ns, Total: 186261 ns
[2023-05-16T02:42:42.104+0000][6][safepoint    ] Safepoint "Cleanup", Time since last: 1000135221 ns, Reaching safepoint: 138767 ns, At safepoint: 3233 ns, Total: 142000 ns
[2023-05-16T02:42:43.104+0000][6][safepoint    ] Safepoint "Cleanup", Time since last: 1000097820 ns, Reaching safepoint: 159204 ns, At safepoint: 3604 ns, Total: 162808 ns
[2023-05-16T02:42:52.106+0000][6][safepoint    ] Safepoint "Cleanup", Time since last: 9001201103 ns, Reaching safepoint: 578869 ns, At safepoint: 14939 ns, Total: 593808 ns
[2023-05-16T02:42:53.107+0000][6][safepoint    ] Safepoint "Cleanup", Time since last: 1000318530 ns, Reaching safepoint: 97498 ns, At safepoint: 4822 ns, Total: 102320 ns
[2023-05-16T02:42:54.107+0000][6][safepoint    ] Safepoint "Cleanup", Time since last: 1000130040 ns, Reaching safepoint: 331983 ns, At safepoint: 5118 ns, Total: 337101 ns
[2023-05-16T02:43:10.109+0000][6][safepoint    ] Safepoint "Cleanup", Time since last: 16001570518 ns, Reaching safepoint: 119876 ns, At safepoint: 2736 ns, Total: 122612 ns
[2023-05-16T02:43:19.110+0000][6][safepoint    ] Safepoint "Cleanup", Time since last: 9000689830 ns, Reaching safepoint: 143664 ns, At safepoint: 5123 ns, Total: 148787 ns
[2023-05-16T02:43:22.110+0000][6][safepoint    ] Safepoint "Cleanup", Time since last: 3000213371 ns, Reaching safepoint: 74115 ns, At safepoint: 2646 ns, Total: 76761 ns
[2023-05-16T02:43:23.110+0000][6][safepoint    ] Safepoint "Cleanup", Time since last: 1000101226 ns, Reaching safepoint: 80782 ns, At safepoint: 3676 ns, Total: 84458 ns
[2023-05-16T02:43:46.112+0000][6][safepoint    ] Safepoint "Cleanup", Time since last: 23001806692 ns, Reaching safepoint: 74748 ns, At safepoint: 3588 ns, Total: 78336 ns
[2023-05-16T02:43:52.112+0000][6][safepoint    ] Safepoint "Cleanup", Time since last: 6000407060 ns, Reaching safepoint: 71787 ns, At safepoint: 4332 ns, Total: 76119 ns
[2023-05-16T02:43:54.113+0000][6][safepoint    ] Safepoint "Cleanup", Time since last: 2000163419 ns, Reaching safepoint: 80528 ns, At safepoint: 2727 ns, Total: 83255 ns
[2023-05-16T02:43:55.113+0000][6][safepoint    ] Safepoint "Cleanup", Time since last: 1000106350 ns, Reaching safepoint: 111359 ns, At safepoint: 2701 ns, Total: 114060 ns
[2023-05-16T02:43:56.113+0000][6][safepoint    ] Safepoint "Cleanup", Time since last: 1000098116 ns, Reaching safepoint: 168337 ns, At safepoint: 4218 ns, Total: 172555 ns
[2023-05-16T02:43:57.114+0000][6][safepoint    ] Safepoint "Cleanup", Time since last: 1000143005 ns, Reaching safepoint: 621981 ns, At safepoint: 17904 ns, Total: 639885 ns
[2023-05-16T02:43:58.119+0000][6][safepoint    ] Safepoint "Cleanup", Time since last: 1000298294 ns, Reaching safepoint: 4988256 ns, At safepoint: 15941 ns, Total: 5004197 ns
[2023-05-16T02:43:59.120+0000][6][safepoint    ] Safepoint "Cleanup", Time since last: 1000267916 ns, Reaching safepoint: 114291 ns, At safepoint: 3755 ns, Total: 118046 ns
[2023-05-16T02:44:00.120+0000][6][safepoint    ] Safepoint "Cleanup", Time since last: 1000106227 ns, Reaching safepoint: 208315 ns, At safepoint: 2822 ns, Total: 211137 ns
[2023-05-16T02:44:01.120+0000][6][safepoint    ] Safepoint "Cleanup", Time since last: 1000111445 ns, Reaching safepoint: 227879 ns, At safepoint: 6176 ns, Total: 234055 ns
[2023-05-16T02:44:02.121+0000][6][safepoint    ] Safepoint "Cleanup", Time since last: 1000137465 ns, Reaching safepoint: 763780 ns, At safepoint: 19150 ns, Total: 782930 ns
[2023-05-16T02:44:05.122+0000][6][safepoint    ] Safepoint "Cleanup", Time since last: 3000526303 ns, Reaching safepoint: 309778 ns, At safepoint: 4962 ns, Total: 314740 ns
[2023-05-16T02:44:09.123+0000][6][safepoint    ] Safepoint "Cleanup", Time since last: 4000432943 ns, Reaching safepoint: 564383 ns, At safepoint: 9782 ns, Total: 574165 ns
[2023-05-16T02:44:10.124+0000][6][safepoint    ] Safepoint "Cleanup", Time since last: 1000341085 ns, Reaching safepoint: 146083 ns, At safepoint: 6937 ns, Total: 153020 ns
[2023-05-16T02:44:11.124+0000][6][safepoint    ] Safepoint "Cleanup", Time since last: 1000134828 ns, Reaching safepoint: 553819 ns, At safepoint: 10816 ns, Total: 564635 ns
[2023-05-16T02:44:14.125+0000][6][safepoint    ] Safepoint "Cleanup", Time since last: 3000468830 ns, Reaching safepoint: 435339 ns, At safepoint: 12674 ns, Total: 448013 ns
[2023-05-16T02:44:15.126+0000][6][safepoint    ] Safepoint "Cleanup", Time since last: 1000253781 ns, Reaching safepoint: 108738 ns, At safepoint: 3087 ns, Total: 111825 ns
[2023-05-16T02:44:18.127+0000][6][safepoint    ] Safepoint "Cleanup", Time since last: 3001322055 ns, Reaching safepoint: 126289 ns, At safepoint: 3281 ns, Total: 129570 ns
[2023-05-16T02:44:19.127+0000][6][safepoint    ] Safepoint "Cleanup", Time since last: 1000108384 ns, Reaching safepoint: 188750 ns, At safepoint: 10192 ns, Total: 198942 ns
[2023-05-16T02:44:20.128+0000][6][safepoint    ] Safepoint "Cleanup", Time since last: 1000249736 ns, Reaching safepoint: 103551 ns, At safepoint: 3640 ns, Total: 107191 ns
[2023-05-16T02:44:22.130+0000][6][safepoint    ] Safepoint "Cleanup", Time since last: 2000332426 ns, Reaching safepoint: 1606001 ns, At safepoint: 17037 ns, Total: 1623038 ns
[2023-05-16T02:44:23.130+0000][6][safepoint    ] Safepoint "Cleanup", Time since last: 1000139050 ns, Reaching safepoint: 373290 ns, At safepoint: 11182 ns, Total: 384472 ns
[2023-05-16T02:44:24.131+0000][6][safepoint    ] Safepoint "Cleanup", Time since last: 1000332882 ns, Reaching safepoint: 305788 ns, At safepoint: 5173 ns, Total: 310961 ns
[2023-05-16T02:44:25.131+0000][6][safepoint    ] Safepoint "Cleanup", Time since last: 1000158608 ns, Reaching safepoint: 100587 ns, At safepoint: 3243 ns, Total: 103830 ns
[2023-05-16T02:44:26.131+0000][6][safepoint    ] Safepoint "Cleanup", Time since last: 1000107323 ns, Reaching safepoint: 135821 ns, At safepoint: 6218 ns, Total: 142039 ns
[2023-05-16T02:44:28.132+0000][6][safepoint    ] Safepoint "Cleanup", Time since last: 2000216491 ns, Reaching safepoint: 752298 ns, At safepoint: 14055 ns, Total: 766353 ns
[2023-05-16T02:44:29.133+0000][6][safepoint    ] Safepoint "Cleanup", Time since last: 1000316753 ns, Reaching safepoint: 124675 ns, At safepoint: 4387 ns, Total: 129062 ns
[2023-05-16T02:44:30.133+0000][6][safepoint    ] Safepoint "Cleanup", Time since last: 1000124532 ns, Reaching safepoint: 309525 ns, At safepoint: 7944 ns, Total: 317469 ns
[2023-05-16T02:44:33.619+0000][6][gc,start     ] GC(13) Pause Young (Concurrent Start) (Metadata GC Threshold)
[2023-05-16T02:44:33.620+0000][6][gc,task      ] GC(13) Using 8 workers of 8 for evacuation
[2023-05-16T02:44:33.620+0000][6][gc,age       ] GC(13) Desired survivor size 40370176 bytes, new threshold 15 (max threshold 15)
[2023-05-16T02:44:33.674+0000][6][gc,age       ] GC(13) Age table with threshold 15 (max threshold 15)
[2023-05-16T02:44:33.674+0000][6][gc,age       ] GC(13) - age   1:    5946224 bytes,    5946224 total
[2023-05-16T02:44:33.674+0000][6][gc,age       ] GC(13) - age   2:    3158640 bytes,    9104864 total
[2023-05-16T02:44:33.674+0000][6][gc,age       ] GC(13) - age   3:    6908920 bytes,   16013784 total
[2023-05-16T02:44:33.674+0000][6][gc,age       ] GC(13) - age   4:   10133592 bytes,   26147376 total
[2023-05-16T02:44:33.674+0000][6][gc,age       ] GC(13) - age   5:    9899208 bytes,   36046584 total
[2023-05-16T02:44:33.674+0000][6][gc,phases    ] GC(13)   Pre Evacuate Collection Set: 0.8ms
[2023-05-16T02:44:33.674+0000][6][gc,phases    ] GC(13)   Merge Heap Roots: 0.1ms
[2023-05-16T02:44:33.674+0000][6][gc,phases    ] GC(13)   Evacuate Collection Set: 50.6ms
[2023-05-16T02:44:33.674+0000][6][gc,phases    ] GC(13)   Post Evacuate Collection Set: 2.3ms
[2023-05-16T02:44:33.674+0000][6][gc,phases    ] GC(13)   Other: 0.4ms
[2023-05-16T02:44:33.674+0000][6][gc,heap      ] GC(13) Eden regions: 378->0(578)
[2023-05-16T02:44:33.674+0000][6][gc,heap      ] GC(13) Survivor regions: 31->36(77)
[2023-05-16T02:44:33.674+0000][6][gc,heap      ] GC(13) Old regions: 44->44
[2023-05-16T02:44:33.674+0000][6][gc,heap      ] GC(13) Archive regions: 2->2
[2023-05-16T02:44:33.674+0000][6][gc,heap      ] GC(13) Humongous regions: 16->16
[2023-05-16T02:44:33.674+0000][6][gc,metaspace ] GC(13) Metaspace: 94559K(101884K)->94559K(101884K) NonClass: 82115K(86416K)->82115K(86416K) Class: 12444K(15468K)->12444K(15468K)
[2023-05-16T02:44:33.674+0000][6][gc           ] GC(13) Pause Young (Concurrent Start) (Metadata GC Threshold) 469M->96M(1024M) 54.371ms
[2023-05-16T02:44:33.674+0000][6][gc,cpu       ] GC(13) User=0.13s Sys=0.01s Real=0.06s
[2023-05-16T02:44:33.674+0000][6][gc           ] GC(14) Concurrent Cycle
[2023-05-16T02:44:33.674+0000][6][gc,marking   ] GC(14) Concurrent Clear Claimed Marks
[2023-05-16T02:44:33.674+0000][6][safepoint    ] Safepoint "CollectForMetadataAllocation", Time since last: 3486119853 ns, Reaching safepoint: 129312 ns, At safepoint: 54592490 ns, Total: 54721802 ns
[2023-05-16T02:44:33.675+0000][6][gc,marking   ] GC(14) Concurrent Clear Claimed Marks 0.726ms
[2023-05-16T02:44:33.675+0000][6][gc,marking   ] GC(14) Concurrent Scan Root Regions
[2023-05-16T02:44:33.697+0000][6][gc,marking   ] GC(14) Concurrent Scan Root Regions 21.947ms
[2023-05-16T02:44:33.697+0000][6][gc,marking   ] GC(14) Concurrent Mark (516.695s)
[2023-05-16T02:44:33.697+0000][6][gc,marking   ] GC(14) Concurrent Mark From Roots
[2023-05-16T02:44:33.697+0000][6][gc,task      ] GC(14) Using 2 workers of 2 for marking
[2023-05-16T02:44:33.765+0000][6][gc,marking   ] GC(14) Concurrent Mark From Roots 67.929ms
[2023-05-16T02:44:33.765+0000][6][gc,marking   ] GC(14) Concurrent Preclean
[2023-05-16T02:44:33.765+0000][6][gc,marking   ] GC(14) Concurrent Preclean 0.341ms
[2023-05-16T02:44:33.765+0000][6][gc,marking   ] GC(14) Concurrent Mark (516.695s, 516.763s) 68.345ms
[2023-05-16T02:44:33.766+0000][6][gc,start     ] GC(14) Pause Remark
[2023-05-16T02:44:33.775+0000][6][gc           ] GC(14) Pause Remark 98M->98M(1024M) 9.412ms
[2023-05-16T02:44:33.775+0000][6][gc,cpu       ] GC(14) User=0.03s Sys=0.00s Real=0.01s
[2023-05-16T02:44:33.775+0000][6][safepoint    ] Safepoint "G1Concurrent", Time since last: 91038792 ns, Reaching safepoint: 329099 ns, At safepoint: 9647889 ns, Total: 9976988 ns
[2023-05-16T02:44:33.775+0000][6][gc,marking   ] GC(14) Concurrent Rebuild Remembered Sets
[2023-05-16T02:44:33.820+0000][6][gc,marking   ] GC(14) Concurrent Rebuild Remembered Sets 45.188ms
[2023-05-16T02:44:33.823+0000][6][gc,start     ] GC(14) Pause Cleanup
[2023-05-16T02:44:33.824+0000][6][gc           ] GC(14) Pause Cleanup 100M->100M(1024M) 0.523ms
[2023-05-16T02:44:33.824+0000][6][gc,cpu       ] GC(14) User=0.00s Sys=0.00s Real=0.00s
[2023-05-16T02:44:33.824+0000][6][safepoint    ] Safepoint "G1Concurrent", Time since last: 45613398 ns, Reaching safepoint: 2309721 ns, At safepoint: 670353 ns, Total: 2980074 ns
[2023-05-16T02:44:33.824+0000][6][gc,marking   ] GC(14) Concurrent Cleanup for Next Mark
[2023-05-16T02:44:33.832+0000][6][gc,marking   ] GC(14) Concurrent Cleanup for Next Mark 7.990ms
[2023-05-16T02:44:33.832+0000][6][gc           ] GC(14) Concurrent Cycle 157.822ms
[2023-05-16T02:44:42.824+0000][6][safepoint    ] Safepoint "Cleanup", Time since last: 9000724192 ns, Reaching safepoint: 97833 ns, At safepoint: 4651 ns, Total: 102484 ns
[2023-05-16T02:44:43.825+0000][6][safepoint    ] Safepoint "Cleanup", Time since last: 1000105271 ns, Reaching safepoint: 134301 ns, At safepoint: 4079 ns, Total: 138380 ns
[2023-05-16T02:44:44.825+0000][6][safepoint    ] Safepoint "Cleanup", Time since last: 1000106596 ns, Reaching safepoint: 100122 ns, At safepoint: 3475 ns, Total: 103597 ns
[2023-05-16T02:44:46.826+0000][6][safepoint    ] Safepoint "Cleanup", Time since last: 2000209659 ns, Reaching safepoint: 407377 ns, At safepoint: 5306 ns, Total: 412683 ns
[2023-05-16T02:44:49.826+0000][6][safepoint    ] Safepoint "Cleanup", Time since last: 3000496058 ns, Reaching safepoint: 104246 ns, At safepoint: 4499 ns, Total: 108745 ns
[2023-05-16T02:44:50.827+0000][6][safepoint    ] Safepoint "Cleanup", Time since last: 1000153291 ns, Reaching safepoint: 227025 ns, At safepoint: 7210 ns, Total: 234235 ns
[2023-05-16T02:44:51.827+0000][6][safepoint    ] Safepoint "Cleanup", Time since last: 1000200290 ns, Reaching safepoint: 752150 ns, At safepoint: 12833 ns, Total: 764983 ns
[2023-05-16T02:44:52.828+0000][6][safepoint    ] Safepoint "Cleanup", Time since last: 1000276749 ns, Reaching safepoint: 274090 ns, At safepoint: 6938 ns, Total: 281028 ns
[2023-05-16T02:44:53.828+0000][6][safepoint    ] Safepoint "Cleanup", Time since last: 1000123214 ns, Reaching safepoint: 206865 ns, At safepoint: 6318 ns, Total: 213183 ns
[2023-05-16T02:44:55.829+0000][6][safepoint    ] Safepoint "Cleanup", Time since last: 2000343552 ns, Reaching safepoint: 212939 ns, At safepoint: 3658 ns, Total: 216597 ns
[2023-05-16T02:45:16.831+0000][6][safepoint    ] Safepoint "Cleanup", Time since last: 21001866820 ns, Reaching safepoint: 122242 ns, At safepoint: 3120 ns, Total: 125362 ns
[2023-05-16T02:45:20.831+0000][6][safepoint    ] Safepoint "Cleanup", Time since last: 4000267778 ns, Reaching safepoint: 120276 ns, At safepoint: 5871 ns, Total: 126147 ns
[2023-05-16T02:45:21.831+0000][6][safepoint    ] Safepoint "Cleanup", Time since last: 1000095469 ns, Reaching safepoint: 75417 ns, At safepoint: 4616 ns, Total: 80033 ns
[2023-05-16T02:45:22.832+0000][6][safepoint    ] Safepoint "Cleanup", Time since last: 1000095741 ns, Reaching safepoint: 69368 ns, At safepoint: 3890 ns, Total: 73258 ns
[2023-05-16T02:45:23.924+0000][6][safepoint    ] Safepoint "Cleanup", Time since last: 1092271305 ns, Reaching safepoint: 93912 ns, At safepoint: 2477 ns, Total: 96389 ns
[2023-05-16T02:45:25.009+0000][6][safepoint    ] Safepoint "Cleanup", Time since last: 1084774003 ns, Reaching safepoint: 497147 ns, At safepoint: 5141 ns, Total: 502288 ns
[2023-05-16T02:45:26.010+0000][6][safepoint    ] Safepoint "Cleanup", Time since last: 1000210837 ns, Reaching safepoint: 353337 ns, At safepoint: 7459 ns, Total: 360796 ns
[2023-05-16T02:45:28.011+0000][6][safepoint    ] Safepoint "Cleanup", Time since last: 2000365788 ns, Reaching safepoint: 401593 ns, At safepoint: 10168 ns, Total: 411761 ns
[2023-05-16T02:45:36.012+0000][6][safepoint    ] Safepoint "Cleanup", Time since last: 8001032457 ns, Reaching safepoint: 75803 ns, At safepoint: 4309 ns, Total: 80112 ns
[2023-05-16T02:45:48.013+0000][6][safepoint    ] Safepoint "Cleanup", Time since last: 12001093075 ns, Reaching safepoint: 358871 ns, At safepoint: 6474 ns, Total: 365345 ns
[2023-05-16T02:45:49.014+0000][6][safepoint    ] Safepoint "Cleanup", Time since last: 1000258162 ns, Reaching safepoint: 279300 ns, At safepoint: 6159 ns, Total: 285459 ns
[2023-05-16T02:45:51.602+0000][6][safepoint    ] Safepoint "Cleanup", Time since last: 2588493789 ns, Reaching safepoint: 148698 ns, At safepoint: 3646 ns, Total: 152344 ns
[2023-05-16T02:45:52.627+0000][6][safepoint    ] Safepoint "Cleanup", Time since last: 1023956546 ns, Reaching safepoint: 159819 ns, At safepoint: 4929 ns, Total: 164748 ns
[2023-05-16T02:45:53.627+0000][6][safepoint    ] Safepoint "Cleanup", Time since last: 1000094832 ns, Reaching safepoint: 250907 ns, At safepoint: 6617 ns, Total: 257524 ns
[2023-05-16T02:45:54.629+0000][6][safepoint    ] Safepoint "Cleanup", Time since last: 1000220016 ns, Reaching safepoint: 1410778 ns, At safepoint: 39189 ns, Total: 1449967 ns
[2023-05-16T02:45:55.629+0000][6][safepoint    ] Safepoint "Cleanup", Time since last: 1000325701 ns, Reaching safepoint: 150225 ns, At safepoint: 2880 ns, Total: 153105 ns
[2023-05-16T02:45:56.629+0000][6][safepoint    ] Safepoint "Cleanup", Time since last: 1000090821 ns, Reaching safepoint: 143386 ns, At safepoint: 3151 ns, Total: 146537 ns
[2023-05-16T02:45:57.630+0000][6][safepoint    ] Safepoint "Cleanup", Time since last: 1000105201 ns, Reaching safepoint: 138494 ns, At safepoint: 5257 ns, Total: 143751 ns
[2023-05-16T02:45:58.630+0000][6][safepoint    ] Safepoint "Cleanup", Time since last: 1000114922 ns, Reaching safepoint: 136178 ns, At safepoint: 4033 ns, Total: 140211 ns
[2023-05-16T02:46:00.631+0000][6][safepoint    ] Safepoint "Cleanup", Time since last: 2000182104 ns, Reaching safepoint: 548579 ns, At safepoint: 11533 ns, Total: 560112 ns
[2023-05-16T02:46:01.632+0000][6][safepoint    ] Safepoint "Cleanup", Time since last: 1000411649 ns, Reaching safepoint: 925354 ns, At safepoint: 21919 ns, Total: 947273 ns
[2023-05-16T02:46:03.633+0000][6][safepoint    ] Safepoint "Cleanup", Time since last: 2000447780 ns, Reaching safepoint: 584928 ns, At safepoint: 10129 ns, Total: 595057 ns
[2023-05-16T02:46:05.634+0000][6][safepoint    ] Safepoint "Cleanup", Time since last: 2000400824 ns, Reaching safepoint: 450256 ns, At safepoint: 10919 ns, Total: 461175 ns
[2023-05-16T02:46:06.635+0000][6][safepoint    ] Safepoint "Cleanup", Time since last: 1000297787 ns, Reaching safepoint: 691828 ns, At safepoint: 9500 ns, Total: 701328 ns
[2023-05-16T02:46:07.636+0000][6][safepoint    ] Safepoint "Cleanup", Time since last: 1000443420 ns, Reaching safepoint: 751281 ns, At safepoint: 13980 ns, Total: 765261 ns
[2023-05-16T02:46:08.637+0000][6][safepoint    ] Safepoint "Cleanup", Time since last: 1000414599 ns, Reaching safepoint: 761014 ns, At safepoint: 20908 ns, Total: 781922 ns
[2023-05-16T02:46:09.638+0000][6][safepoint    ] Safepoint "Cleanup", Time since last: 1000342008 ns, Reaching safepoint: 638008 ns, At safepoint: 8518 ns, Total: 646526 ns
[2023-05-16T02:46:11.639+0000][6][safepoint    ] Safepoint "Cleanup", Time since last: 2000344157 ns, Reaching safepoint: 604489 ns, At safepoint: 12781 ns, Total: 617270 ns
[2023-05-16T02:46:12.640+0000][6][safepoint    ] Safepoint "Cleanup", Time since last: 1000314351 ns, Reaching safepoint: 470326 ns, At safepoint: 6657 ns, Total: 476983 ns
[2023-05-16T02:46:14.640+0000][6][safepoint    ] Safepoint "Cleanup", Time since last: 2000286067 ns, Reaching safepoint: 98955 ns, At safepoint: 3814 ns, Total: 102769 ns
[2023-05-16T02:46:15.641+0000][6][safepoint    ] Safepoint "Cleanup", Time since last: 1000107249 ns, Reaching safepoint: 104754 ns, At safepoint: 6244 ns, Total: 110998 ns
[2023-05-16T02:46:16.642+0000][6][safepoint    ] Safepoint "Cleanup", Time since last: 1001495176 ns, Reaching safepoint: 123772 ns, At safepoint: 3698 ns, Total: 127470 ns
[2023-05-16T02:46:17.643+0000][6][safepoint    ] Safepoint "Cleanup", Time since last: 1000134125 ns, Reaching safepoint: 213832 ns, At safepoint: 3883 ns, Total: 217715 ns
[2023-05-16T02:46:18.643+0000][6][safepoint    ] Safepoint "Cleanup", Time since last: 1000210493 ns, Reaching safepoint: 461428 ns, At safepoint: 15385 ns, Total: 476813 ns
[2023-05-16T02:46:19.644+0000][6][safepoint    ] Safepoint "Cleanup", Time since last: 1000268229 ns, Reaching safepoint: 104202 ns, At safepoint: 5056 ns, Total: 109258 ns
[2023-05-16T02:46:20.644+0000][6][safepoint    ] Safepoint "Cleanup", Time since last: 1000101784 ns, Reaching safepoint: 158723 ns, At safepoint: 3812 ns, Total: 162535 ns
[2023-05-16T02:46:21.644+0000][6][safepoint    ] Safepoint "Cleanup", Time since last: 1000120397 ns, Reaching safepoint: 114693 ns, At safepoint: 3611 ns, Total: 118304 ns
[2023-05-16T02:46:22.645+0000][6][safepoint    ] Safepoint "Cleanup", Time since last: 1000127591 ns, Reaching safepoint: 276213 ns, At safepoint: 7704 ns, Total: 283917 ns
[2023-05-16T02:46:24.448+0000][6][safepoint    ] Safepoint "Cleanup", Time since last: 1803709500 ns, Reaching safepoint: 162648 ns, At safepoint: 8059 ns, Total: 170707 ns
[2023-05-16T02:46:26.455+0000][6][safepoint    ] Safepoint "Cleanup", Time since last: 2006545055 ns, Reaching safepoint: 100317 ns, At safepoint: 3310 ns, Total: 103627 ns
[2023-05-16T02:46:27.456+0000][6][safepoint    ] Safepoint "Cleanup", Time since last: 1000137013 ns, Reaching safepoint: 411957 ns, At safepoint: 8576 ns, Total: 420533 ns
[2023-05-16T02:46:29.456+0000][6][safepoint    ] Safepoint "Cleanup", Time since last: 2000365838 ns, Reaching safepoint: 342886 ns, At safepoint: 5570 ns, Total: 348456 ns
[2023-05-16T02:46:31.457+0000][6][safepoint    ] Safepoint "Cleanup", Time since last: 2000464713 ns, Reaching safepoint: 133360 ns, At safepoint: 3441 ns, Total: 136801 ns
[2023-05-16T02:46:33.457+0000][6][safepoint    ] Safepoint "Cleanup", Time since last: 2000217494 ns, Reaching safepoint: 95430 ns, At safepoint: 3680 ns, Total: 99110 ns
[2023-05-16T02:46:34.457+0000][6][safepoint    ] Safepoint "Cleanup", Time since last: 1000124094 ns, Reaching safepoint: 115634 ns, At safepoint: 3450 ns, Total: 119084 ns
[2023-05-16T02:46:35.458+0000][6][safepoint    ] Safepoint "Cleanup", Time since last: 1000148909 ns, Reaching safepoint: 434123 ns, At safepoint: 5119 ns, Total: 439242 ns
[2023-05-16T02:46:37.459+0000][6][safepoint    ] Safepoint "Cleanup", Time since last: 2000439675 ns, Reaching safepoint: 87355 ns, At safepoint: 2853 ns, Total: 90208 ns
[2023-05-16T02:46:41.459+0000][6][safepoint    ] Safepoint "Cleanup", Time since last: 4000402438 ns, Reaching safepoint: 178988 ns, At safepoint: 3789 ns, Total: 182777 ns
[2023-05-16T02:46:45.460+0000][6][safepoint    ] Safepoint "Cleanup", Time since last: 4000482630 ns, Reaching safepoint: 550205 ns, At safepoint: 9705 ns, Total: 559910 ns
[2023-05-16T02:46:46.461+0000][6][safepoint    ] Safepoint "Cleanup", Time since last: 1000195158 ns, Reaching safepoint: 240076 ns, At safepoint: 4776 ns, Total: 244852 ns
[2023-05-16T02:46:48.461+0000][6][safepoint    ] Safepoint "Cleanup", Time since last: 2000242433 ns, Reaching safepoint: 186620 ns, At safepoint: 3431 ns, Total: 190051 ns
[2023-05-16T02:46:51.816+0000][6][safepoint    ] Safepoint "Cleanup", Time since last: 3354921161 ns, Reaching safepoint: 356648 ns, At safepoint: 7805 ns, Total: 364453 ns
[2023-05-16T02:46:52.818+0000][6][safepoint    ] Safepoint "Cleanup", Time since last: 1001662000 ns, Reaching safepoint: 187834 ns, At safepoint: 3592 ns, Total: 191426 ns
[2023-05-16T02:46:53.819+0000][6][safepoint    ] Safepoint "Cleanup", Time since last: 1000115890 ns, Reaching safepoint: 214094 ns, At safepoint: 6247 ns, Total: 220341 ns
[2023-05-16T02:46:54.819+0000][6][safepoint    ] Safepoint "Cleanup", Time since last: 1000121738 ns, Reaching safepoint: 160420 ns, At safepoint: 2994 ns, Total: 163414 ns
[2023-05-16T02:46:56.819+0000][6][safepoint    ] Safepoint "Cleanup", Time since last: 2000303416 ns, Reaching safepoint: 266239 ns, At safepoint: 4806 ns, Total: 271045 ns
[2023-05-16T02:46:58.820+0000][6][safepoint    ] Safepoint "Cleanup", Time since last: 2000216695 ns, Reaching safepoint: 259867 ns, At safepoint: 8822 ns, Total: 268689 ns
[2023-05-16T02:47:00.820+0000][6][safepoint    ] Safepoint "Cleanup", Time since last: 2000132735 ns, Reaching safepoint: 75983 ns, At safepoint: 2693 ns, Total: 78676 ns
[2023-05-16T02:47:01.820+0000][6][safepoint    ] Safepoint "Cleanup", Time since last: 1000113478 ns, Reaching safepoint: 161937 ns, At safepoint: 4866 ns, Total: 166803 ns
[2023-05-16T02:47:02.821+0000][6][safepoint    ] Safepoint "Cleanup", Time since last: 1000098851 ns, Reaching safepoint: 147716 ns, At safepoint: 5135 ns, Total: 152851 ns
[2023-05-16T02:47:03.821+0000][6][safepoint    ] Safepoint "Cleanup", Time since last: 1000141817 ns, Reaching safepoint: 91214 ns, At safepoint: 2866 ns, Total: 94080 ns
[2023-05-16T02:47:05.824+0000][6][safepoint    ] Safepoint "Cleanup", Time since last: 2002597139 ns, Reaching safepoint: 110203 ns, At safepoint: 4719 ns, Total: 114922 ns
[2023-05-16T02:47:07.824+0000][6][safepoint    ] Safepoint "Cleanup", Time since last: 2000320097 ns, Reaching safepoint: 143423 ns, At safepoint: 6884 ns, Total: 150307 ns
[2023-05-16T02:47:10.837+0000][6][safepoint    ] Safepoint "Cleanup", Time since last: 3012453125 ns, Reaching safepoint: 911373 ns, At safepoint: 5593 ns, Total: 916966 ns
[2023-05-16T02:47:11.861+0000][6][safepoint    ] Safepoint "Cleanup", Time since last: 1023270524 ns, Reaching safepoint: 100433 ns, At safepoint: 8243 ns, Total: 108676 ns
[2023-05-16T02:47:13.865+0000][6][safepoint    ] Safepoint "Cleanup", Time since last: 2003704502 ns, Reaching safepoint: 912605 ns, At safepoint: 10794 ns, Total: 923399 ns
[2023-05-16T02:47:14.866+0000][6][safepoint    ] Safepoint "Cleanup", Time since last: 1000357717 ns, Reaching safepoint: 221614 ns, At safepoint: 7184 ns, Total: 228798 ns
[2023-05-16T02:47:15.867+0000][6][safepoint    ] Safepoint "Cleanup", Time since last: 1000185139 ns, Reaching safepoint: 451879 ns, At safepoint: 7807 ns, Total: 459686 ns
[2023-05-16T02:47:16.867+0000][6][safepoint    ] Safepoint "Cleanup", Time since last: 1000334438 ns, Reaching safepoint: 180698 ns, At safepoint: 6479 ns, Total: 187177 ns
[2023-05-16T02:47:17.494+0000][6][gc,start     ] GC(15) Pause Young (Normal) (G1 Evacuation Pause)
[2023-05-16T02:47:17.494+0000][6][gc,task      ] GC(15) Using 8 workers of 8 for evacuation
[2023-05-16T02:47:17.494+0000][6][gc,age       ] GC(15) Desired survivor size 40370176 bytes, new threshold 15 (max threshold 15)
[2023-05-16T02:47:17.529+0000][6][gc,age       ] GC(15) Age table with threshold 15 (max threshold 15)
[2023-05-16T02:47:17.529+0000][6][gc,age       ] GC(15) - age   1:   10568160 bytes,   10568160 total
[2023-05-16T02:47:17.529+0000][6][gc,age       ] GC(15) - age   2:    3639656 bytes,   14207816 total
[2023-05-16T02:47:17.529+0000][6][gc,age       ] GC(15) - age   3:    3148624 bytes,   17356440 total
[2023-05-16T02:47:17.529+0000][6][gc,age       ] GC(15) - age   4:    6812832 bytes,   24169272 total
[2023-05-16T02:47:17.529+0000][6][gc,age       ] GC(15) - age   5:   10112552 bytes,   34281824 total
[2023-05-16T02:47:17.529+0000][6][gc,age       ] GC(15) - age   6:    9897056 bytes,   44178880 total
[2023-05-16T02:47:17.529+0000][6][gc,phases    ] GC(15)   Pre Evacuate Collection Set: 0.1ms
[2023-05-16T02:47:17.529+0000][6][gc,phases    ] GC(15)   Merge Heap Roots: 0.1ms
[2023-05-16T02:47:17.529+0000][6][gc,phases    ] GC(15)   Evacuate Collection Set: 29.9ms
[2023-05-16T02:47:17.529+0000][6][gc,phases    ] GC(15)   Post Evacuate Collection Set: 4.3ms
[2023-05-16T02:47:17.529+0000][6][gc,phases    ] GC(15)   Other: 0.4ms
[2023-05-16T02:47:17.529+0000][6][gc,heap      ] GC(15) Eden regions: 578->0(569)
[2023-05-16T02:47:17.529+0000][6][gc,heap      ] GC(15) Survivor regions: 36->45(77)
[2023-05-16T02:47:17.529+0000][6][gc,heap      ] GC(15) Old regions: 44->44
[2023-05-16T02:47:17.529+0000][6][gc,heap      ] GC(15) Archive regions: 2->2
[2023-05-16T02:47:17.529+0000][6][gc,heap      ] GC(15) Humongous regions: 18->17
[2023-05-16T02:47:17.529+0000][6][gc,metaspace ] GC(15) Metaspace: 96152K(103676K)->96152K(103676K) NonClass: 83541K(87952K)->83541K(87952K) Class: 12610K(15724K)->12610K(15724K)
[2023-05-16T02:47:17.529+0000][6][gc           ] GC(15) Pause Young (Normal) (G1 Evacuation Pause) 676M->106M(1024M) 34.956ms
[2023-05-16T02:47:17.529+0000][6][gc,cpu       ] GC(15) User=0.13s Sys=0.00s Real=0.04s
[2023-05-16T02:47:17.529+0000][6][safepoint    ] Safepoint "G1CollectForAllocation", Time since last: 626947969 ns, Reaching safepoint: 122619 ns, At safepoint: 35090785 ns, Total: 35213404 ns
[2023-05-16T02:47:22.530+0000][6][safepoint    ] Safepoint "Cleanup", Time since last: 5000561684 ns, Reaching safepoint: 188251 ns, At safepoint: 5781 ns, Total: 194032 ns
[2023-05-16T02:47:23.531+0000][6][safepoint    ] Safepoint "Cleanup", Time since last: 1000143209 ns, Reaching safepoint: 296361 ns, At safepoint: 4598 ns, Total: 300959 ns
[2023-05-16T02:47:24.531+0000][6][safepoint    ] Safepoint "Cleanup", Time since last: 1000132231 ns, Reaching safepoint: 330296 ns, At safepoint: 6983 ns, Total: 337279 ns
[2023-05-16T02:47:26.847+0000][6][safepoint    ] Safepoint "Cleanup", Time since last: 2315504138 ns, Reaching safepoint: 407333 ns, At safepoint: 11465 ns, Total: 418798 ns
[2023-05-16T02:47:27.847+0000][6][safepoint    ] Safepoint "Cleanup", Time since last: 1000190622 ns, Reaching safepoint: 261161 ns, At safepoint: 6759 ns, Total: 267920 ns
[2023-05-16T02:47:28.848+0000][6][safepoint    ] Safepoint "Cleanup", Time since last: 1000130030 ns, Reaching safepoint: 138304 ns, At safepoint: 6497 ns, Total: 144801 ns
[2023-05-16T02:47:29.848+0000][6][safepoint    ] Safepoint "Cleanup", Time since last: 1000114673 ns, Reaching safepoint: 119336 ns, At safepoint: 3951 ns, Total: 123287 ns
[2023-05-16T02:47:30.849+0000][6][safepoint    ] Safepoint "Cleanup", Time since last: 1000160779 ns, Reaching safepoint: 694508 ns, At safepoint: 14148 ns, Total: 708656 ns
[2023-05-16T02:47:31.850+0000][6][safepoint    ] Safepoint "Cleanup", Time since last: 1000386626 ns, Reaching safepoint: 521772 ns, At safepoint: 8660 ns, Total: 530432 ns
[2023-05-16T02:47:32.850+0000][6][safepoint    ] Safepoint "Cleanup", Time since last: 1000241925 ns, Reaching safepoint: 255412 ns, At safepoint: 11600 ns, Total: 267012 ns
[2023-05-16T02:47:34.851+0000][6][safepoint    ] Safepoint "Cleanup", Time since last: 2000357406 ns, Reaching safepoint: 203786 ns, At safepoint: 6481 ns, Total: 210267 ns
[2023-05-16T02:47:35.851+0000][6][safepoint    ] Safepoint "Cleanup", Time since last: 1000110706 ns, Reaching safepoint: 413406 ns, At safepoint: 4462 ns, Total: 417868 ns
[2023-05-16T02:47:36.852+0000][6][safepoint    ] Safepoint "Cleanup", Time since last: 1000121876 ns, Reaching safepoint: 179744 ns, At safepoint: 4053 ns, Total: 183797 ns
[2023-05-16T02:47:37.852+0000][6][safepoint    ] Safepoint "Cleanup", Time since last: 1000061870 ns, Reaching safepoint: 197896 ns, At safepoint: 3605 ns, Total: 201501 ns
[2023-05-16T02:47:38.852+0000][6][safepoint    ] Safepoint "Cleanup", Time since last: 1000111043 ns, Reaching safepoint: 219239 ns, At safepoint: 5889 ns, Total: 225128 ns
[2023-05-16T02:47:45.853+0000][6][safepoint    ] Safepoint "Cleanup", Time since last: 7000761920 ns, Reaching safepoint: 219003 ns, At safepoint: 5673 ns, Total: 224676 ns
[2023-05-16T02:47:47.854+0000][6][safepoint    ] Safepoint "Cleanup", Time since last: 2000212861 ns, Reaching safepoint: 225422 ns, At safepoint: 5478 ns, Total: 230900 ns
[2023-05-16T02:47:50.854+0000][6][safepoint    ] Safepoint "Cleanup", Time since last: 3000273927 ns, Reaching safepoint: 249940 ns, At safepoint: 2830 ns, Total: 252770 ns
[2023-05-16T02:47:51.855+0000][6][safepoint    ] Safepoint "Cleanup", Time since last: 1000131318 ns, Reaching safepoint: 205422 ns, At safepoint: 13237 ns, Total: 218659 ns
[2023-05-16T02:47:52.855+0000][6][safepoint    ] Safepoint "Cleanup", Time since last: 1000139554 ns, Reaching safepoint: 96938 ns, At safepoint: 3408 ns, Total: 100346 ns
[2023-05-16T02:47:54.856+0000][6][safepoint    ] Safepoint "Cleanup", Time since last: 2000753452 ns, Reaching safepoint: 118360 ns, At safepoint: 5894 ns, Total: 124254 ns
[2023-05-16T02:47:58.856+0000][6][safepoint    ] Safepoint "Cleanup", Time since last: 4000421676 ns, Reaching safepoint: 92737 ns, At safepoint: 3720 ns, Total: 96457 ns
[2023-05-16T02:48:00.857+0000][6][safepoint    ] Safepoint "Cleanup", Time since last: 2000217205 ns, Reaching safepoint: 169419 ns, At safepoint: 4929 ns, Total: 174348 ns
[2023-05-16T02:48:04.857+0000][6][safepoint    ] Safepoint "Cleanup", Time since last: 4000344125 ns, Reaching safepoint: 122859 ns, At safepoint: 4027 ns, Total: 126886 ns
[2023-05-16T02:48:05.857+0000][6][safepoint    ] Safepoint "Cleanup", Time since last: 1000104852 ns, Reaching safepoint: 110031 ns, At safepoint: 3387 ns, Total: 113418 ns
[2023-05-16T02:48:06.857+0000][6][safepoint    ] Safepoint "Cleanup", Time since last: 1000108081 ns, Reaching safepoint: 99304 ns, At safepoint: 4113 ns, Total: 103417 ns
[2023-05-16T02:48:08.858+0000][6][safepoint    ] Safepoint "Cleanup", Time since last: 2000164953 ns, Reaching safepoint: 107420 ns, At safepoint: 5121 ns, Total: 112541 ns
[2023-05-16T02:48:11.858+0000][6][safepoint    ] Safepoint "Cleanup", Time since last: 3000239909 ns, Reaching safepoint: 104677 ns, At safepoint: 4286 ns, Total: 108963 ns
[2023-05-16T02:48:12.858+0000][6][safepoint    ] Safepoint "Cleanup", Time since last: 1000159309 ns, Reaching safepoint: 186647 ns, At safepoint: 5592 ns, Total: 192239 ns
[2023-05-16T02:48:15.859+0000][6][safepoint    ] Safepoint "Cleanup", Time since last: 3000243517 ns, Reaching safepoint: 146723 ns, At safepoint: 3632 ns, Total: 150355 ns
[2023-05-16T02:48:17.859+0000][6][safepoint    ] Safepoint "Cleanup", Time since last: 2000251230 ns, Reaching safepoint: 107751 ns, At safepoint: 5866 ns, Total: 113617 ns
[2023-05-16T02:48:19.859+0000][6][safepoint    ] Safepoint "Cleanup", Time since last: 2000192958 ns, Reaching safepoint: 88522 ns, At safepoint: 2654 ns, Total: 91176 ns
[2023-05-16T02:48:22.860+0000][6][safepoint    ] Safepoint "Cleanup", Time since last: 3000210163 ns, Reaching safepoint: 103136 ns, At safepoint: 3034 ns, Total: 106170 ns
[2023-05-16T02:48:23.860+0000][6][safepoint    ] Safepoint "Cleanup", Time since last: 1000095759 ns, Reaching safepoint: 110724 ns, At safepoint: 3619 ns, Total: 114343 ns
[2023-05-16T02:48:24.861+0000][6][safepoint    ] Safepoint "Cleanup", Time since last: 1000147004 ns, Reaching safepoint: 550672 ns, At safepoint: 7436 ns, Total: 558108 ns
[2023-05-16T02:48:25.862+0000][6][safepoint    ] Safepoint "Cleanup", Time since last: 1000454054 ns, Reaching safepoint: 651752 ns, At safepoint: 13108 ns, Total: 664860 ns
[2023-05-16T02:48:26.863+0000][6][safepoint    ] Safepoint "Cleanup", Time since last: 1000411104 ns, Reaching safepoint: 823683 ns, At safepoint: 6270 ns, Total: 829953 ns
[2023-05-16T02:48:30.864+0000][6][safepoint    ] Safepoint "Cleanup", Time since last: 4000482051 ns, Reaching safepoint: 101895 ns, At safepoint: 3858 ns, Total: 105753 ns
[2023-05-16T02:48:32.864+0000][6][safepoint    ] Safepoint "Cleanup", Time since last: 2000258793 ns, Reaching safepoint: 513365 ns, At safepoint: 3947 ns, Total: 517312 ns
[2023-05-16T02:48:34.865+0000][6][safepoint    ] Safepoint "Cleanup", Time since last: 2000253299 ns, Reaching safepoint: 349233 ns, At safepoint: 8137 ns, Total: 357370 ns
[2023-05-16T02:48:35.865+0000][6][safepoint    ] Safepoint "Cleanup", Time since last: 1000248965 ns, Reaching safepoint: 173356 ns, At safepoint: 3461 ns, Total: 176817 ns
[2023-05-16T02:48:36.866+0000][6][safepoint    ] Safepoint "Cleanup", Time since last: 1000139575 ns, Reaching safepoint: 462287 ns, At safepoint: 7394 ns, Total: 469681 ns
[2023-05-16T02:48:38.867+0000][6][safepoint    ] Safepoint "Cleanup", Time since last: 2000242297 ns, Reaching safepoint: 429247 ns, At safepoint: 15861 ns, Total: 445108 ns
[2023-05-16T02:48:43.868+0000][6][safepoint    ] Safepoint "Cleanup", Time since last: 5000676884 ns, Reaching safepoint: 152894 ns, At safepoint: 5629 ns, Total: 158523 ns
[2023-05-16T02:48:46.868+0000][6][safepoint    ] Safepoint "Cleanup", Time since last: 3000261123 ns, Reaching safepoint: 190091 ns, At safepoint: 7177 ns, Total: 197268 ns
[2023-05-16T02:48:47.868+0000][6][safepoint    ] Safepoint "Cleanup", Time since last: 1000120834 ns, Reaching safepoint: 112534 ns, At safepoint: 5027 ns, Total: 117561 ns
[2023-05-16T02:48:48.868+0000][6][safepoint    ] Safepoint "Cleanup", Time since last: 1000125973 ns, Reaching safepoint: 80080 ns, At safepoint: 4968 ns, Total: 85048 ns
[2023-05-16T02:48:49.869+0000][6][safepoint    ] Safepoint "Cleanup", Time since last: 1000105316 ns, Reaching safepoint: 133404 ns, At safepoint: 4711 ns, Total: 138115 ns
[2023-05-16T02:48:50.869+0000][6][safepoint    ] Safepoint "Cleanup", Time since last: 1000139149 ns, Reaching safepoint: 115916 ns, At safepoint: 4763 ns, Total: 120679 ns
[2023-05-16T02:48:51.869+0000][6][safepoint    ] Safepoint "Cleanup", Time since last: 1000125663 ns, Reaching safepoint: 132623 ns, At safepoint: 4351 ns, Total: 136974 ns
[2023-05-16T02:48:52.870+0000][6][safepoint    ] Safepoint "Cleanup", Time since last: 1000124739 ns, Reaching safepoint: 200210 ns, At safepoint: 5309 ns, Total: 205519 ns
[2023-05-16T02:48:53.870+0000][6][safepoint    ] Safepoint "Cleanup", Time since last: 1000157409 ns, Reaching safepoint: 141630 ns, At safepoint: 3128 ns, Total: 144758 ns
[2023-05-16T02:48:55.871+0000][6][safepoint    ] Safepoint "Cleanup", Time since last: 2000200013 ns, Reaching safepoint: 537436 ns, At safepoint: 9984 ns, Total: 547420 ns
[2023-05-16T02:48:56.871+0000][6][safepoint    ] Safepoint "Cleanup", Time since last: 1000184934 ns, Reaching safepoint: 215744 ns, At safepoint: 10286 ns, Total: 226030 ns
[2023-05-16T02:48:58.872+0000][6][safepoint    ] Safepoint "Cleanup", Time since last: 2000304595 ns, Reaching safepoint: 569728 ns, At safepoint: 7932 ns, Total: 577660 ns
[2023-05-16T02:49:00.872+0000][6][safepoint    ] Safepoint "Cleanup", Time since last: 2000312859 ns, Reaching safepoint: 190903 ns, At safepoint: 5109 ns, Total: 196012 ns
[2023-05-16T02:49:02.873+0000][6][safepoint    ] Safepoint "Cleanup", Time since last: 2000250169 ns, Reaching safepoint: 152428 ns, At safepoint: 4772 ns, Total: 157200 ns
[2023-05-16T02:49:04.873+0000][6][safepoint    ] Safepoint "Cleanup", Time since last: 2000174988 ns, Reaching safepoint: 169130 ns, At safepoint: 4420 ns, Total: 173550 ns
[2023-05-16T02:49:05.873+0000][6][safepoint    ] Safepoint "Cleanup", Time since last: 1000128936 ns, Reaching safepoint: 92387 ns, At safepoint: 3484 ns, Total: 95871 ns
[2023-05-16T02:49:06.874+0000][6][safepoint    ] Safepoint "Cleanup", Time since last: 1000099215 ns, Reaching safepoint: 83954 ns, At safepoint: 2874 ns, Total: 86828 ns
[2023-05-16T02:49:07.874+0000][6][safepoint    ] Safepoint "Cleanup", Time since last: 1000098518 ns, Reaching safepoint: 103520 ns, At safepoint: 6860 ns, Total: 110380 ns
[2023-05-16T02:49:11.874+0000][6][safepoint    ] Safepoint "Cleanup", Time since last: 4000325603 ns, Reaching safepoint: 146694 ns, At safepoint: 3177 ns, Total: 149871 ns
[2023-05-16T02:49:12.875+0000][6][safepoint    ] Safepoint "Cleanup", Time since last: 1000105123 ns, Reaching safepoint: 149995 ns, At safepoint: 2959 ns, Total: 152954 ns
[2023-05-16T02:49:13.875+0000][6][safepoint    ] Safepoint "Cleanup", Time since last: 1000106501 ns, Reaching safepoint: 126837 ns, At safepoint: 5086 ns, Total: 131923 ns
[2023-05-16T02:49:14.875+0000][6][safepoint    ] Safepoint "Cleanup", Time since last: 1000111998 ns, Reaching safepoint: 124168 ns, At safepoint: 3455 ns, Total: 127623 ns
[2023-05-16T02:49:15.875+0000][6][safepoint    ] Safepoint "Cleanup", Time since last: 1000112194 ns, Reaching safepoint: 143373 ns, At safepoint: 6979 ns, Total: 150352 ns
[2023-05-16T02:49:18.876+0000][6][safepoint    ] Safepoint "Cleanup", Time since last: 3000264964 ns, Reaching safepoint: 158263 ns, At safepoint: 4449 ns, Total: 162712 ns
[2023-05-16T02:49:21.877+0000][6][safepoint    ] Safepoint "Cleanup", Time since last: 3000303540 ns, Reaching safepoint: 780881 ns, At safepoint: 11960 ns, Total: 792841 ns
[2023-05-16T02:49:24.877+0000][6][safepoint    ] Safepoint "Cleanup", Time since last: 3000447129 ns, Reaching safepoint: 130370 ns, At safepoint: 4739 ns, Total: 135109 ns
[2023-05-16T02:49:24.907+0000][6][gc,start     ] GC(16) Pause Young (Normal) (G1 Evacuation Pause)
[2023-05-16T02:49:24.907+0000][6][gc,task      ] GC(16) Using 8 workers of 8 for evacuation
[2023-05-16T02:49:24.907+0000][6][gc,age       ] GC(16) Desired survivor size 40370176 bytes, new threshold 6 (max threshold 15)
[2023-05-16T02:49:24.926+0000][6][gc,age       ] GC(16) Age table with threshold 6 (max threshold 15)
[2023-05-16T02:49:24.926+0000][6][gc,age       ] GC(16) - age   1:    8268464 bytes,    8268464 total
[2023-05-16T02:49:24.926+0000][6][gc,age       ] GC(16) - age   2:    6131000 bytes,   14399464 total
[2023-05-16T02:49:24.926+0000][6][gc,age       ] GC(16) - age   3:    3639656 bytes,   18039120 total
[2023-05-16T02:49:24.926+0000][6][gc,age       ] GC(16) - age   4:    3148000 bytes,   21187120 total
[2023-05-16T02:49:24.926+0000][6][gc,age       ] GC(16) - age   5:    6812832 bytes,   27999952 total
[2023-05-16T02:49:24.926+0000][6][gc,age       ] GC(16) - age   6:   10112552 bytes,   38112504 total
[2023-05-16T02:49:24.926+0000][6][gc,phases    ] GC(16)   Pre Evacuate Collection Set: 0.1ms
[2023-05-16T02:49:24.926+0000][6][gc,phases    ] GC(16)   Merge Heap Roots: 0.1ms
[2023-05-16T02:49:24.926+0000][6][gc,phases    ] GC(16)   Evacuate Collection Set: 15.6ms
[2023-05-16T02:49:24.926+0000][6][gc,phases    ] GC(16)   Post Evacuate Collection Set: 2.5ms
[2023-05-16T02:49:24.926+0000][6][gc,phases    ] GC(16)   Other: 0.3ms
[2023-05-16T02:49:24.926+0000][6][gc,heap      ] GC(16) Eden regions: 569->0(574)
[2023-05-16T02:49:24.926+0000][6][gc,heap      ] GC(16) Survivor regions: 45->40(77)
[2023-05-16T02:49:24.926+0000][6][gc,heap      ] GC(16) Old regions: 44->54
[2023-05-16T02:49:24.926+0000][6][gc,heap      ] GC(16) Archive regions: 2->2
[2023-05-16T02:49:24.926+0000][6][gc,heap      ] GC(16) Humongous regions: 26->26
[2023-05-16T02:49:24.926+0000][6][gc,metaspace ] GC(16) Metaspace: 96331K(103932K)->96331K(103932K) NonClass: 83720K(88208K)->83720K(88208K) Class: 12610K(15724K)->12610K(15724K)
[2023-05-16T02:49:24.926+0000][6][gc           ] GC(16) Pause Young (Normal) (G1 Evacuation Pause) 684M->120M(1024M) 18.731ms
[2023-05-16T02:49:24.926+0000][6][gc,cpu       ] GC(16) User=0.11s Sys=0.00s Real=0.02s
[2023-05-16T02:49:24.926+0000][6][safepoint    ] Safepoint "G1CollectForAllocation", Time since last: 29621606 ns, Reaching safepoint: 139974 ns, At safepoint: 18837664 ns, Total: 18977638 ns
[2023-05-16T02:49:26.926+0000][6][safepoint    ] Safepoint "Cleanup", Time since last: 2000144549 ns, Reaching safepoint: 132147 ns, At safepoint: 6223 ns, Total: 138370 ns
[2023-05-16T02:49:29.927+0000][6][safepoint    ] Safepoint "Cleanup", Time since last: 3000229288 ns, Reaching safepoint: 112274 ns, At safepoint: 4368 ns, Total: 116642 ns
[2023-05-16T02:49:33.927+0000][6][safepoint    ] Safepoint "Cleanup", Time since last: 4000303198 ns, Reaching safepoint: 198939 ns, At safepoint: 3087 ns, Total: 202026 ns
[2023-05-16T02:49:37.928+0000][6][safepoint    ] Safepoint "Cleanup", Time since last: 4000294082 ns, Reaching safepoint: 163679 ns, At safepoint: 5886 ns, Total: 169565 ns
[2023-05-16T02:49:41.928+0000][6][safepoint    ] Safepoint "Cleanup", Time since last: 4000304416 ns, Reaching safepoint: 163931 ns, At safepoint: 6373 ns, Total: 170304 ns
[2023-05-16T02:49:43.928+0000][6][safepoint    ] Safepoint "Cleanup", Time since last: 2000186992 ns, Reaching safepoint: 145428 ns, At safepoint: 3183 ns, Total: 148611 ns
[2023-05-16T02:49:45.929+0000][6][safepoint    ] Safepoint "Cleanup", Time since last: 2000182483 ns, Reaching safepoint: 248556 ns, At safepoint: 5376 ns, Total: 253932 ns
[2023-05-16T02:49:48.929+0000][6][safepoint    ] Safepoint "Cleanup", Time since last: 3000217633 ns, Reaching safepoint: 207181 ns, At safepoint: 5466 ns, Total: 212647 ns
[2023-05-16T02:49:56.930+0000][6][safepoint    ] Safepoint "Cleanup", Time since last: 8000529025 ns, Reaching safepoint: 215089 ns, At safepoint: 6884 ns, Total: 221973 ns
[2023-05-16T02:50:00.931+0000][6][safepoint    ] Safepoint "Cleanup", Time since last: 4000305164 ns, Reaching safepoint: 346729 ns, At safepoint: 6768 ns, Total: 353497 ns
[2023-05-16T02:50:06.932+0000][6][safepoint    ] Safepoint "Cleanup", Time since last: 6000660772 ns, Reaching safepoint: 306604 ns, At safepoint: 5411 ns, Total: 312015 ns
[2023-05-16T02:50:07.932+0000][6][safepoint    ] Safepoint "Cleanup", Time since last: 1000108604 ns, Reaching safepoint: 123890 ns, At safepoint: 3875 ns, Total: 127765 ns
[2023-05-16T02:50:11.932+0000][6][safepoint    ] Safepoint "Cleanup", Time since last: 4000324836 ns, Reaching safepoint: 164564 ns, At safepoint: 3930 ns, Total: 168494 ns
[2023-05-16T02:50:14.933+0000][6][safepoint    ] Safepoint "Cleanup", Time since last: 3000299530 ns, Reaching safepoint: 260157 ns, At safepoint: 6555 ns, Total: 266712 ns
[2023-05-16T02:50:23.934+0000][6][safepoint    ] Safepoint "Cleanup", Time since last: 9000741292 ns, Reaching safepoint: 138196 ns, At safepoint: 14878 ns, Total: 153074 ns
[2023-05-16T02:50:31.935+0000][6][safepoint    ] Safepoint "Cleanup", Time since last: 8000622948 ns, Reaching safepoint: 135711 ns, At safepoint: 3474 ns, Total: 139185 ns
[2023-05-16T02:50:32.935+0000][6][safepoint    ] Safepoint "Cleanup", Time since last: 1000110755 ns, Reaching safepoint: 185204 ns, At safepoint: 4406 ns, Total: 189610 ns
[2023-05-16T02:50:39.936+0000][6][safepoint    ] Safepoint "Cleanup", Time since last: 7000546334 ns, Reaching safepoint: 110037 ns, At safepoint: 3502 ns, Total: 113539 ns
[2023-05-16T02:50:43.936+0000][6][safepoint    ] Safepoint "Cleanup", Time since last: 4000279110 ns, Reaching safepoint: 116601 ns, At safepoint: 5397 ns, Total: 121998 ns
[2023-05-16T02:50:49.937+0000][6][safepoint    ] Safepoint "Cleanup", Time since last: 6000448312 ns, Reaching safepoint: 232312 ns, At safepoint: 5406 ns, Total: 237718 ns
[2023-05-16T02:50:50.937+0000][6][safepoint    ] Safepoint "Cleanup", Time since last: 1000206299 ns, Reaching safepoint: 467585 ns, At safepoint: 4917 ns, Total: 472502 ns
[2023-05-16T02:50:51.938+0000][6][safepoint    ] Safepoint "Cleanup", Time since last: 1000132169 ns, Reaching safepoint: 93915 ns, At safepoint: 4165 ns, Total: 98080 ns
[2023-05-16T02:50:55.938+0000][6][safepoint    ] Safepoint "Cleanup", Time since last: 4000309043 ns, Reaching safepoint: 100814 ns, At safepoint: 3510 ns, Total: 104324 ns
[2023-05-16T02:50:56.939+0000][6][safepoint    ] Safepoint "Cleanup", Time since last: 1000150965 ns, Reaching safepoint: 763390 ns, At safepoint: 18138 ns, Total: 781528 ns
[2023-05-16T02:51:00.940+0000][6][safepoint    ] Safepoint "Cleanup", Time since last: 4000433464 ns, Reaching safepoint: 246039 ns, At safepoint: 3251 ns, Total: 249290 ns
[2023-05-16T02:51:15.941+0000][6][safepoint    ] Safepoint "Cleanup", Time since last: 15001124930 ns, Reaching safepoint: 128364 ns, At safepoint: 8536 ns, Total: 136900 ns
[2023-05-16T02:51:21.715+0000][6][gc,start     ] GC(17) Pause Young (Normal) (G1 Evacuation Pause)
[2023-05-16T02:51:21.715+0000][6][gc,task      ] GC(17) Using 8 workers of 8 for evacuation
[2023-05-16T02:51:21.715+0000][6][gc,age       ] GC(17) Desired survivor size 40370176 bytes, new threshold 15 (max threshold 15)
[2023-05-16T02:51:21.742+0000][6][gc,age       ] GC(17) Age table with threshold 15 (max threshold 15)
[2023-05-16T02:51:21.742+0000][6][gc,age       ] GC(17) - age   1:    9291680 bytes,    9291680 total
[2023-05-16T02:51:21.742+0000][6][gc,age       ] GC(17) - age   2:    6210848 bytes,   15502528 total
[2023-05-16T02:51:21.742+0000][6][gc,age       ] GC(17) - age   3:    6130888 bytes,   21633416 total
[2023-05-16T02:51:21.742+0000][6][gc,age       ] GC(17) - age   4:    3639656 bytes,   25273072 total
[2023-05-16T02:51:21.742+0000][6][gc,age       ] GC(17) - age   5:    3148000 bytes,   28421072 total
[2023-05-16T02:51:21.742+0000][6][gc,age       ] GC(17) - age   6:    6812832 bytes,   35233904 total
[2023-05-16T02:51:21.742+0000][6][gc,age       ] GC(17) - age   7:   10112552 bytes,   45346456 total
[2023-05-16T02:51:21.742+0000][6][gc,phases    ] GC(17)   Pre Evacuate Collection Set: 0.2ms
[2023-05-16T02:51:21.742+0000][6][gc,phases    ] GC(17)   Merge Heap Roots: 0.1ms
[2023-05-16T02:51:21.742+0000][6][gc,phases    ] GC(17)   Evacuate Collection Set: 23.9ms
[2023-05-16T02:51:21.742+0000][6][gc,phases    ] GC(17)   Post Evacuate Collection Set: 2.6ms
[2023-05-16T02:51:21.742+0000][6][gc,phases    ] GC(17)   Other: 0.4ms
[2023-05-16T02:51:21.742+0000][6][gc,heap      ] GC(17) Eden regions: 574->0(567)
[2023-05-16T02:51:21.742+0000][6][gc,heap      ] GC(17) Survivor regions: 40->47(77)
[2023-05-16T02:51:21.742+0000][6][gc,heap      ] GC(17) Old regions: 54->54
[2023-05-16T02:51:21.742+0000][6][gc,heap      ] GC(17) Archive regions: 2->2
[2023-05-16T02:51:21.742+0000][6][gc,heap      ] GC(17) Humongous regions: 50->27
[2023-05-16T02:51:21.742+0000][6][gc,metaspace ] GC(17) Metaspace: 96415K(104188K)->96415K(104188K) NonClass: 83804K(88464K)->83804K(88464K) Class: 12611K(15724K)->12611K(15724K)
[2023-05-16T02:51:21.742+0000][6][gc           ] GC(17) Pause Young (Normal) (G1 Evacuation Pause) 718M->127M(1024M) 27.281ms
[2023-05-16T02:51:21.742+0000][6][gc,cpu       ] GC(17) User=0.09s Sys=0.00s Real=0.03s
[2023-05-16T02:51:21.742+0000][6][safepoint    ] Safepoint "G1CollectForAllocation", Time since last: 5773714050 ns, Reaching safepoint: 156495 ns, At safepoint: 27398927 ns, Total: 27555422 ns
[2023-05-16T02:51:22.742+0000][6][safepoint    ] Safepoint "Cleanup", Time since last: 1000084132 ns, Reaching safepoint: 102876 ns, At safepoint: 5566 ns, Total: 108442 ns
[2023-05-16T02:51:23.743+0000][6][safepoint    ] Safepoint "Cleanup", Time since last: 1000164708 ns, Reaching safepoint: 501527 ns, At safepoint: 9938 ns, Total: 511465 ns
[2023-05-16T02:51:24.743+0000][6][safepoint    ] Safepoint "Cleanup", Time since last: 1000375823 ns, Reaching safepoint: 125693 ns, At safepoint: 5005 ns, Total: 130698 ns
[2023-05-16T02:51:25.744+0000][6][safepoint    ] Safepoint "Cleanup", Time since last: 1000115360 ns, Reaching safepoint: 98604 ns, At safepoint: 6028 ns, Total: 104632 ns
[2023-05-16T02:51:26.744+0000][6][safepoint    ] Safepoint "Cleanup", Time since last: 1000179379 ns, Reaching safepoint: 312464 ns, At safepoint: 4381 ns, Total: 316845 ns
[2023-05-16T02:51:27.744+0000][6][safepoint    ] Safepoint "Cleanup", Time since last: 1000154280 ns, Reaching safepoint: 89922 ns, At safepoint: 4315 ns, Total: 94237 ns
[2023-05-16T02:51:28.745+0000][6][safepoint    ] Safepoint "Cleanup", Time since last: 1000119257 ns, Reaching safepoint: 80694 ns, At safepoint: 3515 ns, Total: 84209 ns
[2023-05-16T02:51:29.745+0000][6][safepoint    ] Safepoint "Cleanup", Time since last: 1000096091 ns, Reaching safepoint: 102584 ns, At safepoint: 5517 ns, Total: 108101 ns
[2023-05-16T02:51:30.745+0000][6][safepoint    ] Safepoint "Cleanup", Time since last: 1000116523 ns, Reaching safepoint: 163056 ns, At safepoint: 5477 ns, Total: 168533 ns
[2023-05-16T02:51:31.745+0000][6][safepoint    ] Safepoint "Cleanup", Time since last: 1000084420 ns, Reaching safepoint: 192509 ns, At safepoint: 5472 ns, Total: 197981 ns
[2023-05-16T02:51:32.746+0000][6][safepoint    ] Safepoint "Cleanup", Time since last: 1000181735 ns, Reaching safepoint: 521728 ns, At safepoint: 12755 ns, Total: 534483 ns
[2023-05-16T02:51:33.747+0000][6][safepoint    ] Safepoint "Cleanup", Time since last: 1000240794 ns, Reaching safepoint: 299529 ns, At safepoint: 3856 ns, Total: 303385 ns
[2023-05-16T02:51:34.747+0000][6][safepoint    ] Safepoint "Cleanup", Time since last: 1000160051 ns, Reaching safepoint: 245374 ns, At safepoint: 10391 ns, Total: 255765 ns
[2023-05-16T02:51:35.747+0000][6][safepoint    ] Safepoint "Cleanup", Time since last: 1000114659 ns, Reaching safepoint: 165979 ns, At safepoint: 3718 ns, Total: 169697 ns
[2023-05-16T02:51:36.748+0000][6][safepoint    ] Safepoint "Cleanup", Time since last: 1000161480 ns, Reaching safepoint: 365228 ns, At safepoint: 3713 ns, Total: 368941 ns
[2023-05-16T02:51:37.748+0000][6][safepoint    ] Safepoint "Cleanup", Time since last: 1000103075 ns, Reaching safepoint: 161774 ns, At safepoint: 6704 ns, Total: 168478 ns
[2023-05-16T02:51:38.748+0000][6][safepoint    ] Safepoint "Cleanup", Time since last: 1000112663 ns, Reaching safepoint: 94583 ns, At safepoint: 4015 ns, Total: 98598 ns
[2023-05-16T02:51:39.749+0000][6][safepoint    ] Safepoint "Cleanup", Time since last: 1000102302 ns, Reaching safepoint: 108839 ns, At safepoint: 5496 ns, Total: 114335 ns
[2023-05-16T02:51:40.749+0000][6][safepoint    ] Safepoint "Cleanup", Time since last: 1000124331 ns, Reaching safepoint: 120568 ns, At safepoint: 4031 ns, Total: 124599 ns
[2023-05-16T02:51:41.749+0000][6][safepoint    ] Safepoint "Cleanup", Time since last: 1000117054 ns, Reaching safepoint: 107189 ns, At safepoint: 3962 ns, Total: 111151 ns
[2023-05-16T02:51:42.749+0000][6][safepoint    ] Safepoint "Cleanup", Time since last: 1000098333 ns, Reaching safepoint: 77482 ns, At safepoint: 3557 ns, Total: 81039 ns
[2023-05-16T02:51:43.750+0000][6][safepoint    ] Safepoint "Cleanup", Time since last: 1000108546 ns, Reaching safepoint: 99839 ns, At safepoint: 5923 ns, Total: 105762 ns
[2023-05-16T02:51:44.750+0000][6][safepoint    ] Safepoint "Cleanup", Time since last: 1000126966 ns, Reaching safepoint: 247929 ns, At safepoint: 5988 ns, Total: 253917 ns
[2023-05-16T02:51:45.750+0000][6][safepoint    ] Safepoint "Cleanup", Time since last: 1000230992 ns, Reaching safepoint: 106369 ns, At safepoint: 6271 ns, Total: 112640 ns
[2023-05-16T02:51:46.751+0000][6][safepoint    ] Safepoint "Cleanup", Time since last: 1000114527 ns, Reaching safepoint: 317610 ns, At safepoint: 3908 ns, Total: 321518 ns
[2023-05-16T02:51:47.751+0000][6][safepoint    ] Safepoint "Cleanup", Time since last: 1000156862 ns, Reaching safepoint: 80616 ns, At safepoint: 3778 ns, Total: 84394 ns
[2023-05-16T02:51:48.751+0000][6][safepoint    ] Safepoint "Cleanup", Time since last: 1000100805 ns, Reaching safepoint: 98611 ns, At safepoint: 3501 ns, Total: 102112 ns
[2023-05-16T02:51:49.751+0000][6][safepoint    ] Safepoint "Cleanup", Time since last: 1000103169 ns, Reaching safepoint: 102328 ns, At safepoint: 5374 ns, Total: 107702 ns
[2023-05-16T02:51:50.752+0000][6][safepoint    ] Safepoint "Cleanup", Time since last: 1000169477 ns, Reaching safepoint: 425558 ns, At safepoint: 5785 ns, Total: 431343 ns
[2023-05-16T02:51:51.753+0000][6][safepoint    ] Safepoint "Cleanup", Time since last: 1000211191 ns, Reaching safepoint: 550784 ns, At safepoint: 21328 ns, Total: 572112 ns
[2023-05-16T02:51:52.844+0000][6][safepoint    ] Safepoint "Cleanup", Time since last: 1091299785 ns, Reaching safepoint: 246289 ns, At safepoint: 7536 ns, Total: 253825 ns
[2023-05-16T02:51:53.844+0000][6][safepoint    ] Safepoint "Cleanup", Time since last: 1000099899 ns, Reaching safepoint: 92943 ns, At safepoint: 3752 ns, Total: 96695 ns
[2023-05-16T02:51:58.845+0000][6][safepoint    ] Safepoint "Cleanup", Time since last: 5000339491 ns, Reaching safepoint: 133788 ns, At safepoint: 3798 ns, Total: 137586 ns
[2023-05-16T02:52:01.845+0000][6][safepoint    ] Safepoint "Cleanup", Time since last: 3000235906 ns, Reaching safepoint: 100142 ns, At safepoint: 4002 ns, Total: 104144 ns
[2023-05-16T02:52:04.846+0000][6][safepoint    ] Safepoint "Cleanup", Time since last: 3000310895 ns, Reaching safepoint: 109860 ns, At safepoint: 4066 ns, Total: 113926 ns
[2023-05-16T02:52:06.846+0000][6][safepoint    ] Safepoint "Cleanup", Time since last: 2000174814 ns, Reaching safepoint: 109205 ns, At safepoint: 4490 ns, Total: 113695 ns
[2023-05-16T02:52:10.846+0000][6][safepoint    ] Safepoint "Cleanup", Time since last: 4000305586 ns, Reaching safepoint: 116625 ns, At safepoint: 5820 ns, Total: 122445 ns
[2023-05-16T02:52:13.847+0000][6][safepoint    ] Safepoint "Cleanup", Time since last: 3000263867 ns, Reaching safepoint: 131241 ns, At safepoint: 3278 ns, Total: 134519 ns
[2023-05-16T02:52:16.847+0000][6][safepoint    ] Safepoint "Cleanup", Time since last: 3000251784 ns, Reaching safepoint: 139206 ns, At safepoint: 6194 ns, Total: 145400 ns
[2023-05-16T02:52:18.847+0000][6][safepoint    ] Safepoint "Cleanup", Time since last: 2000163459 ns, Reaching safepoint: 87366 ns, At safepoint: 4494 ns, Total: 91860 ns
[2023-05-16T02:52:19.848+0000][6][safepoint    ] Safepoint "Cleanup", Time since last: 1000097615 ns, Reaching safepoint: 95724 ns, At safepoint: 3147 ns, Total: 98871 ns
[2023-05-16T02:52:22.848+0000][6][safepoint    ] Safepoint "Cleanup", Time since last: 3000254832 ns, Reaching safepoint: 106133 ns, At safepoint: 5194 ns, Total: 111327 ns
[2023-05-16T02:52:24.848+0000][6][safepoint    ] Safepoint "Cleanup", Time since last: 2000172850 ns, Reaching safepoint: 100723 ns, At safepoint: 5518 ns, Total: 106241 ns
[2023-05-16T02:52:27.849+0000][6][safepoint    ] Safepoint "Cleanup", Time since last: 3000247613 ns, Reaching safepoint: 115723 ns, At safepoint: 5675 ns, Total: 121398 ns
[2023-05-16T02:52:30.849+0000][6][safepoint    ] Safepoint "Cleanup", Time since last: 3000274410 ns, Reaching safepoint: 220205 ns, At safepoint: 3900 ns, Total: 224105 ns
[2023-05-16T02:52:31.849+0000][6][safepoint    ] Safepoint "Cleanup", Time since last: 1000113257 ns, Reaching safepoint: 109264 ns, At safepoint: 10336 ns, Total: 119600 ns
[2023-05-16T02:52:32.850+0000][6][safepoint    ] Safepoint "Cleanup", Time since last: 1000101161 ns, Reaching safepoint: 116558 ns, At safepoint: 3497 ns, Total: 120055 ns
[2023-05-16T02:52:33.850+0000][6][safepoint    ] Safepoint "Cleanup", Time since last: 1000098637 ns, Reaching safepoint: 118561 ns, At safepoint: 7044 ns, Total: 125605 ns
[2023-05-16T02:52:43.851+0000][6][safepoint    ] Safepoint "Cleanup", Time since last: 10001106463 ns, Reaching safepoint: 178368 ns, At safepoint: 3197 ns, Total: 181565 ns
[2023-05-16T02:52:44.851+0000][6][safepoint    ] Safepoint "Cleanup", Time since last: 1000122090 ns, Reaching safepoint: 88564 ns, At safepoint: 3472 ns, Total: 92036 ns
[2023-05-16T02:52:46.852+0000][6][safepoint    ] Safepoint "Cleanup", Time since last: 2000288873 ns, Reaching safepoint: 520178 ns, At safepoint: 11900 ns, Total: 532078 ns
[2023-05-16T02:52:48.853+0000][6][safepoint    ] Safepoint "Cleanup", Time since last: 2000363446 ns, Reaching safepoint: 108842 ns, At safepoint: 4178 ns, Total: 113020 ns
[2023-05-16T02:52:52.853+0000][6][safepoint    ] Safepoint "Cleanup", Time since last: 4000317659 ns, Reaching safepoint: 162924 ns, At safepoint: 3221 ns, Total: 166145 ns
[2023-05-16T02:52:54.854+0000][6][safepoint    ] Safepoint "Cleanup", Time since last: 2000182490 ns, Reaching safepoint: 249988 ns, At safepoint: 6194 ns, Total: 256182 ns
[2023-05-16T02:52:55.854+0000][6][safepoint    ] Safepoint "Cleanup", Time since last: 1000141991 ns, Reaching safepoint: 203674 ns, At safepoint: 4138 ns, Total: 207812 ns
[2023-05-16T02:52:59.854+0000][6][safepoint    ] Safepoint "Cleanup", Time since last: 4000316160 ns, Reaching safepoint: 76326 ns, At safepoint: 3286 ns, Total: 79612 ns
[2023-05-16T02:53:04.855+0000][6][safepoint    ] Safepoint "Cleanup", Time since last: 5000411054 ns, Reaching safepoint: 131032 ns, At safepoint: 3829 ns, Total: 134861 ns
[2023-05-16T02:53:05.855+0000][6][safepoint    ] Safepoint "Cleanup", Time since last: 1000098635 ns, Reaching safepoint: 116301 ns, At safepoint: 4586 ns, Total: 120887 ns
[2023-05-16T02:53:06.855+0000][6][safepoint    ] Safepoint "Cleanup", Time since last: 1000115013 ns, Reaching safepoint: 162961 ns, At safepoint: 3500 ns, Total: 166461 ns
[2023-05-16T02:53:07.856+0000][6][safepoint    ] Safepoint "Cleanup", Time since last: 1000113538 ns, Reaching safepoint: 118724 ns, At safepoint: 3992 ns, Total: 122716 ns
[2023-05-16T02:53:08.856+0000][6][safepoint    ] Safepoint "Cleanup", Time since last: 1000102391 ns, Reaching safepoint: 98807 ns, At safepoint: 3238 ns, Total: 102045 ns
[2023-05-16T02:53:09.856+0000][6][safepoint    ] Safepoint "Cleanup", Time since last: 1000119378 ns, Reaching safepoint: 86197 ns, At safepoint: 2712 ns, Total: 88909 ns
[2023-05-16T02:53:10.856+0000][6][safepoint    ] Safepoint "Cleanup", Time since last: 1000129973 ns, Reaching safepoint: 87810 ns, At safepoint: 3433 ns, Total: 91243 ns
[2023-05-16T02:53:11.856+0000][6][safepoint    ] Safepoint "Cleanup", Time since last: 1000108874 ns, Reaching safepoint: 125710 ns, At safepoint: 6258 ns, Total: 131968 ns
[2023-05-16T02:53:12.857+0000][6][safepoint    ] Safepoint "Cleanup", Time since last: 1000115989 ns, Reaching safepoint: 102319 ns, At safepoint: 3600 ns, Total: 105919 ns
[2023-05-16T02:53:13.857+0000][6][safepoint    ] Safepoint "Cleanup", Time since last: 1000107288 ns, Reaching safepoint: 146946 ns, At safepoint: 5577 ns, Total: 152523 ns
[2023-05-16T02:53:14.857+0000][6][safepoint    ] Safepoint "Cleanup", Time since last: 1000102100 ns, Reaching safepoint: 97993 ns, At safepoint: 5355 ns, Total: 103348 ns
[2023-05-16T02:53:15.857+0000][6][safepoint    ] Safepoint "Cleanup", Time since last: 1000100223 ns, Reaching safepoint: 90667 ns, At safepoint: 4201 ns, Total: 94868 ns
[2023-05-16T02:53:16.858+0000][6][safepoint    ] Safepoint "Cleanup", Time since last: 1000060784 ns, Reaching safepoint: 108692 ns, At safepoint: 3470 ns, Total: 112162 ns
[2023-05-16T02:53:17.858+0000][6][safepoint    ] Safepoint "Cleanup", Time since last: 1000109005 ns, Reaching safepoint: 90695 ns, At safepoint: 5128 ns, Total: 95823 ns
[2023-05-16T02:53:18.858+0000][6][safepoint    ] Safepoint "Cleanup", Time since last: 1000109525 ns, Reaching safepoint: 100552 ns, At safepoint: 3874 ns, Total: 104426 ns
[2023-05-16T02:53:19.858+0000][6][safepoint    ] Safepoint "Cleanup", Time since last: 1000171370 ns, Reaching safepoint: 286334 ns, At safepoint: 6311 ns, Total: 292645 ns
[2023-05-16T02:53:20.859+0000][6][safepoint    ] Safepoint "Cleanup", Time since last: 1000113769 ns, Reaching safepoint: 85719 ns, At safepoint: 4374 ns, Total: 90093 ns
[2023-05-16T02:53:21.859+0000][6][safepoint    ] Safepoint "Cleanup", Time since last: 1000106822 ns, Reaching safepoint: 73874 ns, At safepoint: 4087 ns, Total: 77961 ns
[2023-05-16T02:53:22.859+0000][6][safepoint    ] Safepoint "Cleanup", Time since last: 1000091503 ns, Reaching safepoint: 83334 ns, At safepoint: 4581 ns, Total: 87915 ns
[2023-05-16T02:53:23.860+0000][6][safepoint    ] Safepoint "Cleanup", Time since last: 1000144723 ns, Reaching safepoint: 474431 ns, At safepoint: 3360 ns, Total: 477791 ns
[2023-05-16T02:53:24.860+0000][6][safepoint    ] Safepoint "Cleanup", Time since last: 1000116425 ns, Reaching safepoint: 91393 ns, At safepoint: 3690 ns, Total: 95083 ns
[2023-05-16T02:53:25.057+0000][6][gc,start     ] GC(18) Pause Young (Normal) (G1 Evacuation Pause)
[2023-05-16T02:53:25.057+0000][6][gc,task      ] GC(18) Using 8 workers of 8 for evacuation
[2023-05-16T02:53:25.057+0000][6][gc,age       ] GC(18) Desired survivor size 40370176 bytes, new threshold 7 (max threshold 15)
[2023-05-16T02:53:25.079+0000][6][gc,age       ] GC(18) Age table with threshold 7 (max threshold 15)
[2023-05-16T02:53:25.079+0000][6][gc,age       ] GC(18) - age   1:    9748336 bytes,    9748336 total
[2023-05-16T02:53:25.079+0000][6][gc,age       ] GC(18) - age   2:    6601224 bytes,   16349560 total
[2023-05-16T02:53:25.079+0000][6][gc,age       ] GC(18) - age   3:    6202328 bytes,   22551888 total
[2023-05-16T02:53:25.079+0000][6][gc,age       ] GC(18) - age   4:    6130888 bytes,   28682776 total
[2023-05-16T02:53:25.079+0000][6][gc,age       ] GC(18) - age   5:    3639656 bytes,   32322432 total
[2023-05-16T02:53:25.079+0000][6][gc,age       ] GC(18) - age   6:    3148000 bytes,   35470432 total
[2023-05-16T02:53:25.079+0000][6][gc,age       ] GC(18) - age   7:    6812648 bytes,   42283080 total
[2023-05-16T02:53:25.079+0000][6][gc,phases    ] GC(18)   Pre Evacuate Collection Set: 0.2ms
[2023-05-16T02:53:25.079+0000][6][gc,phases    ] GC(18)   Merge Heap Roots: 0.1ms
[2023-05-16T02:53:25.079+0000][6][gc,phases    ] GC(18)   Evacuate Collection Set: 20.1ms
[2023-05-16T02:53:25.079+0000][6][gc,phases    ] GC(18)   Post Evacuate Collection Set: 1.7ms
[2023-05-16T02:53:25.079+0000][6][gc,phases    ] GC(18)   Other: 0.3ms
[2023-05-16T02:53:25.079+0000][6][gc,heap      ] GC(18) Eden regions: 567->0(569)
[2023-05-16T02:53:25.079+0000][6][gc,heap      ] GC(18) Survivor regions: 47->45(77)
[2023-05-16T02:53:25.079+0000][6][gc,heap      ] GC(18) Old regions: 54->64
[2023-05-16T02:53:25.079+0000][6][gc,heap      ] GC(18) Archive regions: 2->2
[2023-05-16T02:53:25.079+0000][6][gc,heap      ] GC(18) Humongous regions: 38->29
[2023-05-16T02:53:25.079+0000][6][gc,metaspace ] GC(18) Metaspace: 96506K(104188K)->96506K(104188K) NonClass: 83894K(88464K)->83894K(88464K) Class: 12611K(15724K)->12611K(15724K)
[2023-05-16T02:53:25.079+0000][6][gc           ] GC(18) Pause Young (Normal) (G1 Evacuation Pause) 705M->137M(1024M) 22.444ms
[2023-05-16T02:53:25.080+0000][6][gc,cpu       ] GC(18) User=0.08s Sys=0.00s Real=0.02s
[2023-05-16T02:53:25.080+0000][6][safepoint    ] Safepoint "G1CollectForAllocation", Time since last: 197025695 ns, Reaching safepoint: 163290 ns, At safepoint: 22551832 ns, Total: 22715122 ns
[2023-05-16T02:53:26.080+0000][6][safepoint    ] Safepoint "Cleanup", Time since last: 1000073090 ns, Reaching safepoint: 89761 ns, At safepoint: 4522 ns, Total: 94283 ns
[2023-05-16T02:53:27.080+0000][6][safepoint    ] Safepoint "Cleanup", Time since last: 1000102374 ns, Reaching safepoint: 147531 ns, At safepoint: 3461 ns, Total: 150992 ns
[2023-05-16T02:53:28.081+0000][6][safepoint    ] Safepoint "Cleanup", Time since last: 1000162893 ns, Reaching safepoint: 679477 ns, At safepoint: 16961 ns, Total: 696438 ns
[2023-05-16T02:53:29.099+0000][6][safepoint    ] Safepoint "Cleanup", Time since last: 1017025233 ns, Reaching safepoint: 632781 ns, At safepoint: 16830 ns, Total: 649611 ns
[2023-05-16T02:53:31.063+0000][6][safepoint    ] Safepoint "Cleanup", Time since last: 1964304673 ns, Reaching safepoint: 168222 ns, At safepoint: 3913 ns, Total: 172135 ns
[2023-05-16T02:53:32.063+0000][6][safepoint    ] Safepoint "Cleanup", Time since last: 1000068745 ns, Reaching safepoint: 203904 ns, At safepoint: 6157 ns, Total: 210061 ns
[2023-05-16T02:53:33.063+0000][6][safepoint    ] Safepoint "Cleanup", Time since last: 1000099202 ns, Reaching safepoint: 126622 ns, At safepoint: 4686 ns, Total: 131308 ns
[2023-05-16T02:53:34.064+0000][6][safepoint    ] Safepoint "Cleanup", Time since last: 1000106512 ns, Reaching safepoint: 206952 ns, At safepoint: 4511 ns, Total: 211463 ns
[2023-05-16T02:53:35.064+0000][6][safepoint    ] Safepoint "Cleanup", Time since last: 1000113516 ns, Reaching safepoint: 199773 ns, At safepoint: 3488 ns, Total: 203261 ns
[2023-05-16T02:53:36.064+0000][6][safepoint    ] Safepoint "Cleanup", Time since last: 1000068309 ns, Reaching safepoint: 136406 ns, At safepoint: 2719 ns, Total: 139125 ns
[2023-05-16T02:53:37.065+0000][6][safepoint    ] Safepoint "Cleanup", Time since last: 1000104223 ns, Reaching safepoint: 179238 ns, At safepoint: 3979 ns, Total: 183217 ns
[2023-05-16T02:53:38.066+0000][6][safepoint    ] Safepoint "Cleanup", Time since last: 1000122652 ns, Reaching safepoint: 783053 ns, At safepoint: 14270 ns, Total: 797323 ns
[2023-05-16T02:53:39.067+0000][6][safepoint    ] Safepoint "Cleanup", Time since last: 1000261206 ns, Reaching safepoint: 822177 ns, At safepoint: 13056 ns, Total: 835233 ns
[2023-05-16T02:53:40.067+0000][6][safepoint    ] Safepoint "Cleanup", Time since last: 1000217858 ns, Reaching safepoint: 182066 ns, At safepoint: 3881 ns, Total: 185947 ns
[2023-05-16T02:53:41.067+0000][6][safepoint    ] Safepoint "Cleanup", Time since last: 1000099603 ns, Reaching safepoint: 183925 ns, At safepoint: 4026 ns, Total: 187951 ns
[2023-05-16T02:53:42.068+0000][6][safepoint    ] Safepoint "Cleanup", Time since last: 1000097208 ns, Reaching safepoint: 151239 ns, At safepoint: 6362 ns, Total: 157601 ns
[2023-05-16T02:53:43.068+0000][6][safepoint    ] Safepoint "Cleanup", Time since last: 1000106879 ns, Reaching safepoint: 236642 ns, At safepoint: 6172 ns, Total: 242814 ns
[2023-05-16T02:53:44.069+0000][6][safepoint    ] Safepoint "Cleanup", Time since last: 1000209901 ns, Reaching safepoint: 667220 ns, At safepoint: 13008 ns, Total: 680228 ns
[2023-05-16T02:53:45.069+0000][6][safepoint    ] Safepoint "Cleanup", Time since last: 1000369245 ns, Reaching safepoint: 134963 ns, At safepoint: 3609 ns, Total: 138572 ns
[2023-05-16T02:53:46.070+0000][6][safepoint    ] Safepoint "Cleanup", Time since last: 1000092240 ns, Reaching safepoint: 157586 ns, At safepoint: 3613 ns, Total: 161199 ns
[2023-05-16T02:53:47.070+0000][6][safepoint    ] Safepoint "Cleanup", Time since last: 1000098228 ns, Reaching safepoint: 215729 ns, At safepoint: 6669 ns, Total: 222398 ns
[2023-05-16T02:53:48.070+0000][6][safepoint    ] Safepoint "Cleanup", Time since last: 1000076581 ns, Reaching safepoint: 146730 ns, At safepoint: 3579 ns, Total: 150309 ns
[2023-05-16T02:53:49.070+0000][6][safepoint    ] Safepoint "Cleanup", Time since last: 1000101724 ns, Reaching safepoint: 177156 ns, At safepoint: 5394 ns, Total: 182550 ns
[2023-05-16T02:53:50.071+0000][6][safepoint    ] Safepoint "Cleanup", Time since last: 1000272456 ns, Reaching safepoint: 594047 ns, At safepoint: 35996 ns, Total: 630043 ns
[2023-05-16T02:53:51.072+0000][6][safepoint    ] Safepoint "Cleanup", Time since last: 1000223546 ns, Reaching safepoint: 264870 ns, At safepoint: 9438 ns, Total: 274308 ns
[2023-05-16T02:53:52.080+0000][6][safepoint    ] Safepoint "Cleanup", Time since last: 1000107614 ns, Reaching safepoint: 7785013 ns, At safepoint: 21461 ns, Total: 7806474 ns
[2023-05-16T02:53:53.080+0000][6][safepoint    ] Safepoint "Cleanup", Time since last: 1000120090 ns, Reaching safepoint: 132442 ns, At safepoint: 3886 ns, Total: 136328 ns
[2023-05-16T02:53:54.080+0000][6][safepoint    ] Safepoint "Cleanup", Time since last: 1000098258 ns, Reaching safepoint: 337535 ns, At safepoint: 7318 ns, Total: 344853 ns
[2023-05-16T02:53:55.081+0000][6][safepoint    ] Safepoint "Cleanup", Time since last: 1000103152 ns, Reaching safepoint: 167176 ns, At safepoint: 4234 ns, Total: 171410 ns
[2023-05-16T02:53:56.081+0000][6][safepoint    ] Safepoint "Cleanup", Time since last: 1000120428 ns, Reaching safepoint: 260776 ns, At safepoint: 3487 ns, Total: 264263 ns
[2023-05-16T02:53:57.081+0000][6][safepoint    ] Safepoint "Cleanup", Time since last: 1000110972 ns, Reaching safepoint: 150051 ns, At safepoint: 3758 ns, Total: 153809 ns
[2023-05-16T02:53:58.082+0000][6][safepoint    ] Safepoint "Cleanup", Time since last: 1000106356 ns, Reaching safepoint: 147666 ns, At safepoint: 5127 ns, Total: 152793 ns
[2023-05-16T02:53:59.082+0000][6][safepoint    ] Safepoint "Cleanup", Time since last: 1000088608 ns, Reaching safepoint: 220828 ns, At safepoint: 6372 ns, Total: 227200 ns
[2023-05-16T02:54:00.082+0000][6][safepoint    ] Safepoint "Cleanup", Time since last: 1000087923 ns, Reaching safepoint: 94130 ns, At safepoint: 6181 ns, Total: 100311 ns
[2023-05-16T02:54:01.082+0000][6][safepoint    ] Safepoint "Cleanup", Time since last: 1000098849 ns, Reaching safepoint: 149152 ns, At safepoint: 3122 ns, Total: 152274 ns
[2023-05-16T02:54:02.083+0000][6][safepoint    ] Safepoint "Cleanup", Time since last: 1000072244 ns, Reaching safepoint: 137959 ns, At safepoint: 3650 ns, Total: 141609 ns
[2023-05-16T02:54:03.083+0000][6][safepoint    ] Safepoint "Cleanup", Time since last: 1000113134 ns, Reaching safepoint: 193394 ns, At safepoint: 3438 ns, Total: 196832 ns
[2023-05-16T02:54:04.084+0000][6][safepoint    ] Safepoint "Cleanup", Time since last: 1000187300 ns, Reaching safepoint: 411159 ns, At safepoint: 13788 ns, Total: 424947 ns
[2023-05-16T02:54:05.089+0000][6][safepoint    ] Safepoint "Cleanup", Time since last: 1004921059 ns, Reaching safepoint: 407421 ns, At safepoint: 10803 ns, Total: 418224 ns
[2023-05-16T02:54:06.089+0000][6][safepoint    ] Safepoint "Cleanup", Time since last: 1000248153 ns, Reaching safepoint: 261956 ns, At safepoint: 8483 ns, Total: 270439 ns
[2023-05-16T02:54:07.090+0000][6][safepoint    ] Safepoint "Cleanup", Time since last: 1000114134 ns, Reaching safepoint: 232960 ns, At safepoint: 5133 ns, Total: 238093 ns
[2023-05-16T02:54:08.090+0000][6][safepoint    ] Safepoint "Cleanup", Time since last: 1000113631 ns, Reaching safepoint: 158723 ns, At safepoint: 4873 ns, Total: 163596 ns
[2023-05-16T02:54:09.091+0000][6][safepoint    ] Safepoint "Cleanup", Time since last: 1000124160 ns, Reaching safepoint: 478724 ns, At safepoint: 5670 ns, Total: 484394 ns
[2023-05-16T02:54:10.091+0000][6][safepoint    ] Safepoint "Cleanup", Time since last: 1000113250 ns, Reaching safepoint: 233784 ns, At safepoint: 9091 ns, Total: 242875 ns
[2023-05-16T02:54:11.091+0000][6][safepoint    ] Safepoint "Cleanup", Time since last: 1000107987 ns, Reaching safepoint: 139856 ns, At safepoint: 5646 ns, Total: 145502 ns
[2023-05-16T02:54:12.092+0000][6][safepoint    ] Safepoint "Cleanup", Time since last: 1000093412 ns, Reaching safepoint: 190929 ns, At safepoint: 4282 ns, Total: 195211 ns
[2023-05-16T02:54:13.092+0000][6][safepoint    ] Safepoint "Cleanup", Time since last: 1000116841 ns, Reaching safepoint: 161618 ns, At safepoint: 6761 ns, Total: 168379 ns
[2023-05-16T02:54:14.092+0000][6][safepoint    ] Safepoint "Cleanup", Time since last: 1000181490 ns, Reaching safepoint: 140345 ns, At safepoint: 4786 ns, Total: 145131 ns
[2023-05-16T02:54:15.092+0000][6][safepoint    ] Safepoint "Cleanup", Time since last: 1000117445 ns, Reaching safepoint: 178599 ns, At safepoint: 3537 ns, Total: 182136 ns
[2023-05-16T02:54:16.093+0000][6][safepoint    ] Safepoint "Cleanup", Time since last: 1000127926 ns, Reaching safepoint: 591056 ns, At safepoint: 12490 ns, Total: 603546 ns
[2023-05-16T02:54:17.094+0000][6][safepoint    ] Safepoint "Cleanup", Time since last: 1000260009 ns, Reaching safepoint: 604100 ns, At safepoint: 12426 ns, Total: 616526 ns
[2023-05-16T02:54:18.095+0000][6][safepoint    ] Safepoint "Cleanup", Time since last: 1000339881 ns, Reaching safepoint: 191459 ns, At safepoint: 4269 ns, Total: 195728 ns
[2023-05-16T02:54:19.095+0000][6][safepoint    ] Safepoint "Cleanup", Time since last: 1000098307 ns, Reaching safepoint: 156256 ns, At safepoint: 5726 ns, Total: 161982 ns
[2023-05-16T02:54:20.095+0000][6][safepoint    ] Safepoint "Cleanup", Time since last: 1000114766 ns, Reaching safepoint: 214650 ns, At safepoint: 5730 ns, Total: 220380 ns
[2023-05-16T02:54:21.095+0000][6][safepoint    ] Safepoint "Cleanup", Time since last: 1000123978 ns, Reaching safepoint: 123378 ns, At safepoint: 5262 ns, Total: 128640 ns
[2023-05-16T02:54:22.096+0000][6][safepoint    ] Safepoint "Cleanup", Time since last: 1000111306 ns, Reaching safepoint: 498340 ns, At safepoint: 20869 ns, Total: 519209 ns
[2023-05-16T02:54:23.097+0000][6][safepoint    ] Safepoint "Cleanup", Time since last: 1000279818 ns, Reaching safepoint: 665752 ns, At safepoint: 14076 ns, Total: 679828 ns
[2023-05-16T02:54:24.097+0000][6][safepoint    ] Safepoint "Cleanup", Time since last: 1000332562 ns, Reaching safepoint: 156852 ns, At safepoint: 3170 ns, Total: 160022 ns
[2023-05-16T02:54:25.098+0000][6][safepoint    ] Safepoint "Cleanup", Time since last: 1000161668 ns, Reaching safepoint: 706086 ns, At safepoint: 16507 ns, Total: 722593 ns
[2023-05-16T02:54:26.099+0000][6][safepoint    ] Safepoint "Cleanup", Time since last: 1000217351 ns, Reaching safepoint: 463289 ns, At safepoint: 8328 ns, Total: 471617 ns
[2023-05-16T02:54:27.100+0000][6][safepoint    ] Safepoint "Cleanup", Time since last: 1000347321 ns, Reaching safepoint: 434868 ns, At safepoint: 13069 ns, Total: 447937 ns
[2023-05-16T02:54:28.100+0000][6][safepoint    ] Safepoint "Cleanup", Time since last: 1000243102 ns, Reaching safepoint: 102785 ns, At safepoint: 6715 ns, Total: 109500 ns
[2023-05-16T02:54:29.101+0000][6][safepoint    ] Safepoint "Cleanup", Time since last: 1000112232 ns, Reaching safepoint: 321067 ns, At safepoint: 8961 ns, Total: 330028 ns
[2023-05-16T02:54:30.101+0000][6][safepoint    ] Safepoint "Cleanup", Time since last: 1000107536 ns, Reaching safepoint: 201264 ns, At safepoint: 4201 ns, Total: 205465 ns
[2023-05-16T02:54:31.101+0000][6][safepoint    ] Safepoint "Cleanup", Time since last: 1000116453 ns, Reaching safepoint: 151074 ns, At safepoint: 5449 ns, Total: 156523 ns
[2023-05-16T02:54:32.102+0000][6][safepoint    ] Safepoint "Cleanup", Time since last: 1000112553 ns, Reaching safepoint: 187012 ns, At safepoint: 4568 ns, Total: 191580 ns
[2023-05-16T02:54:33.102+0000][6][safepoint    ] Safepoint "Cleanup", Time since last: 1000098616 ns, Reaching safepoint: 122562 ns, At safepoint: 2938 ns, Total: 125500 ns
[2023-05-16T02:54:34.102+0000][6][safepoint    ] Safepoint "Cleanup", Time since last: 1000105561 ns, Reaching safepoint: 158865 ns, At safepoint: 4531 ns, Total: 163396 ns
[2023-05-16T02:54:35.102+0000][6][safepoint    ] Safepoint "Cleanup", Time since last: 1000103759 ns, Reaching safepoint: 302578 ns, At safepoint: 10496 ns, Total: 313074 ns
[2023-05-16T02:54:36.103+0000][6][safepoint    ] Safepoint "Cleanup", Time since last: 1000105501 ns, Reaching safepoint: 188692 ns, At safepoint: 7193 ns, Total: 195885 ns
[2023-05-16T02:54:37.103+0000][6][safepoint    ] Safepoint "Cleanup", Time since last: 1000112908 ns, Reaching safepoint: 201612 ns, At safepoint: 8642 ns, Total: 210254 ns
[2023-05-16T02:54:38.104+0000][6][safepoint    ] Safepoint "Cleanup", Time since last: 1000166299 ns, Reaching safepoint: 565717 ns, At safepoint: 7776 ns, Total: 573493 ns
[2023-05-16T02:54:39.105+0000][6][safepoint    ] Safepoint "Cleanup", Time since last: 1000211764 ns, Reaching safepoint: 925346 ns, At safepoint: 12318 ns, Total: 937664 ns
[2023-05-16T02:54:40.105+0000][6][safepoint    ] Safepoint "Cleanup", Time since last: 1000319217 ns, Reaching safepoint: 151520 ns, At safepoint: 3368 ns, Total: 154888 ns
[2023-05-16T02:54:41.106+0000][6][safepoint    ] Safepoint "Cleanup", Time since last: 1000177692 ns, Reaching safepoint: 704953 ns, At safepoint: 18350 ns, Total: 723303 ns
[2023-05-16T02:54:42.107+0000][6][safepoint    ] Safepoint "Cleanup", Time since last: 1000210236 ns, Reaching safepoint: 152397 ns, At safepoint: 4779 ns, Total: 157176 ns
[2023-05-16T02:54:43.107+0000][6][safepoint    ] Safepoint "Cleanup", Time since last: 1000118662 ns, Reaching safepoint: 177511 ns, At safepoint: 8174 ns, Total: 185685 ns
[2023-05-16T02:54:44.107+0000][6][safepoint    ] Safepoint "Cleanup", Time since last: 1000107122 ns, Reaching safepoint: 157432 ns, At safepoint: 3593 ns, Total: 161025 ns
[2023-05-16T02:54:45.108+0000][6][safepoint    ] Safepoint "Cleanup", Time since last: 1000103526 ns, Reaching safepoint: 260394 ns, At safepoint: 7235 ns, Total: 267629 ns
[2023-05-16T02:54:46.108+0000][6][safepoint    ] Safepoint "Cleanup", Time since last: 1000119526 ns, Reaching safepoint: 253907 ns, At safepoint: 7390 ns, Total: 261297 ns
[2023-05-16T02:54:47.109+0000][6][safepoint    ] Safepoint "Cleanup", Time since last: 1000198874 ns, Reaching safepoint: 998071 ns, At safepoint: 35818 ns, Total: 1033889 ns
[2023-05-16T02:54:48.110+0000][6][safepoint    ] Safepoint "Cleanup", Time since last: 1000196190 ns, Reaching safepoint: 228434 ns, At safepoint: 7159 ns, Total: 235593 ns
[2023-05-16T02:54:49.110+0000][6][safepoint    ] Safepoint "Cleanup", Time since last: 1000113282 ns, Reaching safepoint: 259270 ns, At safepoint: 6990 ns, Total: 266260 ns
[2023-05-16T02:54:50.110+0000][6][safepoint    ] Safepoint "Cleanup", Time since last: 1000099089 ns, Reaching safepoint: 157751 ns, At safepoint: 5845 ns, Total: 163596 ns
[2023-05-16T02:54:51.111+0000][6][safepoint    ] Safepoint "Cleanup", Time since last: 1000096188 ns, Reaching safepoint: 157244 ns, At safepoint: 3710 ns, Total: 160954 ns
[2023-05-16T02:54:52.111+0000][6][safepoint    ] Safepoint "Cleanup", Time since last: 1000104279 ns, Reaching safepoint: 182081 ns, At safepoint: 5326 ns, Total: 187407 ns
[2023-05-16T02:54:53.111+0000][6][safepoint    ] Safepoint "Cleanup", Time since last: 1000101639 ns, Reaching safepoint: 208787 ns, At safepoint: 10976 ns, Total: 219763 ns
[2023-05-16T02:54:54.112+0000][6][safepoint    ] Safepoint "Cleanup", Time since last: 1000145044 ns, Reaching safepoint: 284463 ns, At safepoint: 5493 ns, Total: 289956 ns
[2023-05-16T02:54:55.112+0000][6][safepoint    ] Safepoint "Cleanup", Time since last: 1000233555 ns, Reaching safepoint: 224841 ns, At safepoint: 8756 ns, Total: 233597 ns
[2023-05-16T02:54:56.113+0000][6][safepoint    ] Safepoint "Cleanup", Time since last: 1000169397 ns, Reaching safepoint: 675803 ns, At safepoint: 16081 ns, Total: 691884 ns
[2023-05-16T02:54:57.114+0000][6][safepoint    ] Safepoint "Cleanup", Time since last: 1000293684 ns, Reaching safepoint: 547860 ns, At safepoint: 17692 ns, Total: 565552 ns
[2023-05-16T02:54:58.114+0000][6][safepoint    ] Safepoint "Cleanup", Time since last: 1000300242 ns, Reaching safepoint: 203931 ns, At safepoint: 6136 ns, Total: 210067 ns
[2023-05-16T02:54:59.115+0000][6][safepoint    ] Safepoint "Cleanup", Time since last: 1000156694 ns, Reaching safepoint: 402115 ns, At safepoint: 5054 ns, Total: 407169 ns
[2023-05-16T02:55:00.115+0000][6][safepoint    ] Safepoint "Cleanup", Time since last: 1000115786 ns, Reaching safepoint: 172008 ns, At safepoint: 2796 ns, Total: 174804 ns
[2023-05-16T02:55:01.116+0000][6][safepoint    ] Safepoint "Cleanup", Time since last: 1000150203 ns, Reaching safepoint: 429821 ns, At safepoint: 6643 ns, Total: 436464 ns
[2023-05-16T02:55:02.116+0000][6][safepoint    ] Safepoint "Cleanup", Time since last: 1000274314 ns, Reaching safepoint: 373053 ns, At safepoint: 12536 ns, Total: 385589 ns
[2023-05-16T02:55:03.117+0000][6][safepoint    ] Safepoint "Cleanup", Time since last: 1000381746 ns, Reaching safepoint: 563619 ns, At safepoint: 19231 ns, Total: 582850 ns
[2023-05-16T02:55:04.118+0000][6][safepoint    ] Safepoint "Cleanup", Time since last: 1000318623 ns, Reaching safepoint: 462418 ns, At safepoint: 11210 ns, Total: 473628 ns
[2023-05-16T02:55:05.119+0000][6][safepoint    ] Safepoint "Cleanup", Time since last: 1000308730 ns, Reaching safepoint: 764056 ns, At safepoint: 13617 ns, Total: 777673 ns
[2023-05-16T02:55:06.120+0000][6][safepoint    ] Safepoint "Cleanup", Time since last: 1000258908 ns, Reaching safepoint: 178263 ns, At safepoint: 2893 ns, Total: 181156 ns
[2023-05-16T02:55:07.120+0000][6][safepoint    ] Safepoint "Cleanup", Time since last: 1000118238 ns, Reaching safepoint: 140922 ns, At safepoint: 4503 ns, Total: 145425 ns
[2023-05-16T02:55:08.120+0000][6][safepoint    ] Safepoint "Cleanup", Time since last: 1000131451 ns, Reaching safepoint: 160474 ns, At safepoint: 3901 ns, Total: 164375 ns
[2023-05-16T02:55:09.121+0000][6][safepoint    ] Safepoint "Cleanup", Time since last: 1000159877 ns, Reaching safepoint: 753315 ns, At safepoint: 12433 ns, Total: 765748 ns
[2023-05-16T02:55:10.122+0000][6][safepoint    ] Safepoint "Cleanup", Time since last: 1000305070 ns, Reaching safepoint: 181320 ns, At safepoint: 4871 ns, Total: 186191 ns
[2023-05-16T02:55:11.122+0000][6][safepoint    ] Safepoint "Cleanup", Time since last: 1000101818 ns, Reaching safepoint: 144832 ns, At safepoint: 4138 ns, Total: 148970 ns
[2023-05-16T02:55:12.122+0000][6][safepoint    ] Safepoint "Cleanup", Time since last: 1000115234 ns, Reaching safepoint: 120305 ns, At safepoint: 4969 ns, Total: 125274 ns
[2023-05-16T02:55:13.122+0000][6][safepoint    ] Safepoint "Cleanup", Time since last: 1000084425 ns, Reaching safepoint: 134773 ns, At safepoint: 7256 ns, Total: 142029 ns
[2023-05-16T02:55:14.123+0000][6][safepoint    ] Safepoint "Cleanup", Time since last: 1000123232 ns, Reaching safepoint: 184072 ns, At safepoint: 7817 ns, Total: 191889 ns
[2023-05-16T02:55:15.123+0000][6][safepoint    ] Safepoint "Cleanup", Time since last: 1000148982 ns, Reaching safepoint: 135607 ns, At safepoint: 5547 ns, Total: 141154 ns
[2023-05-16T02:55:16.123+0000][6][safepoint    ] Safepoint "Cleanup", Time since last: 1000111728 ns, Reaching safepoint: 105026 ns, At safepoint: 5021 ns, Total: 110047 ns
[2023-05-16T02:55:17.124+0000][6][safepoint    ] Safepoint "Cleanup", Time since last: 1000115173 ns, Reaching safepoint: 148491 ns, At safepoint: 7134 ns, Total: 155625 ns
[2023-05-16T02:55:18.124+0000][6][safepoint    ] Safepoint "Cleanup", Time since last: 1000125477 ns, Reaching safepoint: 114843 ns, At safepoint: 3745 ns, Total: 118588 ns
[2023-05-16T02:55:19.125+0000][6][safepoint    ] Safepoint "Cleanup", Time since last: 1000158080 ns, Reaching safepoint: 569391 ns, At safepoint: 13822 ns, Total: 583213 ns
[2023-05-16T02:55:20.125+0000][6][safepoint    ] Safepoint "Cleanup", Time since last: 1000329628 ns, Reaching safepoint: 129597 ns, At safepoint: 3902 ns, Total: 133499 ns
[2023-05-16T02:55:21.125+0000][6][safepoint    ] Safepoint "Cleanup", Time since last: 1000115997 ns, Reaching safepoint: 159529 ns, At safepoint: 3474 ns, Total: 163003 ns
[2023-05-16T02:55:22.125+0000][6][safepoint    ] Safepoint "Cleanup", Time since last: 1000102548 ns, Reaching safepoint: 90575 ns, At safepoint: 3382 ns, Total: 93957 ns
[2023-05-16T02:55:23.126+0000][6][safepoint    ] Safepoint "Cleanup", Time since last: 1000106001 ns, Reaching safepoint: 142411 ns, At safepoint: 5713 ns, Total: 148124 ns
[2023-05-16T02:55:24.127+0000][6][safepoint    ] Safepoint "Cleanup", Time since last: 1000171545 ns, Reaching safepoint: 608185 ns, At safepoint: 11490 ns, Total: 619675 ns
[2023-05-16T02:55:25.127+0000][6][safepoint    ] Safepoint "Cleanup", Time since last: 1000223668 ns, Reaching safepoint: 137213 ns, At safepoint: 5603 ns, Total: 142816 ns
[2023-05-16T02:55:26.128+0000][6][safepoint    ] Safepoint "Cleanup", Time since last: 1000180441 ns, Reaching safepoint: 607987 ns, At safepoint: 10443 ns, Total: 618430 ns
[2023-05-16T02:55:27.128+0000][6][safepoint    ] Safepoint "Cleanup", Time since last: 1000339258 ns, Reaching safepoint: 291139 ns, At safepoint: 6370 ns, Total: 297509 ns
[2023-05-16T02:55:28.129+0000][6][safepoint    ] Safepoint "Cleanup", Time since last: 1000226550 ns, Reaching safepoint: 158602 ns, At safepoint: 4132 ns, Total: 162734 ns
[2023-05-16T02:55:29.130+0000][6][safepoint    ] Safepoint "Cleanup", Time since last: 1000194591 ns, Reaching safepoint: 974547 ns, At safepoint: 29258 ns, Total: 1003805 ns
[2023-05-16T02:55:30.130+0000][6][safepoint    ] Safepoint "Cleanup", Time since last: 1000280419 ns, Reaching safepoint: 92382 ns, At safepoint: 3478 ns, Total: 95860 ns
[2023-05-16T02:55:31.132+0000][6][safepoint    ] Safepoint "Cleanup", Time since last: 1000269313 ns, Reaching safepoint: 1028373 ns, At safepoint: 37156 ns, Total: 1065529 ns
[2023-05-16T02:55:32.132+0000][6][safepoint    ] Safepoint "Cleanup", Time since last: 1000312426 ns, Reaching safepoint: 150070 ns, At safepoint: 9771 ns, Total: 159841 ns
[2023-05-16T02:55:33.132+0000][6][safepoint    ] Safepoint "Cleanup", Time since last: 1000118061 ns, Reaching safepoint: 101435 ns, At safepoint: 3397 ns, Total: 104832 ns
[2023-05-16T02:55:34.133+0000][6][safepoint    ] Safepoint "Cleanup", Time since last: 1000124829 ns, Reaching safepoint: 122341 ns, At safepoint: 6071 ns, Total: 128412 ns
[2023-05-16T02:55:35.133+0000][6][safepoint    ] Safepoint "Cleanup", Time since last: 1000099681 ns, Reaching safepoint: 106088 ns, At safepoint: 5898 ns, Total: 111986 ns
[2023-05-16T02:55:36.133+0000][6][safepoint    ] Safepoint "Cleanup", Time since last: 1000111464 ns, Reaching safepoint: 107947 ns, At safepoint: 6407 ns, Total: 114354 ns
[2023-05-16T02:55:37.134+0000][6][safepoint    ] Safepoint "Cleanup", Time since last: 1000201895 ns, Reaching safepoint: 578955 ns, At safepoint: 24097 ns, Total: 603052 ns
[2023-05-16T02:55:38.134+0000][6][safepoint    ] Safepoint "Cleanup", Time since last: 1000337256 ns, Reaching safepoint: 104860 ns, At safepoint: 3074 ns, Total: 107934 ns
[2023-05-16T02:55:39.135+0000][6][safepoint    ] Safepoint "Cleanup", Time since last: 1000118426 ns, Reaching safepoint: 188277 ns, At safepoint: 3533 ns, Total: 191810 ns
[2023-05-16T02:55:39.769+0000][6][gc,start     ] GC(19) Pause Young (Normal) (G1 Evacuation Pause)
[2023-05-16T02:55:39.769+0000][6][gc,task      ] GC(19) Using 8 workers of 8 for evacuation
[2023-05-16T02:55:39.769+0000][6][gc,age       ] GC(19) Desired survivor size 40370176 bytes, new threshold 7 (max threshold 15)
[2023-05-16T02:55:39.788+0000][6][gc,age       ] GC(19) Age table with threshold 7 (max threshold 15)
[2023-05-16T02:55:39.788+0000][6][gc,age       ] GC(19) - age   1:   10459264 bytes,   10459264 total
[2023-05-16T02:55:39.788+0000][6][gc,age       ] GC(19) - age   2:    6213264 bytes,   16672528 total
[2023-05-16T02:55:39.788+0000][6][gc,age       ] GC(19) - age   3:    6600824 bytes,   23273352 total
[2023-05-16T02:55:39.788+0000][6][gc,age       ] GC(19) - age   4:    6202328 bytes,   29475680 total
[2023-05-16T02:55:39.788+0000][6][gc,age       ] GC(19) - age   5:    6130888 bytes,   35606568 total
[2023-05-16T02:55:39.788+0000][6][gc,age       ] GC(19) - age   6:    3639656 bytes,   39246224 total
[2023-05-16T02:55:39.788+0000][6][gc,age       ] GC(19) - age   7:    3148000 bytes,   42394224 total
[2023-05-16T02:55:39.789+0000][6][gc,phases    ] GC(19)   Pre Evacuate Collection Set: 0.2ms
[2023-05-16T02:55:39.789+0000][6][gc,phases    ] GC(19)   Merge Heap Roots: 0.1ms
[2023-05-16T02:55:39.789+0000][6][gc,phases    ] GC(19)   Evacuate Collection Set: 18.0ms
[2023-05-16T02:55:39.789+0000][6][gc,phases    ] GC(19)   Post Evacuate Collection Set: 1.5ms
[2023-05-16T02:55:39.789+0000][6][gc,phases    ] GC(19)   Other: 0.5ms
[2023-05-16T02:55:39.789+0000][6][gc,heap      ] GC(19) Eden regions: 569->0(570)
[2023-05-16T02:55:39.789+0000][6][gc,heap      ] GC(19) Survivor regions: 45->44(77)
[2023-05-16T02:55:39.789+0000][6][gc,heap      ] GC(19) Old regions: 64->71
[2023-05-16T02:55:39.789+0000][6][gc,heap      ] GC(19) Archive regions: 2->2
[2023-05-16T02:55:39.789+0000][6][gc,heap      ] GC(19) Humongous regions: 50->36
[2023-05-16T02:55:39.789+0000][6][gc,metaspace ] GC(19) Metaspace: 96588K(104188K)->96588K(104188K) NonClass: 83976K(88464K)->83976K(88464K) Class: 12612K(15724K)->12612K(15724K)
[2023-05-16T02:55:39.789+0000][6][gc           ] GC(19) Pause Young (Normal) (G1 Evacuation Pause) 727M->151M(1024M) 20.448ms
[2023-05-16T02:55:39.789+0000][6][gc,cpu       ] GC(19) User=0.07s Sys=0.01s Real=0.03s
[2023-05-16T02:55:39.789+0000][6][safepoint    ] Safepoint "G1CollectForAllocation", Time since last: 633844204 ns, Reaching safepoint: 112824 ns, At safepoint: 20605684 ns, Total: 20718508 ns
[2023-05-16T02:55:40.789+0000][6][safepoint    ] Safepoint "Cleanup", Time since last: 1000123999 ns, Reaching safepoint: 146748 ns, At safepoint: 2847 ns, Total: 149595 ns
[2023-05-16T02:55:41.790+0000][6][safepoint    ] Safepoint "Cleanup", Time since last: 1000188998 ns, Reaching safepoint: 509172 ns, At safepoint: 6285 ns, Total: 515457 ns
[2023-05-16T02:55:42.791+0000][6][safepoint    ] Safepoint "Cleanup", Time since last: 1000248554 ns, Reaching safepoint: 239684 ns, At safepoint: 4250 ns, Total: 243934 ns
[2023-05-16T02:55:43.791+0000][6][safepoint    ] Safepoint "Cleanup", Time since last: 1000189561 ns, Reaching safepoint: 323917 ns, At safepoint: 13316 ns, Total: 337233 ns
[2023-05-16T02:55:44.792+0000][6][safepoint    ] Safepoint "Cleanup", Time since last: 1000220471 ns, Reaching safepoint: 227557 ns, At safepoint: 6533 ns, Total: 234090 ns
[2023-05-16T02:55:45.792+0000][6][safepoint    ] Safepoint "Cleanup", Time since last: 1000187435 ns, Reaching safepoint: 266897 ns, At safepoint: 8187 ns, Total: 275084 ns
[2023-05-16T02:55:46.792+0000][6][safepoint    ] Safepoint "Cleanup", Time since last: 1000181813 ns, Reaching safepoint: 120635 ns, At safepoint: 3750 ns, Total: 124385 ns
[2023-05-16T02:55:47.793+0000][6][safepoint    ] Safepoint "Cleanup", Time since last: 1000140206 ns, Reaching safepoint: 253245 ns, At safepoint: 6520 ns, Total: 259765 ns
[2023-05-16T02:55:48.794+0000][6][safepoint    ] Safepoint "Cleanup", Time since last: 1000250226 ns, Reaching safepoint: 716902 ns, At safepoint: 19129 ns, Total: 736031 ns
[2023-05-16T02:55:49.795+0000][6][safepoint    ] Safepoint "Cleanup", Time since last: 1000331750 ns, Reaching safepoint: 545836 ns, At safepoint: 12905 ns, Total: 558741 ns
[2023-05-16T02:55:50.795+0000][6][safepoint    ] Safepoint "Cleanup", Time since last: 1000197870 ns, Reaching safepoint: 87526 ns, At safepoint: 3455 ns, Total: 90981 ns
[2023-05-16T02:55:51.795+0000][6][safepoint    ] Safepoint "Cleanup", Time since last: 1000156589 ns, Reaching safepoint: 271811 ns, At safepoint: 3719 ns, Total: 275530 ns
[2023-05-16T02:55:52.796+0000][6][safepoint    ] Safepoint "Cleanup", Time since last: 1000134947 ns, Reaching safepoint: 418776 ns, At safepoint: 8815 ns, Total: 427591 ns
[2023-05-16T02:55:53.797+0000][6][safepoint    ] Safepoint "Cleanup", Time since last: 1000340760 ns, Reaching safepoint: 551101 ns, At safepoint: 14312 ns, Total: 565413 ns
[2023-05-16T02:55:54.797+0000][6][safepoint    ] Safepoint "Cleanup", Time since last: 1000305451 ns, Reaching safepoint: 131630 ns, At safepoint: 4909 ns, Total: 136539 ns
[2023-05-16T02:55:55.798+0000][6][safepoint    ] Safepoint "Cleanup", Time since last: 1000159313 ns, Reaching safepoint: 313514 ns, At safepoint: 6694 ns, Total: 320208 ns
[2023-05-16T02:55:56.799+0000][6][safepoint    ] Safepoint "Cleanup", Time since last: 1000281438 ns, Reaching safepoint: 689398 ns, At safepoint: 15489 ns, Total: 704887 ns
[2023-05-16T02:55:57.799+0000][6][safepoint    ] Safepoint "Cleanup", Time since last: 1000283483 ns, Reaching safepoint: 148003 ns, At safepoint: 5660 ns, Total: 153663 ns
[2023-05-16T02:55:58.801+0000][6][safepoint    ] Safepoint "Cleanup", Time since last: 1000252793 ns, Reaching safepoint: 1137044 ns, At safepoint: 28619 ns, Total: 1165663 ns
[2023-05-16T02:55:59.801+0000][6][safepoint    ] Safepoint "Cleanup", Time since last: 1000411810 ns, Reaching safepoint: 110231 ns, At safepoint: 3101 ns, Total: 113332 ns
[2023-05-16T02:56:00.801+0000][6][safepoint    ] Safepoint "Cleanup", Time since last: 1000103866 ns, Reaching safepoint: 132795 ns, At safepoint: 6584 ns, Total: 139379 ns
[2023-05-16T02:56:01.802+0000][6][safepoint    ] Safepoint "Cleanup", Time since last: 1000229786 ns, Reaching safepoint: 83306 ns, At safepoint: 3028 ns, Total: 86334 ns
[2023-05-16T02:56:02.802+0000][6][safepoint    ] Safepoint "Cleanup", Time since last: 1000110005 ns, Reaching safepoint: 115784 ns, At safepoint: 6811 ns, Total: 122595 ns
[2023-05-16T02:56:03.803+0000][6][safepoint    ] Safepoint "Cleanup", Time since last: 1000202475 ns, Reaching safepoint: 671493 ns, At safepoint: 14066 ns, Total: 685559 ns
[2023-05-16T02:56:04.803+0000][6][safepoint    ] Safepoint "Cleanup", Time since last: 1000329718 ns, Reaching safepoint: 101299 ns, At safepoint: 3322 ns, Total: 104621 ns
[2023-05-16T02:56:05.804+0000][6][safepoint    ] Safepoint "Cleanup", Time since last: 1000179644 ns, Reaching safepoint: 534265 ns, At safepoint: 8974 ns, Total: 543239 ns
[2023-05-16T02:56:06.805+0000][6][safepoint    ] Safepoint "Cleanup", Time since last: 1000328008 ns, Reaching safepoint: 893883 ns, At safepoint: 24089 ns, Total: 917972 ns
[2023-05-16T02:56:07.806+0000][6][safepoint    ] Safepoint "Cleanup", Time since last: 1000346255 ns, Reaching safepoint: 77519 ns, At safepoint: 3312 ns, Total: 80831 ns
[2023-05-16T02:56:08.806+0000][6][safepoint    ] Safepoint "Cleanup", Time since last: 1000104427 ns, Reaching safepoint: 356742 ns, At safepoint: 3546 ns, Total: 360288 ns
[2023-05-16T02:56:09.807+0000][6][safepoint    ] Safepoint "Cleanup", Time since last: 1000183211 ns, Reaching safepoint: 271501 ns, At safepoint: 4469 ns, Total: 275970 ns
[2023-05-16T02:56:10.807+0000][6][safepoint    ] Safepoint "Cleanup", Time since last: 1000120612 ns, Reaching safepoint: 144670 ns, At safepoint: 5518 ns, Total: 150188 ns
[2023-05-16T02:56:11.807+0000][6][safepoint    ] Safepoint "Cleanup", Time since last: 1000111975 ns, Reaching safepoint: 178589 ns, At safepoint: 5961 ns, Total: 184550 ns
[2023-05-16T02:56:12.807+0000][6][safepoint    ] Safepoint "Cleanup", Time since last: 1000103598 ns, Reaching safepoint: 94659 ns, At safepoint: 4882 ns, Total: 99541 ns
[2023-05-16T02:56:13.807+0000][6][safepoint    ] Safepoint "Cleanup", Time since last: 1000083841 ns, Reaching safepoint: 110220 ns, At safepoint: 3763 ns, Total: 113983 ns
[2023-05-16T02:56:14.808+0000][6][safepoint    ] Safepoint "Cleanup", Time since last: 1000213325 ns, Reaching safepoint: 732745 ns, At safepoint: 16239 ns, Total: 748984 ns
[2023-05-16T02:56:15.809+0000][6][safepoint    ] Safepoint "Cleanup", Time since last: 1000424480 ns, Reaching safepoint: 80712 ns, At safepoint: 5310 ns, Total: 86022 ns
[2023-05-16T02:56:16.810+0000][6][safepoint    ] Safepoint "Cleanup", Time since last: 1000155159 ns, Reaching safepoint: 631167 ns, At safepoint: 21514 ns, Total: 652681 ns
[2023-05-16T02:56:17.810+0000][6][safepoint    ] Safepoint "Cleanup", Time since last: 1000262149 ns, Reaching safepoint: 159977 ns, At safepoint: 8156 ns, Total: 168133 ns
[2023-05-16T02:56:18.811+0000][6][safepoint    ] Safepoint "Cleanup", Time since last: 1000175756 ns, Reaching safepoint: 592025 ns, At safepoint: 9458 ns, Total: 601483 ns
[2023-05-16T02:56:19.812+0000][6][safepoint    ] Safepoint "Cleanup", Time since last: 1000276763 ns, Reaching safepoint: 523512 ns, At safepoint: 10277 ns, Total: 533789 ns
[2023-05-16T02:56:20.812+0000][6][safepoint    ] Safepoint "Cleanup", Time since last: 1000261690 ns, Reaching safepoint: 250832 ns, At safepoint: 4000 ns, Total: 254832 ns
[2023-05-16T02:56:21.813+0000][6][safepoint    ] Safepoint "Cleanup", Time since last: 1000104158 ns, Reaching safepoint: 228093 ns, At safepoint: 13411 ns, Total: 241504 ns
[2023-05-16T02:56:22.813+0000][6][safepoint    ] Safepoint "Cleanup", Time since last: 1000122524 ns, Reaching safepoint: 178351 ns, At safepoint: 6936 ns, Total: 185287 ns
[2023-05-16T02:56:23.813+0000][6][safepoint    ] Safepoint "Cleanup", Time since last: 1000125379 ns, Reaching safepoint: 175986 ns, At safepoint: 3523 ns, Total: 179509 ns
[2023-05-16T02:56:24.814+0000][6][safepoint    ] Safepoint "Cleanup", Time since last: 1000127909 ns, Reaching safepoint: 245059 ns, At safepoint: 5310 ns, Total: 250369 ns
[2023-05-16T02:56:25.815+0000][6][safepoint    ] Safepoint "Cleanup", Time since last: 1000183830 ns, Reaching safepoint: 974618 ns, At safepoint: 8188 ns, Total: 982806 ns
[2023-05-16T02:56:26.815+0000][6][safepoint    ] Safepoint "Cleanup", Time since last: 1000269897 ns, Reaching safepoint: 158206 ns, At safepoint: 7013 ns, Total: 165219 ns
[2023-05-16T02:56:27.816+0000][6][safepoint    ] Safepoint "Cleanup", Time since last: 1000169994 ns, Reaching safepoint: 872703 ns, At safepoint: 13680 ns, Total: 886383 ns
[2023-05-16T02:56:28.817+0000][6][safepoint    ] Safepoint "Cleanup", Time since last: 1000301518 ns, Reaching safepoint: 172001 ns, At safepoint: 3523 ns, Total: 175524 ns
[2023-05-16T02:56:29.817+0000][6][safepoint    ] Safepoint "Cleanup", Time since last: 1000134989 ns, Reaching safepoint: 153358 ns, At safepoint: 5125 ns, Total: 158483 ns
[2023-05-16T02:56:30.817+0000][6][safepoint    ] Safepoint "Cleanup", Time since last: 1000117713 ns, Reaching safepoint: 106898 ns, At safepoint: 3252 ns, Total: 110150 ns
[2023-05-16T02:56:31.818+0000][6][safepoint    ] Safepoint "Cleanup", Time since last: 1000187726 ns, Reaching safepoint: 692999 ns, At safepoint: 21823 ns, Total: 714822 ns
[2023-05-16T02:56:32.819+0000][6][safepoint    ] Safepoint "Cleanup", Time since last: 1000233914 ns, Reaching safepoint: 169442 ns, At safepoint: 6283 ns, Total: 175725 ns
[2023-05-16T02:56:33.819+0000][6][safepoint    ] Safepoint "Cleanup", Time since last: 1000120853 ns, Reaching safepoint: 164756 ns, At safepoint: 4928 ns, Total: 169684 ns
[2023-05-16T02:56:34.819+0000][6][safepoint    ] Safepoint "Cleanup", Time since last: 1000171502 ns, Reaching safepoint: 281037 ns, At safepoint: 5837 ns, Total: 286874 ns
[2023-05-16T02:56:35.820+0000][6][safepoint    ] Safepoint "Cleanup", Time since last: 1000120312 ns, Reaching safepoint: 212261 ns, At safepoint: 4094 ns, Total: 216355 ns
[2023-05-16T02:56:36.820+0000][6][safepoint    ] Safepoint "Cleanup", Time since last: 1000127731 ns, Reaching safepoint: 93927 ns, At safepoint: 3527 ns, Total: 97454 ns
[2023-05-16T02:56:37.820+0000][6][safepoint    ] Safepoint "Cleanup", Time since last: 1000231245 ns, Reaching safepoint: 290170 ns, At safepoint: 4284 ns, Total: 294454 ns
[2023-05-16T02:56:38.821+0000][6][safepoint    ] Safepoint "Cleanup", Time since last: 1000216336 ns, Reaching safepoint: 227685 ns, At safepoint: 6182 ns, Total: 233867 ns
[2023-05-16T02:56:39.821+0000][6][safepoint    ] Safepoint "Cleanup", Time since last: 1000220245 ns, Reaching safepoint: 129142 ns, At safepoint: 5394 ns, Total: 134536 ns
[2023-05-16T02:56:40.821+0000][6][safepoint    ] Safepoint "Cleanup", Time since last: 1000122612 ns, Reaching safepoint: 106304 ns, At safepoint: 7204 ns, Total: 113508 ns
[2023-05-16T02:56:41.822+0000][6][safepoint    ] Safepoint "Cleanup", Time since last: 1000117088 ns, Reaching safepoint: 479916 ns, At safepoint: 9373 ns, Total: 489289 ns
[2023-05-16T02:56:42.823+0000][6][safepoint    ] Safepoint "Cleanup", Time since last: 1000362717 ns, Reaching safepoint: 555687 ns, At safepoint: 12690 ns, Total: 568377 ns
[2023-05-16T02:56:43.823+0000][6][safepoint    ] Safepoint "Cleanup", Time since last: 1000276136 ns, Reaching safepoint: 73959 ns, At safepoint: 3229 ns, Total: 77188 ns
[2023-05-16T02:56:44.824+0000][6][safepoint    ] Safepoint "Cleanup", Time since last: 1000110290 ns, Reaching safepoint: 130649 ns, At safepoint: 4565 ns, Total: 135214 ns
[2023-05-16T02:56:45.824+0000][6][safepoint    ] Safepoint "Cleanup", Time since last: 1000113094 ns, Reaching safepoint: 75606 ns, At safepoint: 5098 ns, Total: 80704 ns
[2023-05-16T02:56:46.825+0000][6][safepoint    ] Safepoint "Cleanup", Time since last: 1000177746 ns, Reaching safepoint: 555602 ns, At safepoint: 13997 ns, Total: 569599 ns
[2023-05-16T02:56:47.826+0000][6][safepoint    ] Safepoint "Cleanup", Time since last: 1000444588 ns, Reaching safepoint: 536197 ns, At safepoint: 10491 ns, Total: 546688 ns
[2023-05-16T02:56:48.826+0000][6][safepoint    ] Safepoint "Cleanup", Time since last: 1000255413 ns, Reaching safepoint: 184824 ns, At safepoint: 3742 ns, Total: 188566 ns
[2023-05-16T02:56:49.826+0000][6][safepoint    ] Safepoint "Cleanup", Time since last: 1000107237 ns, Reaching safepoint: 129718 ns, At safepoint: 4709 ns, Total: 134427 ns
[2023-05-16T02:56:50.827+0000][6][safepoint    ] Safepoint "Cleanup", Time since last: 1000132456 ns, Reaching safepoint: 171819 ns, At safepoint: 6377 ns, Total: 178196 ns
[2023-05-16T02:56:51.828+0000][6][safepoint    ] Safepoint "Cleanup", Time since last: 1000192961 ns, Reaching safepoint: 1547382 ns, At safepoint: 41035 ns, Total: 1588417 ns
[2023-05-16T02:56:52.829+0000][6][safepoint    ] Safepoint "Cleanup", Time since last: 1000371685 ns, Reaching safepoint: 645687 ns, At safepoint: 6784 ns, Total: 652471 ns
[2023-05-16T02:56:53.831+0000][6][safepoint    ] Safepoint "Cleanup", Time since last: 1000384933 ns, Reaching safepoint: 804299 ns, At safepoint: 13106 ns, Total: 817405 ns
[2023-05-16T02:56:54.832+0000][6][safepoint    ] Safepoint "Cleanup", Time since last: 1000405578 ns, Reaching safepoint: 915680 ns, At safepoint: 8799 ns, Total: 924479 ns
[2023-05-16T02:56:55.832+0000][6][safepoint    ] Safepoint "Cleanup", Time since last: 1000274130 ns, Reaching safepoint: 206355 ns, At safepoint: 4454 ns, Total: 210809 ns
[2023-05-16T02:56:56.833+0000][6][safepoint    ] Safepoint "Cleanup", Time since last: 1000154564 ns, Reaching safepoint: 651904 ns, At safepoint: 7054 ns, Total: 658958 ns
[2023-05-16T02:56:57.834+0000][6][safepoint    ] Safepoint "Cleanup", Time since last: 1000256153 ns, Reaching safepoint: 221176 ns, At safepoint: 3933 ns, Total: 225109 ns
[2023-05-16T02:56:58.834+0000][6][safepoint    ] Safepoint "Cleanup", Time since last: 1000103657 ns, Reaching safepoint: 110970 ns, At safepoint: 3826 ns, Total: 114796 ns
[2023-05-16T02:56:59.835+0000][6][safepoint    ] Safepoint "Cleanup", Time since last: 1000151328 ns, Reaching safepoint: 538332 ns, At safepoint: 11342 ns, Total: 549674 ns
[2023-05-16T02:57:00.835+0000][6][safepoint    ] Safepoint "Cleanup", Time since last: 1000389778 ns, Reaching safepoint: 195741 ns, At safepoint: 4543 ns, Total: 200284 ns
[2023-05-16T02:57:01.835+0000][6][safepoint    ] Safepoint "Cleanup", Time since last: 1000096086 ns, Reaching safepoint: 152410 ns, At safepoint: 3095 ns, Total: 155505 ns
[2023-05-16T02:57:02.836+0000][6][safepoint    ] Safepoint "Cleanup", Time since last: 1000115726 ns, Reaching safepoint: 138824 ns, At safepoint: 4242 ns, Total: 143066 ns
[2023-05-16T02:57:03.836+0000][6][safepoint    ] Safepoint "Cleanup", Time since last: 1000121298 ns, Reaching safepoint: 187178 ns, At safepoint: 2973 ns, Total: 190151 ns
[2023-05-16T02:57:04.836+0000][6][safepoint    ] Safepoint "Cleanup", Time since last: 1000106987 ns, Reaching safepoint: 85483 ns, At safepoint: 3792 ns, Total: 89275 ns
[2023-05-16T02:57:05.836+0000][6][safepoint    ] Safepoint "Cleanup", Time since last: 1000060626 ns, Reaching safepoint: 108685 ns, At safepoint: 3067 ns, Total: 111752 ns
[2023-05-16T02:57:06.837+0000][6][safepoint    ] Safepoint "Cleanup", Time since last: 1000147207 ns, Reaching safepoint: 627000 ns, At safepoint: 19588 ns, Total: 646588 ns
[2023-05-16T02:57:07.838+0000][6][safepoint    ] Safepoint "Cleanup", Time since last: 1000290005 ns, Reaching safepoint: 207301 ns, At safepoint: 4433 ns, Total: 211734 ns
[2023-05-16T02:57:08.839+0000][6][safepoint    ] Safepoint "Cleanup", Time since last: 1000189162 ns, Reaching safepoint: 998115 ns, At safepoint: 34980 ns, Total: 1033095 ns
[2023-05-16T02:57:09.839+0000][6][safepoint    ] Safepoint "Cleanup", Time since last: 1000274058 ns, Reaching safepoint: 194816 ns, At safepoint: 3822 ns, Total: 198638 ns
[2023-05-16T02:57:10.840+0000][6][safepoint    ] Safepoint "Cleanup", Time since last: 1000114860 ns, Reaching safepoint: 202041 ns, At safepoint: 3028 ns, Total: 205069 ns
[2023-05-16T02:57:11.840+0000][6][safepoint    ] Safepoint "Cleanup", Time since last: 1000137009 ns, Reaching safepoint: 108756 ns, At safepoint: 6299 ns, Total: 115055 ns
[2023-05-16T02:57:12.840+0000][6][safepoint    ] Safepoint "Cleanup", Time since last: 1000123106 ns, Reaching safepoint: 134027 ns, At safepoint: 6460 ns, Total: 140487 ns
[2023-05-16T02:57:13.840+0000][6][safepoint    ] Safepoint "Cleanup", Time since last: 1000117024 ns, Reaching safepoint: 81371 ns, At safepoint: 4666 ns, Total: 86037 ns
[2023-05-16T02:57:14.841+0000][6][safepoint    ] Safepoint "Cleanup", Time since last: 1000120550 ns, Reaching safepoint: 169168 ns, At safepoint: 5199 ns, Total: 174367 ns
[2023-05-16T02:57:15.842+0000][6][safepoint    ] Safepoint "Cleanup", Time since last: 1000187620 ns, Reaching safepoint: 940796 ns, At safepoint: 38824 ns, Total: 979620 ns
[2023-05-16T02:57:16.843+0000][6][safepoint    ] Safepoint "Cleanup", Time since last: 1000393266 ns, Reaching safepoint: 1063792 ns, At safepoint: 42281 ns, Total: 1106073 ns
[2023-05-16T02:57:17.847+0000][6][safepoint    ] Safepoint "Cleanup", Time since last: 1002903220 ns, Reaching safepoint: 283485 ns, At safepoint: 5895 ns, Total: 289380 ns
[2023-05-16T02:57:18.847+0000][6][safepoint    ] Safepoint "Cleanup", Time since last: 1000137586 ns, Reaching safepoint: 274166 ns, At safepoint: 7681 ns, Total: 281847 ns
[2023-05-16T02:57:19.848+0000][6][safepoint    ] Safepoint "Cleanup", Time since last: 1000273719 ns, Reaching safepoint: 254893 ns, At safepoint: 7428 ns, Total: 262321 ns
[2023-05-16T02:57:20.848+0000][6][safepoint    ] Safepoint "Cleanup", Time since last: 1000239100 ns, Reaching safepoint: 120561 ns, At safepoint: 3802 ns, Total: 124363 ns
[2023-05-16T02:57:21.880+0000][6][safepoint    ] Safepoint "Cleanup", Time since last: 1031871553 ns, Reaching safepoint: 427096 ns, At safepoint: 9714 ns, Total: 436810 ns
[2023-05-16T02:57:22.881+0000][6][safepoint    ] Safepoint "Cleanup", Time since last: 1000236252 ns, Reaching safepoint: 411778 ns, At safepoint: 12067 ns, Total: 423845 ns
[2023-05-16T02:57:23.881+0000][6][safepoint    ] Safepoint "Cleanup", Time since last: 1000301108 ns, Reaching safepoint: 110350 ns, At safepoint: 4176 ns, Total: 114526 ns
[2023-05-16T02:57:24.950+0000][6][safepoint    ] Safepoint "Cleanup", Time since last: 1068172143 ns, Reaching safepoint: 173812 ns, At safepoint: 4543 ns, Total: 178355 ns
[2023-05-16T02:57:25.951+0000][6][safepoint    ] Safepoint "Cleanup", Time since last: 1000162083 ns, Reaching safepoint: 920814 ns, At safepoint: 12052 ns, Total: 932866 ns
[2023-05-16T02:57:26.951+0000][6][safepoint    ] Safepoint "Cleanup", Time since last: 1000234880 ns, Reaching safepoint: 249295 ns, At safepoint: 7177 ns, Total: 256472 ns
[2023-05-16T02:57:27.951+0000][6][safepoint    ] Safepoint "Cleanup", Time since last: 1000120646 ns, Reaching safepoint: 143778 ns, At safepoint: 5028 ns, Total: 148806 ns
[2023-05-16T02:57:28.952+0000][6][safepoint    ] Safepoint "Cleanup", Time since last: 1000178439 ns, Reaching safepoint: 813395 ns, At safepoint: 15796 ns, Total: 829191 ns
[2023-05-16T02:57:29.953+0000][6][safepoint    ] Safepoint "Cleanup", Time since last: 1000336545 ns, Reaching safepoint: 216980 ns, At safepoint: 3032 ns, Total: 220012 ns
[2023-05-16T02:57:30.953+0000][6][safepoint    ] Safepoint "Cleanup", Time since last: 1000124639 ns, Reaching safepoint: 323738 ns, At safepoint: 4717 ns, Total: 328455 ns
[2023-05-16T02:57:31.954+0000][6][safepoint    ] Safepoint "Cleanup", Time since last: 1000107998 ns, Reaching safepoint: 111773 ns, At safepoint: 3487 ns, Total: 115260 ns
[2023-05-16T02:57:32.954+0000][6][safepoint    ] Safepoint "Cleanup", Time since last: 1000052274 ns, Reaching safepoint: 114087 ns, At safepoint: 6221 ns, Total: 120308 ns
[2023-05-16T02:57:33.954+0000][6][safepoint    ] Safepoint "Cleanup", Time since last: 1000123070 ns, Reaching safepoint: 268541 ns, At safepoint: 7048 ns, Total: 275589 ns
[2023-05-16T02:57:34.955+0000][6][safepoint    ] Safepoint "Cleanup", Time since last: 1000208580 ns, Reaching safepoint: 212471 ns, At safepoint: 3425 ns, Total: 215896 ns
[2023-05-16T02:57:35.955+0000][6][safepoint    ] Safepoint "Cleanup", Time since last: 1000129775 ns, Reaching safepoint: 313374 ns, At safepoint: 10186 ns, Total: 323560 ns
[2023-05-16T02:57:36.956+0000][6][safepoint    ] Safepoint "Cleanup", Time since last: 1000147058 ns, Reaching safepoint: 753830 ns, At safepoint: 19189 ns, Total: 773019 ns
[2023-05-16T02:57:37.957+0000][6][safepoint    ] Safepoint "Cleanup", Time since last: 1000226251 ns, Reaching safepoint: 558701 ns, At safepoint: 26539 ns, Total: 585240 ns
[2023-05-16T02:57:38.958+0000][6][safepoint    ] Safepoint "Cleanup", Time since last: 1000305814 ns, Reaching safepoint: 318443 ns, At safepoint: 8924 ns, Total: 327367 ns
[2023-05-16T02:57:39.958+0000][6][safepoint    ] Safepoint "Cleanup", Time since last: 1000204342 ns, Reaching safepoint: 222156 ns, At safepoint: 4512 ns, Total: 226668 ns
[2023-05-16T02:57:40.958+0000][6][safepoint    ] Safepoint "Cleanup", Time since last: 1000110293 ns, Reaching safepoint: 314424 ns, At safepoint: 11182 ns, Total: 325606 ns
[2023-05-16T02:57:41.959+0000][6][safepoint    ] Safepoint "Cleanup", Time since last: 1000106353 ns, Reaching safepoint: 83480 ns, At safepoint: 2784 ns, Total: 86264 ns
[2023-05-16T02:57:42.959+0000][6][safepoint    ] Safepoint "Cleanup", Time since last: 1000104350 ns, Reaching safepoint: 166136 ns, At safepoint: 3804 ns, Total: 169940 ns
[2023-05-16T02:57:43.959+0000][6][safepoint    ] Safepoint "Cleanup", Time since last: 1000111206 ns, Reaching safepoint: 204751 ns, At safepoint: 3553 ns, Total: 208304 ns
[2023-05-16T02:57:44.960+0000][6][safepoint    ] Safepoint "Cleanup", Time since last: 1000609140 ns, Reaching safepoint: 230235 ns, At safepoint: 7770 ns, Total: 238005 ns
[2023-05-16T02:57:45.961+0000][6][safepoint    ] Safepoint "Cleanup", Time since last: 1000206583 ns, Reaching safepoint: 1177558 ns, At safepoint: 33913 ns, Total: 1211471 ns
[2023-05-16T02:57:46.962+0000][6][safepoint    ] Safepoint "Cleanup", Time since last: 1000353332 ns, Reaching safepoint: 333664 ns, At safepoint: 9523 ns, Total: 343187 ns
[2023-05-16T02:57:47.963+0000][6][safepoint    ] Safepoint "Cleanup", Time since last: 1000156990 ns, Reaching safepoint: 435656 ns, At safepoint: 11318 ns, Total: 446974 ns
[2023-05-16T02:57:48.964+0000][6][safepoint    ] Safepoint "Cleanup", Time since last: 1000284377 ns, Reaching safepoint: 1230633 ns, At safepoint: 23056 ns, Total: 1253689 ns
[2023-05-16T02:57:49.965+0000][6][safepoint    ] Safepoint "Cleanup", Time since last: 1000383313 ns, Reaching safepoint: 364643 ns, At safepoint: 3784 ns, Total: 368427 ns
[2023-05-16T02:57:50.965+0000][6][safepoint    ] Safepoint "Cleanup", Time since last: 1000115559 ns, Reaching safepoint: 244851 ns, At safepoint: 8143 ns, Total: 252994 ns
[2023-05-16T02:57:51.967+0000][6][safepoint    ] Safepoint "Cleanup", Time since last: 1000360780 ns, Reaching safepoint: 782661 ns, At safepoint: 7201 ns, Total: 789862 ns
[2023-05-16T02:57:52.967+0000][6][safepoint    ] Safepoint "Cleanup", Time since last: 1000251565 ns, Reaching safepoint: 637394 ns, At safepoint: 14185 ns, Total: 651579 ns
[2023-05-16T02:57:53.969+0000][6][safepoint    ] Safepoint "Cleanup", Time since last: 1000372203 ns, Reaching safepoint: 910192 ns, At safepoint: 7074 ns, Total: 917266 ns
[2023-05-16T02:57:54.969+0000][6][safepoint    ] Safepoint "Cleanup", Time since last: 1000226302 ns, Reaching safepoint: 260186 ns, At safepoint: 5707 ns, Total: 265893 ns
[2023-05-16T02:57:55.970+0000][6][safepoint    ] Safepoint "Cleanup", Time since last: 1000159700 ns, Reaching safepoint: 795494 ns, At safepoint: 24282 ns, Total: 819776 ns
[2023-05-16T02:57:56.971+0000][6][safepoint    ] Safepoint "Cleanup", Time since last: 1000347236 ns, Reaching safepoint: 151004 ns, At safepoint: 3320 ns, Total: 154324 ns
[2023-05-16T02:57:57.972+0000][6][safepoint    ] Safepoint "Cleanup", Time since last: 1000215015 ns, Reaching safepoint: 799330 ns, At safepoint: 14185 ns, Total: 813515 ns
[2023-05-16T02:57:58.972+0000][6][safepoint    ] Safepoint "Cleanup", Time since last: 1000333718 ns, Reaching safepoint: 224102 ns, At safepoint: 4952 ns, Total: 229054 ns
[2023-05-16T02:57:59.973+0000][6][safepoint    ] Safepoint "Cleanup", Time since last: 1000114878 ns, Reaching safepoint: 150228 ns, At safepoint: 3391 ns, Total: 153619 ns
[2023-05-16T02:58:00.974+0000][6][safepoint    ] Safepoint "Cleanup", Time since last: 1000191566 ns, Reaching safepoint: 880033 ns, At safepoint: 15598 ns, Total: 895631 ns
[2023-05-16T02:58:01.975+0000][6][safepoint    ] Safepoint "Cleanup", Time since last: 1000423546 ns, Reaching safepoint: 970707 ns, At safepoint: 21089 ns, Total: 991796 ns
[2023-05-16T02:58:02.976+0000][6][safepoint    ] Safepoint "Cleanup", Time since last: 1000293255 ns, Reaching safepoint: 237192 ns, At safepoint: 3430 ns, Total: 240622 ns
[2023-05-16T02:58:03.977+0000][6][safepoint    ] Safepoint "Cleanup", Time since last: 1000135276 ns, Reaching safepoint: 911743 ns, At safepoint: 25596 ns, Total: 937339 ns
[2023-05-16T02:58:04.978+0000][6][safepoint    ] Safepoint "Cleanup", Time since last: 1000363144 ns, Reaching safepoint: 1220927 ns, At safepoint: 24949 ns, Total: 1245876 ns
[2023-05-16T02:58:05.979+0000][6][safepoint    ] Safepoint "Cleanup", Time since last: 1000285998 ns, Reaching safepoint: 92091 ns, At safepoint: 3837 ns, Total: 95928 ns
[2023-05-16T02:58:06.979+0000][6][safepoint    ] Safepoint "Cleanup", Time since last: 1000120417 ns, Reaching safepoint: 198780 ns, At safepoint: 5119 ns, Total: 203899 ns
[2023-05-16T02:58:07.980+0000][6][safepoint    ] Safepoint "Cleanup", Time since last: 1000220709 ns, Reaching safepoint: 1127101 ns, At safepoint: 26853 ns, Total: 1153954 ns
[2023-05-16T02:58:08.981+0000][6][safepoint    ] Safepoint "Cleanup", Time since last: 1000329193 ns, Reaching safepoint: 235471 ns, At safepoint: 9412 ns, Total: 244883 ns
[2023-05-16T02:58:09.981+0000][6][safepoint    ] Safepoint "Cleanup", Time since last: 1000125087 ns, Reaching safepoint: 234187 ns, At safepoint: 5621 ns, Total: 239808 ns
[2023-05-16T02:58:10.982+0000][6][safepoint    ] Safepoint "Cleanup", Time since last: 1000127282 ns, Reaching safepoint: 141714 ns, At safepoint: 4243 ns, Total: 145957 ns
[2023-05-16T02:58:11.982+0000][6][safepoint    ] Safepoint "Cleanup", Time since last: 1000117005 ns, Reaching safepoint: 211561 ns, At safepoint: 3228 ns, Total: 214789 ns
[2023-05-16T02:58:12.982+0000][6][safepoint    ] Safepoint "Cleanup", Time since last: 1000069941 ns, Reaching safepoint: 233667 ns, At safepoint: 7270 ns, Total: 240937 ns
[2023-05-16T02:58:13.983+0000][6][safepoint    ] Safepoint "Cleanup", Time since last: 1000123863 ns, Reaching safepoint: 233260 ns, At safepoint: 7269 ns, Total: 240529 ns
[2023-05-16T02:58:14.983+0000][6][safepoint    ] Safepoint "Cleanup", Time since last: 1000116063 ns, Reaching safepoint: 210106 ns, At safepoint: 3786 ns, Total: 213892 ns
[2023-05-16T02:58:15.983+0000][6][safepoint    ] Safepoint "Cleanup", Time since last: 1000107216 ns, Reaching safepoint: 208908 ns, At safepoint: 3430 ns, Total: 212338 ns
[2023-05-16T02:58:16.984+0000][6][safepoint    ] Safepoint "Cleanup", Time since last: 1000122474 ns, Reaching safepoint: 396727 ns, At safepoint: 5650 ns, Total: 402377 ns
[2023-05-16T02:58:17.985+0000][6][safepoint    ] Safepoint "Cleanup", Time since last: 1000233599 ns, Reaching safepoint: 824160 ns, At safepoint: 13122 ns, Total: 837282 ns
[2023-05-16T02:58:18.985+0000][6][safepoint    ] Safepoint "Cleanup", Time since last: 1000305034 ns, Reaching safepoint: 122656 ns, At safepoint: 4410 ns, Total: 127066 ns
[2023-05-16T02:58:19.986+0000][6][safepoint    ] Safepoint "Cleanup", Time since last: 1000172802 ns, Reaching safepoint: 551309 ns, At safepoint: 10415 ns, Total: 561724 ns
[2023-05-16T02:58:20.988+0000][6][safepoint    ] Safepoint "Cleanup", Time since last: 1001443915 ns, Reaching safepoint: 171958 ns, At safepoint: 5556 ns, Total: 177514 ns
[2023-05-16T02:58:22.886+0000][6][safepoint    ] Safepoint "Cleanup", Time since last: 1898619701 ns, Reaching safepoint: 104278 ns, At safepoint: 3993 ns, Total: 108271 ns
[2023-05-16T02:58:23.887+0000][6][safepoint    ] Safepoint "Cleanup", Time since last: 1000149519 ns, Reaching safepoint: 334180 ns, At safepoint: 7190 ns, Total: 341370 ns
[2023-05-16T02:58:24.887+0000][6][safepoint    ] Safepoint "Cleanup", Time since last: 1000330772 ns, Reaching safepoint: 169916 ns, At safepoint: 3827 ns, Total: 173743 ns
[2023-05-16T02:58:25.888+0000][6][safepoint    ] Safepoint "Cleanup", Time since last: 1000186601 ns, Reaching safepoint: 703126 ns, At safepoint: 13445 ns, Total: 716571 ns
[2023-05-16T02:58:26.889+0000][6][safepoint    ] Safepoint "Cleanup", Time since last: 1000439442 ns, Reaching safepoint: 683261 ns, At safepoint: 20332 ns, Total: 703593 ns
[2023-05-16T02:58:27.890+0000][6][safepoint    ] Safepoint "Cleanup", Time since last: 1000337649 ns, Reaching safepoint: 96147 ns, At safepoint: 10789 ns, Total: 106936 ns
[2023-05-16T02:58:28.891+0000][6][safepoint    ] Safepoint "Cleanup", Time since last: 1000167447 ns, Reaching safepoint: 564932 ns, At safepoint: 13143 ns, Total: 578075 ns
[2023-05-16T02:58:29.891+0000][6][safepoint    ] Safepoint "Cleanup", Time since last: 1000387564 ns, Reaching safepoint: 291449 ns, At safepoint: 6640 ns, Total: 298089 ns
[2023-05-16T02:58:30.892+0000][6][safepoint    ] Safepoint "Cleanup", Time since last: 1000158766 ns, Reaching safepoint: 230283 ns, At safepoint: 8402 ns, Total: 238685 ns
[2023-05-16T02:58:31.892+0000][6][safepoint    ] Safepoint "Cleanup", Time since last: 1000257488 ns, Reaching safepoint: 155326 ns, At safepoint: 3103 ns, Total: 158429 ns
[2023-05-16T02:58:32.892+0000][6][safepoint    ] Safepoint "Cleanup", Time since last: 1000082313 ns, Reaching safepoint: 208467 ns, At safepoint: 9174 ns, Total: 217641 ns
[2023-05-16T02:58:33.893+0000][6][safepoint    ] Safepoint "Cleanup", Time since last: 1000389803 ns, Reaching safepoint: 417947 ns, At safepoint: 6399 ns, Total: 424346 ns
[2023-05-16T02:58:34.893+0000][6][safepoint    ] Safepoint "Cleanup", Time since last: 1000129189 ns, Reaching safepoint: 117277 ns, At safepoint: 3908 ns, Total: 121185 ns
[2023-05-16T02:58:35.894+0000][6][safepoint    ] Safepoint "Cleanup", Time since last: 1000091895 ns, Reaching safepoint: 70124 ns, At safepoint: 5540 ns, Total: 75664 ns
[2023-05-16T02:58:36.894+0000][6][safepoint    ] Safepoint "Cleanup", Time since last: 1000113002 ns, Reaching safepoint: 321157 ns, At safepoint: 10655 ns, Total: 331812 ns
[2023-05-16T02:58:37.894+0000][6][safepoint    ] Safepoint "Cleanup", Time since last: 1000212476 ns, Reaching safepoint: 83721 ns, At safepoint: 3417 ns, Total: 87138 ns
[2023-05-16T02:58:38.895+0000][6][safepoint    ] Safepoint "Cleanup", Time since last: 1000101864 ns, Reaching safepoint: 163674 ns, At safepoint: 3828 ns, Total: 167502 ns
[2023-05-16T02:58:39.895+0000][6][safepoint    ] Safepoint "Cleanup", Time since last: 1000124590 ns, Reaching safepoint: 69289 ns, At safepoint: 3891 ns, Total: 73180 ns
[2023-05-16T02:58:40.895+0000][6][safepoint    ] Safepoint "Cleanup", Time since last: 1000088962 ns, Reaching safepoint: 65926 ns, At safepoint: 3670 ns, Total: 69596 ns
[2023-05-16T02:58:41.895+0000][6][safepoint    ] Safepoint "Cleanup", Time since last: 1000096744 ns, Reaching safepoint: 291844 ns, At safepoint: 6188 ns, Total: 298032 ns
[2023-05-16T02:58:42.896+0000][6][safepoint    ] Safepoint "Cleanup", Time since last: 1000120538 ns, Reaching safepoint: 95063 ns, At safepoint: 5163 ns, Total: 100226 ns
[2023-05-16T02:58:43.896+0000][6][safepoint    ] Safepoint "Cleanup", Time since last: 1000103255 ns, Reaching safepoint: 80328 ns, At safepoint: 4405 ns, Total: 84733 ns
[2023-05-16T02:58:44.897+0000][6][safepoint    ] Safepoint "Cleanup", Time since last: 1000150741 ns, Reaching safepoint: 620853 ns, At safepoint: 17265 ns, Total: 638118 ns
[2023-05-16T02:58:45.897+0000][6][safepoint    ] Safepoint "Cleanup", Time since last: 1000224554 ns, Reaching safepoint: 70146 ns, At safepoint: 4386 ns, Total: 74532 ns
[2023-05-16T02:58:46.897+0000][6][safepoint    ] Safepoint "Cleanup", Time since last: 1000098011 ns, Reaching safepoint: 99656 ns, At safepoint: 3896 ns, Total: 103552 ns
[2023-05-16T02:58:47.897+0000][6][safepoint    ] Safepoint "Cleanup", Time since last: 1000119981 ns, Reaching safepoint: 69324 ns, At safepoint: 4930 ns, Total: 74254 ns
[2023-05-16T02:58:48.898+0000][6][safepoint    ] Safepoint "Cleanup", Time since last: 1000114533 ns, Reaching safepoint: 358698 ns, At safepoint: 8282 ns, Total: 366980 ns
[2023-05-16T02:58:49.898+0000][6][safepoint    ] Safepoint "Cleanup", Time since last: 1000260112 ns, Reaching safepoint: 64823 ns, At safepoint: 3190 ns, Total: 68013 ns
[2023-05-16T02:58:50.899+0000][6][safepoint    ] Safepoint "Cleanup", Time since last: 1000162188 ns, Reaching safepoint: 363758 ns, At safepoint: 8489 ns, Total: 372247 ns
[2023-05-16T02:58:51.899+0000][6][safepoint    ] Safepoint "Cleanup", Time since last: 1000296876 ns, Reaching safepoint: 229434 ns, At safepoint: 3530 ns, Total: 232964 ns
[2023-05-16T02:58:53.012+0000][6][safepoint    ] Safepoint "Cleanup", Time since last: 1112784804 ns, Reaching safepoint: 71287 ns, At safepoint: 3269 ns, Total: 74556 ns
[2023-05-16T02:58:54.012+0000][6][safepoint    ] Safepoint "Cleanup", Time since last: 1000104315 ns, Reaching safepoint: 172638 ns, At safepoint: 7260 ns, Total: 179898 ns
[2023-05-16T02:58:55.013+0000][6][safepoint    ] Safepoint "Cleanup", Time since last: 1000117074 ns, Reaching safepoint: 298780 ns, At safepoint: 9021 ns, Total: 307801 ns
[2023-05-16T02:58:56.013+0000][6][safepoint    ] Safepoint "Cleanup", Time since last: 1000215278 ns, Reaching safepoint: 110228 ns, At safepoint: 5720 ns, Total: 115948 ns
[2023-05-16T02:58:57.013+0000][6][safepoint    ] Safepoint "Cleanup", Time since last: 1000087161 ns, Reaching safepoint: 68434 ns, At safepoint: 4199 ns, Total: 72633 ns
[2023-05-16T02:58:58.013+0000][6][safepoint    ] Safepoint "Cleanup", Time since last: 1000088877 ns, Reaching safepoint: 74741 ns, At safepoint: 4285 ns, Total: 79026 ns
[2023-05-16T02:58:59.014+0000][6][safepoint    ] Safepoint "Cleanup", Time since last: 1000102572 ns, Reaching safepoint: 237044 ns, At safepoint: 10391 ns, Total: 247435 ns
[2023-05-16T02:59:00.014+0000][6][safepoint    ] Safepoint "Cleanup", Time since last: 1000189339 ns, Reaching safepoint: 76027 ns, At safepoint: 3851 ns, Total: 79878 ns
[2023-05-16T02:59:01.014+0000][6][safepoint    ] Safepoint "Cleanup", Time since last: 1000119831 ns, Reaching safepoint: 71053 ns, At safepoint: 4308 ns, Total: 75361 ns
[2023-05-16T02:59:02.014+0000][6][safepoint    ] Safepoint "Cleanup", Time since last: 1000119313 ns, Reaching safepoint: 68966 ns, At safepoint: 2532 ns, Total: 71498 ns
[2023-05-16T02:59:03.015+0000][6][safepoint    ] Safepoint "Cleanup", Time since last: 1000159690 ns, Reaching safepoint: 327748 ns, At safepoint: 9008 ns, Total: 336756 ns
[2023-05-16T02:59:04.016+0000][6][safepoint    ] Safepoint "Cleanup", Time since last: 1000397418 ns, Reaching safepoint: 354819 ns, At safepoint: 10989 ns, Total: 365808 ns
[2023-05-16T02:59:05.016+0000][6][safepoint    ] Safepoint "Cleanup", Time since last: 1000242939 ns, Reaching safepoint: 65052 ns, At safepoint: 3280 ns, Total: 68332 ns
[2023-05-16T02:59:06.016+0000][6][safepoint    ] Safepoint "Cleanup", Time since last: 1000089252 ns, Reaching safepoint: 65729 ns, At safepoint: 2628 ns, Total: 68357 ns
[2023-05-16T02:59:07.016+0000][6][safepoint    ] Safepoint "Cleanup", Time since last: 1000087763 ns, Reaching safepoint: 77072 ns, At safepoint: 3099 ns, Total: 80171 ns
[2023-05-16T02:59:08.016+0000][6][safepoint    ] Safepoint "Cleanup", Time since last: 1000108359 ns, Reaching safepoint: 104219 ns, At safepoint: 3348 ns, Total: 107567 ns
[2023-05-16T02:59:09.017+0000][6][safepoint    ] Safepoint "Cleanup", Time since last: 1000118336 ns, Reaching safepoint: 89918 ns, At safepoint: 3239 ns, Total: 93157 ns
[2023-05-16T02:59:10.017+0000][6][safepoint    ] Safepoint "Cleanup", Time since last: 1000119200 ns, Reaching safepoint: 62053 ns, At safepoint: 3691 ns, Total: 65744 ns
[2023-05-16T02:59:11.017+0000][6][safepoint    ] Safepoint "Cleanup", Time since last: 1000097263 ns, Reaching safepoint: 168991 ns, At safepoint: 4570 ns, Total: 173561 ns
[2023-05-16T02:59:12.017+0000][6][safepoint    ] Safepoint "Cleanup", Time since last: 1000116905 ns, Reaching safepoint: 103361 ns, At safepoint: 6669 ns, Total: 110030 ns
[2023-05-16T02:59:13.020+0000][6][safepoint    ] Safepoint "Cleanup", Time since last: 1000108741 ns, Reaching safepoint: 2229275 ns, At safepoint: 3051 ns, Total: 2232326 ns
[2023-05-16T02:59:14.021+0000][6][safepoint    ] Safepoint "Cleanup", Time since last: 1000404391 ns, Reaching safepoint: 818010 ns, At safepoint: 12467 ns, Total: 830477 ns
[2023-05-16T02:59:15.021+0000][6][safepoint    ] Safepoint "Cleanup", Time since last: 1000336349 ns, Reaching safepoint: 101188 ns, At safepoint: 3302 ns, Total: 104490 ns
[2023-05-16T02:59:16.022+0000][6][safepoint    ] Safepoint "Cleanup", Time since last: 1000110229 ns, Reaching safepoint: 108715 ns, At safepoint: 4217 ns, Total: 112932 ns
[2023-05-16T02:59:17.022+0000][6][safepoint    ] Safepoint "Cleanup", Time since last: 1000133159 ns, Reaching safepoint: 183483 ns, At safepoint: 4177 ns, Total: 187660 ns
[2023-05-16T02:59:18.862+0000][6][safepoint    ] Safepoint "Cleanup", Time since last: 1839669877 ns, Reaching safepoint: 157522 ns, At safepoint: 4387 ns, Total: 161909 ns
[2023-05-16T02:59:19.862+0000][6][safepoint    ] Safepoint "Cleanup", Time since last: 1000128590 ns, Reaching safepoint: 71894 ns, At safepoint: 3267 ns, Total: 75161 ns
[2023-05-16T02:59:20.862+0000][6][safepoint    ] Safepoint "Cleanup", Time since last: 1000108325 ns, Reaching safepoint: 246762 ns, At safepoint: 11179 ns, Total: 257941 ns
[2023-05-16T02:59:21.863+0000][6][safepoint    ] Safepoint "Cleanup", Time since last: 1000290050 ns, Reaching safepoint: 180597 ns, At safepoint: 6752 ns, Total: 187349 ns
[2023-05-16T02:59:22.863+0000][6][safepoint    ] Safepoint "Cleanup", Time since last: 1000180746 ns, Reaching safepoint: 417535 ns, At safepoint: 11904 ns, Total: 429439 ns
[2023-05-16T02:59:23.864+0000][6][safepoint    ] Safepoint "Cleanup", Time since last: 1000290546 ns, Reaching safepoint: 302719 ns, At safepoint: 6052 ns, Total: 308771 ns
[2023-05-16T02:59:24.864+0000][6][safepoint    ] Safepoint "Cleanup", Time since last: 1000209460 ns, Reaching safepoint: 78458 ns, At safepoint: 3188 ns, Total: 81646 ns
[2023-05-16T02:59:25.865+0000][6][safepoint    ] Safepoint "Cleanup", Time since last: 1000107037 ns, Reaching safepoint: 116137 ns, At safepoint: 4127 ns, Total: 120264 ns
[2023-05-16T02:59:26.865+0000][6][safepoint    ] Safepoint "Cleanup", Time since last: 1000164148 ns, Reaching safepoint: 416154 ns, At safepoint: 12045 ns, Total: 428199 ns
[2023-05-16T02:59:27.866+0000][6][safepoint    ] Safepoint "Cleanup", Time since last: 1000261287 ns, Reaching safepoint: 328440 ns, At safepoint: 8742 ns, Total: 337182 ns
[2023-05-16T02:59:28.866+0000][6][safepoint    ] Safepoint "Cleanup", Time since last: 1000248363 ns, Reaching safepoint: 362662 ns, At safepoint: 7322 ns, Total: 369984 ns
[2023-05-16T02:59:29.867+0000][6][safepoint    ] Safepoint "Cleanup", Time since last: 1000304845 ns, Reaching safepoint: 352112 ns, At safepoint: 7352 ns, Total: 359464 ns
[2023-05-16T02:59:30.867+0000][6][safepoint    ] Safepoint "Cleanup", Time since last: 1000202697 ns, Reaching safepoint: 92418 ns, At safepoint: 4484 ns, Total: 96902 ns
[2023-05-16T02:59:31.868+0000][6][safepoint    ] Safepoint "Cleanup", Time since last: 1000103077 ns, Reaching safepoint: 316793 ns, At safepoint: 7478 ns, Total: 324271 ns
[2023-05-16T02:59:32.868+0000][6][safepoint    ] Safepoint "Cleanup", Time since last: 1000178401 ns, Reaching safepoint: 81898 ns, At safepoint: 4292 ns, Total: 86190 ns
[2023-05-16T02:59:33.868+0000][6][safepoint    ] Safepoint "Cleanup", Time since last: 1000091111 ns, Reaching safepoint: 79998 ns, At safepoint: 4936 ns, Total: 84934 ns
[2023-05-16T02:59:34.868+0000][6][safepoint    ] Safepoint "Cleanup", Time since last: 1000104849 ns, Reaching safepoint: 76311 ns, At safepoint: 3561 ns, Total: 79872 ns
[2023-05-16T02:59:35.869+0000][6][safepoint    ] Safepoint "Cleanup", Time since last: 1000130856 ns, Reaching safepoint: 261228 ns, At safepoint: 6158 ns, Total: 267386 ns
[2023-05-16T02:59:36.869+0000][6][safepoint    ] Safepoint "Cleanup", Time since last: 1000123909 ns, Reaching safepoint: 115149 ns, At safepoint: 5859 ns, Total: 121008 ns
[2023-05-16T02:59:37.869+0000][6][safepoint    ] Safepoint "Cleanup", Time since last: 1000135568 ns, Reaching safepoint: 64732 ns, At safepoint: 4472 ns, Total: 69204 ns
[2023-05-16T02:59:38.869+0000][6][safepoint    ] Safepoint "Cleanup", Time since last: 1000121752 ns, Reaching safepoint: 128010 ns, At safepoint: 4166 ns, Total: 132176 ns
[2023-05-16T02:59:39.870+0000][6][safepoint    ] Safepoint "Cleanup", Time since last: 1000113191 ns, Reaching safepoint: 63706 ns, At safepoint: 3095 ns, Total: 66801 ns
[2023-05-16T02:59:40.870+0000][6][safepoint    ] Safepoint "Cleanup", Time since last: 1000093269 ns, Reaching safepoint: 65701 ns, At safepoint: 3466 ns, Total: 69167 ns
[2023-05-16T02:59:41.870+0000][6][safepoint    ] Safepoint "Cleanup", Time since last: 1000112488 ns, Reaching safepoint: 123595 ns, At safepoint: 3554 ns, Total: 127149 ns
[2023-05-16T02:59:42.870+0000][6][safepoint    ] Safepoint "Cleanup", Time since last: 1000121632 ns, Reaching safepoint: 117759 ns, At safepoint: 5891 ns, Total: 123650 ns
[2023-05-16T02:59:43.871+0000][6][safepoint    ] Safepoint "Cleanup", Time since last: 1000111791 ns, Reaching safepoint: 90485 ns, At safepoint: 4407 ns, Total: 94892 ns
[2023-05-16T02:59:44.871+0000][6][safepoint    ] Safepoint "Cleanup", Time since last: 1000110038 ns, Reaching safepoint: 73462 ns, At safepoint: 3233 ns, Total: 76695 ns
[2023-05-16T02:59:45.871+0000][6][safepoint    ] Safepoint "Cleanup", Time since last: 1000090518 ns, Reaching safepoint: 71238 ns, At safepoint: 4354 ns, Total: 75592 ns
[2023-05-16T02:59:46.871+0000][6][safepoint    ] Safepoint "Cleanup", Time since last: 1000095654 ns, Reaching safepoint: 78162 ns, At safepoint: 3121 ns, Total: 81283 ns
[2023-05-16T02:59:47.882+0000][6][safepoint    ] Safepoint "Cleanup", Time since last: 1010419948 ns, Reaching safepoint: 150407 ns, At safepoint: 4448 ns, Total: 154855 ns
[2023-05-16T02:59:48.882+0000][6][safepoint    ] Safepoint "Cleanup", Time since last: 1000106775 ns, Reaching safepoint: 82949 ns, At safepoint: 3703 ns, Total: 86652 ns
[2023-05-16T02:59:49.882+0000][6][safepoint    ] Safepoint "Cleanup", Time since last: 1000099493 ns, Reaching safepoint: 134199 ns, At safepoint: 7996 ns, Total: 142195 ns
[2023-05-16T02:59:50.882+0000][6][safepoint    ] Safepoint "Cleanup", Time since last: 1000106352 ns, Reaching safepoint: 133203 ns, At safepoint: 3452 ns, Total: 136655 ns
[2023-05-16T02:59:51.883+0000][6][safepoint    ] Safepoint "Cleanup", Time since last: 1000188945 ns, Reaching safepoint: 411404 ns, At safepoint: 3779 ns, Total: 415183 ns
[2023-05-16T02:59:52.883+0000][6][safepoint    ] Safepoint "Cleanup", Time since last: 1000164448 ns, Reaching safepoint: 324079 ns, At safepoint: 5270 ns, Total: 329349 ns
[2023-05-16T02:59:53.884+0000][6][safepoint    ] Safepoint "Cleanup", Time since last: 1000058595 ns, Reaching safepoint: 76262 ns, At safepoint: 2725 ns, Total: 78987 ns
[2023-05-16T02:59:54.884+0000][6][safepoint    ] Safepoint "Cleanup", Time since last: 1000095799 ns, Reaching safepoint: 76127 ns, At safepoint: 3413 ns, Total: 79540 ns
[2023-05-16T02:59:55.884+0000][6][safepoint    ] Safepoint "Cleanup", Time since last: 1000103871 ns, Reaching safepoint: 172298 ns, At safepoint: 6994 ns, Total: 179292 ns
[2023-05-16T02:59:56.884+0000][6][safepoint    ] Safepoint "Cleanup", Time since last: 1000149073 ns, Reaching safepoint: 259812 ns, At safepoint: 4708 ns, Total: 264520 ns
[2023-05-16T02:59:57.885+0000][6][safepoint    ] Safepoint "Cleanup", Time since last: 1000127096 ns, Reaching safepoint: 87631 ns, At safepoint: 2955 ns, Total: 90586 ns
[2023-05-16T02:59:58.885+0000][6][safepoint    ] Safepoint "Cleanup", Time since last: 1000104811 ns, Reaching safepoint: 180468 ns, At safepoint: 6265 ns, Total: 186733 ns
[2023-05-16T02:59:59.886+0000][6][safepoint    ] Safepoint "Cleanup", Time since last: 1000190571 ns, Reaching safepoint: 519422 ns, At safepoint: 15136 ns, Total: 534558 ns
[2023-05-16T03:00:00.886+0000][6][safepoint    ] Safepoint "Cleanup", Time since last: 1000370139 ns, Reaching safepoint: 140504 ns, At safepoint: 5636 ns, Total: 146140 ns
[2023-05-16T03:00:01.886+0000][6][safepoint    ] Safepoint "Cleanup", Time since last: 1000124165 ns, Reaching safepoint: 156451 ns, At safepoint: 4371 ns, Total: 160822 ns
[2023-05-16T03:00:02.887+0000][6][safepoint    ] Safepoint "Cleanup", Time since last: 1000141976 ns, Reaching safepoint: 120624 ns, At safepoint: 3744 ns, Total: 124368 ns
[2023-05-16T03:00:03.887+0000][6][safepoint    ] Safepoint "Cleanup", Time since last: 1000103415 ns, Reaching safepoint: 95912 ns, At safepoint: 5305 ns, Total: 101217 ns
[2023-05-16T03:00:04.887+0000][6][safepoint    ] Safepoint "Cleanup", Time since last: 1000154802 ns, Reaching safepoint: 155771 ns, At safepoint: 4452 ns, Total: 160223 ns
[2023-05-16T03:00:05.887+0000][6][safepoint    ] Safepoint "Cleanup", Time since last: 1000134129 ns, Reaching safepoint: 115544 ns, At safepoint: 7289 ns, Total: 122833 ns
[2023-05-16T03:00:06.888+0000][6][safepoint    ] Safepoint "Cleanup", Time since last: 1000120413 ns, Reaching safepoint: 91870 ns, At safepoint: 5554 ns, Total: 97424 ns
[2023-05-16T03:00:07.888+0000][6][safepoint    ] Safepoint "Cleanup", Time since last: 1000119411 ns, Reaching safepoint: 167236 ns, At safepoint: 4848 ns, Total: 172084 ns
[2023-05-16T03:00:08.888+0000][6][safepoint    ] Safepoint "Cleanup", Time since last: 1000118118 ns, Reaching safepoint: 170569 ns, At safepoint: 6575 ns, Total: 177144 ns
[2023-05-16T03:00:09.889+0000][6][safepoint    ] Safepoint "Cleanup", Time since last: 1000123857 ns, Reaching safepoint: 136180 ns, At safepoint: 3144 ns, Total: 139324 ns
[2023-05-16T03:00:10.890+0000][6][safepoint    ] Safepoint "Cleanup", Time since last: 1000252247 ns, Reaching safepoint: 951709 ns, At safepoint: 31040 ns, Total: 982749 ns
[2023-05-16T03:00:11.891+0000][6][safepoint    ] Safepoint "Cleanup", Time since last: 1000356614 ns, Reaching safepoint: 784154 ns, At safepoint: 11135 ns, Total: 795289 ns
[2023-05-16T03:00:12.920+0000][6][safepoint    ] Safepoint "Cleanup", Time since last: 1000216895 ns, Reaching safepoint: 28789346 ns, At safepoint: 5734 ns, Total: 28795080 ns
[2023-05-16T03:00:13.920+0000][6][safepoint    ] Safepoint "Cleanup", Time since last: 1000107041 ns, Reaching safepoint: 192040 ns, At safepoint: 5698 ns, Total: 197738 ns
[2023-05-16T03:00:14.921+0000][6][safepoint    ] Safepoint "Cleanup", Time since last: 1000112228 ns, Reaching safepoint: 264744 ns, At safepoint: 4514 ns, Total: 269258 ns
[2023-05-16T03:00:15.921+0000][6][safepoint    ] Safepoint "Cleanup", Time since last: 1000256867 ns, Reaching safepoint: 179018 ns, At safepoint: 8845 ns, Total: 187863 ns
[2023-05-16T03:00:16.922+0000][6][safepoint    ] Safepoint "Cleanup", Time since last: 1000094245 ns, Reaching safepoint: 1038005 ns, At safepoint: 13743 ns, Total: 1051748 ns
[2023-05-16T03:00:17.923+0000][6][safepoint    ] Safepoint "Cleanup", Time since last: 1000397421 ns, Reaching safepoint: 442831 ns, At safepoint: 13187 ns, Total: 456018 ns
[2023-05-16T03:00:18.924+0000][6][safepoint    ] Safepoint "Cleanup", Time since last: 1000342947 ns, Reaching safepoint: 107445 ns, At safepoint: 3204 ns, Total: 110649 ns
[2023-05-16T03:00:19.924+0000][6][safepoint    ] Safepoint "Cleanup", Time since last: 1000112531 ns, Reaching safepoint: 283732 ns, At safepoint: 7503 ns, Total: 291235 ns
[2023-05-16T03:00:20.924+0000][6][safepoint    ] Safepoint "Cleanup", Time since last: 1000146863 ns, Reaching safepoint: 276013 ns, At safepoint: 4638 ns, Total: 280651 ns
[2023-05-16T03:00:21.925+0000][6][safepoint    ] Safepoint "Cleanup", Time since last: 1000277863 ns, Reaching safepoint: 478450 ns, At safepoint: 12665 ns, Total: 491115 ns
[2023-05-16T03:00:22.926+0000][6][safepoint    ] Safepoint "Cleanup", Time since last: 1000256758 ns, Reaching safepoint: 277181 ns, At safepoint: 10648 ns, Total: 287829 ns
[2023-05-16T03:00:23.926+0000][6][safepoint    ] Safepoint "Cleanup", Time since last: 1000164072 ns, Reaching safepoint: 466826 ns, At safepoint: 11594 ns, Total: 478420 ns
[2023-05-16T03:00:24.927+0000][6][safepoint    ] Safepoint "Cleanup", Time since last: 1000315286 ns, Reaching safepoint: 122276 ns, At safepoint: 2857 ns, Total: 125133 ns
[2023-05-16T03:00:25.927+0000][6][safepoint    ] Safepoint "Cleanup", Time since last: 1000094530 ns, Reaching safepoint: 152610 ns, At safepoint: 7578 ns, Total: 160188 ns
[2023-05-16T03:00:26.928+0000][6][safepoint    ] Safepoint "Cleanup", Time since last: 1000188313 ns, Reaching safepoint: 445515 ns, At safepoint: 9556 ns, Total: 455071 ns
[2023-05-16T03:00:27.928+0000][6][safepoint    ] Safepoint "Cleanup", Time since last: 1000313607 ns, Reaching safepoint: 164681 ns, At safepoint: 3796 ns, Total: 168477 ns
[2023-05-16T03:00:28.928+0000][6][safepoint    ] Safepoint "Cleanup", Time since last: 1000165475 ns, Reaching safepoint: 155597 ns, At safepoint: 3539 ns, Total: 159136 ns
[2023-05-16T03:00:29.929+0000][6][safepoint    ] Safepoint "Cleanup", Time since last: 1000213607 ns, Reaching safepoint: 565904 ns, At safepoint: 20514 ns, Total: 586418 ns
[2023-05-16T03:00:30.930+0000][6][safepoint    ] Safepoint "Cleanup", Time since last: 1000302714 ns, Reaching safepoint: 78143 ns, At safepoint: 2952 ns, Total: 81095 ns
[2023-05-16T03:00:31.930+0000][6][safepoint    ] Safepoint "Cleanup", Time since last: 1000097212 ns, Reaching safepoint: 107631 ns, At safepoint: 4101 ns, Total: 111732 ns
[2023-05-16T03:00:32.930+0000][6][safepoint    ] Safepoint "Cleanup", Time since last: 1000102513 ns, Reaching safepoint: 116682 ns, At safepoint: 5169 ns, Total: 121851 ns
[2023-05-16T03:00:33.930+0000][6][safepoint    ] Safepoint "Cleanup", Time since last: 1000094904 ns, Reaching safepoint: 88842 ns, At safepoint: 2980 ns, Total: 91822 ns
[2023-05-16T03:00:34.195+0000][6][gc,start     ] GC(20) Pause Young (Normal) (G1 Evacuation Pause)
[2023-05-16T03:00:34.195+0000][6][gc,task      ] GC(20) Using 8 workers of 8 for evacuation
[2023-05-16T03:00:34.195+0000][6][gc,age       ] GC(20) Desired survivor size 40370176 bytes, new threshold 7 (max threshold 15)
[2023-05-16T03:00:34.222+0000][6][gc,age       ] GC(20) Age table with threshold 7 (max threshold 15)
[2023-05-16T03:00:34.222+0000][6][gc,age       ] GC(20) - age   1:    9466368 bytes,    9466368 total
[2023-05-16T03:00:34.222+0000][6][gc,age       ] GC(20) - age   2:    6140408 bytes,   15606776 total
[2023-05-16T03:00:34.222+0000][6][gc,age       ] GC(20) - age   3:    6212968 bytes,   21819744 total
[2023-05-16T03:00:34.222+0000][6][gc,age       ] GC(20) - age   4:    6600512 bytes,   28420256 total
[2023-05-16T03:00:34.222+0000][6][gc,age       ] GC(20) - age   5:    6202328 bytes,   34622584 total
[2023-05-16T03:00:34.222+0000][6][gc,age       ] GC(20) - age   6:    6126584 bytes,   40749168 total
[2023-05-16T03:00:34.222+0000][6][gc,age       ] GC(20) - age   7:    3639656 bytes,   44388824 total
[2023-05-16T03:00:34.222+0000][6][gc,phases    ] GC(20)   Pre Evacuate Collection Set: 0.2ms
[2023-05-16T03:00:34.222+0000][6][gc,phases    ] GC(20)   Merge Heap Roots: 0.1ms
[2023-05-16T03:00:34.222+0000][6][gc,phases    ] GC(20)   Evacuate Collection Set: 24.8ms
[2023-05-16T03:00:34.222+0000][6][gc,phases    ] GC(20)   Post Evacuate Collection Set: 1.4ms
[2023-05-16T03:00:34.222+0000][6][gc,phases    ] GC(20)   Other: 0.3ms
[2023-05-16T03:00:34.222+0000][6][gc,heap      ] GC(20) Eden regions: 570->0(559)
[2023-05-16T03:00:34.222+0000][6][gc,heap      ] GC(20) Survivor regions: 44->47(77)
[2023-05-16T03:00:34.222+0000][6][gc,heap      ] GC(20) Old regions: 71->75
[2023-05-16T03:00:34.222+0000][6][gc,heap      ] GC(20) Archive regions: 2->2
[2023-05-16T03:00:34.222+0000][6][gc,heap      ] GC(20) Humongous regions: 55->38
[2023-05-16T03:00:34.222+0000][6][gc,metaspace ] GC(20) Metaspace: 96674K(104188K)->96674K(104188K) NonClass: 84061K(88464K)->84061K(88464K) Class: 12613K(15724K)->12613K(15724K)
[2023-05-16T03:00:34.222+0000][6][gc           ] GC(20) Pause Young (Normal) (G1 Evacuation Pause) 740M->159M(1024M) 26.896ms
[2023-05-16T03:00:34.222+0000][6][gc,cpu       ] GC(20) User=0.07s Sys=0.00s Real=0.03s
[2023-05-16T03:00:34.222+0000][6][safepoint    ] Safepoint "G1CollectForAllocation", Time since last: 264904870 ns, Reaching safepoint: 104909 ns, At safepoint: 26995046 ns, Total: 27099955 ns
[2023-05-16T03:00:35.223+0000][6][safepoint    ] Safepoint "Cleanup", Time since last: 1000079347 ns, Reaching safepoint: 163008 ns, At safepoint: 3667 ns, Total: 166675 ns
[2023-05-16T03:00:36.223+0000][6][safepoint    ] Safepoint "Cleanup", Time since last: 1000136888 ns, Reaching safepoint: 98872 ns, At safepoint: 3849 ns, Total: 102721 ns
[2023-05-16T03:00:37.223+0000][6][safepoint    ] Safepoint "Cleanup", Time since last: 1000104747 ns, Reaching safepoint: 132840 ns, At safepoint: 4668 ns, Total: 137508 ns
[2023-05-16T03:00:38.223+0000][6][safepoint    ] Safepoint "Cleanup", Time since last: 1000117767 ns, Reaching safepoint: 91652 ns, At safepoint: 4365 ns, Total: 96017 ns
[2023-05-16T03:00:39.223+0000][6][safepoint    ] Safepoint "Cleanup", Time since last: 1000103477 ns, Reaching safepoint: 108282 ns, At safepoint: 3697 ns, Total: 111979 ns
[2023-05-16T03:00:40.224+0000][6][safepoint    ] Safepoint "Cleanup", Time since last: 1000168732 ns, Reaching safepoint: 438980 ns, At safepoint: 18821 ns, Total: 457801 ns
[2023-05-16T03:00:41.224+0000][6][safepoint    ] Safepoint "Cleanup", Time since last: 1000324887 ns, Reaching safepoint: 101223 ns, At safepoint: 3392 ns, Total: 104615 ns
[2023-05-16T03:00:42.225+0000][6][safepoint    ] Safepoint "Cleanup", Time since last: 1000141065 ns, Reaching safepoint: 269848 ns, At safepoint: 7448 ns, Total: 277296 ns
[2023-05-16T03:00:43.226+0000][6][safepoint    ] Safepoint "Cleanup", Time since last: 1000304109 ns, Reaching safepoint: 833967 ns, At safepoint: 17721 ns, Total: 851688 ns
[2023-05-16T03:00:44.227+0000][6][safepoint    ] Safepoint "Cleanup", Time since last: 1000312689 ns, Reaching safepoint: 172031 ns, At safepoint: 5220 ns, Total: 177251 ns
[2023-05-16T03:00:45.227+0000][6][safepoint    ] Safepoint "Cleanup", Time since last: 1000229576 ns, Reaching safepoint: 594972 ns, At safepoint: 11824 ns, Total: 606796 ns
[2023-05-16T03:00:46.228+0000][6][safepoint    ] Safepoint "Cleanup", Time since last: 1000424816 ns, Reaching safepoint: 527175 ns, At safepoint: 9943 ns, Total: 537118 ns
[2023-05-16T03:00:47.229+0000][6][safepoint    ] Safepoint "Cleanup", Time since last: 1000264274 ns, Reaching safepoint: 147780 ns, At safepoint: 6087 ns, Total: 153867 ns
[2023-05-16T03:00:48.229+0000][6][safepoint    ] Safepoint "Cleanup", Time since last: 1000101518 ns, Reaching safepoint: 134209 ns, At safepoint: 5204 ns, Total: 139413 ns
[2023-05-16T03:00:49.230+0000][6][safepoint    ] Safepoint "Cleanup", Time since last: 1000139666 ns, Reaching safepoint: 379320 ns, At safepoint: 8935 ns, Total: 388255 ns
[2023-05-16T03:00:50.230+0000][6][safepoint    ] Safepoint "Cleanup", Time since last: 1000180222 ns, Reaching safepoint: 231977 ns, At safepoint: 9491 ns, Total: 241468 ns
[2023-05-16T03:00:51.230+0000][6][safepoint    ] Safepoint "Cleanup", Time since last: 1000243451 ns, Reaching safepoint: 73048 ns, At safepoint: 4510 ns, Total: 77558 ns
[2023-05-16T03:00:52.230+0000][6][safepoint    ] Safepoint "Cleanup", Time since last: 1000093438 ns, Reaching safepoint: 75307 ns, At safepoint: 3553 ns, Total: 78860 ns
[2023-05-16T03:00:53.231+0000][6][safepoint    ] Safepoint "Cleanup", Time since last: 1000091742 ns, Reaching safepoint: 76014 ns, At safepoint: 3286 ns, Total: 79300 ns
[2023-05-16T03:00:54.231+0000][6][safepoint    ] Safepoint "Cleanup", Time since last: 1000094879 ns, Reaching safepoint: 76627 ns, At safepoint: 3103 ns, Total: 79730 ns
[2023-05-16T03:00:55.231+0000][6][safepoint    ] Safepoint "Cleanup", Time since last: 1000088463 ns, Reaching safepoint: 65902 ns, At safepoint: 3113 ns, Total: 69015 ns
[2023-05-16T03:00:56.231+0000][6][safepoint    ] Safepoint "Cleanup", Time since last: 1000096609 ns, Reaching safepoint: 78883 ns, At safepoint: 2918 ns, Total: 81801 ns
[2023-05-16T03:00:57.231+0000][6][safepoint    ] Safepoint "Cleanup", Time since last: 1000093797 ns, Reaching safepoint: 73753 ns, At safepoint: 4058 ns, Total: 77811 ns
[2023-05-16T03:00:58.231+0000][6][safepoint    ] Safepoint "Cleanup", Time since last: 1000094398 ns, Reaching safepoint: 75336 ns, At safepoint: 3950 ns, Total: 79286 ns
[2023-05-16T03:00:59.232+0000][6][safepoint    ] Safepoint "Cleanup", Time since last: 1000229441 ns, Reaching safepoint: 572649 ns, At safepoint: 12510 ns, Total: 585159 ns
[2023-05-16T03:01:00.233+0000][6][safepoint    ] Safepoint "Cleanup", Time since last: 1000311810 ns, Reaching safepoint: 118514 ns, At safepoint: 3546 ns, Total: 122060 ns
[2023-05-16T03:01:01.233+0000][6][safepoint    ] Safepoint "Cleanup", Time since last: 1000154513 ns, Reaching safepoint: 509824 ns, At safepoint: 9211 ns, Total: 519035 ns
[2023-05-16T03:01:02.234+0000][6][safepoint    ] Safepoint "Cleanup", Time since last: 1000277809 ns, Reaching safepoint: 162901 ns, At safepoint: 3212 ns, Total: 166113 ns
[2023-05-16T03:01:03.234+0000][6][safepoint    ] Safepoint "Cleanup", Time since last: 1000105987 ns, Reaching safepoint: 80873 ns, At safepoint: 5931 ns, Total: 86804 ns
[2023-05-16T03:01:04.234+0000][6][safepoint    ] Safepoint "Cleanup", Time since last: 1000122459 ns, Reaching safepoint: 68021 ns, At safepoint: 3847 ns, Total: 71868 ns
[2023-05-16T03:01:05.235+0000][6][safepoint    ] Safepoint "Cleanup", Time since last: 1000144120 ns, Reaching safepoint: 390076 ns, At safepoint: 7770 ns, Total: 397846 ns
[2023-05-16T03:01:06.235+0000][6][safepoint    ] Safepoint "Cleanup", Time since last: 1000275641 ns, Reaching safepoint: 135231 ns, At safepoint: 3122 ns, Total: 138353 ns
[2023-05-16T03:01:07.236+0000][6][safepoint    ] Safepoint "Cleanup", Time since last: 1000188648 ns, Reaching safepoint: 733282 ns, At safepoint: 22184 ns, Total: 755466 ns
[2023-05-16T03:01:08.237+0000][6][safepoint    ] Safepoint "Cleanup", Time since last: 1000412069 ns, Reaching safepoint: 817655 ns, At safepoint: 9310 ns, Total: 826965 ns
[2023-05-16T03:01:09.497+0000][6][safepoint    ] Safepoint "Cleanup", Time since last: 1259418446 ns, Reaching safepoint: 87489 ns, At safepoint: 2849 ns, Total: 90338 ns
[2023-05-16T03:01:10.497+0000][6][safepoint    ] Safepoint "Cleanup", Time since last: 1000123678 ns, Reaching safepoint: 346941 ns, At safepoint: 13050 ns, Total: 359991 ns
[2023-05-16T03:01:11.498+0000][6][safepoint    ] Safepoint "Cleanup", Time since last: 1000183982 ns, Reaching safepoint: 99592 ns, At safepoint: 3529 ns, Total: 103121 ns
[2023-05-16T03:01:12.498+0000][6][safepoint    ] Safepoint "Cleanup", Time since last: 1000059352 ns, Reaching safepoint: 109126 ns, At safepoint: 5588 ns, Total: 114714 ns
[2023-05-16T03:01:13.498+0000][6][safepoint    ] Safepoint "Cleanup", Time since last: 1000109755 ns, Reaching safepoint: 164023 ns, At safepoint: 4432 ns, Total: 168455 ns
[2023-05-16T03:01:14.499+0000][6][safepoint    ] Safepoint "Cleanup", Time since last: 1000145247 ns, Reaching safepoint: 332228 ns, At safepoint: 12156 ns, Total: 344384 ns
[2023-05-16T03:01:15.499+0000][6][safepoint    ] Safepoint "Cleanup", Time since last: 1000193367 ns, Reaching safepoint: 173681 ns, At safepoint: 3399 ns, Total: 177080 ns
[2023-05-16T03:01:16.500+0000][6][safepoint    ] Safepoint "Cleanup", Time since last: 1000175634 ns, Reaching safepoint: 747611 ns, At safepoint: 9372 ns, Total: 756983 ns
[2023-05-16T03:01:17.501+0000][6][safepoint    ] Safepoint "Cleanup", Time since last: 1000319244 ns, Reaching safepoint: 408362 ns, At safepoint: 12282 ns, Total: 420644 ns
[2023-05-16T03:01:18.501+0000][6][safepoint    ] Safepoint "Cleanup", Time since last: 1000277507 ns, Reaching safepoint: 109414 ns, At safepoint: 6328 ns, Total: 115742 ns
[2023-05-16T03:01:19.501+0000][6][safepoint    ] Safepoint "Cleanup", Time since last: 1000109574 ns, Reaching safepoint: 121670 ns, At safepoint: 4302 ns, Total: 125972 ns
[2023-05-16T03:01:20.502+0000][6][safepoint    ] Safepoint "Cleanup", Time since last: 1000127220 ns, Reaching safepoint: 519159 ns, At safepoint: 5633 ns, Total: 524792 ns
[2023-05-16T03:01:21.502+0000][6][safepoint    ] Safepoint "Cleanup", Time since last: 1000212558 ns, Reaching safepoint: 240443 ns, At safepoint: 6672 ns, Total: 247115 ns
[2023-05-16T03:01:22.503+0000][6][safepoint    ] Safepoint "Cleanup", Time since last: 1000143921 ns, Reaching safepoint: 573418 ns, At safepoint: 4978 ns, Total: 578396 ns
[2023-05-16T03:01:23.504+0000][6][safepoint    ] Safepoint "Cleanup", Time since last: 1000291387 ns, Reaching safepoint: 125292 ns, At safepoint: 4004 ns, Total: 129296 ns
[2023-05-16T03:01:24.504+0000][6][safepoint    ] Safepoint "Cleanup", Time since last: 1000115212 ns, Reaching safepoint: 164222 ns, At safepoint: 4817 ns, Total: 169039 ns
[2023-05-16T03:01:25.504+0000][6][safepoint    ] Safepoint "Cleanup", Time since last: 1000105037 ns, Reaching safepoint: 138157 ns, At safepoint: 6729 ns, Total: 144886 ns
[2023-05-16T03:01:26.504+0000][6][safepoint    ] Safepoint "Cleanup", Time since last: 1000118038 ns, Reaching safepoint: 91384 ns, At safepoint: 3337 ns, Total: 94721 ns
[2023-05-16T03:01:27.505+0000][6][safepoint    ] Safepoint "Cleanup", Time since last: 1000113052 ns, Reaching safepoint: 292260 ns, At safepoint: 5527 ns, Total: 297787 ns
[2023-05-16T03:01:28.505+0000][6][safepoint    ] Safepoint "Cleanup", Time since last: 1000098213 ns, Reaching safepoint: 75952 ns, At safepoint: 3451 ns, Total: 79403 ns
[2023-05-16T03:01:29.505+0000][6][safepoint    ] Safepoint "Cleanup", Time since last: 1000166353 ns, Reaching safepoint: 372656 ns, At safepoint: 11234 ns, Total: 383890 ns
[2023-05-16T03:01:30.506+0000][6][safepoint    ] Safepoint "Cleanup", Time since last: 1000230862 ns, Reaching safepoint: 74151 ns, At safepoint: 4621 ns, Total: 78772 ns
[2023-05-16T03:01:31.506+0000][6][safepoint    ] Safepoint "Cleanup", Time since last: 1000123675 ns, Reaching safepoint: 412852 ns, At safepoint: 11368 ns, Total: 424220 ns
[2023-05-16T03:01:32.507+0000][6][safepoint    ] Safepoint "Cleanup", Time since last: 1000154069 ns, Reaching safepoint: 122135 ns, At safepoint: 3075 ns, Total: 125210 ns
[2023-05-16T03:01:33.507+0000][6][safepoint    ] Safepoint "Cleanup", Time since last: 1000177056 ns, Reaching safepoint: 571493 ns, At safepoint: 20247 ns, Total: 591740 ns
[2023-05-16T03:01:34.508+0000][6][safepoint    ] Safepoint "Cleanup", Time since last: 1000306051 ns, Reaching safepoint: 419030 ns, At safepoint: 6343 ns, Total: 425373 ns
[2023-05-16T03:01:35.509+0000][6][safepoint    ] Safepoint "Cleanup", Time since last: 1000278635 ns, Reaching safepoint: 513599 ns, At safepoint: 4931 ns, Total: 518530 ns
[2023-05-16T03:01:36.509+0000][6][safepoint    ] Safepoint "Cleanup", Time since last: 1000158619 ns, Reaching safepoint: 124839 ns, At safepoint: 3326 ns, Total: 128165 ns
[2023-05-16T03:01:37.509+0000][6][safepoint    ] Safepoint "Cleanup", Time since last: 1000117882 ns, Reaching safepoint: 138155 ns, At safepoint: 4746 ns, Total: 142901 ns
[2023-05-16T03:01:38.510+0000][6][safepoint    ] Safepoint "Cleanup", Time since last: 1000194050 ns, Reaching safepoint: 620491 ns, At safepoint: 13699 ns, Total: 634190 ns
[2023-05-16T03:01:39.511+0000][6][safepoint    ] Safepoint "Cleanup", Time since last: 1000404311 ns, Reaching safepoint: 115635 ns, At safepoint: 5227 ns, Total: 120862 ns
[2023-05-16T03:01:40.511+0000][6][safepoint    ] Safepoint "Cleanup", Time since last: 1000105039 ns, Reaching safepoint: 102428 ns, At safepoint: 3466 ns, Total: 105894 ns
[2023-05-16T03:01:41.511+0000][6][safepoint    ] Safepoint "Cleanup", Time since last: 1000106328 ns, Reaching safepoint: 131105 ns, At safepoint: 3992 ns, Total: 135097 ns
[2023-05-16T03:01:42.511+0000][6][safepoint    ] Safepoint "Cleanup", Time since last: 1000097685 ns, Reaching safepoint: 93124 ns, At safepoint: 3159 ns, Total: 96283 ns
[2023-05-16T03:01:43.512+0000][6][safepoint    ] Safepoint "Cleanup", Time since last: 1000145530 ns, Reaching safepoint: 381907 ns, At safepoint: 10555 ns, Total: 392462 ns
[2023-05-16T03:01:44.512+0000][6][safepoint    ] Safepoint "Cleanup", Time since last: 1000343432 ns, Reaching safepoint: 102707 ns, At safepoint: 4509 ns, Total: 107216 ns
[2023-05-16T03:01:45.513+0000][6][safepoint    ] Safepoint "Cleanup", Time since last: 1000107783 ns, Reaching safepoint: 117199 ns, At safepoint: 3363 ns, Total: 120562 ns
[2023-05-16T03:01:47.326+0000][6][safepoint    ] Safepoint "Cleanup", Time since last: 1813117112 ns, Reaching safepoint: 105426 ns, At safepoint: 3362 ns, Total: 108788 ns
[2023-05-16T03:01:48.326+0000][6][safepoint    ] Safepoint "Cleanup", Time since last: 1000122689 ns, Reaching safepoint: 120159 ns, At safepoint: 9710 ns, Total: 129869 ns
[2023-05-16T03:01:49.326+0000][6][safepoint    ] Safepoint "Cleanup", Time since last: 1000100945 ns, Reaching safepoint: 105458 ns, At safepoint: 2970 ns, Total: 108428 ns
[2023-05-16T03:01:50.327+0000][6][safepoint    ] Safepoint "Cleanup", Time since last: 1000107649 ns, Reaching safepoint: 173364 ns, At safepoint: 4323 ns, Total: 177687 ns
[2023-05-16T03:01:51.327+0000][6][safepoint    ] Safepoint "Cleanup", Time since last: 1000114286 ns, Reaching safepoint: 310063 ns, At safepoint: 7015 ns, Total: 317078 ns
[2023-05-16T03:01:52.327+0000][6][safepoint    ] Safepoint "Cleanup", Time since last: 1000140374 ns, Reaching safepoint: 73756 ns, At safepoint: 2767 ns, Total: 76523 ns
[2023-05-16T03:01:53.327+0000][6][safepoint    ] Safepoint "Cleanup", Time since last: 1000055334 ns, Reaching safepoint: 117427 ns, At safepoint: 6635 ns, Total: 124062 ns
[2023-05-16T03:01:54.328+0000][6][safepoint    ] Safepoint "Cleanup", Time since last: 1000113453 ns, Reaching safepoint: 104435 ns, At safepoint: 5101 ns, Total: 109536 ns
[2023-05-16T03:01:55.328+0000][6][safepoint    ] Safepoint "Cleanup", Time since last: 1000164885 ns, Reaching safepoint: 115506 ns, At safepoint: 4749 ns, Total: 120255 ns
[2023-05-16T03:01:56.328+0000][6][safepoint    ] Safepoint "Cleanup", Time since last: 1000106722 ns, Reaching safepoint: 109803 ns, At safepoint: 4138 ns, Total: 113941 ns
[2023-05-16T03:01:57.329+0000][6][safepoint    ] Safepoint "Cleanup", Time since last: 1000176199 ns, Reaching safepoint: 514900 ns, At safepoint: 8951 ns, Total: 523851 ns
[2023-05-16T03:01:58.330+0000][6][safepoint    ] Safepoint "Cleanup", Time since last: 1000304203 ns, Reaching safepoint: 508789 ns, At safepoint: 15088 ns, Total: 523877 ns
[2023-05-16T03:02:22.332+0000][6][safepoint    ] Safepoint "Cleanup", Time since last: 24002249854 ns, Reaching safepoint: 97918 ns, At safepoint: 3743 ns, Total: 101661 ns
[2023-05-16T03:02:40.334+0000][6][safepoint    ] Safepoint "Cleanup", Time since last: 18001775240 ns, Reaching safepoint: 157615 ns, At safepoint: 3863 ns, Total: 161478 ns
[2023-05-16T03:02:42.334+0000][6][safepoint    ] Safepoint "Cleanup", Time since last: 2000202493 ns, Reaching safepoint: 93334 ns, At safepoint: 5008 ns, Total: 98342 ns
[2023-05-16T03:02:43.435+0000][6][gc,start     ] GC(21) Pause Young (Normal) (G1 Evacuation Pause)
[2023-05-16T03:02:43.435+0000][6][gc,task      ] GC(21) Using 8 workers of 8 for evacuation
[2023-05-16T03:02:43.435+0000][6][gc,age       ] GC(21) Desired survivor size 39845888 bytes, new threshold 6 (max threshold 15)
[2023-05-16T03:02:43.459+0000][6][gc,age       ] GC(21) Age table with threshold 6 (max threshold 15)
[2023-05-16T03:02:43.460+0000][6][gc,age       ] GC(21) - age   1:    8712240 bytes,    8712240 total
[2023-05-16T03:02:43.460+0000][6][gc,age       ] GC(21) - age   2:    4548432 bytes,   13260672 total
[2023-05-16T03:02:43.460+0000][6][gc,age       ] GC(21) - age   3:    6125320 bytes,   19385992 total
[2023-05-16T03:02:43.460+0000][6][gc,age       ] GC(21) - age   4:    6212784 bytes,   25598776 total
[2023-05-16T03:02:43.460+0000][6][gc,age       ] GC(21) - age   5:    6600512 bytes,   32199288 total
[2023-05-16T03:02:43.460+0000][6][gc,age       ] GC(21) - age   6:    6202328 bytes,   38401616 total
[2023-05-16T03:02:43.460+0000][6][gc,phases    ] GC(21)   Pre Evacuate Collection Set: 0.1ms
[2023-05-16T03:02:43.460+0000][6][gc,phases    ] GC(21)   Merge Heap Roots: 0.1ms
[2023-05-16T03:02:43.460+0000][6][gc,phases    ] GC(21)   Evacuate Collection Set: 21.0ms
[2023-05-16T03:02:43.460+0000][6][gc,phases    ] GC(21)   Post Evacuate Collection Set: 2.6ms
[2023-05-16T03:02:43.460+0000][6][gc,phases    ] GC(21)   Other: 0.4ms
[2023-05-16T03:02:43.460+0000][6][gc,heap      ] GC(21) Eden regions: 559->0(559)
[2023-05-16T03:02:43.460+0000][6][gc,heap      ] GC(21) Survivor regions: 47->40(76)
[2023-05-16T03:02:43.460+0000][6][gc,heap      ] GC(21) Old regions: 75->84
[2023-05-16T03:02:43.460+0000][6][gc,heap      ] GC(21) Archive regions: 2->2
[2023-05-16T03:02:43.460+0000][6][gc,heap      ] GC(21) Humongous regions: 57->43
[2023-05-16T03:02:43.460+0000][6][gc,metaspace ] GC(21) Metaspace: 96678K(104188K)->96678K(104188K) NonClass: 84065K(88464K)->84065K(88464K) Class: 12613K(15724K)->12613K(15724K)
[2023-05-16T03:02:43.460+0000][6][gc           ] GC(21) Pause Young (Normal) (G1 Evacuation Pause) 737M->167M(1024M) 24.373ms
[2023-05-16T03:02:43.460+0000][6][gc,cpu       ] GC(21) User=0.07s Sys=0.00s Real=0.02s
[2023-05-16T03:02:43.460+0000][6][safepoint    ] Safepoint "G1CollectForAllocation", Time since last: 1100824667 ns, Reaching safepoint: 301702 ns, At safepoint: 24524090 ns, Total: 24825792 ns
[2023-05-16T03:02:45.460+0000][6][safepoint    ] Safepoint "Cleanup", Time since last: 2000189490 ns, Reaching safepoint: 139317 ns, At safepoint: 3167 ns, Total: 142484 ns
[2023-05-16T03:02:51.461+0000][6][safepoint    ] Safepoint "Cleanup", Time since last: 6000599773 ns, Reaching safepoint: 160359 ns, At safepoint: 3912 ns, Total: 164271 ns
[2023-05-16T03:02:52.461+0000][6][safepoint    ] Safepoint "Cleanup", Time since last: 1000127865 ns, Reaching safepoint: 191790 ns, At safepoint: 3770 ns, Total: 195560 ns
[2023-05-16T03:03:31.465+0000][6][safepoint    ] Safepoint "Cleanup", Time since last: 39003110380 ns, Reaching safepoint: 122477 ns, At safepoint: 6218 ns, Total: 128695 ns
[2023-05-16T03:03:32.466+0000][6][safepoint    ] Safepoint "Cleanup", Time since last: 1000374383 ns, Reaching safepoint: 825486 ns, At safepoint: 24629 ns, Total: 850115 ns
[2023-05-16T03:03:33.466+0000][6][safepoint    ] Safepoint "Cleanup", Time since last: 1000271798 ns, Reaching safepoint: 159969 ns, At safepoint: 4336 ns, Total: 164305 ns
[2023-05-16T03:03:34.466+0000][6][safepoint    ] Safepoint "Cleanup", Time since last: 1000099817 ns, Reaching safepoint: 116285 ns, At safepoint: 3760 ns, Total: 120045 ns
[2023-05-16T03:03:35.467+0000][6][safepoint    ] Safepoint "Cleanup", Time since last: 1000110915 ns, Reaching safepoint: 118792 ns, At safepoint: 6243 ns, Total: 125035 ns
[2023-05-16T03:03:36.467+0000][6][safepoint    ] Safepoint "Cleanup", Time since last: 1000134995 ns, Reaching safepoint: 315038 ns, At safepoint: 9983 ns, Total: 325021 ns
[2023-05-16T03:03:37.468+0000][6][safepoint    ] Safepoint "Cleanup", Time since last: 1000221935 ns, Reaching safepoint: 437421 ns, At safepoint: 8196 ns, Total: 445617 ns
[2023-05-16T03:03:38.469+0000][6][safepoint    ] Safepoint "Cleanup", Time since last: 1000209561 ns, Reaching safepoint: 554767 ns, At safepoint: 39735 ns, Total: 594502 ns
[2023-05-16T03:03:39.469+0000][6][safepoint    ] Safepoint "Cleanup", Time since last: 1000171093 ns, Reaching safepoint: 107636 ns, At safepoint: 5178 ns, Total: 112814 ns
[2023-05-16T03:03:40.469+0000][6][safepoint    ] Safepoint "Cleanup", Time since last: 1000114589 ns, Reaching safepoint: 104517 ns, At safepoint: 3628 ns, Total: 108145 ns
[2023-05-16T03:03:41.470+0000][6][safepoint    ] Safepoint "Cleanup", Time since last: 1000177408 ns, Reaching safepoint: 517778 ns, At safepoint: 6037 ns, Total: 523815 ns
[2023-05-16T03:03:42.471+0000][6][safepoint    ] Safepoint "Cleanup", Time since last: 1000166874 ns, Reaching safepoint: 813011 ns, At safepoint: 20606 ns, Total: 833617 ns
[2023-05-16T03:03:43.471+0000][6][safepoint    ] Safepoint "Cleanup", Time since last: 1000239233 ns, Reaching safepoint: 104346 ns, At safepoint: 3406 ns, Total: 107752 ns
[2023-05-16T03:03:44.472+0000][6][safepoint    ] Safepoint "Cleanup", Time since last: 1000175158 ns, Reaching safepoint: 386306 ns, At safepoint: 11344 ns, Total: 397650 ns
[2023-05-16T03:03:45.472+0000][6][safepoint    ] Safepoint "Cleanup", Time since last: 1000282435 ns, Reaching safepoint: 83741 ns, At safepoint: 3564 ns, Total: 87305 ns
[2023-05-16T03:03:46.472+0000][6][safepoint    ] Safepoint "Cleanup", Time since last: 1000102599 ns, Reaching safepoint: 115464 ns, At safepoint: 4184 ns, Total: 119648 ns
[2023-05-16T03:03:47.473+0000][6][safepoint    ] Safepoint "Cleanup", Time since last: 1000170085 ns, Reaching safepoint: 211944 ns, At safepoint: 9139 ns, Total: 221083 ns
[2023-05-16T03:03:48.473+0000][6][safepoint    ] Safepoint "Cleanup", Time since last: 1000195037 ns, Reaching safepoint: 133232 ns, At safepoint: 5912 ns, Total: 139144 ns
[2023-05-16T03:03:49.474+0000][6][safepoint    ] Safepoint "Cleanup", Time since last: 1000159261 ns, Reaching safepoint: 407395 ns, At safepoint: 16660 ns, Total: 424055 ns
[2023-05-16T03:03:50.474+0000][6][safepoint    ] Safepoint "Cleanup", Time since last: 1000348919 ns, Reaching safepoint: 151088 ns, At safepoint: 4266 ns, Total: 155354 ns
[2023-05-16T03:03:51.474+0000][6][safepoint    ] Safepoint "Cleanup", Time since last: 1000120546 ns, Reaching safepoint: 118416 ns, At safepoint: 4721 ns, Total: 123137 ns
[2023-05-16T03:03:52.475+0000][6][safepoint    ] Safepoint "Cleanup", Time since last: 1000107350 ns, Reaching safepoint: 75282 ns, At safepoint: 2719 ns, Total: 78001 ns
[2023-05-16T03:03:53.475+0000][6][safepoint    ] Safepoint "Cleanup", Time since last: 1000102398 ns, Reaching safepoint: 92857 ns, At safepoint: 2990 ns, Total: 95847 ns
[2023-05-16T03:03:54.475+0000][6][safepoint    ] Safepoint "Cleanup", Time since last: 1000105350 ns, Reaching safepoint: 90294 ns, At safepoint: 3619 ns, Total: 93913 ns
[2023-05-16T03:03:55.475+0000][6][safepoint    ] Safepoint "Cleanup", Time since last: 1000078882 ns, Reaching safepoint: 91679 ns, At safepoint: 4068 ns, Total: 95747 ns
[2023-05-16T03:03:56.475+0000][6][safepoint    ] Safepoint "Cleanup", Time since last: 1000110649 ns, Reaching safepoint: 105218 ns, At safepoint: 3457 ns, Total: 108675 ns
[2023-05-16T03:03:57.476+0000][6][safepoint    ] Safepoint "Cleanup", Time since last: 1000105166 ns, Reaching safepoint: 204419 ns, At safepoint: 9265 ns, Total: 213684 ns
[2023-05-16T03:03:58.476+0000][6][safepoint    ] Safepoint "Cleanup", Time since last: 1000155168 ns, Reaching safepoint: 95796 ns, At safepoint: 3726 ns, Total: 99522 ns
[2023-05-16T03:03:59.477+0000][6][safepoint    ] Safepoint "Cleanup", Time since last: 1000176147 ns, Reaching safepoint: 807475 ns, At safepoint: 8693 ns, Total: 816168 ns
[2023-05-16T03:04:00.477+0000][6][safepoint    ] Safepoint "Cleanup", Time since last: 1000231785 ns, Reaching safepoint: 144433 ns, At safepoint: 3759 ns, Total: 148192 ns
[2023-05-16T03:04:01.478+0000][6][safepoint    ] Safepoint "Cleanup", Time since last: 1000178386 ns, Reaching safepoint: 643414 ns, At safepoint: 11483 ns, Total: 654897 ns
[2023-05-16T03:04:02.479+0000][6][safepoint    ] Safepoint "Cleanup", Time since last: 1000277053 ns, Reaching safepoint: 575913 ns, At safepoint: 16832 ns, Total: 592745 ns
[2023-05-16T03:04:03.479+0000][6][safepoint    ] Safepoint "Cleanup", Time since last: 1000293848 ns, Reaching safepoint: 96482 ns, At safepoint: 5896 ns, Total: 102378 ns
[2023-05-16T03:04:04.482+0000][6][safepoint    ] Safepoint "Cleanup", Time since last: 1002668048 ns, Reaching safepoint: 191146 ns, At safepoint: 6366 ns, Total: 197512 ns
[2023-05-16T03:04:05.482+0000][6][safepoint    ] Safepoint "Cleanup", Time since last: 1000117918 ns, Reaching safepoint: 95267 ns, At safepoint: 4746 ns, Total: 100013 ns
[2023-05-16T03:04:06.483+0000][6][safepoint    ] Safepoint "Cleanup", Time since last: 1000104237 ns, Reaching safepoint: 177621 ns, At safepoint: 4858 ns, Total: 182479 ns
[2023-05-16T03:04:07.484+0000][6][safepoint    ] Safepoint "Cleanup", Time since last: 1000173880 ns, Reaching safepoint: 887618 ns, At safepoint: 13693 ns, Total: 901311 ns
[2023-05-16T03:04:08.484+0000][6][safepoint    ] Safepoint "Cleanup", Time since last: 1000211383 ns, Reaching safepoint: 80981 ns, At safepoint: 3332 ns, Total: 84313 ns
[2023-05-16T03:04:09.485+0000][6][safepoint    ] Safepoint "Cleanup", Time since last: 1000147816 ns, Reaching safepoint: 469373 ns, At safepoint: 14601 ns, Total: 483974 ns
[2023-05-16T03:04:10.485+0000][6][safepoint    ] Safepoint "Cleanup", Time since last: 1000325074 ns, Reaching safepoint: 118153 ns, At safepoint: 3771 ns, Total: 121924 ns
[2023-05-16T03:04:11.486+0000][6][safepoint    ] Safepoint "Cleanup", Time since last: 1000129205 ns, Reaching safepoint: 167493 ns, At safepoint: 3498 ns, Total: 170991 ns
[2023-05-16T03:04:12.486+0000][6][safepoint    ] Safepoint "Cleanup", Time since last: 1000102539 ns, Reaching safepoint: 88873 ns, At safepoint: 3616 ns, Total: 92489 ns
[2023-05-16T03:04:13.486+0000][6][safepoint    ] Safepoint "Cleanup", Time since last: 1000091602 ns, Reaching safepoint: 362947 ns, At safepoint: 15236 ns, Total: 378183 ns
[2023-05-16T03:04:14.487+0000][6][safepoint    ] Safepoint "Cleanup", Time since last: 1000275880 ns, Reaching safepoint: 122611 ns, At safepoint: 7756 ns, Total: 130367 ns
[2023-05-16T03:04:15.487+0000][6][safepoint    ] Safepoint "Cleanup", Time since last: 1000221465 ns, Reaching safepoint: 576496 ns, At safepoint: 13087 ns, Total: 589583 ns
[2023-05-16T03:04:16.489+0000][6][safepoint    ] Safepoint "Cleanup", Time since last: 1000504848 ns, Reaching safepoint: 596401 ns, At safepoint: 14112 ns, Total: 610513 ns
[2023-05-16T03:04:17.489+0000][6][safepoint    ] Safepoint "Cleanup", Time since last: 1000463420 ns, Reaching safepoint: 118500 ns, At safepoint: 4262 ns, Total: 122762 ns
[2023-05-16T03:04:18.490+0000][6][safepoint    ] Safepoint "Cleanup", Time since last: 1000184716 ns, Reaching safepoint: 497851 ns, At safepoint: 20041 ns, Total: 517892 ns
[2023-05-16T03:04:19.490+0000][6][safepoint    ] Safepoint "Cleanup", Time since last: 1000300422 ns, Reaching safepoint: 135224 ns, At safepoint: 5476 ns, Total: 140700 ns
[2023-05-16T03:04:20.490+0000][6][safepoint    ] Safepoint "Cleanup", Time since last: 1000127450 ns, Reaching safepoint: 98425 ns, At safepoint: 3884 ns, Total: 102309 ns
[2023-05-16T03:04:21.491+0000][6][safepoint    ] Safepoint "Cleanup", Time since last: 1000164570 ns, Reaching safepoint: 438011 ns, At safepoint: 12173 ns, Total: 450184 ns
[2023-05-16T03:04:22.896+0000][6][safepoint    ] Safepoint "Cleanup", Time since last: 1403879068 ns, Reaching safepoint: 666552 ns, At safepoint: 9315 ns, Total: 675867 ns
[2023-05-16T03:04:23.896+0000][6][safepoint    ] Safepoint "Cleanup", Time since last: 1000301065 ns, Reaching safepoint: 121125 ns, At safepoint: 7102 ns, Total: 128227 ns
[2023-05-16T03:04:24.897+0000][6][safepoint    ] Safepoint "Cleanup", Time since last: 1000189464 ns, Reaching safepoint: 585160 ns, At safepoint: 12423 ns, Total: 597583 ns
[2023-05-16T03:04:25.897+0000][6][safepoint    ] Safepoint "Cleanup", Time since last: 1000277227 ns, Reaching safepoint: 289310 ns, At safepoint: 3080 ns, Total: 292390 ns
[2023-05-16T03:04:26.898+0000][6][safepoint    ] Safepoint "Cleanup", Time since last: 1000138486 ns, Reaching safepoint: 115598 ns, At safepoint: 3555 ns, Total: 119153 ns
[2023-05-16T03:04:27.898+0000][6][safepoint    ] Safepoint "Cleanup", Time since last: 1000072625 ns, Reaching safepoint: 94266 ns, At safepoint: 3651 ns, Total: 97917 ns
[2023-05-16T03:04:28.898+0000][6][safepoint    ] Safepoint "Cleanup", Time since last: 1000101740 ns, Reaching safepoint: 127837 ns, At safepoint: 6993 ns, Total: 134830 ns
[2023-05-16T03:04:29.898+0000][6][safepoint    ] Safepoint "Cleanup", Time since last: 1000090689 ns, Reaching safepoint: 87367 ns, At safepoint: 3955 ns, Total: 91322 ns
[2023-05-16T03:04:30.899+0000][6][safepoint    ] Safepoint "Cleanup", Time since last: 1000091542 ns, Reaching safepoint: 246701 ns, At safepoint: 5641 ns, Total: 252342 ns
[2023-05-16T03:04:31.899+0000][6][safepoint    ] Safepoint "Cleanup", Time since last: 1000133721 ns, Reaching safepoint: 138018 ns, At safepoint: 7489 ns, Total: 145507 ns
[2023-05-16T03:04:32.899+0000][6][safepoint    ] Safepoint "Cleanup", Time since last: 1000116746 ns, Reaching safepoint: 136396 ns, At safepoint: 6666 ns, Total: 143062 ns
[2023-05-16T03:04:37.900+0000][6][safepoint    ] Safepoint "Cleanup", Time since last: 5000450457 ns, Reaching safepoint: 236713 ns, At safepoint: 9082 ns, Total: 245795 ns
[2023-05-16T03:05:07.728+0000][6][gc,start     ] GC(22) Pause Young (Normal) (G1 Evacuation Pause)
[2023-05-16T03:05:07.728+0000][6][gc,task      ] GC(22) Using 8 workers of 8 for evacuation
[2023-05-16T03:05:07.728+0000][6][gc,age       ] GC(22) Desired survivor size 39321600 bytes, new threshold 15 (max threshold 15)
[2023-05-16T03:05:07.740+0000][6][gc,age       ] GC(22) Age table with threshold 15 (max threshold 15)
[2023-05-16T03:05:07.740+0000][6][gc,age       ] GC(22) - age   1:    5998680 bytes,    5998680 total
[2023-05-16T03:05:07.740+0000][6][gc,age       ] GC(22) - age   2:    6003904 bytes,   12002584 total
[2023-05-16T03:05:07.740+0000][6][gc,age       ] GC(22) - age   3:    4548136 bytes,   16550720 total
[2023-05-16T03:05:07.740+0000][6][gc,age       ] GC(22) - age   4:    6125224 bytes,   22675944 total
[2023-05-16T03:05:07.740+0000][6][gc,age       ] GC(22) - age   5:    6212784 bytes,   28888728 total
[2023-05-16T03:05:07.740+0000][6][gc,age       ] GC(22) - age   6:    6600512 bytes,   35489240 total
[2023-05-16T03:05:07.740+0000][6][gc,age       ] GC(22) - age   7:    6202328 bytes,   41691568 total
[2023-05-16T03:05:07.740+0000][6][gc,phases    ] GC(22)   Pre Evacuate Collection Set: 0.1ms
[2023-05-16T03:05:07.740+0000][6][gc,phases    ] GC(22)   Merge Heap Roots: 0.1ms
[2023-05-16T03:05:07.740+0000][6][gc,phases    ] GC(22)   Evacuate Collection Set: 10.3ms
[2023-05-16T03:05:07.740+0000][6][gc,phases    ] GC(22)   Post Evacuate Collection Set: 1.0ms
[2023-05-16T03:05:07.740+0000][6][gc,phases    ] GC(22)   Other: 0.3ms
[2023-05-16T03:05:07.740+0000][6][gc,heap      ] GC(22) Eden regions: 559->0(544)
[2023-05-16T03:05:07.740+0000][6][gc,heap      ] GC(22) Survivor regions: 40->44(75)
[2023-05-16T03:05:07.740+0000][6][gc,heap      ] GC(22) Old regions: 84->84
[2023-05-16T03:05:07.740+0000][6][gc,heap      ] GC(22) Archive regions: 2->2
[2023-05-16T03:05:07.740+0000][6][gc,heap      ] GC(22) Humongous regions: 59->50
[2023-05-16T03:05:07.740+0000][6][gc,metaspace ] GC(22) Metaspace: 96708K(104188K)->96708K(104188K) NonClass: 84094K(88464K)->84094K(88464K) Class: 12614K(15724K)->12614K(15724K)
[2023-05-16T03:05:07.740+0000][6][gc           ] GC(22) Pause Young (Normal) (G1 Evacuation Pause) 742M->178M(1024M) 11.878ms
[2023-05-16T03:05:07.740+0000][6][gc,cpu       ] GC(22) User=0.06s Sys=0.00s Real=0.01s
[2023-05-16T03:05:07.740+0000][6][safepoint    ] Safepoint "G1CollectForAllocation", Time since last: 29828236512 ns, Reaching safepoint: 84839 ns, At safepoint: 11963010 ns, Total: 12047849 ns
[2023-05-16T03:05:22.746+0000][6][safepoint    ] Safepoint "Cleanup", Time since last: 15004749230 ns, Reaching safepoint: 1287132 ns, At safepoint: 8287 ns, Total: 1295419 ns
[2023-05-16T03:06:41.754+0000][6][safepoint    ] Safepoint "Cleanup", Time since last: 79007297275 ns, Reaching safepoint: 581290 ns, At safepoint: 8482 ns, Total: 589772 ns
[2023-05-16T03:06:52.755+0000][6][safepoint    ] Safepoint "Cleanup", Time since last: 11001014104 ns, Reaching safepoint: 104153 ns, At safepoint: 5016 ns, Total: 109169 ns
[2023-05-16T03:06:53.755+0000][6][safepoint    ] Safepoint "Cleanup", Time since last: 1000103379 ns, Reaching safepoint: 151884 ns, At safepoint: 3834 ns, Total: 155718 ns
[2023-05-16T03:06:56.756+0000][6][safepoint    ] Safepoint "Cleanup", Time since last: 3000411468 ns, Reaching safepoint: 164896 ns, At safepoint: 4497 ns, Total: 169393 ns
[2023-05-16T03:07:03.758+0000][6][safepoint    ] Safepoint "Cleanup", Time since last: 7000703709 ns, Reaching safepoint: 767439 ns, At safepoint: 19200 ns, Total: 786639 ns
[2023-05-16T03:07:23.760+0000][6][safepoint    ] Safepoint "Cleanup", Time since last: 20002422247 ns, Reaching safepoint: 499672 ns, At safepoint: 7009 ns, Total: 506681 ns
[2023-05-16T03:07:26.842+0000][6][gc,start     ] GC(23) Pause Young (Normal) (G1 Evacuation Pause)
[2023-05-16T03:07:26.842+0000][6][gc,task      ] GC(23) Using 8 workers of 8 for evacuation
[2023-05-16T03:07:26.843+0000][6][gc,age       ] GC(23) Desired survivor size 38797312 bytes, new threshold 7 (max threshold 15)
[2023-05-16T03:07:26.866+0000][6][gc,age       ] GC(23) Age table with threshold 7 (max threshold 15)
[2023-05-16T03:07:26.866+0000][6][gc,age       ] GC(23) - age   1:    5698848 bytes,    5698848 total
[2023-05-16T03:07:26.866+0000][6][gc,age       ] GC(23) - age   2:    5814984 bytes,   11513832 total
[2023-05-16T03:07:26.866+0000][6][gc,age       ] GC(23) - age   3:    6003856 bytes,   17517688 total
[2023-05-16T03:07:26.866+0000][6][gc,age       ] GC(23) - age   4:    4546944 bytes,   22064632 total
[2023-05-16T03:07:26.866+0000][6][gc,age       ] GC(23) - age   5:    6125224 bytes,   28189856 total
[2023-05-16T03:07:26.866+0000][6][gc,age       ] GC(23) - age   6:    6196368 bytes,   34386224 total
[2023-05-16T03:07:26.866+0000][6][gc,age       ] GC(23) - age   7:    6600512 bytes,   40986736 total
[2023-05-16T03:07:26.866+0000][6][gc,phases    ] GC(23)   Pre Evacuate Collection Set: 0.3ms
[2023-05-16T03:07:26.866+0000][6][gc,phases    ] GC(23)   Merge Heap Roots: 0.2ms
[2023-05-16T03:07:26.866+0000][6][gc,phases    ] GC(23)   Evacuate Collection Set: 21.5ms
[2023-05-16T03:07:26.866+0000][6][gc,phases    ] GC(23)   Post Evacuate Collection Set: 1.2ms
[2023-05-16T03:07:26.866+0000][6][gc,phases    ] GC(23)   Other: 0.5ms
[2023-05-16T03:07:26.866+0000][6][gc,heap      ] GC(23) Eden regions: 544->0(537)
[2023-05-16T03:07:26.866+0000][6][gc,heap      ] GC(23) Survivor regions: 44->44(74)
[2023-05-16T03:07:26.866+0000][6][gc,heap      ] GC(23) Old regions: 84->91
[2023-05-16T03:07:26.866+0000][6][gc,heap      ] GC(23) Archive regions: 2->2
[2023-05-16T03:07:26.866+0000][6][gc,heap      ] GC(23) Humongous regions: 74->50
[2023-05-16T03:07:26.866+0000][6][gc,metaspace ] GC(23) Metaspace: 96709K(104188K)->96709K(104188K) NonClass: 84095K(88464K)->84095K(88464K) Class: 12614K(15724K)->12614K(15724K)
[2023-05-16T03:07:26.866+0000][6][gc           ] GC(23) Pause Young (Normal) (G1 Evacuation Pause) 746M->184M(1024M) 23.813ms
[2023-05-16T03:07:26.866+0000][6][gc,cpu       ] GC(23) User=0.04s Sys=0.00s Real=0.02s
[2023-05-16T03:07:26.866+0000][6][safepoint    ] Safepoint "G1CollectForAllocation", Time since last: 3081286055 ns, Reaching safepoint: 497052 ns, At safepoint: 24006111 ns, Total: 24503163 ns
[2023-05-16T03:08:05.869+0000][6][safepoint    ] Safepoint "Cleanup", Time since last: 39002894073 ns, Reaching safepoint: 179322 ns, At safepoint: 5173 ns, Total: 184495 ns
[2023-05-16T03:08:06.870+0000][6][safepoint    ] Safepoint "Cleanup", Time since last: 1000105475 ns, Reaching safepoint: 152873 ns, At safepoint: 3691 ns, Total: 156564 ns
[2023-05-16T03:08:07.870+0000][6][safepoint    ] Safepoint "Cleanup", Time since last: 1000100612 ns, Reaching safepoint: 109836 ns, At safepoint: 2903 ns, Total: 112739 ns
[2023-05-16T03:08:08.870+0000][6][safepoint    ] Safepoint "Cleanup", Time since last: 1000058001 ns, Reaching safepoint: 148981 ns, At safepoint: 3259 ns, Total: 152240 ns
[2023-05-16T03:08:09.870+0000][6][safepoint    ] Safepoint "Cleanup", Time since last: 1000084895 ns, Reaching safepoint: 292122 ns, At safepoint: 8359 ns, Total: 300481 ns
[2023-05-16T03:08:10.871+0000][6][safepoint    ] Safepoint "Cleanup", Time since last: 1000147024 ns, Reaching safepoint: 320558 ns, At safepoint: 4836 ns, Total: 325394 ns
[2023-05-16T03:08:11.871+0000][6][safepoint    ] Safepoint "Cleanup", Time since last: 1000130946 ns, Reaching safepoint: 132026 ns, At safepoint: 4872 ns, Total: 136898 ns
[2023-05-16T03:08:12.871+0000][6][safepoint    ] Safepoint "Cleanup", Time since last: 1000110147 ns, Reaching safepoint: 121286 ns, At safepoint: 6228 ns, Total: 127514 ns
[2023-05-16T03:08:13.872+0000][6][safepoint    ] Safepoint "Cleanup", Time since last: 1000114486 ns, Reaching safepoint: 141836 ns, At safepoint: 4947 ns, Total: 146783 ns
[2023-05-16T03:08:14.872+0000][6][safepoint    ] Safepoint "Cleanup", Time since last: 1000089736 ns, Reaching safepoint: 94038 ns, At safepoint: 3059 ns, Total: 97097 ns
[2023-05-16T03:08:15.872+0000][6][safepoint    ] Safepoint "Cleanup", Time since last: 1000128939 ns, Reaching safepoint: 162078 ns, At safepoint: 6500 ns, Total: 168578 ns
[2023-05-16T03:08:16.873+0000][6][safepoint    ] Safepoint "Cleanup", Time since last: 1000168422 ns, Reaching safepoint: 822858 ns, At safepoint: 13967 ns, Total: 836825 ns
[2023-05-16T03:08:17.874+0000][6][safepoint    ] Safepoint "Cleanup", Time since last: 1000288527 ns, Reaching safepoint: 247934 ns, At safepoint: 8290 ns, Total: 256224 ns
[2023-05-16T03:08:18.874+0000][6][safepoint    ] Safepoint "Cleanup", Time since last: 1000291280 ns, Reaching safepoint: 484562 ns, At safepoint: 11646 ns, Total: 496208 ns
[2023-05-16T03:08:19.876+0000][6][safepoint    ] Safepoint "Cleanup", Time since last: 1000293346 ns, Reaching safepoint: 829131 ns, At safepoint: 15765 ns, Total: 844896 ns
[2023-05-16T03:08:20.876+0000][6][safepoint    ] Safepoint "Cleanup", Time since last: 1000262248 ns, Reaching safepoint: 123358 ns, At safepoint: 3330 ns, Total: 126688 ns
[2023-05-16T03:08:21.876+0000][6][safepoint    ] Safepoint "Cleanup", Time since last: 1000095956 ns, Reaching safepoint: 110685 ns, At safepoint: 4300 ns, Total: 114985 ns
[2023-05-16T03:08:22.876+0000][6][safepoint    ] Safepoint "Cleanup", Time since last: 1000095844 ns, Reaching safepoint: 93176 ns, At safepoint: 4254 ns, Total: 97430 ns
[2023-05-16T03:08:23.877+0000][6][safepoint    ] Safepoint "Cleanup", Time since last: 1000100750 ns, Reaching safepoint: 120035 ns, At safepoint: 3597 ns, Total: 123632 ns
[2023-05-16T03:08:24.877+0000][6][safepoint    ] Safepoint "Cleanup", Time since last: 1000090724 ns, Reaching safepoint: 120365 ns, At safepoint: 5605 ns, Total: 125970 ns
[2023-05-16T03:08:25.877+0000][6][safepoint    ] Safepoint "Cleanup", Time since last: 1000115653 ns, Reaching safepoint: 145013 ns, At safepoint: 4083 ns, Total: 149096 ns
[2023-05-16T03:08:26.877+0000][6][safepoint    ] Safepoint "Cleanup", Time since last: 1000101537 ns, Reaching safepoint: 149624 ns, At safepoint: 4156 ns, Total: 153780 ns
[2023-05-16T03:08:27.878+0000][6][safepoint    ] Safepoint "Cleanup", Time since last: 1000106876 ns, Reaching safepoint: 159371 ns, At safepoint: 5718 ns, Total: 165089 ns
[2023-05-16T03:08:28.878+0000][6][safepoint    ] Safepoint "Cleanup", Time since last: 1000109229 ns, Reaching safepoint: 132707 ns, At safepoint: 5951 ns, Total: 138658 ns
[2023-05-16T03:08:29.878+0000][6][safepoint    ] Safepoint "Cleanup", Time since last: 1000099869 ns, Reaching safepoint: 112455 ns, At safepoint: 3051 ns, Total: 115506 ns
[2023-05-16T03:08:30.878+0000][6][safepoint    ] Safepoint "Cleanup", Time since last: 1000092070 ns, Reaching safepoint: 219479 ns, At safepoint: 4090 ns, Total: 223569 ns
[2023-05-16T03:08:31.879+0000][6][safepoint    ] Safepoint "Cleanup", Time since last: 1000104294 ns, Reaching safepoint: 183502 ns, At safepoint: 3215 ns, Total: 186717 ns
[2023-05-16T03:08:32.879+0000][6][safepoint    ] Safepoint "Cleanup", Time since last: 1000093922 ns, Reaching safepoint: 163311 ns, At safepoint: 3957 ns, Total: 167268 ns
[2023-05-16T03:08:33.882+0000][6][safepoint    ] Safepoint "Cleanup", Time since last: 1003130143 ns, Reaching safepoint: 157313 ns, At safepoint: 6130 ns, Total: 163443 ns
[2023-05-16T03:08:34.882+0000][6][safepoint    ] Safepoint "Cleanup", Time since last: 1000108288 ns, Reaching safepoint: 132198 ns, At safepoint: 3533 ns, Total: 135731 ns
[2023-05-16T03:08:35.883+0000][6][safepoint    ] Safepoint "Cleanup", Time since last: 1000069983 ns, Reaching safepoint: 125021 ns, At safepoint: 2866 ns, Total: 127887 ns
[2023-05-16T03:08:36.883+0000][6][safepoint    ] Safepoint "Cleanup", Time since last: 1000101555 ns, Reaching safepoint: 503631 ns, At safepoint: 4394 ns, Total: 508025 ns
[2023-05-16T03:08:37.884+0000][6][safepoint    ] Safepoint "Cleanup", Time since last: 1000101483 ns, Reaching safepoint: 176758 ns, At safepoint: 4945 ns, Total: 181703 ns
[2023-05-16T03:08:38.884+0000][6][safepoint    ] Safepoint "Cleanup", Time since last: 1000101408 ns, Reaching safepoint: 216386 ns, At safepoint: 4221 ns, Total: 220607 ns
[2023-05-16T03:08:39.884+0000][6][safepoint    ] Safepoint "Cleanup", Time since last: 1000102965 ns, Reaching safepoint: 133541 ns, At safepoint: 3233 ns, Total: 136774 ns
[2023-05-16T03:08:40.885+0000][6][safepoint    ] Safepoint "Cleanup", Time since last: 1000156709 ns, Reaching safepoint: 708986 ns, At safepoint: 10201 ns, Total: 719187 ns
[2023-05-16T03:08:41.886+0000][6][safepoint    ] Safepoint "Cleanup", Time since last: 1000327799 ns, Reaching safepoint: 734653 ns, At safepoint: 11252 ns, Total: 745905 ns
[2023-05-16T03:08:42.899+0000][6][safepoint    ] Safepoint "Cleanup", Time since last: 1013045633 ns, Reaching safepoint: 167473 ns, At safepoint: 3755 ns, Total: 171228 ns
[2023-05-16T03:08:44.639+0000][6][safepoint    ] Safepoint "Cleanup", Time since last: 1739315742 ns, Reaching safepoint: 63694 ns, At safepoint: 2591 ns, Total: 66285 ns
[2023-05-16T03:08:45.639+0000][6][safepoint    ] Safepoint "Cleanup", Time since last: 1000104521 ns, Reaching safepoint: 129503 ns, At safepoint: 3721 ns, Total: 133224 ns
[2023-05-16T03:08:46.639+0000][6][safepoint    ] Safepoint "Cleanup", Time since last: 1000135297 ns, Reaching safepoint: 101756 ns, At safepoint: 6386 ns, Total: 108142 ns
[2023-05-16T03:08:47.639+0000][6][safepoint    ] Safepoint "Cleanup", Time since last: 1000105199 ns, Reaching safepoint: 117114 ns, At safepoint: 4557 ns, Total: 121671 ns
[2023-05-16T03:08:48.640+0000][6][safepoint    ] Safepoint "Cleanup", Time since last: 1000098877 ns, Reaching safepoint: 108720 ns, At safepoint: 3447 ns, Total: 112167 ns
[2023-05-16T03:08:49.640+0000][6][safepoint    ] Safepoint "Cleanup", Time since last: 1000104686 ns, Reaching safepoint: 90313 ns, At safepoint: 5820 ns, Total: 96133 ns
[2023-05-16T03:08:50.640+0000][6][safepoint    ] Safepoint "Cleanup", Time since last: 1000116318 ns, Reaching safepoint: 94911 ns, At safepoint: 4774 ns, Total: 99685 ns
[2023-05-16T03:08:51.640+0000][6][safepoint    ] Safepoint "Cleanup", Time since last: 1000116362 ns, Reaching safepoint: 270008 ns, At safepoint: 4416 ns, Total: 274424 ns
[2023-05-16T03:08:52.641+0000][6][safepoint    ] Safepoint "Cleanup", Time since last: 1000309636 ns, Reaching safepoint: 587893 ns, At safepoint: 11948 ns, Total: 599841 ns
[2023-05-16T03:08:53.642+0000][6][safepoint    ] Safepoint "Cleanup", Time since last: 1000314724 ns, Reaching safepoint: 432004 ns, At safepoint: 14362 ns, Total: 446366 ns
[2023-05-16T03:08:54.643+0000][6][safepoint    ] Safepoint "Cleanup", Time since last: 1000299733 ns, Reaching safepoint: 261192 ns, At safepoint: 4932 ns, Total: 266124 ns
[2023-05-16T03:08:55.643+0000][6][safepoint    ] Safepoint "Cleanup", Time since last: 1000264710 ns, Reaching safepoint: 501582 ns, At safepoint: 9375 ns, Total: 510957 ns
[2023-05-16T03:08:56.644+0000][6][safepoint    ] Safepoint "Cleanup", Time since last: 1000368742 ns, Reaching safepoint: 424615 ns, At safepoint: 9760 ns, Total: 434375 ns
[2023-05-16T03:08:57.645+0000][6][safepoint    ] Safepoint "Cleanup", Time since last: 1000272647 ns, Reaching safepoint: 91634 ns, At safepoint: 3094 ns, Total: 94728 ns
[2023-05-16T03:08:58.645+0000][6][safepoint    ] Safepoint "Cleanup", Time since last: 1000165302 ns, Reaching safepoint: 660594 ns, At safepoint: 9938 ns, Total: 670532 ns
[2023-05-16T03:08:59.646+0000][6][safepoint    ] Safepoint "Cleanup", Time since last: 1000388602 ns, Reaching safepoint: 515201 ns, At safepoint: 8296 ns, Total: 523497 ns
[2023-05-16T03:09:00.647+0000][6][safepoint    ] Safepoint "Cleanup", Time since last: 1000269491 ns, Reaching safepoint: 71637 ns, At safepoint: 2691 ns, Total: 74328 ns
[2023-05-16T03:09:01.647+0000][6][safepoint    ] Safepoint "Cleanup", Time since last: 1000086789 ns, Reaching safepoint: 112225 ns, At safepoint: 4038 ns, Total: 116263 ns
[2023-05-16T03:09:02.648+0000][6][safepoint    ] Safepoint "Cleanup", Time since last: 1000177501 ns, Reaching safepoint: 512063 ns, At safepoint: 8443 ns, Total: 520506 ns
[2023-05-16T03:09:03.648+0000][6][safepoint    ] Safepoint "Cleanup", Time since last: 1000232164 ns, Reaching safepoint: 250586 ns, At safepoint: 8041 ns, Total: 258627 ns
[2023-05-16T03:09:04.648+0000][6][safepoint    ] Safepoint "Cleanup", Time since last: 1000215215 ns, Reaching safepoint: 105393 ns, At safepoint: 5953 ns, Total: 111346 ns
[2023-05-16T03:09:05.649+0000][6][safepoint    ] Safepoint "Cleanup", Time since last: 1000276381 ns, Reaching safepoint: 116706 ns, At safepoint: 5230 ns, Total: 121936 ns
[2023-05-16T03:09:06.649+0000][6][safepoint    ] Safepoint "Cleanup", Time since last: 1000141566 ns, Reaching safepoint: 248615 ns, At safepoint: 3554 ns, Total: 252169 ns
[2023-05-16T03:09:07.649+0000][6][safepoint    ] Safepoint "Cleanup", Time since last: 1000111685 ns, Reaching safepoint: 116320 ns, At safepoint: 6545 ns, Total: 122865 ns
[2023-05-16T03:09:08.650+0000][6][safepoint    ] Safepoint "Cleanup", Time since last: 1000114082 ns, Reaching safepoint: 90895 ns, At safepoint: 3449 ns, Total: 94344 ns
[2023-05-16T03:09:09.650+0000][6][safepoint    ] Safepoint "Cleanup", Time since last: 1000106610 ns, Reaching safepoint: 81960 ns, At safepoint: 3964 ns, Total: 85924 ns
[2023-05-16T03:09:10.650+0000][6][safepoint    ] Safepoint "Cleanup", Time since last: 1000097165 ns, Reaching safepoint: 292525 ns, At safepoint: 8986 ns, Total: 301511 ns
[2023-05-16T03:09:11.651+0000][6][safepoint    ] Safepoint "Cleanup", Time since last: 1000211486 ns, Reaching safepoint: 493087 ns, At safepoint: 9706 ns, Total: 502793 ns
[2023-05-16T03:09:12.651+0000][6][safepoint    ] Safepoint "Cleanup", Time since last: 1000304651 ns, Reaching safepoint: 110479 ns, At safepoint: 4312 ns, Total: 114791 ns
[2023-05-16T03:09:13.652+0000][6][safepoint    ] Safepoint "Cleanup", Time since last: 1000106165 ns, Reaching safepoint: 205664 ns, At safepoint: 4479 ns, Total: 210143 ns
[2023-05-16T03:09:14.653+0000][6][safepoint    ] Safepoint "Cleanup", Time since last: 1000200667 ns, Reaching safepoint: 596275 ns, At safepoint: 13338 ns, Total: 609613 ns
[2023-05-16T03:09:15.653+0000][6][safepoint    ] Safepoint "Cleanup", Time since last: 1000404160 ns, Reaching safepoint: 424798 ns, At safepoint: 4303 ns, Total: 429101 ns
[2023-05-16T03:09:16.654+0000][6][safepoint    ] Safepoint "Cleanup", Time since last: 1000281453 ns, Reaching safepoint: 110430 ns, At safepoint: 3146 ns, Total: 113576 ns
[2023-05-16T03:09:17.654+0000][6][safepoint    ] Safepoint "Cleanup", Time since last: 1000108437 ns, Reaching safepoint: 156835 ns, At safepoint: 7388 ns, Total: 164223 ns
[2023-05-16T03:09:18.654+0000][6][safepoint    ] Safepoint "Cleanup", Time since last: 1000124538 ns, Reaching safepoint: 83208 ns, At safepoint: 3584 ns, Total: 86792 ns
[2023-05-16T03:09:19.655+0000][6][safepoint    ] Safepoint "Cleanup", Time since last: 1000130115 ns, Reaching safepoint: 195001 ns, At safepoint: 3688 ns, Total: 198689 ns
[2023-05-16T03:09:20.655+0000][6][safepoint    ] Safepoint "Cleanup", Time since last: 1000132814 ns, Reaching safepoint: 84668 ns, At safepoint: 3509 ns, Total: 88177 ns
[2023-05-16T03:09:21.655+0000][6][safepoint    ] Safepoint "Cleanup", Time since last: 1000107947 ns, Reaching safepoint: 431034 ns, At safepoint: 11108 ns, Total: 442142 ns
[2023-05-16T03:09:22.656+0000][6][safepoint    ] Safepoint "Cleanup", Time since last: 1000259728 ns, Reaching safepoint: 387238 ns, At safepoint: 8790 ns, Total: 396028 ns
[2023-05-16T03:09:23.656+0000][6][safepoint    ] Safepoint "Cleanup", Time since last: 1000265649 ns, Reaching safepoint: 134669 ns, At safepoint: 3497 ns, Total: 138166 ns
[2023-05-16T03:09:24.657+0000][6][safepoint    ] Safepoint "Cleanup", Time since last: 1000101865 ns, Reaching safepoint: 120782 ns, At safepoint: 5049 ns, Total: 125831 ns
[2023-05-16T03:09:25.657+0000][6][safepoint    ] Safepoint "Cleanup", Time since last: 1000200975 ns, Reaching safepoint: 425955 ns, At safepoint: 16549 ns, Total: 442504 ns
[2023-05-16T03:09:26.658+0000][6][safepoint    ] Safepoint "Cleanup", Time since last: 1000258581 ns, Reaching safepoint: 81726 ns, At safepoint: 3895 ns, Total: 85621 ns
[2023-05-16T03:09:27.658+0000][6][safepoint    ] Safepoint "Cleanup", Time since last: 1000109874 ns, Reaching safepoint: 121112 ns, At safepoint: 6487 ns, Total: 127599 ns
[2023-05-16T03:09:28.658+0000][6][safepoint    ] Safepoint "Cleanup", Time since last: 1000138565 ns, Reaching safepoint: 204190 ns, At safepoint: 9193 ns, Total: 213383 ns
[2023-05-16T03:09:29.658+0000][6][safepoint    ] Safepoint "Cleanup", Time since last: 1000172037 ns, Reaching safepoint: 110566 ns, At safepoint: 5310 ns, Total: 115876 ns
[2023-05-16T03:09:30.659+0000][6][safepoint    ] Safepoint "Cleanup", Time since last: 1000107361 ns, Reaching safepoint: 85340 ns, At safepoint: 3905 ns, Total: 89245 ns
[2023-05-16T03:09:31.659+0000][6][safepoint    ] Safepoint "Cleanup", Time since last: 1000095335 ns, Reaching safepoint: 108704 ns, At safepoint: 5088 ns, Total: 113792 ns
[2023-05-16T03:09:32.659+0000][6][safepoint    ] Safepoint "Cleanup", Time since last: 1000106709 ns, Reaching safepoint: 151797 ns, At safepoint: 3746 ns, Total: 155543 ns
[2023-05-16T03:09:33.659+0000][6][safepoint    ] Safepoint "Cleanup", Time since last: 1000123463 ns, Reaching safepoint: 109798 ns, At safepoint: 3867 ns, Total: 113665 ns
[2023-05-16T03:09:34.660+0000][6][safepoint    ] Safepoint "Cleanup", Time since last: 1000123717 ns, Reaching safepoint: 158232 ns, At safepoint: 6599 ns, Total: 164831 ns
[2023-05-16T03:09:35.660+0000][6][safepoint    ] Safepoint "Cleanup", Time since last: 1000131131 ns, Reaching safepoint: 97839 ns, At safepoint: 3629 ns, Total: 101468 ns
[2023-05-16T03:09:36.660+0000][6][safepoint    ] Safepoint "Cleanup", Time since last: 1000109980 ns, Reaching safepoint: 114769 ns, At safepoint: 5754 ns, Total: 120523 ns
[2023-05-16T03:09:37.660+0000][6][safepoint    ] Safepoint "Cleanup", Time since last: 1000110290 ns, Reaching safepoint: 99748 ns, At safepoint: 4441 ns, Total: 104189 ns
[2023-05-16T03:09:38.661+0000][6][safepoint    ] Safepoint "Cleanup", Time since last: 1000170976 ns, Reaching safepoint: 107348 ns, At safepoint: 3447 ns, Total: 110795 ns
[2023-05-16T03:09:39.661+0000][6][safepoint    ] Safepoint "Cleanup", Time since last: 1000134704 ns, Reaching safepoint: 282222 ns, At safepoint: 11600 ns, Total: 293822 ns
[2023-05-16T03:09:40.661+0000][6][safepoint    ] Safepoint "Cleanup", Time since last: 1000178552 ns, Reaching safepoint: 124608 ns, At safepoint: 4682 ns, Total: 129290 ns
[2023-05-16T03:09:41.662+0000][6][safepoint    ] Safepoint "Cleanup", Time since last: 1000171445 ns, Reaching safepoint: 482982 ns, At safepoint: 17740 ns, Total: 500722 ns
[2023-05-16T03:09:42.663+0000][6][safepoint    ] Safepoint "Cleanup", Time since last: 1000330232 ns, Reaching safepoint: 164559 ns, At safepoint: 3935 ns, Total: 168494 ns
[2023-05-16T03:09:43.663+0000][6][safepoint    ] Safepoint "Cleanup", Time since last: 1000112222 ns, Reaching safepoint: 100415 ns, At safepoint: 3151 ns, Total: 103566 ns
[2023-05-16T03:09:44.663+0000][6][safepoint    ] Safepoint "Cleanup", Time since last: 1000098924 ns, Reaching safepoint: 117586 ns, At safepoint: 7267 ns, Total: 124853 ns
[2023-05-16T03:09:45.663+0000][6][safepoint    ] Safepoint "Cleanup", Time since last: 1000126365 ns, Reaching safepoint: 187841 ns, At safepoint: 3846 ns, Total: 191687 ns
[2023-05-16T03:09:46.664+0000][6][safepoint    ] Safepoint "Cleanup", Time since last: 1000185612 ns, Reaching safepoint: 682369 ns, At safepoint: 4262 ns, Total: 686631 ns
[2023-05-16T03:09:46.915+0000][6][gc,start     ] GC(24) Pause Young (Normal) (G1 Evacuation Pause)
[2023-05-16T03:09:46.915+0000][6][gc,task      ] GC(24) Using 8 workers of 8 for evacuation
[2023-05-16T03:09:46.915+0000][6][gc,age       ] GC(24) Desired survivor size 38273024 bytes, new threshold 7 (max threshold 15)
[2023-05-16T03:09:46.945+0000][6][gc,age       ] GC(24) Age table with threshold 7 (max threshold 15)
[2023-05-16T03:09:46.945+0000][6][gc,age       ] GC(24) - age   1:    5847384 bytes,    5847384 total
[2023-05-16T03:09:46.945+0000][6][gc,age       ] GC(24) - age   2:    5534784 bytes,   11382168 total
[2023-05-16T03:09:46.945+0000][6][gc,age       ] GC(24) - age   3:    5728944 bytes,   17111112 total
[2023-05-16T03:09:46.945+0000][6][gc,age       ] GC(24) - age   4:    6003856 bytes,   23114968 total
[2023-05-16T03:09:46.945+0000][6][gc,age       ] GC(24) - age   5:    4546944 bytes,   27661912 total
[2023-05-16T03:09:46.945+0000][6][gc,age       ] GC(24) - age   6:    6116072 bytes,   33777984 total
[2023-05-16T03:09:46.945+0000][6][gc,age       ] GC(24) - age   7:    6196368 bytes,   39974352 total
[2023-05-16T03:09:46.945+0000][6][gc,phases    ] GC(24)   Pre Evacuate Collection Set: 0.2ms
[2023-05-16T03:09:46.945+0000][6][gc,phases    ] GC(24)   Merge Heap Roots: 0.2ms
[2023-05-16T03:09:46.945+0000][6][gc,phases    ] GC(24)   Evacuate Collection Set: 27.4ms
[2023-05-16T03:09:46.945+0000][6][gc,phases    ] GC(24)   Post Evacuate Collection Set: 1.7ms
[2023-05-16T03:09:46.945+0000][6][gc,phases    ] GC(24)   Other: 0.4ms
[2023-05-16T03:09:46.945+0000][6][gc,heap      ] GC(24) Eden regions: 537->0(533)
[2023-05-16T03:09:46.945+0000][6][gc,heap      ] GC(24) Survivor regions: 44->43(73)
[2023-05-16T03:09:46.945+0000][6][gc,heap      ] GC(24) Old regions: 91->97
[2023-05-16T03:09:46.945+0000][6][gc,heap      ] GC(24) Archive regions: 2->2
[2023-05-16T03:09:46.945+0000][6][gc,heap      ] GC(24) Humongous regions: 74->50
[2023-05-16T03:09:46.945+0000][6][gc,metaspace ] GC(24) Metaspace: 96716K(104188K)->96716K(104188K) NonClass: 84102K(88464K)->84102K(88464K) Class: 12614K(15724K)->12614K(15724K)
[2023-05-16T03:09:46.945+0000][6][gc           ] GC(24) Pause Young (Normal) (G1 Evacuation Pause) 745M->190M(1024M) 29.809ms
[2023-05-16T03:09:46.945+0000][6][gc,cpu       ] GC(24) User=0.03s Sys=0.00s Real=0.03s
[2023-05-16T03:09:46.945+0000][6][safepoint    ] Safepoint "G1CollectForAllocation", Time since last: 250824905 ns, Reaching safepoint: 211182 ns, At safepoint: 29917883 ns, Total: 30129065 ns
[2023-05-16T03:09:47.945+0000][6][safepoint    ] Safepoint "Cleanup", Time since last: 1000081245 ns, Reaching safepoint: 198981 ns, At safepoint: 4940 ns, Total: 203921 ns
[2023-05-16T03:09:48.946+0000][6][safepoint    ] Safepoint "Cleanup", Time since last: 1000118431 ns, Reaching safepoint: 225906 ns, At safepoint: 4064 ns, Total: 229970 ns
[2023-05-16T03:09:49.946+0000][6][safepoint    ] Safepoint "Cleanup", Time since last: 1000122059 ns, Reaching safepoint: 119700 ns, At safepoint: 6127 ns, Total: 125827 ns
[2023-05-16T03:09:50.946+0000][6][safepoint    ] Safepoint "Cleanup", Time since last: 1000114129 ns, Reaching safepoint: 139987 ns, At safepoint: 3391 ns, Total: 143378 ns
[2023-05-16T03:09:51.946+0000][6][safepoint    ] Safepoint "Cleanup", Time since last: 1000107283 ns, Reaching safepoint: 116051 ns, At safepoint: 7262 ns, Total: 123313 ns
[2023-05-16T03:09:52.957+0000][6][safepoint    ] Safepoint "Cleanup", Time since last: 1010455263 ns, Reaching safepoint: 367943 ns, At safepoint: 6723 ns, Total: 374666 ns
[2023-05-16T03:09:53.958+0000][6][safepoint    ] Safepoint "Cleanup", Time since last: 1000132034 ns, Reaching safepoint: 80009 ns, At safepoint: 4236 ns, Total: 84245 ns
[2023-05-16T03:09:54.958+0000][6][safepoint    ] Safepoint "Cleanup", Time since last: 1000112847 ns, Reaching safepoint: 333527 ns, At safepoint: 16289 ns, Total: 349816 ns
[2023-05-16T03:09:55.958+0000][6][safepoint    ] Safepoint "Cleanup", Time since last: 1000176270 ns, Reaching safepoint: 120095 ns, At safepoint: 3604 ns, Total: 123699 ns
[2023-05-16T03:09:56.959+0000][6][safepoint    ] Safepoint "Cleanup", Time since last: 1000111621 ns, Reaching safepoint: 147431 ns, At safepoint: 7871 ns, Total: 155302 ns
[2023-05-16T03:09:57.959+0000][6][safepoint    ] Safepoint "Cleanup", Time since last: 1000105787 ns, Reaching safepoint: 142435 ns, At safepoint: 7151 ns, Total: 149586 ns
[2023-05-16T03:09:58.959+0000][6][safepoint    ] Safepoint "Cleanup", Time since last: 1000117980 ns, Reaching safepoint: 142369 ns, At safepoint: 5016 ns, Total: 147385 ns
[2023-05-16T03:09:59.959+0000][6][safepoint    ] Safepoint "Cleanup", Time since last: 1000104751 ns, Reaching safepoint: 106601 ns, At safepoint: 5149 ns, Total: 111750 ns
[2023-05-16T03:10:00.959+0000][6][safepoint    ] Safepoint "Cleanup", Time since last: 1000106320 ns, Reaching safepoint: 69090 ns, At safepoint: 3182 ns, Total: 72272 ns
[2023-05-16T03:10:01.960+0000][6][safepoint    ] Safepoint "Cleanup", Time since last: 1000119992 ns, Reaching safepoint: 61846 ns, At safepoint: 3915 ns, Total: 65761 ns
[2023-05-16T03:10:02.960+0000][6][safepoint    ] Safepoint "Cleanup", Time since last: 1000083563 ns, Reaching safepoint: 67506 ns, At safepoint: 4073 ns, Total: 71579 ns
[2023-05-16T03:10:03.960+0000][6][safepoint    ] Safepoint "Cleanup", Time since last: 1000102571 ns, Reaching safepoint: 114464 ns, At safepoint: 5386 ns, Total: 119850 ns
[2023-05-16T03:10:04.960+0000][6][safepoint    ] Safepoint "Cleanup", Time since last: 1000142231 ns, Reaching safepoint: 75211 ns, At safepoint: 4191 ns, Total: 79402 ns
[2023-05-16T03:10:05.960+0000][6][safepoint    ] Safepoint "Cleanup", Time since last: 1000090090 ns, Reaching safepoint: 82655 ns, At safepoint: 4859 ns, Total: 87514 ns
[2023-05-16T03:10:06.961+0000][6][safepoint    ] Safepoint "Cleanup", Time since last: 1000064503 ns, Reaching safepoint: 116372 ns, At safepoint: 5163 ns, Total: 121535 ns
[2023-05-16T03:10:07.961+0000][6][safepoint    ] Safepoint "Cleanup", Time since last: 1000106039 ns, Reaching safepoint: 98750 ns, At safepoint: 7159 ns, Total: 105909 ns
[2023-05-16T03:10:08.961+0000][6][safepoint    ] Safepoint "Cleanup", Time since last: 1000161837 ns, Reaching safepoint: 435884 ns, At safepoint: 5589 ns, Total: 441473 ns
[2023-05-16T03:10:09.962+0000][6][safepoint    ] Safepoint "Cleanup", Time since last: 1000170674 ns, Reaching safepoint: 88479 ns, At safepoint: 4022 ns, Total: 92501 ns
[2023-05-16T03:10:10.962+0000][6][safepoint    ] Safepoint "Cleanup", Time since last: 1000123554 ns, Reaching safepoint: 447296 ns, At safepoint: 12477 ns, Total: 459773 ns
[2023-05-16T03:10:11.963+0000][6][safepoint    ] Safepoint "Cleanup", Time since last: 1000348727 ns, Reaching safepoint: 153534 ns, At safepoint: 3329 ns, Total: 156863 ns
[2023-05-16T03:10:12.963+0000][6][safepoint    ] Safepoint "Cleanup", Time since last: 1000177451 ns, Reaching safepoint: 335914 ns, At safepoint: 6387 ns, Total: 342301 ns
[2023-05-16T03:10:13.964+0000][6][safepoint    ] Safepoint "Cleanup", Time since last: 1000202832 ns, Reaching safepoint: 70880 ns, At safepoint: 3584 ns, Total: 74464 ns
[2023-05-16T03:10:14.964+0000][6][safepoint    ] Safepoint "Cleanup", Time since last: 1000106798 ns, Reaching safepoint: 102853 ns, At safepoint: 5527 ns, Total: 108380 ns
[2023-05-16T03:10:15.964+0000][6][safepoint    ] Safepoint "Cleanup", Time since last: 1000116208 ns, Reaching safepoint: 69119 ns, At safepoint: 3274 ns, Total: 72393 ns
[2023-05-16T03:10:16.964+0000][6][safepoint    ] Safepoint "Cleanup", Time since last: 1000087915 ns, Reaching safepoint: 76023 ns, At safepoint: 4127 ns, Total: 80150 ns
[2023-05-16T03:10:17.964+0000][6][safepoint    ] Safepoint "Cleanup", Time since last: 1000089681 ns, Reaching safepoint: 87224 ns, At safepoint: 3110 ns, Total: 90334 ns
[2023-05-16T03:10:18.964+0000][6][safepoint    ] Safepoint "Cleanup", Time since last: 1000087528 ns, Reaching safepoint: 73855 ns, At safepoint: 3440 ns, Total: 77295 ns
[2023-05-16T03:10:20.851+0000][6][safepoint    ] Safepoint "Cleanup", Time since last: 1885842019 ns, Reaching safepoint: 376213 ns, At safepoint: 6917 ns, Total: 383130 ns
[2023-05-16T03:10:21.852+0000][6][safepoint    ] Safepoint "Cleanup", Time since last: 1000281298 ns, Reaching safepoint: 553280 ns, At safepoint: 13926 ns, Total: 567206 ns
[2023-05-16T03:10:22.852+0000][6][safepoint    ] Safepoint "Cleanup", Time since last: 1000305695 ns, Reaching safepoint: 173533 ns, At safepoint: 4361 ns, Total: 177894 ns
[2023-05-16T03:10:23.852+0000][6][safepoint    ] Safepoint "Cleanup", Time since last: 1000103186 ns, Reaching safepoint: 126777 ns, At safepoint: 4514 ns, Total: 131291 ns
[2023-05-16T03:10:24.853+0000][6][safepoint    ] Safepoint "Cleanup", Time since last: 1000094153 ns, Reaching safepoint: 284509 ns, At safepoint: 5506 ns, Total: 290015 ns
[2023-05-16T03:10:25.853+0000][6][safepoint    ] Safepoint "Cleanup", Time since last: 1000127067 ns, Reaching safepoint: 153335 ns, At safepoint: 3013 ns, Total: 156348 ns
[2023-05-16T03:10:26.853+0000][6][safepoint    ] Safepoint "Cleanup", Time since last: 1000112154 ns, Reaching safepoint: 91156 ns, At safepoint: 3796 ns, Total: 94952 ns
[2023-05-16T03:10:27.853+0000][6][safepoint    ] Safepoint "Cleanup", Time since last: 1000106664 ns, Reaching safepoint: 169779 ns, At safepoint: 3329 ns, Total: 173108 ns
[2023-05-16T03:10:28.854+0000][6][safepoint    ] Safepoint "Cleanup", Time since last: 1000070145 ns, Reaching safepoint: 93944 ns, At safepoint: 4711 ns, Total: 98655 ns
[2023-05-16T03:10:29.854+0000][6][safepoint    ] Safepoint "Cleanup", Time since last: 1000096254 ns, Reaching safepoint: 94856 ns, At safepoint: 6899 ns, Total: 101755 ns
[2023-05-16T03:10:30.854+0000][6][safepoint    ] Safepoint "Cleanup", Time since last: 1000105359 ns, Reaching safepoint: 82845 ns, At safepoint: 3865 ns, Total: 86710 ns
[2023-05-16T03:10:31.854+0000][6][safepoint    ] Safepoint "Cleanup", Time since last: 1000168925 ns, Reaching safepoint: 316442 ns, At safepoint: 3527 ns, Total: 319969 ns
[2023-05-16T03:10:32.855+0000][6][safepoint    ] Safepoint "Cleanup", Time since last: 1000323849 ns, Reaching safepoint: 148207 ns, At safepoint: 4520 ns, Total: 152727 ns
[2023-05-16T03:10:33.856+0000][6][safepoint    ] Safepoint "Cleanup", Time since last: 1000165682 ns, Reaching safepoint: 419377 ns, At safepoint: 9354 ns, Total: 428731 ns
[2023-05-16T03:10:34.857+0000][6][safepoint    ] Safepoint "Cleanup", Time since last: 1000401709 ns, Reaching safepoint: 540378 ns, At safepoint: 12663 ns, Total: 553041 ns
[2023-05-16T03:10:35.857+0000][6][safepoint    ] Safepoint "Cleanup", Time since last: 1000313897 ns, Reaching safepoint: 132473 ns, At safepoint: 3431 ns, Total: 135904 ns
[2023-05-16T03:10:36.857+0000][6][safepoint    ] Safepoint "Cleanup", Time since last: 1000111190 ns, Reaching safepoint: 145208 ns, At safepoint: 8781 ns, Total: 153989 ns
[2023-05-16T03:10:37.857+0000][6][safepoint    ] Safepoint "Cleanup", Time since last: 1000109548 ns, Reaching safepoint: 161352 ns, At safepoint: 4063 ns, Total: 165415 ns
[2023-05-16T03:10:38.858+0000][6][safepoint    ] Safepoint "Cleanup", Time since last: 1000205210 ns, Reaching safepoint: 647752 ns, At safepoint: 11416 ns, Total: 659168 ns
[2023-05-16T03:10:39.859+0000][6][safepoint    ] Safepoint "Cleanup", Time since last: 1000342535 ns, Reaching safepoint: 229943 ns, At safepoint: 5006 ns, Total: 234949 ns
[2023-05-16T03:10:40.859+0000][6][safepoint    ] Safepoint "Cleanup", Time since last: 1000112399 ns, Reaching safepoint: 98469 ns, At safepoint: 2975 ns, Total: 101444 ns
[2023-05-16T03:10:41.859+0000][6][safepoint    ] Safepoint "Cleanup", Time since last: 1000111366 ns, Reaching safepoint: 114466 ns, At safepoint: 4396 ns, Total: 118862 ns
[2023-05-16T03:10:42.860+0000][6][safepoint    ] Safepoint "Cleanup", Time since last: 1000125115 ns, Reaching safepoint: 232894 ns, At safepoint: 7786 ns, Total: 240680 ns
[2023-05-16T03:10:43.860+0000][6][safepoint    ] Safepoint "Cleanup", Time since last: 1000166779 ns, Reaching safepoint: 97044 ns, At safepoint: 6572 ns, Total: 103616 ns
[2023-05-16T03:10:44.860+0000][6][safepoint    ] Safepoint "Cleanup", Time since last: 1000114633 ns, Reaching safepoint: 161204 ns, At safepoint: 4795 ns, Total: 165999 ns
[2023-05-16T03:10:45.861+0000][6][safepoint    ] Safepoint "Cleanup", Time since last: 1000116728 ns, Reaching safepoint: 276616 ns, At safepoint: 12738 ns, Total: 289354 ns
[2023-05-16T03:10:46.861+0000][6][safepoint    ] Safepoint "Cleanup", Time since last: 1000150543 ns, Reaching safepoint: 568339 ns, At safepoint: 11604 ns, Total: 579943 ns
[2023-05-16T03:10:47.862+0000][6][safepoint    ] Safepoint "Cleanup", Time since last: 1000347229 ns, Reaching safepoint: 111904 ns, At safepoint: 3565 ns, Total: 115469 ns
[2023-05-16T03:10:48.863+0000][6][safepoint    ] Safepoint "Cleanup", Time since last: 1000167338 ns, Reaching safepoint: 669835 ns, At safepoint: 12602 ns, Total: 682437 ns
[2023-05-16T03:10:49.863+0000][6][safepoint    ] Safepoint "Cleanup", Time since last: 1000304920 ns, Reaching safepoint: 120238 ns, At safepoint: 3907 ns, Total: 124145 ns
[2023-05-16T03:10:50.863+0000][6][safepoint    ] Safepoint "Cleanup", Time since last: 1000117200 ns, Reaching safepoint: 95933 ns, At safepoint: 3507 ns, Total: 99440 ns
[2023-05-16T03:10:51.864+0000][6][safepoint    ] Safepoint "Cleanup", Time since last: 1000126037 ns, Reaching safepoint: 343563 ns, At safepoint: 9750 ns, Total: 353313 ns
[2023-05-16T03:10:52.864+0000][6][safepoint    ] Safepoint "Cleanup", Time since last: 1000177029 ns, Reaching safepoint: 99722 ns, At safepoint: 3645 ns, Total: 103367 ns
[2023-05-16T03:10:53.864+0000][6][safepoint    ] Safepoint "Cleanup", Time since last: 1000118631 ns, Reaching safepoint: 157190 ns, At safepoint: 4870 ns, Total: 162060 ns
[2023-05-16T03:10:54.865+0000][6][safepoint    ] Safepoint "Cleanup", Time since last: 1000114211 ns, Reaching safepoint: 111327 ns, At safepoint: 3820 ns, Total: 115147 ns
[2023-05-16T03:10:55.865+0000][6][safepoint    ] Safepoint "Cleanup", Time since last: 1000104616 ns, Reaching safepoint: 79348 ns, At safepoint: 3467 ns, Total: 82815 ns
[2023-05-16T03:10:56.865+0000][6][safepoint    ] Safepoint "Cleanup", Time since last: 1000096063 ns, Reaching safepoint: 96044 ns, At safepoint: 3333 ns, Total: 99377 ns
[2023-05-16T03:10:57.865+0000][6][safepoint    ] Safepoint "Cleanup", Time since last: 1000108375 ns, Reaching safepoint: 91410 ns, At safepoint: 4067 ns, Total: 95477 ns
[2023-05-16T03:10:58.866+0000][6][safepoint    ] Safepoint "Cleanup", Time since last: 1000150228 ns, Reaching safepoint: 358934 ns, At safepoint: 7590 ns, Total: 366524 ns
[2023-05-16T03:10:59.866+0000][6][safepoint    ] Safepoint "Cleanup", Time since last: 1000147875 ns, Reaching safepoint: 115727 ns, At safepoint: 3078 ns, Total: 118805 ns
[2023-05-16T03:11:00.867+0000][6][safepoint    ] Safepoint "Cleanup", Time since last: 1000087263 ns, Reaching safepoint: 382077 ns, At safepoint: 20902 ns, Total: 402979 ns
[2023-05-16T03:11:01.867+0000][6][safepoint    ] Safepoint "Cleanup", Time since last: 1000348533 ns, Reaching safepoint: 413337 ns, At safepoint: 10938 ns, Total: 424275 ns
[2023-05-16T03:11:02.868+0000][6][safepoint    ] Safepoint "Cleanup", Time since last: 1000267754 ns, Reaching safepoint: 112021 ns, At safepoint: 3928 ns, Total: 115949 ns
[2023-05-16T03:11:03.868+0000][6][safepoint    ] Safepoint "Cleanup", Time since last: 1000102732 ns, Reaching safepoint: 84008 ns, At safepoint: 3979 ns, Total: 87987 ns
[2023-05-16T03:11:04.868+0000][6][safepoint    ] Safepoint "Cleanup", Time since last: 1000130044 ns, Reaching safepoint: 142807 ns, At safepoint: 5542 ns, Total: 148349 ns
[2023-05-16T03:11:05.868+0000][6][safepoint    ] Safepoint "Cleanup", Time since last: 1000144075 ns, Reaching safepoint: 91527 ns, At safepoint: 3777 ns, Total: 95304 ns
[2023-05-16T03:11:06.869+0000][6][safepoint    ] Safepoint "Cleanup", Time since last: 1000126455 ns, Reaching safepoint: 79398 ns, At safepoint: 4388 ns, Total: 83786 ns
[2023-05-16T03:11:07.869+0000][6][safepoint    ] Safepoint "Cleanup", Time since last: 1000091832 ns, Reaching safepoint: 67007 ns, At safepoint: 9927 ns, Total: 76934 ns
[2023-05-16T03:11:08.869+0000][6][safepoint    ] Safepoint "Cleanup", Time since last: 1000097797 ns, Reaching safepoint: 65750 ns, At safepoint: 2774 ns, Total: 68524 ns
[2023-05-16T03:11:09.869+0000][6][safepoint    ] Safepoint "Cleanup", Time since last: 1000094143 ns, Reaching safepoint: 76782 ns, At safepoint: 4347 ns, Total: 81129 ns
[2023-05-16T03:11:10.869+0000][6][safepoint    ] Safepoint "Cleanup", Time since last: 1000098726 ns, Reaching safepoint: 68038 ns, At safepoint: 2632 ns, Total: 70670 ns
[2023-05-16T03:11:11.869+0000][6][safepoint    ] Safepoint "Cleanup", Time since last: 1000110002 ns, Reaching safepoint: 72083 ns, At safepoint: 3697 ns, Total: 75780 ns
[2023-05-16T03:11:12.870+0000][6][safepoint    ] Safepoint "Cleanup", Time since last: 1000127689 ns, Reaching safepoint: 65807 ns, At safepoint: 3794 ns, Total: 69601 ns
[2023-05-16T03:11:13.870+0000][6][safepoint    ] Safepoint "Cleanup", Time since last: 1000119478 ns, Reaching safepoint: 63449 ns, At safepoint: 3157 ns, Total: 66606 ns
[2023-05-16T03:11:14.870+0000][6][safepoint    ] Safepoint "Cleanup", Time since last: 1000108864 ns, Reaching safepoint: 70600 ns, At safepoint: 3245 ns, Total: 73845 ns
[2023-05-16T03:11:15.870+0000][6][safepoint    ] Safepoint "Cleanup", Time since last: 1000090954 ns, Reaching safepoint: 72636 ns, At safepoint: 4022 ns, Total: 76658 ns
[2023-05-16T03:11:16.870+0000][6][safepoint    ] Safepoint "Cleanup", Time since last: 1000098260 ns, Reaching safepoint: 104811 ns, At safepoint: 3684 ns, Total: 108495 ns
[2023-05-16T03:11:17.871+0000][6][safepoint    ] Safepoint "Cleanup", Time since last: 1000101676 ns, Reaching safepoint: 87419 ns, At safepoint: 2425 ns, Total: 89844 ns
[2023-05-16T03:11:18.871+0000][6][safepoint    ] Safepoint "Cleanup", Time since last: 1000097296 ns, Reaching safepoint: 71823 ns, At safepoint: 2593 ns, Total: 74416 ns
[2023-05-16T03:11:19.871+0000][6][safepoint    ] Safepoint "Cleanup", Time since last: 1000088071 ns, Reaching safepoint: 80497 ns, At safepoint: 2476 ns, Total: 82973 ns
[2023-05-16T03:11:20.871+0000][6][safepoint    ] Safepoint "Cleanup", Time since last: 1000083091 ns, Reaching safepoint: 67177 ns, At safepoint: 3104 ns, Total: 70281 ns
[2023-05-16T03:11:21.871+0000][6][safepoint    ] Safepoint "Cleanup", Time since last: 1000065201 ns, Reaching safepoint: 72087 ns, At safepoint: 3419 ns, Total: 75506 ns
[2023-05-16T03:11:22.871+0000][6][safepoint    ] Safepoint "Cleanup", Time since last: 1000093132 ns, Reaching safepoint: 81798 ns, At safepoint: 3151 ns, Total: 84949 ns
[2023-05-16T03:11:23.872+0000][6][safepoint    ] Safepoint "Cleanup", Time since last: 1000123820 ns, Reaching safepoint: 72039 ns, At safepoint: 4927 ns, Total: 76966 ns
[2023-05-16T03:11:24.946+0000][6][safepoint    ] Safepoint "Cleanup", Time since last: 1074595282 ns, Reaching safepoint: 97115 ns, At safepoint: 6572 ns, Total: 103687 ns
[2023-05-16T03:11:25.947+0000][6][safepoint    ] Safepoint "Cleanup", Time since last: 1000120802 ns, Reaching safepoint: 73872 ns, At safepoint: 2986 ns, Total: 76858 ns
[2023-05-16T03:11:26.947+0000][6][safepoint    ] Safepoint "Cleanup", Time since last: 1000095529 ns, Reaching safepoint: 112308 ns, At safepoint: 4521 ns, Total: 116829 ns
[2023-05-16T03:11:27.947+0000][6][safepoint    ] Safepoint "Cleanup", Time since last: 1000143494 ns, Reaching safepoint: 64214 ns, At safepoint: 3721 ns, Total: 67935 ns
[2023-05-16T03:11:28.947+0000][6][safepoint    ] Safepoint "Cleanup", Time since last: 1000094109 ns, Reaching safepoint: 109418 ns, At safepoint: 2662 ns, Total: 112080 ns
[2023-05-16T03:11:29.947+0000][6][safepoint    ] Safepoint "Cleanup", Time since last: 1000099000 ns, Reaching safepoint: 76519 ns, At safepoint: 5631 ns, Total: 82150 ns
[2023-05-16T03:11:30.947+0000][6][safepoint    ] Safepoint "Cleanup", Time since last: 1000093402 ns, Reaching safepoint: 76344 ns, At safepoint: 2875 ns, Total: 79219 ns
[2023-05-16T03:11:31.948+0000][6][safepoint    ] Safepoint "Cleanup", Time since last: 1000115886 ns, Reaching safepoint: 205589 ns, At safepoint: 4639 ns, Total: 210228 ns
[2023-05-16T03:11:32.948+0000][6][safepoint    ] Safepoint "Cleanup", Time since last: 1000137610 ns, Reaching safepoint: 75312 ns, At safepoint: 2761 ns, Total: 78073 ns
[2023-05-16T03:11:33.948+0000][6][safepoint    ] Safepoint "Cleanup", Time since last: 1000112405 ns, Reaching safepoint: 65157 ns, At safepoint: 2533 ns, Total: 67690 ns
[2023-05-16T03:11:34.948+0000][6][safepoint    ] Safepoint "Cleanup", Time since last: 1000087856 ns, Reaching safepoint: 77231 ns, At safepoint: 3308 ns, Total: 80539 ns
[2023-05-16T03:11:35.949+0000][6][safepoint    ] Safepoint "Cleanup", Time since last: 1000097734 ns, Reaching safepoint: 67065 ns, At safepoint: 2860 ns, Total: 69925 ns
[2023-05-16T03:11:36.949+0000][6][safepoint    ] Safepoint "Cleanup", Time since last: 1000080603 ns, Reaching safepoint: 84538 ns, At safepoint: 2808 ns, Total: 87346 ns
[2023-05-16T03:11:37.949+0000][6][safepoint    ] Safepoint "Cleanup", Time since last: 1000127608 ns, Reaching safepoint: 68785 ns, At safepoint: 4720 ns, Total: 73505 ns
[2023-05-16T03:11:38.949+0000][6][safepoint    ] Safepoint "Cleanup", Time since last: 1000117133 ns, Reaching safepoint: 67396 ns, At safepoint: 3730 ns, Total: 71126 ns
[2023-05-16T03:11:39.949+0000][6][safepoint    ] Safepoint "Cleanup", Time since last: 1000090843 ns, Reaching safepoint: 68272 ns, At safepoint: 4144 ns, Total: 72416 ns
[2023-05-16T03:11:40.949+0000][6][safepoint    ] Safepoint "Cleanup", Time since last: 1000058936 ns, Reaching safepoint: 81780 ns, At safepoint: 2621 ns, Total: 84401 ns
[2023-05-16T03:11:41.950+0000][6][safepoint    ] Safepoint "Cleanup", Time since last: 1000097877 ns, Reaching safepoint: 108767 ns, At safepoint: 5545 ns, Total: 114312 ns
[2023-05-16T03:11:42.950+0000][6][safepoint    ] Safepoint "Cleanup", Time since last: 1000178641 ns, Reaching safepoint: 275085 ns, At safepoint: 3459 ns, Total: 278544 ns
[2023-05-16T03:11:43.950+0000][6][safepoint    ] Safepoint "Cleanup", Time since last: 1000125325 ns, Reaching safepoint: 65654 ns, At safepoint: 4970 ns, Total: 70624 ns
[2023-05-16T03:11:44.950+0000][6][safepoint    ] Safepoint "Cleanup", Time since last: 1000098304 ns, Reaching safepoint: 105688 ns, At safepoint: 4303 ns, Total: 109991 ns
[2023-05-16T03:11:45.951+0000][6][safepoint    ] Safepoint "Cleanup", Time since last: 1000165180 ns, Reaching safepoint: 237706 ns, At safepoint: 5321 ns, Total: 243027 ns
[2023-05-16T03:11:46.951+0000][6][safepoint    ] Safepoint "Cleanup", Time since last: 1000198175 ns, Reaching safepoint: 85043 ns, At safepoint: 3498 ns, Total: 88541 ns
[2023-05-16T03:11:47.951+0000][6][safepoint    ] Safepoint "Cleanup", Time since last: 1000097597 ns, Reaching safepoint: 85501 ns, At safepoint: 3159 ns, Total: 88660 ns
[2023-05-16T03:11:48.952+0000][6][safepoint    ] Safepoint "Cleanup", Time since last: 1000090864 ns, Reaching safepoint: 73814 ns, At safepoint: 2655 ns, Total: 76469 ns
[2023-05-16T03:11:49.952+0000][6][safepoint    ] Safepoint "Cleanup", Time since last: 1000135211 ns, Reaching safepoint: 254188 ns, At safepoint: 4290 ns, Total: 258478 ns
[2023-05-16T03:11:50.952+0000][6][safepoint    ] Safepoint "Cleanup", Time since last: 1000149178 ns, Reaching safepoint: 81838 ns, At safepoint: 3072 ns, Total: 84910 ns
[2023-05-16T03:11:51.952+0000][6][safepoint    ] Safepoint "Cleanup", Time since last: 1000085309 ns, Reaching safepoint: 67681 ns, At safepoint: 2820 ns, Total: 70501 ns
[2023-05-16T03:11:53.414+0000][6][safepoint    ] Safepoint "Cleanup", Time since last: 1461668671 ns, Reaching safepoint: 65638 ns, At safepoint: 2441 ns, Total: 68079 ns
[2023-05-16T03:11:54.414+0000][6][safepoint    ] Safepoint "Cleanup", Time since last: 1000120426 ns, Reaching safepoint: 164919 ns, At safepoint: 4284 ns, Total: 169203 ns
[2023-05-16T03:11:55.415+0000][6][safepoint    ] Safepoint "Cleanup", Time since last: 1000120576 ns, Reaching safepoint: 92119 ns, At safepoint: 2765 ns, Total: 94884 ns
[2023-05-16T03:11:56.415+0000][6][safepoint    ] Safepoint "Cleanup", Time since last: 1000094702 ns, Reaching safepoint: 95831 ns, At safepoint: 4472 ns, Total: 100303 ns
[2023-05-16T03:11:57.415+0000][6][safepoint    ] Safepoint "Cleanup", Time since last: 1000108766 ns, Reaching safepoint: 102194 ns, At safepoint: 5091 ns, Total: 107285 ns
[2023-05-16T03:11:58.415+0000][6][safepoint    ] Safepoint "Cleanup", Time since last: 1000127933 ns, Reaching safepoint: 136001 ns, At safepoint: 4297 ns, Total: 140298 ns
[2023-05-16T03:11:59.416+0000][6][safepoint    ] Safepoint "Cleanup", Time since last: 1000104320 ns, Reaching safepoint: 203216 ns, At safepoint: 4117 ns, Total: 207333 ns
[2023-05-16T03:12:00.416+0000][6][safepoint    ] Safepoint "Cleanup", Time since last: 1000093572 ns, Reaching safepoint: 192975 ns, At safepoint: 6060 ns, Total: 199035 ns
[2023-05-16T03:12:01.416+0000][6][safepoint    ] Safepoint "Cleanup", Time since last: 1000095894 ns, Reaching safepoint: 100333 ns, At safepoint: 3291 ns, Total: 103624 ns
[2023-05-16T03:12:02.416+0000][6][safepoint    ] Safepoint "Cleanup", Time since last: 1000061646 ns, Reaching safepoint: 67892 ns, At safepoint: 2887 ns, Total: 70779 ns
[2023-05-16T03:12:03.416+0000][6][safepoint    ] Safepoint "Cleanup", Time since last: 1000096506 ns, Reaching safepoint: 176273 ns, At safepoint: 3532 ns, Total: 179805 ns
[2023-05-16T03:12:04.417+0000][6][safepoint    ] Safepoint "Cleanup", Time since last: 1000092491 ns, Reaching safepoint: 87809 ns, At safepoint: 3597 ns, Total: 91406 ns
[2023-05-16T03:12:05.417+0000][6][safepoint    ] Safepoint "Cleanup", Time since last: 1000096759 ns, Reaching safepoint: 169612 ns, At safepoint: 4251 ns, Total: 173863 ns
[2023-05-16T03:12:06.417+0000][6][safepoint    ] Safepoint "Cleanup", Time since last: 1000087438 ns, Reaching safepoint: 61553 ns, At safepoint: 2612 ns, Total: 64165 ns
[2023-05-16T03:12:07.417+0000][6][safepoint    ] Safepoint "Cleanup", Time since last: 1000080222 ns, Reaching safepoint: 70817 ns, At safepoint: 3115 ns, Total: 73932 ns
[2023-05-16T03:12:08.417+0000][6][safepoint    ] Safepoint "Cleanup", Time since last: 1000081011 ns, Reaching safepoint: 63113 ns, At safepoint: 3682 ns, Total: 66795 ns
[2023-05-16T03:12:09.418+0000][6][safepoint    ] Safepoint "Cleanup", Time since last: 1000072026 ns, Reaching safepoint: 66929 ns, At safepoint: 3104 ns, Total: 70033 ns
[2023-05-16T03:12:10.418+0000][6][safepoint    ] Safepoint "Cleanup", Time since last: 1000081492 ns, Reaching safepoint: 126474 ns, At safepoint: 4807 ns, Total: 131281 ns
[2023-05-16T03:12:11.418+0000][6][safepoint    ] Safepoint "Cleanup", Time since last: 1000084806 ns, Reaching safepoint: 65583 ns, At safepoint: 2589 ns, Total: 68172 ns
[2023-05-16T03:12:12.418+0000][6][safepoint    ] Safepoint "Cleanup", Time since last: 1000099693 ns, Reaching safepoint: 66267 ns, At safepoint: 2970 ns, Total: 69237 ns
[2023-05-16T03:12:13.418+0000][6][safepoint    ] Safepoint "Cleanup", Time since last: 1000083157 ns, Reaching safepoint: 78525 ns, At safepoint: 4367 ns, Total: 82892 ns
[2023-05-16T03:12:14.419+0000][6][safepoint    ] Safepoint "Cleanup", Time since last: 1000124112 ns, Reaching safepoint: 470710 ns, At safepoint: 7391 ns, Total: 478101 ns
[2023-05-16T03:12:15.419+0000][6][safepoint    ] Safepoint "Cleanup", Time since last: 1000170846 ns, Reaching safepoint: 134619 ns, At safepoint: 4881 ns, Total: 139500 ns
[2023-05-16T03:12:16.419+0000][6][safepoint    ] Safepoint "Cleanup", Time since last: 1000112483 ns, Reaching safepoint: 251911 ns, At safepoint: 3873 ns, Total: 255784 ns
[2023-05-16T03:12:17.697+0000][6][safepoint    ] Safepoint "Cleanup", Time since last: 1276957575 ns, Reaching safepoint: 94184 ns, At safepoint: 4177 ns, Total: 98361 ns
[2023-05-16T03:12:18.697+0000][6][safepoint    ] Safepoint "Cleanup", Time since last: 1000095824 ns, Reaching safepoint: 147831 ns, At safepoint: 3697 ns, Total: 151528 ns
[2023-05-16T03:12:19.697+0000][6][safepoint    ] Safepoint "Cleanup", Time since last: 1000103147 ns, Reaching safepoint: 103253 ns, At safepoint: 4029 ns, Total: 107282 ns
[2023-05-16T03:12:22.329+0000][6][gc,start     ] GC(25) Pause Young (Normal) (G1 Evacuation Pause)
[2023-05-16T03:12:22.329+0000][6][gc,task      ] GC(25) Using 8 workers of 8 for evacuation
[2023-05-16T03:12:22.329+0000][6][gc,age       ] GC(25) Desired survivor size 37748736 bytes, new threshold 7 (max threshold 15)
[2023-05-16T03:12:22.341+0000][6][gc,age       ] GC(25) Age table with threshold 7 (max threshold 15)
[2023-05-16T03:12:22.341+0000][6][gc,age       ] GC(25) - age   1:    5798216 bytes,    5798216 total
[2023-05-16T03:12:22.341+0000][6][gc,age       ] GC(25) - age   2:    5610768 bytes,   11408984 total
[2023-05-16T03:12:22.341+0000][6][gc,age       ] GC(25) - age   3:    5534760 bytes,   16943744 total
[2023-05-16T03:12:22.341+0000][6][gc,age       ] GC(25) - age   4:    5728944 bytes,   22672688 total
[2023-05-16T03:12:22.341+0000][6][gc,age       ] GC(25) - age   5:    6003672 bytes,   28676360 total
[2023-05-16T03:12:22.341+0000][6][gc,age       ] GC(25) - age   6:    4530792 bytes,   33207152 total
[2023-05-16T03:12:22.341+0000][6][gc,age       ] GC(25) - age   7:    6099920 bytes,   39307072 total
[2023-05-16T03:12:22.341+0000][6][gc,phases    ] GC(25)   Pre Evacuate Collection Set: 0.1ms
[2023-05-16T03:12:22.341+0000][6][gc,phases    ] GC(25)   Merge Heap Roots: 0.1ms
[2023-05-16T03:12:22.341+0000][6][gc,phases    ] GC(25)   Evacuate Collection Set: 10.7ms
[2023-05-16T03:12:22.341+0000][6][gc,phases    ] GC(25)   Post Evacuate Collection Set: 1.0ms
[2023-05-16T03:12:22.341+0000][6][gc,phases    ] GC(25)   Other: 0.3ms
[2023-05-16T03:12:22.341+0000][6][gc,heap      ] GC(25) Eden regions: 533->0(531)
[2023-05-16T03:12:22.341+0000][6][gc,heap      ] GC(25) Survivor regions: 43->41(72)
[2023-05-16T03:12:22.341+0000][6][gc,heap      ] GC(25) Old regions: 97->103
[2023-05-16T03:12:22.341+0000][6][gc,heap      ] GC(25) Archive regions: 2->2
[2023-05-16T03:12:22.341+0000][6][gc,heap      ] GC(25) Humongous regions: 55->50
[2023-05-16T03:12:22.341+0000][6][gc,metaspace ] GC(25) Metaspace: 96727K(104188K)->96727K(104188K) NonClass: 84113K(88464K)->84113K(88464K) Class: 12614K(15724K)->12614K(15724K)
[2023-05-16T03:12:22.341+0000][6][gc           ] GC(25) Pause Young (Normal) (G1 Evacuation Pause) 728M->193M(1024M) 12.272ms
[2023-05-16T03:12:22.341+0000][6][gc,cpu       ] GC(25) User=0.04s Sys=0.01s Real=0.01s
[2023-05-16T03:12:22.341+0000][6][safepoint    ] Safepoint "G1CollectForAllocation", Time since last: 2631982032 ns, Reaching safepoint: 130831 ns, At safepoint: 12375048 ns, Total: 12505879 ns
[2023-05-16T03:12:23.342+0000][6][safepoint    ] Safepoint "Cleanup", Time since last: 1000111221 ns, Reaching safepoint: 441413 ns, At safepoint: 11379 ns, Total: 452792 ns
[2023-05-16T03:12:24.342+0000][6][safepoint    ] Safepoint "Cleanup", Time since last: 1000329987 ns, Reaching safepoint: 97433 ns, At safepoint: 4249 ns, Total: 101682 ns
[2023-05-16T03:12:34.343+0000][6][safepoint    ] Safepoint "Cleanup", Time since last: 10000701221 ns, Reaching safepoint: 290158 ns, At safepoint: 7157 ns, Total: 297315 ns
[2023-05-16T03:12:35.344+0000][6][safepoint    ] Safepoint "Cleanup", Time since last: 1000127902 ns, Reaching safepoint: 237978 ns, At safepoint: 9848 ns, Total: 247826 ns
[2023-05-16T03:12:37.345+0000][6][safepoint    ] Safepoint "Cleanup", Time since last: 2000157768 ns, Reaching safepoint: 683715 ns, At safepoint: 17555 ns, Total: 701270 ns
[2023-05-16T03:12:48.335+0000][6][safepoint    ] Safepoint "Cleanup", Time since last: 10990319982 ns, Reaching safepoint: 129901 ns, At safepoint: 3568 ns, Total: 133469 ns
[2023-05-16T03:12:57.336+0000][6][safepoint    ] Safepoint "Cleanup", Time since last: 9000638893 ns, Reaching safepoint: 169760 ns, At safepoint: 4541 ns, Total: 174301 ns
[2023-05-16T03:12:59.337+0000][6][safepoint    ] Safepoint "Cleanup", Time since last: 2000284622 ns, Reaching safepoint: 898431 ns, At safepoint: 7513 ns, Total: 905944 ns
[2023-05-16T03:13:10.339+0000][6][safepoint    ] Safepoint "Cleanup", Time since last: 11001169927 ns, Reaching safepoint: 524293 ns, At safepoint: 12762 ns, Total: 537055 ns
[2023-05-16T03:13:33.341+0000][6][safepoint    ] Safepoint "Cleanup", Time since last: 23002129960 ns, Reaching safepoint: 115567 ns, At safepoint: 6740 ns, Total: 122307 ns
[2023-05-16T03:13:46.343+0000][6][safepoint    ] Safepoint "Cleanup", Time since last: 13001275758 ns, Reaching safepoint: 384429 ns, At safepoint: 7943 ns, Total: 392372 ns
[2023-05-16T03:13:53.344+0000][6][safepoint    ] Safepoint "Cleanup", Time since last: 7000594501 ns, Reaching safepoint: 102297 ns, At safepoint: 5264 ns, Total: 107561 ns
[2023-05-16T03:14:16.174+0000][6][gc,start     ] GC(26) Pause Young (Normal) (G1 Evacuation Pause)
[2023-05-16T03:14:16.174+0000][6][gc,task      ] GC(26) Using 8 workers of 8 for evacuation
[2023-05-16T03:14:16.174+0000][6][gc,age       ] GC(26) Desired survivor size 37748736 bytes, new threshold 7 (max threshold 15)
[2023-05-16T03:14:16.191+0000][6][gc,age       ] GC(26) Age table with threshold 7 (max threshold 15)
[2023-05-16T03:14:16.191+0000][6][gc,age       ] GC(26) - age   1:    6089272 bytes,    6089272 total
[2023-05-16T03:14:16.191+0000][6][gc,age       ] GC(26) - age   2:    5540320 bytes,   11629592 total
[2023-05-16T03:14:16.191+0000][6][gc,age       ] GC(26) - age   3:    5582432 bytes,   17212024 total
[2023-05-16T03:14:16.191+0000][6][gc,age       ] GC(26) - age   4:    5534760 bytes,   22746784 total
[2023-05-16T03:14:16.191+0000][6][gc,age       ] GC(26) - age   5:    5728944 bytes,   28475728 total
[2023-05-16T03:14:16.191+0000][6][gc,age       ] GC(26) - age   6:    6003672 bytes,   34479400 total
[2023-05-16T03:14:16.191+0000][6][gc,age       ] GC(26) - age   7:    4530792 bytes,   39010192 total
[2023-05-16T03:14:16.191+0000][6][gc,phases    ] GC(26)   Pre Evacuate Collection Set: 0.1ms
[2023-05-16T03:14:16.191+0000][6][gc,phases    ] GC(26)   Merge Heap Roots: 0.1ms
[2023-05-16T03:14:16.191+0000][6][gc,phases    ] GC(26)   Evacuate Collection Set: 14.1ms
[2023-05-16T03:14:16.191+0000][6][gc,phases    ] GC(26)   Post Evacuate Collection Set: 1.8ms
[2023-05-16T03:14:16.191+0000][6][gc,phases    ] GC(26)   Other: 0.3ms
[2023-05-16T03:14:16.191+0000][6][gc,heap      ] GC(26) Eden regions: 531->0(525)
[2023-05-16T03:14:16.191+0000][6][gc,heap      ] GC(26) Survivor regions: 41->41(72)
[2023-05-16T03:14:16.191+0000][6][gc,heap      ] GC(26) Old regions: 103->109
[2023-05-16T03:14:16.191+0000][6][gc,heap      ] GC(26) Archive regions: 2->2
[2023-05-16T03:14:16.191+0000][6][gc,heap      ] GC(26) Humongous regions: 69->50
[2023-05-16T03:14:16.191+0000][6][gc,metaspace ] GC(26) Metaspace: 96732K(104188K)->96732K(104188K) NonClass: 84117K(88464K)->84117K(88464K) Class: 12614K(15724K)->12614K(15724K)
[2023-05-16T03:14:16.191+0000][6][gc           ] GC(26) Pause Young (Normal) (G1 Evacuation Pause) 743M->200M(1024M) 16.551ms
[2023-05-16T03:14:16.191+0000][6][gc,cpu       ] GC(26) User=0.04s Sys=0.00s Real=0.02s
[2023-05-16T03:14:16.191+0000][6][safepoint    ] Safepoint "G1CollectForAllocation", Time since last: 22830547637 ns, Reaching safepoint: 113315 ns, At safepoint: 16645123 ns, Total: 16758438 ns
[2023-05-16T03:14:22.191+0000][6][safepoint    ] Safepoint "Cleanup", Time since last: 6000479762 ns, Reaching safepoint: 152471 ns, At safepoint: 3611 ns, Total: 156082 ns
[2023-05-16T03:14:42.194+0000][6][safepoint    ] Safepoint "Cleanup", Time since last: 20002281612 ns, Reaching safepoint: 246250 ns, At safepoint: 4156 ns, Total: 250406 ns
[2023-05-16T03:14:43.197+0000][6][safepoint    ] Safepoint "Cleanup", Time since last: 1000808261 ns, Reaching safepoint: 2246273 ns, At safepoint: 28474 ns, Total: 2274747 ns
[2023-05-16T03:14:44.227+0000][6][safepoint    ] Safepoint "Cleanup", Time since last: 1029158294 ns, Reaching safepoint: 715152 ns, At safepoint: 17471 ns, Total: 732623 ns
[2023-05-16T03:14:45.228+0000][6][safepoint    ] Safepoint "Cleanup", Time since last: 1000337685 ns, Reaching safepoint: 234615 ns, At safepoint: 6665 ns, Total: 241280 ns
[2023-05-16T03:14:46.228+0000][6][safepoint    ] Safepoint "Cleanup", Time since last: 1000101511 ns, Reaching safepoint: 188982 ns, At safepoint: 4605 ns, Total: 193587 ns
[2023-05-16T03:14:46.789+0000][6][gc,start     ] GC(27) Pause Young (Normal) (G1 Evacuation Pause)
[2023-05-16T03:14:46.789+0000][6][gc,task      ] GC(27) Using 8 workers of 8 for evacuation
[2023-05-16T03:14:46.789+0000][6][gc,age       ] GC(27) Desired survivor size 37224448 bytes, new threshold 7 (max threshold 15)
[2023-05-16T03:14:46.815+0000][6][gc,age       ] GC(27) Age table with threshold 7 (max threshold 15)
[2023-05-16T03:14:46.815+0000][6][gc,age       ] GC(27) - age   1:    2310184 bytes,    2310184 total
[2023-05-16T03:14:46.815+0000][6][gc,age       ] GC(27) - age   2:    5919424 bytes,    8229608 total
[2023-05-16T03:14:46.815+0000][6][gc,age       ] GC(27) - age   3:    5539080 bytes,   13768688 total
[2023-05-16T03:14:46.815+0000][6][gc,age       ] GC(27) - age   4:    5582432 bytes,   19351120 total
[2023-05-16T03:14:46.815+0000][6][gc,age       ] GC(27) - age   5:    5534760 bytes,   24885880 total
[2023-05-16T03:14:46.815+0000][6][gc,age       ] GC(27) - age   6:    5728944 bytes,   30614824 total
[2023-05-16T03:14:46.815+0000][6][gc,age       ] GC(27) - age   7:    6003672 bytes,   36618496 total
[2023-05-16T03:14:46.815+0000][6][gc,phases    ] GC(27)   Pre Evacuate Collection Set: 0.2ms
[2023-05-16T03:14:46.815+0000][6][gc,phases    ] GC(27)   Merge Heap Roots: 0.1ms
[2023-05-16T03:14:46.815+0000][6][gc,phases    ] GC(27)   Evacuate Collection Set: 25.0ms
[2023-05-16T03:14:46.815+0000][6][gc,phases    ] GC(27)   Post Evacuate Collection Set: 0.9ms
[2023-05-16T03:14:46.815+0000][6][gc,phases    ] GC(27)   Other: 0.3ms
[2023-05-16T03:14:46.815+0000][6][gc,heap      ] GC(27) Eden regions: 525->0(524)
[2023-05-16T03:14:46.815+0000][6][gc,heap      ] GC(27) Survivor regions: 41->39(71)
[2023-05-16T03:14:46.815+0000][6][gc,heap      ] GC(27) Old regions: 109->113
[2023-05-16T03:14:46.815+0000][6][gc,heap      ] GC(27) Archive regions: 2->2
[2023-05-16T03:14:46.815+0000][6][gc,heap      ] GC(27) Humongous regions: 53->51
[2023-05-16T03:14:46.815+0000][6][gc,metaspace ] GC(27) Metaspace: 96795K(104444K)->96795K(104444K) NonClass: 84179K(88720K)->84179K(88720K) Class: 12615K(15724K)->12615K(15724K)
[2023-05-16T03:14:46.815+0000][6][gc           ] GC(27) Pause Young (Normal) (G1 Evacuation Pause) 728M->203M(1024M) 26.511ms
[2023-05-16T03:14:46.815+0000][6][gc,cpu       ] GC(27) User=0.04s Sys=0.00s Real=0.02s
[2023-05-16T03:14:46.815+0000][6][safepoint    ] Safepoint "G1CollectForAllocation", Time since last: 560605043 ns, Reaching safepoint: 170506 ns, At safepoint: 26614916 ns, Total: 26785422 ns
[2023-05-16T03:14:47.817+0000][6][safepoint    ] Safepoint "Cleanup", Time since last: 1001373694 ns, Reaching safepoint: 197010 ns, At safepoint: 4009 ns, Total: 201019 ns
[2023-05-16T03:14:49.465+0000][6][safepoint    ] Safepoint "Cleanup", Time since last: 1647987413 ns, Reaching safepoint: 232675 ns, At safepoint: 3805 ns, Total: 236480 ns
[2023-05-16T03:15:28.469+0000][6][safepoint    ] Safepoint "Cleanup", Time since last: 39004262086 ns, Reaching safepoint: 138671 ns, At safepoint: 5618 ns, Total: 144289 ns
[2023-05-16T03:15:48.471+0000][6][safepoint    ] Safepoint "Cleanup", Time since last: 20001692454 ns, Reaching safepoint: 94748 ns, At safepoint: 3899 ns, Total: 98647 ns
[2023-05-16T03:16:08.473+0000][6][safepoint    ] Safepoint "Cleanup", Time since last: 20001748177 ns, Reaching safepoint: 194216 ns, At safepoint: 5681 ns, Total: 199897 ns
[2023-05-16T03:16:18.474+0000][6][safepoint    ] Safepoint "Cleanup", Time since last: 10000714047 ns, Reaching safepoint: 99623 ns, At safepoint: 3568 ns, Total: 103191 ns
[2023-05-16T03:16:22.474+0000][6][safepoint    ] Safepoint "Cleanup", Time since last: 4000335671 ns, Reaching safepoint: 105133 ns, At safepoint: 6949 ns, Total: 112082 ns
[2023-05-16T03:16:27.935+0000][6][gc,start     ] GC(28) Pause Young (Normal) (G1 Evacuation Pause)
[2023-05-16T03:16:27.935+0000][6][gc,task      ] GC(28) Using 8 workers of 8 for evacuation
[2023-05-16T03:16:27.935+0000][6][gc,age       ] GC(28) Desired survivor size 37224448 bytes, new threshold 15 (max threshold 15)
[2023-05-16T03:16:27.954+0000][6][gc,age       ] GC(28) Age table with threshold 15 (max threshold 15)
[2023-05-16T03:16:27.954+0000][6][gc,age       ] GC(28) - age   1:   11355072 bytes,   11355072 total
[2023-05-16T03:16:27.954+0000][6][gc,age       ] GC(28) - age   2:    1263712 bytes,   12618784 total
[2023-05-16T03:16:27.954+0000][6][gc,age       ] GC(28) - age   3:    5917856 bytes,   18536640 total
[2023-05-16T03:16:27.954+0000][6][gc,age       ] GC(28) - age   4:    5539080 bytes,   24075720 total
[2023-05-16T03:16:27.954+0000][6][gc,age       ] GC(28) - age   5:    5582136 bytes,   29657856 total
[2023-05-16T03:16:27.954+0000][6][gc,age       ] GC(28) - age   6:    5534024 bytes,   35191880 total
[2023-05-16T03:16:27.954+0000][6][gc,age       ] GC(28) - age   7:    5728944 bytes,   40920824 total
[2023-05-16T03:16:27.954+0000][6][gc,age       ] GC(28) - age   8:    6003672 bytes,   46924496 total
[2023-05-16T03:16:27.954+0000][6][gc,phases    ] GC(28)   Pre Evacuate Collection Set: 0.1ms
[2023-05-16T03:16:27.954+0000][6][gc,phases    ] GC(28)   Merge Heap Roots: 0.1ms
[2023-05-16T03:16:27.954+0000][6][gc,phases    ] GC(28)   Evacuate Collection Set: 17.4ms
[2023-05-16T03:16:27.954+0000][6][gc,phases    ] GC(28)   Post Evacuate Collection Set: 0.9ms
[2023-05-16T03:16:27.954+0000][6][gc,phases    ] GC(28)   Other: 0.3ms
[2023-05-16T03:16:27.954+0000][6][gc,heap      ] GC(28) Eden regions: 524->0(502)
[2023-05-16T03:16:27.954+0000][6][gc,heap      ] GC(28) Survivor regions: 39->49(71)
[2023-05-16T03:16:27.954+0000][6][gc,heap      ] GC(28) Old regions: 113->113
[2023-05-16T03:16:27.954+0000][6][gc,heap      ] GC(28) Archive regions: 2->2
[2023-05-16T03:16:27.954+0000][6][gc,heap      ] GC(28) Humongous regions: 53->53
[2023-05-16T03:16:27.954+0000][6][gc,metaspace ] GC(28) Metaspace: 96840K(104444K)->96840K(104444K) NonClass: 84224K(88720K)->84224K(88720K) Class: 12615K(15724K)->12615K(15724K)
[2023-05-16T03:16:27.954+0000][6][gc           ] GC(28) Pause Young (Normal) (G1 Evacuation Pause) 729M->215M(1024M) 18.895ms
[2023-05-16T03:16:27.954+0000][6][gc,cpu       ] GC(28) User=0.06s Sys=0.00s Real=0.02s
[2023-05-16T03:16:27.954+0000][6][safepoint    ] Safepoint "G1CollectForAllocation", Time since last: 5460374260 ns, Reaching safepoint: 136150 ns, At safepoint: 18991842 ns, Total: 19127992 ns
[2023-05-16T03:16:39.955+0000][6][safepoint    ] Safepoint "Cleanup", Time since last: 12000754504 ns, Reaching safepoint: 120534 ns, At safepoint: 3632 ns, Total: 124166 ns
[2023-05-16T03:16:49.956+0000][6][safepoint    ] Safepoint "Cleanup", Time since last: 10000763663 ns, Reaching safepoint: 110808 ns, At safepoint: 3062 ns, Total: 113870 ns
[2023-05-16T03:18:03.542+0000][6][gc,start     ] GC(29) Pause Young (Normal) (G1 Evacuation Pause)
[2023-05-16T03:18:03.542+0000][6][gc,task      ] GC(29) Using 8 workers of 8 for evacuation
[2023-05-16T03:18:03.542+0000][6][gc,age       ] GC(29) Desired survivor size 36175872 bytes, new threshold 7 (max threshold 15)
[2023-05-16T03:18:03.563+0000][6][gc,age       ] GC(29) Age table with threshold 7 (max threshold 15)
[2023-05-16T03:18:03.563+0000][6][gc,age       ] GC(29) - age   1:   12809232 bytes,   12809232 total
[2023-05-16T03:18:03.563+0000][6][gc,age       ] GC(29) - age   2:    8854856 bytes,   21664088 total
[2023-05-16T03:18:03.563+0000][6][gc,age       ] GC(29) - age   3:    1263712 bytes,   22927800 total
[2023-05-16T03:18:03.563+0000][6][gc,age       ] GC(29) - age   4:    5917560 bytes,   28845360 total
[2023-05-16T03:18:03.563+0000][6][gc,age       ] GC(29) - age   5:    5539080 bytes,   34384440 total
[2023-05-16T03:18:03.563+0000][6][gc,age       ] GC(29) - age   6:    5582136 bytes,   39966576 total
[2023-05-16T03:18:03.563+0000][6][gc,age       ] GC(29) - age   7:    5534024 bytes,   45500600 total
[2023-05-16T03:18:03.563+0000][6][gc,phases    ] GC(29)   Pre Evacuate Collection Set: 0.2ms
[2023-05-16T03:18:03.563+0000][6][gc,phases    ] GC(29)   Merge Heap Roots: 0.1ms
[2023-05-16T03:18:03.563+0000][6][gc,phases    ] GC(29)   Evacuate Collection Set: 19.1ms
[2023-05-16T03:18:03.563+0000][6][gc,phases    ] GC(29)   Post Evacuate Collection Set: 1.3ms
[2023-05-16T03:18:03.563+0000][6][gc,phases    ] GC(29)   Other: 0.4ms
[2023-05-16T03:18:03.563+0000][6][gc,heap      ] GC(29) Eden regions: 502->0(491)
[2023-05-16T03:18:03.563+0000][6][gc,heap      ] GC(29) Survivor regions: 49->48(69)
[2023-05-16T03:18:03.563+0000][6][gc,heap      ] GC(29) Old regions: 113->125
[2023-05-16T03:18:03.563+0000][6][gc,heap      ] GC(29) Archive regions: 2->2
[2023-05-16T03:18:03.564+0000][6][gc,heap      ] GC(29) Humongous regions: 55->54
[2023-05-16T03:18:03.564+0000][6][gc,metaspace ] GC(29) Metaspace: 96851K(104444K)->96851K(104444K) NonClass: 84235K(88720K)->84235K(88720K) Class: 12615K(15724K)->12615K(15724K)
[2023-05-16T03:18:03.564+0000][6][gc           ] GC(29) Pause Young (Normal) (G1 Evacuation Pause) 719M->226M(1024M) 21.254ms
[2023-05-16T03:18:03.564+0000][6][gc,cpu       ] GC(29) User=0.06s Sys=0.00s Real=0.02s
[2023-05-16T03:18:03.564+0000][6][safepoint    ] Safepoint "G1CollectForAllocation", Time since last: 73586403429 ns, Reaching safepoint: 138778 ns, At safepoint: 21374903 ns, Total: 21513681 ns
[2023-05-16T03:19:40.571+0000][6][safepoint    ] Safepoint "Cleanup", Time since last: 97007502329 ns, Reaching safepoint: 131823 ns, At safepoint: 3740 ns, Total: 135563 ns
[2023-05-16T03:19:52.653+0000][6][gc,start     ] GC(30) Pause Young (Normal) (G1 Evacuation Pause)
[2023-05-16T03:19:52.653+0000][6][gc,task      ] GC(30) Using 8 workers of 8 for evacuation
[2023-05-16T03:19:52.653+0000][6][gc,age       ] GC(30) Desired survivor size 35651584 bytes, new threshold 6 (max threshold 15)
[2023-05-16T03:19:52.700+0000][6][gc,age       ] GC(30) Age table with threshold 6 (max threshold 15)
[2023-05-16T03:19:52.700+0000][6][gc,age       ] GC(30) - age   1:    9535552 bytes,    9535552 total
[2023-05-16T03:19:52.700+0000][6][gc,age       ] GC(30) - age   2:    8200072 bytes,   17735624 total
[2023-05-16T03:19:52.700+0000][6][gc,age       ] GC(30) - age   3:    8854776 bytes,   26590400 total
[2023-05-16T03:19:52.700+0000][6][gc,age       ] GC(30) - age   4:    1263712 bytes,   27854112 total
[2023-05-16T03:19:52.700+0000][6][gc,age       ] GC(30) - age   5:    5917560 bytes,   33771672 total
[2023-05-16T03:19:52.700+0000][6][gc,age       ] GC(30) - age   6:    5539080 bytes,   39310752 total
[2023-05-16T03:19:52.700+0000][6][gc,phases    ] GC(30)   Pre Evacuate Collection Set: 0.3ms
[2023-05-16T03:19:52.700+0000][6][gc,phases    ] GC(30)   Merge Heap Roots: 0.3ms
[2023-05-16T03:19:52.700+0000][6][gc,phases    ] GC(30)   Evacuate Collection Set: 45.3ms
[2023-05-16T03:19:52.700+0000][6][gc,phases    ] GC(30)   Post Evacuate Collection Set: 0.9ms
[2023-05-16T03:19:52.700+0000][6][gc,phases    ] GC(30)   Other: 0.4ms
[2023-05-16T03:19:52.700+0000][6][gc,heap      ] GC(30) Eden regions: 491->0(485)
[2023-05-16T03:19:52.700+0000][6][gc,heap      ] GC(30) Survivor regions: 48->41(68)
[2023-05-16T03:19:52.700+0000][6][gc,heap      ] GC(30) Old regions: 125->136
[2023-05-16T03:19:52.700+0000][6][gc,heap      ] GC(30) Archive regions: 2->2
[2023-05-16T03:19:52.700+0000][6][gc,heap      ] GC(30) Humongous regions: 63->63
[2023-05-16T03:19:52.700+0000][6][gc,metaspace ] GC(30) Metaspace: 96869K(104444K)->96869K(104444K) NonClass: 84253K(88720K)->84253K(88720K) Class: 12615K(15724K)->12615K(15724K)
[2023-05-16T03:19:52.700+0000][6][gc           ] GC(30) Pause Young (Normal) (G1 Evacuation Pause) 726M->240M(1024M) 47.247ms
[2023-05-16T03:19:52.700+0000][6][gc,cpu       ] GC(30) User=0.09s Sys=0.01s Real=0.04s
[2023-05-16T03:19:52.700+0000][6][safepoint    ] Safepoint "G1CollectForAllocation", Time since last: 12081124147 ns, Reaching safepoint: 139930 ns, At safepoint: 47390784 ns, Total: 47530714 ns
[2023-05-16T03:20:08.701+0000][6][safepoint    ] Safepoint "Cleanup", Time since last: 16001424202 ns, Reaching safepoint: 95739 ns, At safepoint: 3817 ns, Total: 99556 ns
[2023-05-16T03:20:11.622+0000][6][safepoint    ] Safepoint "Cleanup", Time since last: 2920707819 ns, Reaching safepoint: 205920 ns, At safepoint: 5511 ns, Total: 211431 ns
[2023-05-16T03:20:52.626+0000][6][safepoint    ] Safepoint "Cleanup", Time since last: 41003618981 ns, Reaching safepoint: 135294 ns, At safepoint: 3853 ns, Total: 139147 ns
[2023-05-16T03:20:53.627+0000][6][safepoint    ] Safepoint "Cleanup", Time since last: 1000183322 ns, Reaching safepoint: 563702 ns, At safepoint: 7685 ns, Total: 571387 ns
[2023-05-16T03:21:01.628+0000][6][safepoint    ] Safepoint "Cleanup", Time since last: 8000744030 ns, Reaching safepoint: 230415 ns, At safepoint: 6954 ns, Total: 237369 ns
[2023-05-16T03:21:05.629+0000][6][safepoint    ] Safepoint "Cleanup", Time since last: 4000585225 ns, Reaching safepoint: 95300 ns, At safepoint: 3302 ns, Total: 98602 ns
[2023-05-16T03:21:22.333+0000][6][safepoint    ] Safepoint "Cleanup", Time since last: 16703988269 ns, Reaching safepoint: 197269 ns, At safepoint: 3233 ns, Total: 200502 ns
[2023-05-16T03:21:22.352+0000][6][safepoint    ] Safepoint "BulkRevokeBias", Time since last: 18460086 ns, Reaching safepoint: 236094 ns, At safepoint: 692454 ns, Total: 928548 ns
[2023-05-16T03:21:22.702+0000][6][safepoint    ] Safepoint "BulkRevokeBias", Time since last: 337895733 ns, Reaching safepoint: 2173322 ns, At safepoint: 9888560 ns, Total: 12061882 ns
[2023-05-16T03:21:22.766+0000][6][safepoint    ] Safepoint "BulkRevokeBias", Time since last: 63200871 ns, Reaching safepoint: 225146 ns, At safepoint: 312942 ns, Total: 538088 ns
[2023-05-16T03:21:24.318+0000][6][gc,start     ] GC(31) Pause Young (Normal) (G1 Evacuation Pause)
[2023-05-16T03:21:24.318+0000][6][gc,task      ] GC(31) Using 8 workers of 8 for evacuation
[2023-05-16T03:21:24.318+0000][6][gc,age       ] GC(31) Desired survivor size 34603008 bytes, new threshold 6 (max threshold 15)
[2023-05-16T03:21:24.362+0000][6][gc,age       ] GC(31) Age table with threshold 6 (max threshold 15)
[2023-05-16T03:21:24.362+0000][6][gc,age       ] GC(31) - age   1:    7313512 bytes,    7313512 total
[2023-05-16T03:21:24.362+0000][6][gc,age       ] GC(31) - age   2:    6891992 bytes,   14205504 total
[2023-05-16T03:21:24.362+0000][6][gc,age       ] GC(31) - age   3:    7451456 bytes,   21656960 total
[2023-05-16T03:21:24.362+0000][6][gc,age       ] GC(31) - age   4:    7120192 bytes,   28777152 total
[2023-05-16T03:21:24.362+0000][6][gc,age       ] GC(31) - age   5:    1263712 bytes,   30040864 total
[2023-05-16T03:21:24.362+0000][6][gc,age       ] GC(31) - age   6:    5917560 bytes,   35958424 total
[2023-05-16T03:21:24.362+0000][6][gc,phases    ] GC(31)   Pre Evacuate Collection Set: 0.2ms
[2023-05-16T03:21:24.362+0000][6][gc,phases    ] GC(31)   Merge Heap Roots: 0.2ms
[2023-05-16T03:21:24.362+0000][6][gc,phases    ] GC(31)   Evacuate Collection Set: 30.1ms
[2023-05-16T03:21:24.362+0000][6][gc,phases    ] GC(31)   Post Evacuate Collection Set: 13.1ms
[2023-05-16T03:21:24.362+0000][6][gc,phases    ] GC(31)   Other: 0.4ms
[2023-05-16T03:21:24.362+0000][6][gc,heap      ] GC(31) Eden regions: 485->0(486)
[2023-05-16T03:21:24.362+0000][6][gc,heap      ] GC(31) Survivor regions: 41->38(66)
[2023-05-16T03:21:24.362+0000][6][gc,heap      ] GC(31) Old regions: 136->141
[2023-05-16T03:21:24.362+0000][6][gc,heap      ] GC(31) Archive regions: 2->2
[2023-05-16T03:21:24.362+0000][6][gc,heap      ] GC(31) Humongous regions: 73->63
[2023-05-16T03:21:24.362+0000][6][gc,metaspace ] GC(31) Metaspace: 97019K(104444K)->97019K(104444K) NonClass: 84379K(88720K)->84379K(88720K) Class: 12639K(15724K)->12639K(15724K)
[2023-05-16T03:21:24.362+0000][6][gc           ] GC(31) Pause Young (Normal) (G1 Evacuation Pause) 735M->242M(1024M) 44.082ms
[2023-05-16T03:21:24.362+0000][6][gc,cpu       ] GC(31) User=0.12s Sys=0.00s Real=0.05s
[2023-05-16T03:21:24.362+0000][6][safepoint    ] Safepoint "G1CollectForAllocation", Time since last: 1552216183 ns, Reaching safepoint: 266210 ns, At safepoint: 44212104 ns, Total: 44478314 ns
[2023-05-16T03:21:25.507+0000][6][safepoint    ] Safepoint "Cleanup", Time since last: 1144424893 ns, Reaching safepoint: 119863 ns, At safepoint: 2431 ns, Total: 122294 ns
[2023-05-16T03:21:25.924+0000][6][safepoint    ] Safepoint "BulkRevokeBias", Time since last: 416557748 ns, Reaching safepoint: 134107 ns, At safepoint: 272690 ns, Total: 406797 ns
[2023-05-16T03:21:25.960+0000][6][gc,heap,exit ] Heap
[2023-05-16T03:21:25.960+0000][6][gc,heap,exit ]  garbage-first heap   total 1048576K, used 333868K [0x00000000c0000000, 0x0000000100000000)
[2023-05-16T03:21:25.960+0000][6][gc,heap,exit ]   region size 1024K, 124 young (126976K), 38 survivors (38912K)
[2023-05-16T03:21:25.960+0000][6][gc,heap,exit ]  Metaspace       used 97111K, capacity 104436K, committed 104700K, reserved 1138688K
[2023-05-16T03:21:25.960+0000][6][gc,heap,exit ]   class space    used 12655K, capacity 15689K, committed 15724K, reserved 1048576K
