[2023-05-16T02:35:57.013+0000][6][gc,heap] Heap region size: 1M
[2023-05-16T02:35:57.013+0000][6][gc,heap,coops] Heap address: 0x00000000c0000000, size: 1024 MB, Compressed Oops mode: 32-bit
[2023-05-16T02:35:57.401+0000][6][gc           ] Using G1
[2023-05-16T02:35:57.402+0000][6][gc,cds       ] Mark closed archive regions in map: [0x00000000fff00000, 0x00000000fff7eff8]
[2023-05-16T02:35:57.402+0000][6][gc,cds       ] Mark open archive regions in map: [0x00000000ffe00000, 0x00000000ffe51ff8]
[2023-05-16T02:35:57.417+0000][6][gc           ] Periodic GC disabled
[2023-05-16T02:35:58.027+0000][6][safepoint    ] Safepoint "ICBufferFull", Time since last: 617919537 ns, Reaching safepoint: 924178 ns, At safepoint: 9560 ns, Total: 933738 ns
[2023-05-16T02:35:58.921+0000][6][gc,start     ] GC(0) Pause Young (Normal) (G1 Evacuation Pause)
[2023-05-16T02:35:58.922+0000][6][gc,task      ] GC(0) Using 8 workers of 8 for evacuation
[2023-05-16T02:35:58.922+0000][6][gc,age       ] GC(0) Desired survivor size 3670016 bytes, new threshold 15 (max threshold 15)
[2023-05-16T02:35:58.938+0000][6][gc,age       ] GC(0) Age table with threshold 15 (max threshold 15)
[2023-05-16T02:35:58.938+0000][6][gc,age       ] GC(0) - age   1:    4184624 bytes,    4184624 total
[2023-05-16T02:35:58.938+0000][6][gc,phases    ] GC(0)   Pre Evacuate Collection Set: 0.1ms
[2023-05-16T02:35:58.938+0000][6][gc,phases    ] GC(0)   Merge Heap Roots: 0.0ms
[2023-05-16T02:35:58.938+0000][6][gc,phases    ] GC(0)   Evacuate Collection Set: 14.7ms
[2023-05-16T02:35:58.938+0000][6][gc,phases    ] GC(0)   Post Evacuate Collection Set: 0.9ms
[2023-05-16T02:35:58.938+0000][6][gc,phases    ] GC(0)   Other: 0.6ms
[2023-05-16T02:35:58.938+0000][6][gc,heap      ] GC(0) Eden regions: 51->0(59)
[2023-05-16T02:35:58.938+0000][6][gc,heap      ] GC(0) Survivor regions: 0->5(7)
[2023-05-16T02:35:58.938+0000][6][gc,heap      ] GC(0) Old regions: 0->0
[2023-05-16T02:35:58.938+0000][6][gc,heap      ] GC(0) Archive regions: 2->2
[2023-05-16T02:35:58.938+0000][6][gc,heap      ] GC(0) Humongous regions: 1->1
[2023-05-16T02:35:58.938+0000][6][gc,metaspace ] GC(0) Metaspace: 11002K(11648K)->11002K(11648K) NonClass: 9631K(9984K)->9631K(9984K) Class: 1371K(1664K)->1371K(1664K)
[2023-05-16T02:35:58.938+0000][6][gc           ] GC(0) Pause Young (Normal) (G1 Evacuation Pause) 52M->6M(1024M) 16.453ms
[2023-05-16T02:35:58.938+0000][6][gc,cpu       ] GC(0) User=0.02s Sys=0.00s Real=0.01s
[2023-05-16T02:35:58.938+0000][6][safepoint    ] Safepoint "G1CollectForAllocation", Time since last: 894111819 ns, Reaching safepoint: 169024 ns, At safepoint: 16530823 ns, Total: 16699847 ns
[2023-05-16T02:36:00.209+0000][6][safepoint    ] Safepoint "ICBufferFull", Time since last: 1271218816 ns, Reaching safepoint: 191787 ns, At safepoint: 3026 ns, Total: 194813 ns
[2023-05-16T02:36:00.482+0000][6][gc,start     ] GC(1) Pause Young (Normal) (G1 Evacuation Pause)
[2023-05-16T02:36:00.482+0000][6][gc,task      ] GC(1) Using 8 workers of 8 for evacuation
[2023-05-16T02:36:00.482+0000][6][gc,age       ] GC(1) Desired survivor size 4194304 bytes, new threshold 15 (max threshold 15)
[2023-05-16T02:36:00.494+0000][6][gc,age       ] GC(1) Age table with threshold 15 (max threshold 15)
[2023-05-16T02:36:00.494+0000][6][gc,age       ] GC(1) - age   1:    3172696 bytes,    3172696 total
[2023-05-16T02:36:00.494+0000][6][gc,age       ] GC(1) - age   2:    4062424 bytes,    7235120 total
[2023-05-16T02:36:00.494+0000][6][gc,phases    ] GC(1)   Pre Evacuate Collection Set: 0.1ms
[2023-05-16T02:36:00.494+0000][6][gc,phases    ] GC(1)   Merge Heap Roots: 0.0ms
[2023-05-16T02:36:00.494+0000][6][gc,phases    ] GC(1)   Evacuate Collection Set: 10.8ms
[2023-05-16T02:36:00.494+0000][6][gc,phases    ] GC(1)   Post Evacuate Collection Set: 1.7ms
[2023-05-16T02:36:00.494+0000][6][gc,phases    ] GC(1)   Other: 0.2ms
[2023-05-16T02:36:00.494+0000][6][gc,heap      ] GC(1) Eden regions: 59->0(184)
[2023-05-16T02:36:00.494+0000][6][gc,heap      ] GC(1) Survivor regions: 5->8(8)
[2023-05-16T02:36:00.494+0000][6][gc,heap      ] GC(1) Old regions: 0->0
[2023-05-16T02:36:00.494+0000][6][gc,heap      ] GC(1) Archive regions: 2->2
[2023-05-16T02:36:00.494+0000][6][gc,heap      ] GC(1) Humongous regions: 2->2
[2023-05-16T02:36:00.494+0000][6][gc,metaspace ] GC(1) Metaspace: 14531K(15360K)->14531K(15360K) NonClass: 12795K(13312K)->12795K(13312K) Class: 1736K(2048K)->1736K(2048K)
[2023-05-16T02:36:00.494+0000][6][gc           ] GC(1) Pause Young (Normal) (G1 Evacuation Pause) 66M->9M(1024M) 12.955ms
[2023-05-16T02:36:00.494+0000][6][gc,cpu       ] GC(1) User=0.03s Sys=0.00s Real=0.01s
[2023-05-16T02:36:00.494+0000][6][safepoint    ] Safepoint "G1CollectForAllocation", Time since last: 272134625 ns, Reaching safepoint: 126585 ns, At safepoint: 13018266 ns, Total: 13144851 ns
[2023-05-16T02:36:00.495+0000][6][safepoint    ] Safepoint "BulkRevokeBias", Time since last: 266783 ns, Reaching safepoint: 180915 ns, At safepoint: 65380 ns, Total: 246295 ns
[2023-05-16T02:36:00.497+0000][6][safepoint    ] Safepoint "BulkRevokeBias", Time since last: 2303051 ns, Reaching safepoint: 58096 ns, At safepoint: 77826 ns, Total: 135922 ns
[2023-05-16T02:36:00.498+0000][6][safepoint    ] Safepoint "BulkRevokeBias", Time since last: 55883 ns, Reaching safepoint: 20683 ns, At safepoint: 39627 ns, Total: 60310 ns
[2023-05-16T02:36:01.519+0000][6][gc,start     ] GC(2) Pause Young (Normal) (G1 Evacuation Pause)
[2023-05-16T02:36:01.519+0000][6][gc,task      ] GC(2) Using 8 workers of 8 for evacuation
[2023-05-16T02:36:01.519+0000][6][gc,age       ] GC(2) Desired survivor size 12582912 bytes, new threshold 15 (max threshold 15)
[2023-05-16T02:36:01.547+0000][6][gc,age       ] GC(2) Age table with threshold 15 (max threshold 15)
[2023-05-16T02:36:01.547+0000][6][gc,age       ] GC(2) - age   1:    2676168 bytes,    2676168 total
[2023-05-16T02:36:01.547+0000][6][gc,age       ] GC(2) - age   2:    3151456 bytes,    5827624 total
[2023-05-16T02:36:01.547+0000][6][gc,age       ] GC(2) - age   3:    4041168 bytes,    9868792 total
[2023-05-16T02:36:01.547+0000][6][gc,phases    ] GC(2)   Pre Evacuate Collection Set: 0.2ms
[2023-05-16T02:36:01.547+0000][6][gc,phases    ] GC(2)   Merge Heap Roots: 0.1ms
[2023-05-16T02:36:01.547+0000][6][gc,phases    ] GC(2)   Evacuate Collection Set: 25.7ms
[2023-05-16T02:36:01.547+0000][6][gc,phases    ] GC(2)   Post Evacuate Collection Set: 1.7ms
[2023-05-16T02:36:01.547+0000][6][gc,phases    ] GC(2)   Other: 0.3ms
[2023-05-16T02:36:01.547+0000][6][gc,heap      ] GC(2) Eden regions: 184->0(246)
[2023-05-16T02:36:01.547+0000][6][gc,heap      ] GC(2) Survivor regions: 8->10(24)
[2023-05-16T02:36:01.547+0000][6][gc,heap      ] GC(2) Old regions: 0->0
[2023-05-16T02:36:01.547+0000][6][gc,heap      ] GC(2) Archive regions: 2->2
[2023-05-16T02:36:01.547+0000][6][gc,heap      ] GC(2) Humongous regions: 2->1
[2023-05-16T02:36:01.547+0000][6][gc,metaspace ] GC(2) Metaspace: 17093K(18048K)->17093K(18048K) NonClass: 14992K(15616K)->14992K(15616K) Class: 2100K(2432K)->2100K(2432K)
[2023-05-16T02:36:01.547+0000][6][gc           ] GC(2) Pause Young (Normal) (G1 Evacuation Pause) 193M->11M(1024M) 28.037ms
[2023-05-16T02:36:01.547+0000][6][gc,cpu       ] GC(2) User=0.03s Sys=0.00s Real=0.03s
[2023-05-16T02:36:01.547+0000][6][safepoint    ] Safepoint "G1CollectForAllocation", Time since last: 1015846778 ns, Reaching safepoint: 5727068 ns, At safepoint: 28135070 ns, Total: 33862138 ns
[2023-05-16T02:36:01.603+0000][6][safepoint    ] Safepoint "BulkRevokeBias", Time since last: 45411864 ns, Reaching safepoint: 9810450 ns, At safepoint: 128528 ns, Total: 9938978 ns
[2023-05-16T02:36:02.685+0000][6][gc,start     ] GC(3) Pause Young (Normal) (G1 Evacuation Pause)
[2023-05-16T02:36:02.685+0000][6][gc,task      ] GC(3) Using 8 workers of 8 for evacuation
[2023-05-16T02:36:02.685+0000][6][gc,age       ] GC(3) Desired survivor size 16777216 bytes, new threshold 15 (max threshold 15)
[2023-05-16T02:36:02.718+0000][6][gc,age       ] GC(3) Age table with threshold 15 (max threshold 15)
[2023-05-16T02:36:02.718+0000][6][gc,age       ] GC(3) - age   1:    4220792 bytes,    4220792 total
[2023-05-16T02:36:02.718+0000][6][gc,age       ] GC(3) - age   2:    2120312 bytes,    6341104 total
[2023-05-16T02:36:02.718+0000][6][gc,age       ] GC(3) - age   3:    3151128 bytes,    9492232 total
[2023-05-16T02:36:02.718+0000][6][gc,age       ] GC(3) - age   4:    4041008 bytes,   13533240 total
[2023-05-16T02:36:02.719+0000][6][gc,phases    ] GC(3)   Pre Evacuate Collection Set: 0.2ms
[2023-05-16T02:36:02.719+0000][6][gc,phases    ] GC(3)   Merge Heap Roots: 0.1ms
[2023-05-16T02:36:02.719+0000][6][gc,phases    ] GC(3)   Evacuate Collection Set: 30.8ms
[2023-05-16T02:36:02.719+0000][6][gc,phases    ] GC(3)   Post Evacuate Collection Set: 2.1ms
[2023-05-16T02:36:02.719+0000][6][gc,phases    ] GC(3)   Other: 0.3ms
[2023-05-16T02:36:02.719+0000][6][gc,heap      ] GC(3) Eden regions: 246->0(600)
[2023-05-16T02:36:02.719+0000][6][gc,heap      ] GC(3) Survivor regions: 10->14(32)
[2023-05-16T02:36:02.719+0000][6][gc,heap      ] GC(3) Old regions: 0->0
[2023-05-16T02:36:02.719+0000][6][gc,heap      ] GC(3) Archive regions: 2->2
[2023-05-16T02:36:02.719+0000][6][gc,heap      ] GC(3) Humongous regions: 1->1
[2023-05-16T02:36:02.719+0000][6][gc,metaspace ] GC(3) Metaspace: 18049K(19200K)->18049K(19200K) NonClass: 15826K(16640K)->15826K(16640K) Class: 2222K(2560K)->2222K(2560K)
[2023-05-16T02:36:02.719+0000][6][gc           ] GC(3) Pause Young (Normal) (G1 Evacuation Pause) 257M->15M(1024M) 33.634ms
[2023-05-16T02:36:02.719+0000][6][gc,cpu       ] GC(3) User=0.05s Sys=0.00s Real=0.03s
[2023-05-16T02:36:02.719+0000][6][safepoint    ] Safepoint "G1CollectForAllocation", Time since last: 1082122660 ns, Reaching safepoint: 177840 ns, At safepoint: 33722625 ns, Total: 33900465 ns
[2023-05-16T02:36:02.757+0000][6][safepoint    ] Safepoint "BulkRevokeBias", Time since last: 38279186 ns, Reaching safepoint: 146859 ns, At safepoint: 81139 ns, Total: 227998 ns
[2023-05-16T02:36:02.760+0000][6][safepoint    ] Safepoint "BulkRevokeBias", Time since last: 3049887 ns, Reaching safepoint: 180122 ns, At safepoint: 102259 ns, Total: 282381 ns
[2023-05-16T02:36:03.769+0000][6][safepoint    ] Safepoint "Cleanup", Time since last: 1004047419 ns, Reaching safepoint: 4722782 ns, At safepoint: 18049 ns, Total: 4740831 ns
[2023-05-16T02:36:04.388+0000][6][gc,start     ] GC(4) Pause Young (Concurrent Start) (Metadata GC Threshold)
[2023-05-16T02:36:04.388+0000][6][gc,task      ] GC(4) Using 8 workers of 8 for evacuation
[2023-05-16T02:36:04.388+0000][6][gc,age       ] GC(4) Desired survivor size 40370176 bytes, new threshold 15 (max threshold 15)
[2023-05-16T02:36:04.413+0000][6][gc,age       ] GC(4) Age table with threshold 15 (max threshold 15)
[2023-05-16T02:36:04.413+0000][6][gc,age       ] GC(4) - age   1:    3789832 bytes,    3789832 total
[2023-05-16T02:36:04.413+0000][6][gc,age       ] GC(4) - age   2:    3475184 bytes,    7265016 total
[2023-05-16T02:36:04.413+0000][6][gc,age       ] GC(4) - age   3:    2115040 bytes,    9380056 total
[2023-05-16T02:36:04.413+0000][6][gc,age       ] GC(4) - age   4:    3151008 bytes,   12531064 total
[2023-05-16T02:36:04.413+0000][6][gc,age       ] GC(4) - age   5:    4040464 bytes,   16571528 total
[2023-05-16T02:36:04.414+0000][6][gc,phases    ] GC(4)   Pre Evacuate Collection Set: 0.2ms
[2023-05-16T02:36:04.414+0000][6][gc,phases    ] GC(4)   Merge Heap Roots: 0.1ms
[2023-05-16T02:36:04.414+0000][6][gc,phases    ] GC(4)   Evacuate Collection Set: 16.0ms
[2023-05-16T02:36:04.414+0000][6][gc,phases    ] GC(4)   Post Evacuate Collection Set: 8.2ms
[2023-05-16T02:36:04.414+0000][6][gc,phases    ] GC(4)   Other: 0.5ms
[2023-05-16T02:36:04.414+0000][6][gc,heap      ] GC(4) Eden regions: 585->0(597)
[2023-05-16T02:36:04.414+0000][6][gc,heap      ] GC(4) Survivor regions: 14->17(77)
[2023-05-16T02:36:04.414+0000][6][gc,heap      ] GC(4) Old regions: 0->0
[2023-05-16T02:36:04.414+0000][6][gc,heap      ] GC(4) Archive regions: 2->2
[2023-05-16T02:36:04.414+0000][6][gc,heap      ] GC(4) Humongous regions: 1->1
[2023-05-16T02:36:04.414+0000][6][gc,metaspace ] GC(4) Metaspace: 19812K(21296K)->19812K(21296K) NonClass: 17363K(18352K)->17363K(18352K) Class: 2448K(2944K)->2448K(2944K)
[2023-05-16T02:36:04.414+0000][6][gc           ] GC(4) Pause Young (Concurrent Start) (Metadata GC Threshold) 599M->18M(1024M) 25.352ms
[2023-05-16T02:36:04.414+0000][6][gc,cpu       ] GC(4) User=0.04s Sys=0.00s Real=0.03s
[2023-05-16T02:36:04.414+0000][6][safepoint    ] Safepoint "CollectForMetadataAllocation", Time since last: 619047483 ns, Reaching safepoint: 79855 ns, At safepoint: 25742891 ns, Total: 25822746 ns
[2023-05-16T02:36:04.414+0000][6][gc           ] GC(5) Concurrent Cycle
[2023-05-16T02:36:04.414+0000][6][gc,marking   ] GC(5) Concurrent Clear Claimed Marks
[2023-05-16T02:36:04.415+0000][6][gc,marking   ] GC(5) Concurrent Clear Claimed Marks 0.558ms
[2023-05-16T02:36:04.415+0000][6][gc,marking   ] GC(5) Concurrent Scan Root Regions
[2023-05-16T02:36:04.424+0000][6][gc,marking   ] GC(5) Concurrent Scan Root Regions 8.705ms
[2023-05-16T02:36:04.424+0000][6][gc,marking   ] GC(5) Concurrent Mark (7.415s)
[2023-05-16T02:36:04.424+0000][6][gc,marking   ] GC(5) Concurrent Mark From Roots
[2023-05-16T02:36:04.424+0000][6][gc,task      ] GC(5) Using 2 workers of 2 for marking
[2023-05-16T02:36:04.431+0000][6][gc,marking   ] GC(5) Concurrent Mark From Roots 7.087ms
[2023-05-16T02:36:04.431+0000][6][gc,marking   ] GC(5) Concurrent Preclean
[2023-05-16T02:36:04.431+0000][6][gc,marking   ] GC(5) Concurrent Preclean 0.043ms
[2023-05-16T02:36:04.431+0000][6][gc,marking   ] GC(5) Concurrent Mark (7.415s, 7.422s) 7.255ms
[2023-05-16T02:36:04.438+0000][6][gc,start     ] GC(5) Pause Remark
[2023-05-16T02:36:04.441+0000][6][gc           ] GC(5) Pause Remark 19M->19M(1024M) 3.020ms
[2023-05-16T02:36:04.441+0000][6][gc,cpu       ] GC(5) User=0.01s Sys=0.00s Real=0.01s
[2023-05-16T02:36:04.441+0000][6][safepoint    ] Safepoint "G1Concurrent", Time since last: 16875028 ns, Reaching safepoint: 6688711 ns, At safepoint: 3097716 ns, Total: 9786427 ns
[2023-05-16T02:36:04.441+0000][6][gc,marking   ] GC(5) Concurrent Rebuild Remembered Sets
[2023-05-16T02:36:04.441+0000][6][gc,marking   ] GC(5) Concurrent Rebuild Remembered Sets 0.457ms
[2023-05-16T02:36:04.442+0000][6][gc,start     ] GC(5) Pause Cleanup
[2023-05-16T02:36:04.442+0000][6][gc           ] GC(5) Pause Cleanup 19M->19M(1024M) 0.167ms
[2023-05-16T02:36:04.442+0000][6][gc,cpu       ] GC(5) User=0.00s Sys=0.00s Real=0.00s
[2023-05-16T02:36:04.442+0000][6][safepoint    ] Safepoint "G1Concurrent", Time since last: 508080 ns, Reaching safepoint: 618679 ns, At safepoint: 191614 ns, Total: 810293 ns
[2023-05-16T02:36:04.442+0000][6][gc,marking   ] GC(5) Concurrent Cleanup for Next Mark
[2023-05-16T02:36:04.451+0000][6][gc,marking   ] GC(5) Concurrent Cleanup for Next Mark 9.158ms
[2023-05-16T02:36:04.452+0000][6][gc           ] GC(5) Concurrent Cycle 37.306ms
[2023-05-16T02:36:05.852+0000][6][safepoint    ] Safepoint "ICBufferFull", Time since last: 1409395897 ns, Reaching safepoint: 403305 ns, At safepoint: 3579 ns, Total: 406884 ns
[2023-05-16T02:36:06.725+0000][6][safepoint    ] Safepoint "ICBufferFull", Time since last: 872664446 ns, Reaching safepoint: 387847 ns, At safepoint: 6604 ns, Total: 394451 ns
[2023-05-16T02:36:07.785+0000][6][safepoint    ] Safepoint "Cleanup", Time since last: 1058897787 ns, Reaching safepoint: 770138 ns, At safepoint: 15887 ns, Total: 786025 ns
[2023-05-16T02:36:09.025+0000][6][safepoint    ] Safepoint "Cleanup", Time since last: 1233846879 ns, Reaching safepoint: 6705596 ns, At safepoint: 29317 ns, Total: 6734913 ns
[2023-05-16T02:36:09.333+0000][6][gc,start     ] GC(6) Pause Young (Concurrent Start) (Metadata GC Threshold)
[2023-05-16T02:36:09.333+0000][6][gc,task      ] GC(6) Using 8 workers of 8 for evacuation
[2023-05-16T02:36:09.333+0000][6][gc,age       ] GC(6) Desired survivor size 40370176 bytes, new threshold 15 (max threshold 15)
[2023-05-16T02:36:09.431+0000][6][gc,age       ] GC(6) Age table with threshold 15 (max threshold 15)
[2023-05-16T02:36:09.432+0000][6][gc,age       ] GC(6) - age   1:   29276160 bytes,   29276160 total
[2023-05-16T02:36:09.432+0000][6][gc,age       ] GC(6) - age   2:    3704056 bytes,   32980216 total
[2023-05-16T02:36:09.432+0000][6][gc,age       ] GC(6) - age   3:    3452616 bytes,   36432832 total
[2023-05-16T02:36:09.432+0000][6][gc,age       ] GC(6) - age   4:    2082864 bytes,   38515696 total
[2023-05-16T02:36:09.432+0000][6][gc,age       ] GC(6) - age   5:    3096888 bytes,   41612584 total
[2023-05-16T02:36:09.432+0000][6][gc,age       ] GC(6) - age   6:    4009576 bytes,   45622160 total
[2023-05-16T02:36:09.434+0000][6][gc,phases    ] GC(6)   Pre Evacuate Collection Set: 1.5ms
[2023-05-16T02:36:09.434+0000][6][gc,phases    ] GC(6)   Merge Heap Roots: 0.6ms
[2023-05-16T02:36:09.434+0000][6][gc,phases    ] GC(6)   Evacuate Collection Set: 84.8ms
[2023-05-16T02:36:09.434+0000][6][gc,phases    ] GC(6)   Post Evacuate Collection Set: 10.4ms
[2023-05-16T02:36:09.434+0000][6][gc,phases    ] GC(6)   Other: 3.3ms
[2023-05-16T02:36:09.434+0000][6][gc,heap      ] GC(6) Eden regions: 499->0(568)
[2023-05-16T02:36:09.434+0000][6][gc,heap      ] GC(6) Survivor regions: 17->46(77)
[2023-05-16T02:36:09.434+0000][6][gc,heap      ] GC(6) Old regions: 0->0
[2023-05-16T02:36:09.434+0000][6][gc,heap      ] GC(6) Archive regions: 2->2
[2023-05-16T02:36:09.434+0000][6][gc,heap      ] GC(6) Humongous regions: 1->1
[2023-05-16T02:36:09.434+0000][6][gc,metaspace ] GC(6) Metaspace: 32557K(35628K)->32557K(35628K) NonClass: 28274K(30380K)->28274K(30380K) Class: 4282K(5248K)->4282K(5248K)
[2023-05-16T02:36:09.434+0000][6][gc           ] GC(6) Pause Young (Concurrent Start) (Metadata GC Threshold) 517M->47M(1024M) 101.240ms
[2023-05-16T02:36:09.434+0000][6][gc,cpu       ] GC(6) User=0.22s Sys=0.01s Real=0.10s
[2023-05-16T02:36:09.435+0000][6][safepoint    ] Safepoint "CollectForMetadataAllocation", Time since last: 307187964 ns, Reaching safepoint: 499602 ns, At safepoint: 101671057 ns, Total: 102170659 ns
[2023-05-16T02:36:09.435+0000][6][gc           ] GC(7) Concurrent Cycle
[2023-05-16T02:36:09.435+0000][6][gc,marking   ] GC(7) Concurrent Clear Claimed Marks
[2023-05-16T02:36:09.435+0000][6][gc,marking   ] GC(7) Concurrent Clear Claimed Marks 0.367ms
[2023-05-16T02:36:09.435+0000][6][gc,marking   ] GC(7) Concurrent Scan Root Regions
[2023-05-16T02:36:09.469+0000][6][gc,marking   ] GC(7) Concurrent Scan Root Regions 33.627ms
[2023-05-16T02:36:09.469+0000][6][gc,marking   ] GC(7) Concurrent Mark (12.460s)
[2023-05-16T02:36:09.469+0000][6][gc,marking   ] GC(7) Concurrent Mark From Roots
[2023-05-16T02:36:09.469+0000][6][gc,task      ] GC(7) Using 2 workers of 2 for marking
[2023-05-16T02:36:09.478+0000][6][gc,marking   ] GC(7) Concurrent Mark From Roots 9.598ms
[2023-05-16T02:36:09.478+0000][6][gc,marking   ] GC(7) Concurrent Preclean
[2023-05-16T02:36:09.478+0000][6][gc,marking   ] GC(7) Concurrent Preclean 0.051ms
[2023-05-16T02:36:09.478+0000][6][gc,marking   ] GC(7) Concurrent Mark (12.460s, 12.470s) 9.725ms
[2023-05-16T02:36:09.479+0000][6][gc,start     ] GC(7) Pause Remark
[2023-05-16T02:36:09.487+0000][6][gc           ] GC(7) Pause Remark 48M->48M(1024M) 7.563ms
[2023-05-16T02:36:09.487+0000][6][gc,cpu       ] GC(7) User=0.01s Sys=0.00s Real=0.01s
[2023-05-16T02:36:09.489+0000][6][safepoint    ] Safepoint "G1Concurrent", Time since last: 44239847 ns, Reaching safepoint: 366651 ns, At safepoint: 9712167 ns, Total: 10078818 ns
[2023-05-16T02:36:09.489+0000][6][gc,marking   ] GC(7) Concurrent Rebuild Remembered Sets
[2023-05-16T02:36:09.494+0000][6][gc,marking   ] GC(7) Concurrent Rebuild Remembered Sets 4.635ms
[2023-05-16T02:36:09.494+0000][6][gc,start     ] GC(7) Pause Cleanup
[2023-05-16T02:36:09.495+0000][6][gc           ] GC(7) Pause Cleanup 48M->48M(1024M) 0.266ms
[2023-05-16T02:36:09.495+0000][6][gc,cpu       ] GC(7) User=0.00s Sys=0.00s Real=0.00s
[2023-05-16T02:36:09.495+0000][6][safepoint    ] Safepoint "G1Concurrent", Time since last: 4747885 ns, Reaching safepoint: 731194 ns, At safepoint: 329037 ns, Total: 1060231 ns
[2023-05-16T02:36:09.495+0000][6][gc,marking   ] GC(7) Concurrent Cleanup for Next Mark
[2023-05-16T02:36:09.502+0000][6][gc,marking   ] GC(7) Concurrent Cleanup for Next Mark 7.585ms
[2023-05-16T02:36:09.503+0000][6][gc           ] GC(7) Concurrent Cycle 67.870ms
[2023-05-16T02:36:10.501+0000][6][safepoint    ] Safepoint "Cleanup", Time since last: 1001971254 ns, Reaching safepoint: 3888321 ns, At safepoint: 27823 ns, Total: 3916144 ns
[2023-05-16T02:36:11.629+0000][6][safepoint    ] Safepoint "Cleanup", Time since last: 1128177494 ns, Reaching safepoint: 216710 ns, At safepoint: 2516 ns, Total: 219226 ns
[2023-05-16T02:36:13.240+0000][6][safepoint    ] Safepoint "Cleanup", Time since last: 1610369556 ns, Reaching safepoint: 403931 ns, At safepoint: 2938 ns, Total: 406869 ns
[2023-05-16T02:36:14.056+0000][6][safepoint    ] Safepoint "BulkRevokeBias", Time since last: 809032642 ns, Reaching safepoint: 6640494 ns, At safepoint: 231374 ns, Total: 6871868 ns
[2023-05-16T02:36:14.086+0000][6][safepoint    ] Safepoint "BulkRevokeBias", Time since last: 28782041 ns, Reaching safepoint: 860593 ns, At safepoint: 393956 ns, Total: 1254549 ns
[2023-05-16T02:36:14.133+0000][6][safepoint    ] Safepoint "BulkRevokeBias", Time since last: 47527486 ns, Reaching safepoint: 117277 ns, At safepoint: 109921 ns, Total: 227198 ns
[2023-05-16T02:36:14.142+0000][6][gc,start     ] GC(8) Pause Young (Concurrent Start) (Metadata GC Threshold)
[2023-05-16T02:36:14.142+0000][6][gc,task      ] GC(8) Using 8 workers of 8 for evacuation
[2023-05-16T02:36:14.142+0000][6][gc,age       ] GC(8) Desired survivor size 40370176 bytes, new threshold 5 (max threshold 15)
[2023-05-16T02:36:14.232+0000][6][gc,age       ] GC(8) Age table with threshold 5 (max threshold 15)
[2023-05-16T02:36:14.232+0000][6][gc,age       ] GC(8) - age   1:   10417624 bytes,   10417624 total
[2023-05-16T02:36:14.232+0000][6][gc,age       ] GC(8) - age   2:   29049584 bytes,   39467208 total
[2023-05-16T02:36:14.232+0000][6][gc,age       ] GC(8) - age   3:    3687392 bytes,   43154600 total
[2023-05-16T02:36:14.232+0000][6][gc,age       ] GC(8) - age   4:    3442744 bytes,   46597344 total
[2023-05-16T02:36:14.232+0000][6][gc,age       ] GC(8) - age   5:    2063184 bytes,   48660528 total
[2023-05-16T02:36:14.233+0000][6][gc,phases    ] GC(8)   Pre Evacuate Collection Set: 3.8ms
[2023-05-16T02:36:14.233+0000][6][gc,phases    ] GC(8)   Merge Heap Roots: 0.3ms
[2023-05-16T02:36:14.233+0000][6][gc,phases    ] GC(8)   Evacuate Collection Set: 79.5ms
[2023-05-16T02:36:14.233+0000][6][gc,phases    ] GC(8)   Post Evacuate Collection Set: 6.0ms
[2023-05-16T02:36:14.233+0000][6][gc,phases    ] GC(8)   Other: 1.4ms
[2023-05-16T02:36:14.233+0000][6][gc,heap      ] GC(8) Eden regions: 331->0(352)
[2023-05-16T02:36:14.233+0000][6][gc,heap      ] GC(8) Survivor regions: 46->49(77)
[2023-05-16T02:36:14.233+0000][6][gc,heap      ] GC(8) Old regions: 0->7
[2023-05-16T02:36:14.233+0000][6][gc,heap      ] GC(8) Archive regions: 2->2
[2023-05-16T02:36:14.233+0000][6][gc,heap      ] GC(8) Humongous regions: 1->1
[2023-05-16T02:36:14.234+0000][6][gc,metaspace ] GC(8) Metaspace: 54845K(59808K)->54845K(59808K) NonClass: 47414K(50592K)->47414K(50592K) Class: 7431K(9216K)->7431K(9216K)
[2023-05-16T02:36:14.234+0000][6][gc           ] GC(8) Pause Young (Concurrent Start) (Metadata GC Threshold) 378M->57M(1024M) 92.573ms
[2023-05-16T02:36:14.234+0000][6][gc,cpu       ] GC(8) User=0.24s Sys=0.01s Real=0.09s
[2023-05-16T02:36:14.235+0000][6][gc           ] GC(9) Concurrent Cycle
[2023-05-16T02:36:14.235+0000][6][gc,marking   ] GC(9) Concurrent Clear Claimed Marks
[2023-05-16T02:36:14.237+0000][6][safepoint    ] Safepoint "CollectForMetadataAllocation", Time since last: 1024091 ns, Reaching safepoint: 7121592 ns, At safepoint: 95143300 ns, Total: 102264892 ns
[2023-05-16T02:36:14.239+0000][6][gc,marking   ] GC(9) Concurrent Clear Claimed Marks 4.440ms
[2023-05-16T02:36:14.239+0000][6][gc,marking   ] GC(9) Concurrent Scan Root Regions
[2023-05-16T02:36:14.265+0000][6][safepoint    ] Safepoint "BulkRevokeBias", Time since last: 27872566 ns, Reaching safepoint: 224851 ns, At safepoint: 201452 ns, Total: 426303 ns
[2023-05-16T02:36:14.276+0000][6][gc,marking   ] GC(9) Concurrent Scan Root Regions 36.914ms
[2023-05-16T02:36:14.276+0000][6][gc,marking   ] GC(9) Concurrent Mark (17.268s)
[2023-05-16T02:36:14.276+0000][6][gc,marking   ] GC(9) Concurrent Mark From Roots
[2023-05-16T02:36:14.276+0000][6][gc,task      ] GC(9) Using 2 workers of 2 for marking
[2023-05-16T02:36:14.279+0000][6][gc,marking   ] GC(9) Concurrent Mark From Roots 2.909ms
[2023-05-16T02:36:14.279+0000][6][gc,marking   ] GC(9) Concurrent Preclean
[2023-05-16T02:36:14.279+0000][6][gc,marking   ] GC(9) Concurrent Preclean 0.062ms
[2023-05-16T02:36:14.279+0000][6][gc,marking   ] GC(9) Concurrent Mark (17.268s, 17.271s) 3.079ms
[2023-05-16T02:36:14.285+0000][6][gc,start     ] GC(9) Pause Remark
[2023-05-16T02:36:14.291+0000][6][gc           ] GC(9) Pause Remark 58M->58M(1024M) 5.751ms
[2023-05-16T02:36:14.291+0000][6][gc,cpu       ] GC(9) User=0.01s Sys=0.00s Real=0.01s
[2023-05-16T02:36:14.291+0000][6][safepoint    ] Safepoint "G1Concurrent", Time since last: 18549365 ns, Reaching safepoint: 1207678 ns, At safepoint: 5855177 ns, Total: 7062855 ns
[2023-05-16T02:36:14.293+0000][6][gc,marking   ] GC(9) Concurrent Rebuild Remembered Sets
[2023-05-16T02:36:14.301+0000][6][gc,marking   ] GC(9) Concurrent Rebuild Remembered Sets 7.618ms
[2023-05-16T02:36:14.308+0000][6][gc,start     ] GC(9) Pause Cleanup
[2023-05-16T02:36:14.308+0000][6][gc           ] GC(9) Pause Cleanup 58M->58M(1024M) 0.494ms
[2023-05-16T02:36:14.308+0000][6][gc,cpu       ] GC(9) User=0.00s Sys=0.00s Real=0.00s
[2023-05-16T02:36:14.308+0000][6][safepoint    ] Safepoint "G1Concurrent", Time since last: 10348308 ns, Reaching safepoint: 6763611 ns, At safepoint: 573694 ns, Total: 7337305 ns
[2023-05-16T02:36:14.313+0000][6][gc,marking   ] GC(9) Concurrent Cleanup for Next Mark
[2023-05-16T02:36:14.329+0000][6][gc,marking   ] GC(9) Concurrent Cleanup for Next Mark 16.179ms
[2023-05-16T02:36:14.329+0000][6][gc           ] GC(9) Concurrent Cycle 94.353ms
[2023-05-16T02:36:15.314+0000][6][safepoint    ] Safepoint "Cleanup", Time since last: 1000143582 ns, Reaching safepoint: 5379283 ns, At safepoint: 37411 ns, Total: 5416694 ns
[2023-05-16T02:36:16.349+0000][6][safepoint    ] Safepoint "Cleanup", Time since last: 1033152390 ns, Reaching safepoint: 1577962 ns, At safepoint: 38766 ns, Total: 1616728 ns
[2023-05-16T02:36:17.501+0000][6][safepoint    ] Safepoint "Cleanup", Time since last: 1148450352 ns, Reaching safepoint: 3550427 ns, At safepoint: 19601 ns, Total: 3570028 ns
[2023-05-16T02:36:18.598+0000][6][safepoint    ] Safepoint "Cleanup", Time since last: 1097185322 ns, Reaching safepoint: 128971 ns, At safepoint: 2587 ns, Total: 131558 ns
[2023-05-16T02:36:18.613+0000][6][safepoint    ] Safepoint "BulkRevokeBias", Time since last: 14796277 ns, Reaching safepoint: 187176 ns, At safepoint: 330991 ns, Total: 518167 ns
[2023-05-16T02:36:18.673+0000][6][safepoint    ] Safepoint "BulkRevokeBias", Time since last: 59243943 ns, Reaching safepoint: 96250 ns, At safepoint: 194153 ns, Total: 290403 ns
[2023-05-16T02:36:19.262+0000][6][safepoint    ] Safepoint "ICBufferFull", Time since last: 581751849 ns, Reaching safepoint: 7764155 ns, At safepoint: 21577 ns, Total: 7785732 ns
[2023-05-16T02:36:19.355+0000][6][safepoint    ] Safepoint "BulkRevokeBias", Time since last: 92044407 ns, Reaching safepoint: 187102 ns, At safepoint: 409743 ns, Total: 596845 ns
[2023-05-16T02:36:19.380+0000][6][safepoint    ] Safepoint "BulkRevokeBias", Time since last: 6048118 ns, Reaching safepoint: 18223734 ns, At safepoint: 394423 ns, Total: 18618157 ns
[2023-05-16T02:36:19.453+0000][6][safepoint    ] Safepoint "BulkRevokeBias", Time since last: 66004265 ns, Reaching safepoint: 6349627 ns, At safepoint: 519210 ns, Total: 6868837 ns
[2023-05-16T02:36:19.790+0000][6][safepoint    ] Safepoint "BulkRevokeBias", Time since last: 276017893 ns, Reaching safepoint: 40077660 ns, At safepoint: 21160863 ns, Total: 61238523 ns
[2023-05-16T02:36:19.919+0000][6][safepoint    ] Safepoint "BulkRevokeBias", Time since last: 122463361 ns, Reaching safepoint: 6095178 ns, At safepoint: 441548 ns, Total: 6536726 ns
[2023-05-16T02:36:20.931+0000][6][safepoint    ] Safepoint "Cleanup", Time since last: 1010660591 ns, Reaching safepoint: 959158 ns, At safepoint: 7702 ns, Total: 966860 ns
[2023-05-16T02:36:21.165+0000][6][gc,start     ] GC(10) Pause Young (Normal) (G1 Evacuation Pause)
[2023-05-16T02:36:21.165+0000][6][gc,task      ] GC(10) Using 8 workers of 8 for evacuation
[2023-05-16T02:36:21.165+0000][6][gc,age       ] GC(10) Desired survivor size 38797312 bytes, new threshold 2 (max threshold 15)
[2023-05-16T02:36:21.244+0000][6][gc,age       ] GC(10) Age table with threshold 2 (max threshold 15)
[2023-05-16T02:36:21.244+0000][6][gc,age       ] GC(10) - age   1:   10263976 bytes,   10263976 total
[2023-05-16T02:36:21.244+0000][6][gc,age       ] GC(10) - age   2:    9923544 bytes,   20187520 total
[2023-05-16T02:36:21.244+0000][6][gc,phases    ] GC(10)   Pre Evacuate Collection Set: 0.2ms
[2023-05-16T02:36:21.244+0000][6][gc,phases    ] GC(10)   Merge Heap Roots: 0.2ms
[2023-05-16T02:36:21.244+0000][6][gc,phases    ] GC(10)   Evacuate Collection Set: 66.7ms
[2023-05-16T02:36:21.244+0000][6][gc,phases    ] GC(10)   Post Evacuate Collection Set: 11.8ms
[2023-05-16T02:36:21.244+0000][6][gc,phases    ] GC(10)   Other: 0.3ms
[2023-05-16T02:36:21.244+0000][6][gc,heap      ] GC(10) Eden regions: 541->0(592)
[2023-05-16T02:36:21.244+0000][6][gc,heap      ] GC(10) Survivor regions: 49->22(74)
[2023-05-16T02:36:21.244+0000][6][gc,heap      ] GC(10) Old regions: 7->44
[2023-05-16T02:36:21.244+0000][6][gc,heap      ] GC(10) Archive regions: 2->2
[2023-05-16T02:36:21.244+0000][6][gc,heap      ] GC(10) Humongous regions: 1->1
[2023-05-16T02:36:21.244+0000][6][gc,metaspace ] GC(10) Metaspace: 82106K(88812K)->82106K(88812K) NonClass: 70896K(74860K)->70896K(74860K) Class: 11209K(13952K)->11209K(13952K)
[2023-05-16T02:36:21.244+0000][6][gc           ] GC(10) Pause Young (Normal) (G1 Evacuation Pause) 598M->67M(1024M) 79.262ms
[2023-05-16T02:36:21.244+0000][6][gc,cpu       ] GC(10) User=0.21s Sys=0.00s Real=0.08s
[2023-05-16T02:36:21.244+0000][6][safepoint    ] Safepoint "G1CollectForAllocation", Time since last: 232449054 ns, Reaching safepoint: 2086829 ns, At safepoint: 79365452 ns, Total: 81452281 ns
[2023-05-16T02:36:21.555+0000][6][safepoint    ] Safepoint "BulkRevokeBias", Time since last: 310529216 ns, Reaching safepoint: 81774 ns, At safepoint: 220053 ns, Total: 301827 ns
[2023-05-16T02:36:21.706+0000][6][safepoint    ] Safepoint "BulkRevokeBias", Time since last: 149148238 ns, Reaching safepoint: 792098 ns, At safepoint: 1258868 ns, Total: 2050966 ns
[2023-05-16T02:36:23.206+0000][6][safepoint    ] Safepoint "Cleanup", Time since last: 1499797472 ns, Reaching safepoint: 133838 ns, At safepoint: 2782 ns, Total: 136620 ns
[2023-05-16T02:36:24.342+0000][6][safepoint    ] Safepoint "Cleanup", Time since last: 1135299260 ns, Reaching safepoint: 195650 ns, At safepoint: 7356 ns, Total: 203006 ns
[2023-05-16T02:36:24.569+0000][6][safepoint    ] Safepoint "BulkRevokeBias", Time since last: 226101801 ns, Reaching safepoint: 380950 ns, At safepoint: 474661 ns, Total: 855611 ns
[2023-05-16T02:36:25.041+0000][6][safepoint    ] Safepoint "ICBufferFull", Time since last: 455599724 ns, Reaching safepoint: 16355988 ns, At safepoint: 167273 ns, Total: 16523261 ns
[2023-05-16T02:36:26.522+0000][6][safepoint    ] Safepoint "Cleanup", Time since last: 1480985795 ns, Reaching safepoint: 488737 ns, At safepoint: 2799 ns, Total: 491536 ns
[2023-05-16T02:36:27.867+0000][6][safepoint    ] Safepoint "Cleanup", Time since last: 1344372886 ns, Reaching safepoint: 98538 ns, At safepoint: 3391 ns, Total: 101929 ns
[2023-05-16T02:36:29.867+0000][6][safepoint    ] Safepoint "Cleanup", Time since last: 2000333098 ns, Reaching safepoint: 70515 ns, At safepoint: 3872 ns, Total: 74387 ns
[2023-05-16T02:36:30.867+0000][6][safepoint    ] Safepoint "Cleanup", Time since last: 1000088926 ns, Reaching safepoint: 87752 ns, At safepoint: 6351 ns, Total: 94103 ns
[2023-05-16T02:36:31.868+0000][6][safepoint    ] Safepoint "Cleanup", Time since last: 1000111005 ns, Reaching safepoint: 84119 ns, At safepoint: 2977 ns, Total: 87096 ns
[2023-05-16T02:36:32.868+0000][6][safepoint    ] Safepoint "Cleanup", Time since last: 1000087544 ns, Reaching safepoint: 107407 ns, At safepoint: 2414 ns, Total: 109821 ns
[2023-05-16T02:36:33.868+0000][6][safepoint    ] Safepoint "Cleanup", Time since last: 1000093241 ns, Reaching safepoint: 66680 ns, At safepoint: 2343 ns, Total: 69023 ns
[2023-05-16T02:36:34.868+0000][6][safepoint    ] Safepoint "Cleanup", Time since last: 1000110307 ns, Reaching safepoint: 61274 ns, At safepoint: 2689 ns, Total: 63963 ns
[2023-05-16T02:36:35.868+0000][6][safepoint    ] Safepoint "Cleanup", Time since last: 1000088889 ns, Reaching safepoint: 62917 ns, At safepoint: 4168 ns, Total: 67085 ns
[2023-05-16T02:36:36.868+0000][6][safepoint    ] Safepoint "Cleanup", Time since last: 1000048573 ns, Reaching safepoint: 54288 ns, At safepoint: 2243 ns, Total: 56531 ns
[2023-05-16T02:36:37.869+0000][6][safepoint    ] Safepoint "Cleanup", Time since last: 1000090501 ns, Reaching safepoint: 68489 ns, At safepoint: 3142 ns, Total: 71631 ns
[2023-05-16T02:36:38.869+0000][6][safepoint    ] Safepoint "Cleanup", Time since last: 1000089518 ns, Reaching safepoint: 75298 ns, At safepoint: 3758 ns, Total: 79056 ns
[2023-05-16T02:36:39.869+0000][6][safepoint    ] Safepoint "Cleanup", Time since last: 1000097240 ns, Reaching safepoint: 82744 ns, At safepoint: 4323 ns, Total: 87067 ns
[2023-05-16T02:36:40.869+0000][6][safepoint    ] Safepoint "Cleanup", Time since last: 1000098313 ns, Reaching safepoint: 86187 ns, At safepoint: 3206 ns, Total: 89393 ns
[2023-05-16T02:36:41.869+0000][6][safepoint    ] Safepoint "Cleanup", Time since last: 1000086682 ns, Reaching safepoint: 59298 ns, At safepoint: 2529 ns, Total: 61827 ns
[2023-05-16T02:36:42.870+0000][6][safepoint    ] Safepoint "Cleanup", Time since last: 1000105055 ns, Reaching safepoint: 63013 ns, At safepoint: 2786 ns, Total: 65799 ns
[2023-05-16T02:36:43.870+0000][6][safepoint    ] Safepoint "Cleanup", Time since last: 1000110235 ns, Reaching safepoint: 65934 ns, At safepoint: 2508 ns, Total: 68442 ns
[2023-05-16T02:36:44.870+0000][6][safepoint    ] Safepoint "Cleanup", Time since last: 1000081312 ns, Reaching safepoint: 60502 ns, At safepoint: 2295 ns, Total: 62797 ns
[2023-05-16T02:36:45.870+0000][6][safepoint    ] Safepoint "Cleanup", Time since last: 1000072277 ns, Reaching safepoint: 69812 ns, At safepoint: 2532 ns, Total: 72344 ns
[2023-05-16T02:36:46.870+0000][6][safepoint    ] Safepoint "Cleanup", Time since last: 1000090669 ns, Reaching safepoint: 64940 ns, At safepoint: 2620 ns, Total: 67560 ns
[2023-05-16T02:36:47.870+0000][6][safepoint    ] Safepoint "Cleanup", Time since last: 1000041182 ns, Reaching safepoint: 67366 ns, At safepoint: 3453 ns, Total: 70819 ns
[2023-05-16T02:36:48.870+0000][6][safepoint    ] Safepoint "Cleanup", Time since last: 1000121325 ns, Reaching safepoint: 83050 ns, At safepoint: 3048 ns, Total: 86098 ns
[2023-05-16T02:36:49.871+0000][6][safepoint    ] Safepoint "Cleanup", Time since last: 1000098271 ns, Reaching safepoint: 97877 ns, At safepoint: 3481 ns, Total: 101358 ns
[2023-05-16T02:36:50.871+0000][6][safepoint    ] Safepoint "Cleanup", Time since last: 1000099587 ns, Reaching safepoint: 67687 ns, At safepoint: 2631 ns, Total: 70318 ns
[2023-05-16T02:36:52.283+0000][6][safepoint    ] Safepoint "Cleanup", Time since last: 1412035014 ns, Reaching safepoint: 293698 ns, At safepoint: 8309 ns, Total: 302007 ns
[2023-05-16T02:36:53.284+0000][6][safepoint    ] Safepoint "Cleanup", Time since last: 1000140193 ns, Reaching safepoint: 323021 ns, At safepoint: 7773 ns, Total: 330794 ns
[2023-05-16T02:36:54.448+0000][6][safepoint    ] Safepoint "Cleanup", Time since last: 1164678021 ns, Reaching safepoint: 114970 ns, At safepoint: 2313 ns, Total: 117283 ns
[2023-05-16T02:36:55.522+0000][6][safepoint    ] Safepoint "Cleanup", Time since last: 1073021598 ns, Reaching safepoint: 96601 ns, At safepoint: 2642 ns, Total: 99243 ns
[2023-05-16T02:36:56.522+0000][6][safepoint    ] Safepoint "Cleanup", Time since last: 1000152522 ns, Reaching safepoint: 574783 ns, At safepoint: 13766 ns, Total: 588549 ns
[2023-05-16T02:36:57.523+0000][6][safepoint    ] Safepoint "Cleanup", Time since last: 1000324078 ns, Reaching safepoint: 104278 ns, At safepoint: 3217 ns, Total: 107495 ns
[2023-05-16T02:36:58.523+0000][6][safepoint    ] Safepoint "Cleanup", Time since last: 1000083279 ns, Reaching safepoint: 213615 ns, At safepoint: 6134 ns, Total: 219749 ns
[2023-05-16T02:37:00.327+0000][6][safepoint    ] Safepoint "Cleanup", Time since last: 1803791504 ns, Reaching safepoint: 116500 ns, At safepoint: 2563 ns, Total: 119063 ns
[2023-05-16T02:37:01.327+0000][6][safepoint    ] Safepoint "Cleanup", Time since last: 1000081020 ns, Reaching safepoint: 66234 ns, At safepoint: 2645 ns, Total: 68879 ns
[2023-05-16T02:37:02.327+0000][6][safepoint    ] Safepoint "Cleanup", Time since last: 1000095608 ns, Reaching safepoint: 88437 ns, At safepoint: 4019 ns, Total: 92456 ns
[2023-05-16T02:37:03.328+0000][6][safepoint    ] Safepoint "Cleanup", Time since last: 1000149852 ns, Reaching safepoint: 139895 ns, At safepoint: 3045 ns, Total: 142940 ns
[2023-05-16T02:37:04.328+0000][6][safepoint    ] Safepoint "Cleanup", Time since last: 1000205890 ns, Reaching safepoint: 428809 ns, At safepoint: 9776 ns, Total: 438585 ns
[2023-05-16T02:37:05.329+0000][6][safepoint    ] Safepoint "Cleanup", Time since last: 1000234271 ns, Reaching safepoint: 393627 ns, At safepoint: 9205 ns, Total: 402832 ns
[2023-05-16T02:37:06.329+0000][6][safepoint    ] Safepoint "Cleanup", Time since last: 1000261190 ns, Reaching safepoint: 88321 ns, At safepoint: 4825 ns, Total: 93146 ns
[2023-05-16T02:37:07.330+0000][6][safepoint    ] Safepoint "Cleanup", Time since last: 1000143466 ns, Reaching safepoint: 315101 ns, At safepoint: 6440 ns, Total: 321541 ns
[2023-05-16T02:37:08.330+0000][6][safepoint    ] Safepoint "Cleanup", Time since last: 1000131458 ns, Reaching safepoint: 73774 ns, At safepoint: 2410 ns, Total: 76184 ns
[2023-05-16T02:37:09.330+0000][6][safepoint    ] Safepoint "Cleanup", Time since last: 1000097312 ns, Reaching safepoint: 73107 ns, At safepoint: 2555 ns, Total: 75662 ns
[2023-05-16T02:37:10.330+0000][6][safepoint    ] Safepoint "Cleanup", Time since last: 1000068873 ns, Reaching safepoint: 87178 ns, At safepoint: 3486 ns, Total: 90664 ns
[2023-05-16T02:37:11.333+0000][6][safepoint    ] Safepoint "Cleanup", Time since last: 1002555452 ns, Reaching safepoint: 314431 ns, At safepoint: 5596 ns, Total: 320027 ns
[2023-05-16T02:37:12.333+0000][6][safepoint    ] Safepoint "Cleanup", Time since last: 1000127761 ns, Reaching safepoint: 84352 ns, At safepoint: 2759 ns, Total: 87111 ns
[2023-05-16T02:37:13.333+0000][6][safepoint    ] Safepoint "Cleanup", Time since last: 1000086100 ns, Reaching safepoint: 67648 ns, At safepoint: 4604 ns, Total: 72252 ns
[2023-05-16T02:37:14.334+0000][6][safepoint    ] Safepoint "Cleanup", Time since last: 1000101113 ns, Reaching safepoint: 530023 ns, At safepoint: 13005 ns, Total: 543028 ns
[2023-05-16T02:37:15.334+0000][6][safepoint    ] Safepoint "Cleanup", Time since last: 1000219571 ns, Reaching safepoint: 112360 ns, At safepoint: 4605 ns, Total: 116965 ns
[2023-05-16T02:37:16.335+0000][6][safepoint    ] Safepoint "Cleanup", Time since last: 1000153500 ns, Reaching safepoint: 396019 ns, At safepoint: 11089 ns, Total: 407108 ns
[2023-05-16T02:37:17.335+0000][6][safepoint    ] Safepoint "Cleanup", Time since last: 1000218887 ns, Reaching safepoint: 166688 ns, At safepoint: 5572 ns, Total: 172260 ns
[2023-05-16T02:37:18.336+0000][6][safepoint    ] Safepoint "Cleanup", Time since last: 1000102320 ns, Reaching safepoint: 73932 ns, At safepoint: 3085 ns, Total: 77017 ns
[2023-05-16T02:37:19.336+0000][6][safepoint    ] Safepoint "Cleanup", Time since last: 1000093876 ns, Reaching safepoint: 89967 ns, At safepoint: 3799 ns, Total: 93766 ns
[2023-05-16T02:37:20.336+0000][6][safepoint    ] Safepoint "Cleanup", Time since last: 1000082890 ns, Reaching safepoint: 105875 ns, At safepoint: 2622 ns, Total: 108497 ns
[2023-05-16T02:37:22.295+0000][6][safepoint    ] Safepoint "Cleanup", Time since last: 1959059851 ns, Reaching safepoint: 355858 ns, At safepoint: 8017 ns, Total: 363875 ns
[2023-05-16T02:37:23.296+0000][6][safepoint    ] Safepoint "Cleanup", Time since last: 1000178922 ns, Reaching safepoint: 93180 ns, At safepoint: 2525 ns, Total: 95705 ns
[2023-05-16T02:37:24.534+0000][6][safepoint    ] Safepoint "Cleanup", Time since last: 1238514102 ns, Reaching safepoint: 70301 ns, At safepoint: 2865 ns, Total: 73166 ns
[2023-05-16T02:37:25.534+0000][6][safepoint    ] Safepoint "Cleanup", Time since last: 1000086023 ns, Reaching safepoint: 61609 ns, At safepoint: 3609 ns, Total: 65218 ns
[2023-05-16T02:37:26.535+0000][6][safepoint    ] Safepoint "Cleanup", Time since last: 1000095154 ns, Reaching safepoint: 68608 ns, At safepoint: 2390 ns, Total: 70998 ns
[2023-05-16T02:37:27.535+0000][6][safepoint    ] Safepoint "Cleanup", Time since last: 1000111751 ns, Reaching safepoint: 242832 ns, At safepoint: 5144 ns, Total: 247976 ns
[2023-05-16T02:37:28.535+0000][6][safepoint    ] Safepoint "Cleanup", Time since last: 1000112320 ns, Reaching safepoint: 96553 ns, At safepoint: 4999 ns, Total: 101552 ns
[2023-05-16T02:37:29.535+0000][6][safepoint    ] Safepoint "Cleanup", Time since last: 1000108656 ns, Reaching safepoint: 84244 ns, At safepoint: 2843 ns, Total: 87087 ns
[2023-05-16T02:37:30.536+0000][6][safepoint    ] Safepoint "Cleanup", Time since last: 1000087212 ns, Reaching safepoint: 100225 ns, At safepoint: 4177 ns, Total: 104402 ns
[2023-05-16T02:37:31.536+0000][6][safepoint    ] Safepoint "Cleanup", Time since last: 1000108537 ns, Reaching safepoint: 75700 ns, At safepoint: 4159 ns, Total: 79859 ns
[2023-05-16T02:37:32.536+0000][6][safepoint    ] Safepoint "Cleanup", Time since last: 1000096295 ns, Reaching safepoint: 70266 ns, At safepoint: 2885 ns, Total: 73151 ns
[2023-05-16T02:37:33.536+0000][6][safepoint    ] Safepoint "Cleanup", Time since last: 1000177178 ns, Reaching safepoint: 85031 ns, At safepoint: 4170 ns, Total: 89201 ns
[2023-05-16T02:37:34.537+0000][6][safepoint    ] Safepoint "Cleanup", Time since last: 1000176196 ns, Reaching safepoint: 193353 ns, At safepoint: 5715 ns, Total: 199068 ns
[2023-05-16T02:37:35.537+0000][6][safepoint    ] Safepoint "Cleanup", Time since last: 1000178218 ns, Reaching safepoint: 163983 ns, At safepoint: 7189 ns, Total: 171172 ns
[2023-05-16T02:37:36.537+0000][6][safepoint    ] Safepoint "Cleanup", Time since last: 1000114479 ns, Reaching safepoint: 88257 ns, At safepoint: 2669 ns, Total: 90926 ns
[2023-05-16T02:37:37.537+0000][6][safepoint    ] Safepoint "Cleanup", Time since last: 1000092178 ns, Reaching safepoint: 90302 ns, At safepoint: 4309 ns, Total: 94611 ns
[2023-05-16T02:37:38.537+0000][6][safepoint    ] Safepoint "Cleanup", Time since last: 1000095706 ns, Reaching safepoint: 62105 ns, At safepoint: 3217 ns, Total: 65322 ns
[2023-05-16T02:37:39.538+0000][6][safepoint    ] Safepoint "Cleanup", Time since last: 1000089809 ns, Reaching safepoint: 90631 ns, At safepoint: 2356 ns, Total: 92987 ns
[2023-05-16T02:37:40.538+0000][6][safepoint    ] Safepoint "Cleanup", Time since last: 1000090702 ns, Reaching safepoint: 103300 ns, At safepoint: 2919 ns, Total: 106219 ns
[2023-05-16T02:37:41.538+0000][6][safepoint    ] Safepoint "Cleanup", Time since last: 1000110025 ns, Reaching safepoint: 128473 ns, At safepoint: 2640 ns, Total: 131113 ns
[2023-05-16T02:37:42.538+0000][6][safepoint    ] Safepoint "Cleanup", Time since last: 1000092674 ns, Reaching safepoint: 79981 ns, At safepoint: 2372 ns, Total: 82353 ns
[2023-05-16T02:37:43.538+0000][6][safepoint    ] Safepoint "Cleanup", Time since last: 1000088569 ns, Reaching safepoint: 117982 ns, At safepoint: 3441 ns, Total: 121423 ns
[2023-05-16T02:37:44.539+0000][6][safepoint    ] Safepoint "Cleanup", Time since last: 1000089103 ns, Reaching safepoint: 190819 ns, At safepoint: 5599 ns, Total: 196418 ns
[2023-05-16T02:37:45.539+0000][6][safepoint    ] Safepoint "Cleanup", Time since last: 1000109580 ns, Reaching safepoint: 68696 ns, At safepoint: 2771 ns, Total: 71467 ns
[2023-05-16T02:37:46.539+0000][6][safepoint    ] Safepoint "Cleanup", Time since last: 1000093900 ns, Reaching safepoint: 74801 ns, At safepoint: 2239 ns, Total: 77040 ns
[2023-05-16T02:37:47.539+0000][6][safepoint    ] Safepoint "Cleanup", Time since last: 1000114968 ns, Reaching safepoint: 75197 ns, At safepoint: 3082 ns, Total: 78279 ns
[2023-05-16T02:37:48.539+0000][6][safepoint    ] Safepoint "Cleanup", Time since last: 1000125930 ns, Reaching safepoint: 61828 ns, At safepoint: 3932 ns, Total: 65760 ns
[2023-05-16T02:37:49.540+0000][6][safepoint    ] Safepoint "Cleanup", Time since last: 1000143368 ns, Reaching safepoint: 169811 ns, At safepoint: 11037 ns, Total: 180848 ns
[2023-05-16T02:37:50.540+0000][6][safepoint    ] Safepoint "Cleanup", Time since last: 1000139302 ns, Reaching safepoint: 67559 ns, At safepoint: 2994 ns, Total: 70553 ns
[2023-05-16T02:37:51.540+0000][6][safepoint    ] Safepoint "Cleanup", Time since last: 1000057595 ns, Reaching safepoint: 67356 ns, At safepoint: 3014 ns, Total: 70370 ns
[2023-05-16T02:37:52.540+0000][6][safepoint    ] Safepoint "Cleanup", Time since last: 1000098489 ns, Reaching safepoint: 76548 ns, At safepoint: 3119 ns, Total: 79667 ns
[2023-05-16T02:37:53.540+0000][6][safepoint    ] Safepoint "Cleanup", Time since last: 1000104511 ns, Reaching safepoint: 88873 ns, At safepoint: 4552 ns, Total: 93425 ns
[2023-05-16T02:37:54.541+0000][6][safepoint    ] Safepoint "Cleanup", Time since last: 1000257179 ns, Reaching safepoint: 438363 ns, At safepoint: 7130 ns, Total: 445493 ns
[2023-05-16T02:37:55.542+0000][6][safepoint    ] Safepoint "Cleanup", Time since last: 1000301874 ns, Reaching safepoint: 281249 ns, At safepoint: 5612 ns, Total: 286861 ns
[2023-05-16T02:37:56.542+0000][6][safepoint    ] Safepoint "Cleanup", Time since last: 1000152768 ns, Reaching safepoint: 74799 ns, At safepoint: 2883 ns, Total: 77682 ns
[2023-05-16T02:37:57.542+0000][6][safepoint    ] Safepoint "Cleanup", Time since last: 1000166310 ns, Reaching safepoint: 214189 ns, At safepoint: 11034 ns, Total: 225223 ns
[2023-05-16T02:37:58.543+0000][6][safepoint    ] Safepoint "Cleanup", Time since last: 1000274772 ns, Reaching safepoint: 78595 ns, At safepoint: 2364 ns, Total: 80959 ns
[2023-05-16T02:37:59.543+0000][6][safepoint    ] Safepoint "Cleanup", Time since last: 1000090366 ns, Reaching safepoint: 74317 ns, At safepoint: 2415 ns, Total: 76732 ns
[2023-05-16T02:38:00.543+0000][6][safepoint    ] Safepoint "Cleanup", Time since last: 1000096018 ns, Reaching safepoint: 81349 ns, At safepoint: 2891 ns, Total: 84240 ns
[2023-05-16T02:38:01.543+0000][6][safepoint    ] Safepoint "Cleanup", Time since last: 1000078127 ns, Reaching safepoint: 58400 ns, At safepoint: 3404 ns, Total: 61804 ns
[2023-05-16T02:38:02.543+0000][6][safepoint    ] Safepoint "Cleanup", Time since last: 1000092013 ns, Reaching safepoint: 66579 ns, At safepoint: 4084 ns, Total: 70663 ns
[2023-05-16T02:38:03.544+0000][6][safepoint    ] Safepoint "Cleanup", Time since last: 1000090020 ns, Reaching safepoint: 97476 ns, At safepoint: 2419 ns, Total: 99895 ns
[2023-05-16T02:38:04.544+0000][6][safepoint    ] Safepoint "Cleanup", Time since last: 1000085104 ns, Reaching safepoint: 60001 ns, At safepoint: 2690 ns, Total: 62691 ns
[2023-05-16T02:38:05.544+0000][6][safepoint    ] Safepoint "Cleanup", Time since last: 1000103022 ns, Reaching safepoint: 75118 ns, At safepoint: 3857 ns, Total: 78975 ns
[2023-05-16T02:38:06.544+0000][6][safepoint    ] Safepoint "Cleanup", Time since last: 1000105673 ns, Reaching safepoint: 98890 ns, At safepoint: 2404 ns, Total: 101294 ns
[2023-05-16T02:38:07.544+0000][6][safepoint    ] Safepoint "Cleanup", Time since last: 1000101207 ns, Reaching safepoint: 128996 ns, At safepoint: 3299 ns, Total: 132295 ns
[2023-05-16T02:38:08.545+0000][6][safepoint    ] Safepoint "Cleanup", Time since last: 1000096878 ns, Reaching safepoint: 60534 ns, At safepoint: 3746 ns, Total: 64280 ns
[2023-05-16T02:38:09.545+0000][6][safepoint    ] Safepoint "Cleanup", Time since last: 1000071616 ns, Reaching safepoint: 80828 ns, At safepoint: 2893 ns, Total: 83721 ns
[2023-05-16T02:38:10.545+0000][6][safepoint    ] Safepoint "Cleanup", Time since last: 1000087087 ns, Reaching safepoint: 79440 ns, At safepoint: 2695 ns, Total: 82135 ns
[2023-05-16T02:38:11.545+0000][6][safepoint    ] Safepoint "Cleanup", Time since last: 1000130261 ns, Reaching safepoint: 120870 ns, At safepoint: 5103 ns, Total: 125973 ns
[2023-05-16T02:38:12.545+0000][6][safepoint    ] Safepoint "Cleanup", Time since last: 1000132232 ns, Reaching safepoint: 110275 ns, At safepoint: 4075 ns, Total: 114350 ns
[2023-05-16T02:38:13.545+0000][6][safepoint    ] Safepoint "Cleanup", Time since last: 1000088767 ns, Reaching safepoint: 58710 ns, At safepoint: 3459 ns, Total: 62169 ns
[2023-05-16T02:38:14.546+0000][6][safepoint    ] Safepoint "Cleanup", Time since last: 1000115202 ns, Reaching safepoint: 68460 ns, At safepoint: 2546 ns, Total: 71006 ns
[2023-05-16T02:38:15.546+0000][6][safepoint    ] Safepoint "Cleanup", Time since last: 1000122165 ns, Reaching safepoint: 95365 ns, At safepoint: 2774 ns, Total: 98139 ns
[2023-05-16T02:38:16.546+0000][6][safepoint    ] Safepoint "Cleanup", Time since last: 1000124363 ns, Reaching safepoint: 67806 ns, At safepoint: 2706 ns, Total: 70512 ns
[2023-05-16T02:38:17.546+0000][6][safepoint    ] Safepoint "Cleanup", Time since last: 1000091501 ns, Reaching safepoint: 91165 ns, At safepoint: 2813 ns, Total: 93978 ns
[2023-05-16T02:38:18.546+0000][6][safepoint    ] Safepoint "Cleanup", Time since last: 1000091569 ns, Reaching safepoint: 70267 ns, At safepoint: 2735 ns, Total: 73002 ns
[2023-05-16T02:38:19.547+0000][6][safepoint    ] Safepoint "Cleanup", Time since last: 1000090794 ns, Reaching safepoint: 62958 ns, At safepoint: 2930 ns, Total: 65888 ns
[2023-05-16T02:38:20.547+0000][6][safepoint    ] Safepoint "Cleanup", Time since last: 1000094552 ns, Reaching safepoint: 58300 ns, At safepoint: 3500 ns, Total: 61800 ns
[2023-05-16T02:38:21.547+0000][6][safepoint    ] Safepoint "Cleanup", Time since last: 1000088799 ns, Reaching safepoint: 66239 ns, At safepoint: 2767 ns, Total: 69006 ns
[2023-05-16T02:38:22.547+0000][6][safepoint    ] Safepoint "Cleanup", Time since last: 1000089351 ns, Reaching safepoint: 66485 ns, At safepoint: 2706 ns, Total: 69191 ns
[2023-05-16T02:38:23.548+0000][6][safepoint    ] Safepoint "Cleanup", Time since last: 1000147318 ns, Reaching safepoint: 389248 ns, At safepoint: 11128 ns, Total: 400376 ns
[2023-05-16T02:38:24.548+0000][6][safepoint    ] Safepoint "Cleanup", Time since last: 1000269609 ns, Reaching safepoint: 93831 ns, At safepoint: 4846 ns, Total: 98677 ns
[2023-05-16T02:38:25.548+0000][6][safepoint    ] Safepoint "Cleanup", Time since last: 1000103004 ns, Reaching safepoint: 148725 ns, At safepoint: 2578 ns, Total: 151303 ns
[2023-05-16T02:38:26.548+0000][6][safepoint    ] Safepoint "Cleanup", Time since last: 1000098607 ns, Reaching safepoint: 85786 ns, At safepoint: 2376 ns, Total: 88162 ns
[2023-05-16T02:38:27.549+0000][6][safepoint    ] Safepoint "Cleanup", Time since last: 1000203864 ns, Reaching safepoint: 344729 ns, At safepoint: 10127 ns, Total: 354856 ns
[2023-05-16T02:38:28.550+0000][6][safepoint    ] Safepoint "Cleanup", Time since last: 1000263237 ns, Reaching safepoint: 407322 ns, At safepoint: 12626 ns, Total: 419948 ns
[2023-05-16T02:38:29.550+0000][6][safepoint    ] Safepoint "Cleanup", Time since last: 1000250433 ns, Reaching safepoint: 76153 ns, At safepoint: 4630 ns, Total: 80783 ns
[2023-05-16T02:38:30.550+0000][6][safepoint    ] Safepoint "Cleanup", Time since last: 1000065558 ns, Reaching safepoint: 212078 ns, At safepoint: 5773 ns, Total: 217851 ns
[2023-05-16T02:38:31.551+0000][6][safepoint    ] Safepoint "Cleanup", Time since last: 1000164825 ns, Reaching safepoint: 73590 ns, At safepoint: 2886 ns, Total: 76476 ns
[2023-05-16T02:38:32.551+0000][6][safepoint    ] Safepoint "Cleanup", Time since last: 1000092895 ns, Reaching safepoint: 72129 ns, At safepoint: 1993 ns, Total: 74122 ns
[2023-05-16T02:38:33.551+0000][6][safepoint    ] Safepoint "Cleanup", Time since last: 1000068658 ns, Reaching safepoint: 73076 ns, At safepoint: 3907 ns, Total: 76983 ns
[2023-05-16T02:38:34.551+0000][6][safepoint    ] Safepoint "Cleanup", Time since last: 1000167745 ns, Reaching safepoint: 281844 ns, At safepoint: 5932 ns, Total: 287776 ns
[2023-05-16T02:38:35.552+0000][6][safepoint    ] Safepoint "Cleanup", Time since last: 1000206419 ns, Reaching safepoint: 91626 ns, At safepoint: 3065 ns, Total: 94691 ns
[2023-05-16T02:38:36.552+0000][6][safepoint    ] Safepoint "Cleanup", Time since last: 1000099289 ns, Reaching safepoint: 69978 ns, At safepoint: 2609 ns, Total: 72587 ns
[2023-05-16T02:38:37.552+0000][6][safepoint    ] Safepoint "Cleanup", Time since last: 1000094455 ns, Reaching safepoint: 80090 ns, At safepoint: 3834 ns, Total: 83924 ns
[2023-05-16T02:38:38.552+0000][6][safepoint    ] Safepoint "Cleanup", Time since last: 1000093363 ns, Reaching safepoint: 339047 ns, At safepoint: 10968 ns, Total: 350015 ns
[2023-05-16T02:38:39.553+0000][6][safepoint    ] Safepoint "Cleanup", Time since last: 1000264492 ns, Reaching safepoint: 90762 ns, At safepoint: 2811 ns, Total: 93573 ns
[2023-05-16T02:38:40.553+0000][6][safepoint    ] Safepoint "Cleanup", Time since last: 1000106508 ns, Reaching safepoint: 123444 ns, At safepoint: 3170 ns, Total: 126614 ns
[2023-05-16T02:38:41.553+0000][6][safepoint    ] Safepoint "Cleanup", Time since last: 1000125948 ns, Reaching safepoint: 173146 ns, At safepoint: 3773 ns, Total: 176919 ns
[2023-05-16T02:38:42.554+0000][6][safepoint    ] Safepoint "Cleanup", Time since last: 1000189038 ns, Reaching safepoint: 368776 ns, At safepoint: 14391 ns, Total: 383167 ns
[2023-05-16T02:38:43.554+0000][6][safepoint    ] Safepoint "Cleanup", Time since last: 1000261916 ns, Reaching safepoint: 74013 ns, At safepoint: 3105 ns, Total: 77118 ns
[2023-05-16T02:38:44.554+0000][6][safepoint    ] Safepoint "Cleanup", Time since last: 1000096317 ns, Reaching safepoint: 90422 ns, At safepoint: 3159 ns, Total: 93581 ns
[2023-05-16T02:38:45.555+0000][6][safepoint    ] Safepoint "Cleanup", Time since last: 1000090051 ns, Reaching safepoint: 72454 ns, At safepoint: 4440 ns, Total: 76894 ns
[2023-05-16T02:38:46.555+0000][6][safepoint    ] Safepoint "Cleanup", Time since last: 1000091142 ns, Reaching safepoint: 90692 ns, At safepoint: 3968 ns, Total: 94660 ns
[2023-05-16T02:38:47.555+0000][6][safepoint    ] Safepoint "Cleanup", Time since last: 1000093257 ns, Reaching safepoint: 100089 ns, At safepoint: 2189 ns, Total: 102278 ns
[2023-05-16T02:38:48.555+0000][6][safepoint    ] Safepoint "Cleanup", Time since last: 1000108885 ns, Reaching safepoint: 84019 ns, At safepoint: 4591 ns, Total: 88610 ns
[2023-05-16T02:38:49.555+0000][6][safepoint    ] Safepoint "Cleanup", Time since last: 1000101089 ns, Reaching safepoint: 86717 ns, At safepoint: 3969 ns, Total: 90686 ns
[2023-05-16T02:38:50.556+0000][6][safepoint    ] Safepoint "Cleanup", Time since last: 1000144553 ns, Reaching safepoint: 307272 ns, At safepoint: 3274 ns, Total: 310546 ns
[2023-05-16T02:38:51.556+0000][6][safepoint    ] Safepoint "Cleanup", Time since last: 1000236702 ns, Reaching safepoint: 427202 ns, At safepoint: 3736 ns, Total: 430938 ns
[2023-05-16T02:38:52.557+0000][6][safepoint    ] Safepoint "Cleanup", Time since last: 1000145752 ns, Reaching safepoint: 80950 ns, At safepoint: 2888 ns, Total: 83838 ns
[2023-05-16T02:38:53.557+0000][6][safepoint    ] Safepoint "Cleanup", Time since last: 1000085091 ns, Reaching safepoint: 81395 ns, At safepoint: 2313 ns, Total: 83708 ns
[2023-05-16T02:38:54.557+0000][6][safepoint    ] Safepoint "Cleanup", Time since last: 1000095927 ns, Reaching safepoint: 97649 ns, At safepoint: 3701 ns, Total: 101350 ns
[2023-05-16T02:38:55.557+0000][6][safepoint    ] Safepoint "Cleanup", Time since last: 1000153297 ns, Reaching safepoint: 71088 ns, At safepoint: 3254 ns, Total: 74342 ns
[2023-05-16T02:38:56.557+0000][6][safepoint    ] Safepoint "Cleanup", Time since last: 1000094245 ns, Reaching safepoint: 66130 ns, At safepoint: 3061 ns, Total: 69191 ns
[2023-05-16T02:38:57.558+0000][6][safepoint    ] Safepoint "Cleanup", Time since last: 1000090160 ns, Reaching safepoint: 84640 ns, At safepoint: 2569 ns, Total: 87209 ns
[2023-05-16T02:38:58.558+0000][6][safepoint    ] Safepoint "Cleanup", Time since last: 1000119711 ns, Reaching safepoint: 188329 ns, At safepoint: 8661 ns, Total: 196990 ns
[2023-05-16T02:38:59.558+0000][6][safepoint    ] Safepoint "Cleanup", Time since last: 1000130319 ns, Reaching safepoint: 131337 ns, At safepoint: 4841 ns, Total: 136178 ns
[2023-05-16T02:39:00.558+0000][6][safepoint    ] Safepoint "Cleanup", Time since last: 1000124376 ns, Reaching safepoint: 90491 ns, At safepoint: 2323 ns, Total: 92814 ns
[2023-05-16T02:39:01.559+0000][6][safepoint    ] Safepoint "Cleanup", Time since last: 1000090646 ns, Reaching safepoint: 67787 ns, At safepoint: 2757 ns, Total: 70544 ns
[2023-05-16T02:39:02.559+0000][6][safepoint    ] Safepoint "Cleanup", Time since last: 1000194392 ns, Reaching safepoint: 394163 ns, At safepoint: 15206 ns, Total: 409369 ns
[2023-05-16T02:39:03.560+0000][6][safepoint    ] Safepoint "Cleanup", Time since last: 1000217865 ns, Reaching safepoint: 105076 ns, At safepoint: 2878 ns, Total: 107954 ns
[2023-05-16T02:39:04.560+0000][6][safepoint    ] Safepoint "Cleanup", Time since last: 1000111691 ns, Reaching safepoint: 72131 ns, At safepoint: 2620 ns, Total: 74751 ns
[2023-05-16T02:39:05.560+0000][6][safepoint    ] Safepoint "Cleanup", Time since last: 1000093460 ns, Reaching safepoint: 104076 ns, At safepoint: 2392 ns, Total: 106468 ns
[2023-05-16T02:39:06.560+0000][6][safepoint    ] Safepoint "Cleanup", Time since last: 1000090365 ns, Reaching safepoint: 66241 ns, At safepoint: 2666 ns, Total: 68907 ns
[2023-05-16T02:39:07.560+0000][6][safepoint    ] Safepoint "Cleanup", Time since last: 1000096525 ns, Reaching safepoint: 64208 ns, At safepoint: 3034 ns, Total: 67242 ns
[2023-05-16T02:39:08.560+0000][6][safepoint    ] Safepoint "Cleanup", Time since last: 1000092514 ns, Reaching safepoint: 63692 ns, At safepoint: 2745 ns, Total: 66437 ns
[2023-05-16T02:39:09.561+0000][6][safepoint    ] Safepoint "Cleanup", Time since last: 1000093670 ns, Reaching safepoint: 82754 ns, At safepoint: 4465 ns, Total: 87219 ns
[2023-05-16T02:39:10.561+0000][6][safepoint    ] Safepoint "Cleanup", Time since last: 1000100109 ns, Reaching safepoint: 72182 ns, At safepoint: 3287 ns, Total: 75469 ns
[2023-05-16T02:39:11.562+0000][6][safepoint    ] Safepoint "Cleanup", Time since last: 1000186171 ns, Reaching safepoint: 739940 ns, At safepoint: 4834 ns, Total: 744774 ns
[2023-05-16T02:39:12.562+0000][6][safepoint    ] Safepoint "Cleanup", Time since last: 1000320899 ns, Reaching safepoint: 255707 ns, At safepoint: 10354 ns, Total: 266061 ns
[2023-05-16T02:39:13.563+0000][6][safepoint    ] Safepoint "Cleanup", Time since last: 1000314090 ns, Reaching safepoint: 62462 ns, At safepoint: 4317 ns, Total: 66779 ns
[2023-05-16T02:39:14.563+0000][6][safepoint    ] Safepoint "Cleanup", Time since last: 1000095455 ns, Reaching safepoint: 70880 ns, At safepoint: 2431 ns, Total: 73311 ns
[2023-05-16T02:39:15.563+0000][6][safepoint    ] Safepoint "Cleanup", Time since last: 1000170815 ns, Reaching safepoint: 423180 ns, At safepoint: 2831 ns, Total: 426011 ns
[2023-05-16T02:39:16.564+0000][6][safepoint    ] Safepoint "Cleanup", Time since last: 1000117685 ns, Reaching safepoint: 112587 ns, At safepoint: 2617 ns, Total: 115204 ns
[2023-05-16T02:39:17.564+0000][6][safepoint    ] Safepoint "Cleanup", Time since last: 1000127967 ns, Reaching safepoint: 78420 ns, At safepoint: 4858 ns, Total: 83278 ns
[2023-05-16T02:39:18.564+0000][6][safepoint    ] Safepoint "Cleanup", Time since last: 1000091087 ns, Reaching safepoint: 62864 ns, At safepoint: 3508 ns, Total: 66372 ns
[2023-05-16T02:39:19.564+0000][6][safepoint    ] Safepoint "Cleanup", Time since last: 1000118094 ns, Reaching safepoint: 70114 ns, At safepoint: 3363 ns, Total: 73477 ns
[2023-05-16T02:39:20.564+0000][6][safepoint    ] Safepoint "Cleanup", Time since last: 1000099737 ns, Reaching safepoint: 83696 ns, At safepoint: 2608 ns, Total: 86304 ns
[2023-05-16T02:39:21.565+0000][6][safepoint    ] Safepoint "Cleanup", Time since last: 1000092927 ns, Reaching safepoint: 76469 ns, At safepoint: 2335 ns, Total: 78804 ns
[2023-05-16T02:39:22.565+0000][6][safepoint    ] Safepoint "Cleanup", Time since last: 1000108764 ns, Reaching safepoint: 62248 ns, At safepoint: 3216 ns, Total: 65464 ns
[2023-05-16T02:39:23.565+0000][6][safepoint    ] Safepoint "Cleanup", Time since last: 1000098614 ns, Reaching safepoint: 92647 ns, At safepoint: 2796 ns, Total: 95443 ns
[2023-05-16T02:39:24.565+0000][6][safepoint    ] Safepoint "Cleanup", Time since last: 1000094421 ns, Reaching safepoint: 66083 ns, At safepoint: 2724 ns, Total: 68807 ns
[2023-05-16T02:39:25.565+0000][6][safepoint    ] Safepoint "Cleanup", Time since last: 1000113866 ns, Reaching safepoint: 70412 ns, At safepoint: 3151 ns, Total: 73563 ns
[2023-05-16T02:39:26.565+0000][6][safepoint    ] Safepoint "Cleanup", Time since last: 1000103158 ns, Reaching safepoint: 76734 ns, At safepoint: 2177 ns, Total: 78911 ns
[2023-05-16T02:39:27.566+0000][6][safepoint    ] Safepoint "Cleanup", Time since last: 1000093004 ns, Reaching safepoint: 73723 ns, At safepoint: 2737 ns, Total: 76460 ns
[2023-05-16T02:39:28.566+0000][6][safepoint    ] Safepoint "Cleanup", Time since last: 1000123770 ns, Reaching safepoint: 66127 ns, At safepoint: 3134 ns, Total: 69261 ns
[2023-05-16T02:39:29.566+0000][6][safepoint    ] Safepoint "Cleanup", Time since last: 1000113572 ns, Reaching safepoint: 65204 ns, At safepoint: 3152 ns, Total: 68356 ns
[2023-05-16T02:39:30.566+0000][6][safepoint    ] Safepoint "Cleanup", Time since last: 1000100699 ns, Reaching safepoint: 80687 ns, At safepoint: 3547 ns, Total: 84234 ns
[2023-05-16T02:39:31.566+0000][6][safepoint    ] Safepoint "Cleanup", Time since last: 1000100559 ns, Reaching safepoint: 78458 ns, At safepoint: 5551 ns, Total: 84009 ns
[2023-05-16T02:39:32.567+0000][6][safepoint    ] Safepoint "Cleanup", Time since last: 1000091995 ns, Reaching safepoint: 83416 ns, At safepoint: 2185 ns, Total: 85601 ns
[2023-05-16T02:39:33.567+0000][6][safepoint    ] Safepoint "Cleanup", Time since last: 1000088979 ns, Reaching safepoint: 62227 ns, At safepoint: 2851 ns, Total: 65078 ns
[2023-05-16T02:39:34.567+0000][6][safepoint    ] Safepoint "Cleanup", Time since last: 1000090669 ns, Reaching safepoint: 66800 ns, At safepoint: 2718 ns, Total: 69518 ns
[2023-05-16T02:39:35.567+0000][6][safepoint    ] Safepoint "Cleanup", Time since last: 1000117047 ns, Reaching safepoint: 68250 ns, At safepoint: 2988 ns, Total: 71238 ns
[2023-05-16T02:39:36.568+0000][6][safepoint    ] Safepoint "Cleanup", Time since last: 1000151740 ns, Reaching safepoint: 360131 ns, At safepoint: 8482 ns, Total: 368613 ns
[2023-05-16T02:39:37.568+0000][6][safepoint    ] Safepoint "Cleanup", Time since last: 1000231150 ns, Reaching safepoint: 70029 ns, At safepoint: 3961 ns, Total: 73990 ns
[2023-05-16T02:39:38.568+0000][6][safepoint    ] Safepoint "Cleanup", Time since last: 1000137163 ns, Reaching safepoint: 227668 ns, At safepoint: 8722 ns, Total: 236390 ns
[2023-05-16T02:39:39.568+0000][6][safepoint    ] Safepoint "Cleanup", Time since last: 1000176910 ns, Reaching safepoint: 80642 ns, At safepoint: 3574 ns, Total: 84216 ns
[2023-05-16T02:39:40.569+0000][6][safepoint    ] Safepoint "Cleanup", Time since last: 1000083717 ns, Reaching safepoint: 61227 ns, At safepoint: 3654 ns, Total: 64881 ns
[2023-05-16T02:39:41.569+0000][6][safepoint    ] Safepoint "Cleanup", Time since last: 1000095621 ns, Reaching safepoint: 70156 ns, At safepoint: 3993 ns, Total: 74149 ns
[2023-05-16T02:39:42.569+0000][6][safepoint    ] Safepoint "Cleanup", Time since last: 1000157886 ns, Reaching safepoint: 277919 ns, At safepoint: 4867 ns, Total: 282786 ns
[2023-05-16T02:39:43.570+0000][6][safepoint    ] Safepoint "Cleanup", Time since last: 1000181085 ns, Reaching safepoint: 86930 ns, At safepoint: 3474 ns, Total: 90404 ns
[2023-05-16T02:39:44.570+0000][6][safepoint    ] Safepoint "Cleanup", Time since last: 1000088941 ns, Reaching safepoint: 75931 ns, At safepoint: 2696 ns, Total: 78627 ns
[2023-05-16T02:39:45.570+0000][6][safepoint    ] Safepoint "Cleanup", Time since last: 1000095650 ns, Reaching safepoint: 69187 ns, At safepoint: 3824 ns, Total: 73011 ns
[2023-05-16T02:39:46.570+0000][6][safepoint    ] Safepoint "Cleanup", Time since last: 1000129877 ns, Reaching safepoint: 92176 ns, At safepoint: 2879 ns, Total: 95055 ns
[2023-05-16T02:39:47.570+0000][6][safepoint    ] Safepoint "Cleanup", Time since last: 1000105779 ns, Reaching safepoint: 96885 ns, At safepoint: 4670 ns, Total: 101555 ns
[2023-05-16T02:39:48.570+0000][6][safepoint    ] Safepoint "Cleanup", Time since last: 1000123377 ns, Reaching safepoint: 66706 ns, At safepoint: 3376 ns, Total: 70082 ns
[2023-05-16T02:39:49.571+0000][6][safepoint    ] Safepoint "Cleanup", Time since last: 1000122287 ns, Reaching safepoint: 153572 ns, At safepoint: 4548 ns, Total: 158120 ns
[2023-05-16T02:39:50.571+0000][6][safepoint    ] Safepoint "Cleanup", Time since last: 1000117309 ns, Reaching safepoint: 135479 ns, At safepoint: 5045 ns, Total: 140524 ns
[2023-05-16T02:39:51.571+0000][6][safepoint    ] Safepoint "Cleanup", Time since last: 1000101104 ns, Reaching safepoint: 75688 ns, At safepoint: 3893 ns, Total: 79581 ns
[2023-05-16T02:39:52.572+0000][6][safepoint    ] Safepoint "Cleanup", Time since last: 1000129995 ns, Reaching safepoint: 498664 ns, At safepoint: 9000 ns, Total: 507664 ns
[2023-05-16T02:39:53.572+0000][6][safepoint    ] Safepoint "Cleanup", Time since last: 1000226885 ns, Reaching safepoint: 86384 ns, At safepoint: 2350 ns, Total: 88734 ns
[2023-05-16T02:39:54.572+0000][6][safepoint    ] Safepoint "Cleanup", Time since last: 1000113014 ns, Reaching safepoint: 88923 ns, At safepoint: 3070 ns, Total: 91993 ns
[2023-05-16T02:39:55.573+0000][6][safepoint    ] Safepoint "Cleanup", Time since last: 1000097821 ns, Reaching safepoint: 77980 ns, At safepoint: 3521 ns, Total: 81501 ns
[2023-05-16T02:39:56.573+0000][6][safepoint    ] Safepoint "Cleanup", Time since last: 1000177891 ns, Reaching safepoint: 584580 ns, At safepoint: 4138 ns, Total: 588718 ns
[2023-05-16T02:39:57.574+0000][6][safepoint    ] Safepoint "Cleanup", Time since last: 1000241618 ns, Reaching safepoint: 75845 ns, At safepoint: 2931 ns, Total: 78776 ns
[2023-05-16T02:39:58.574+0000][6][safepoint    ] Safepoint "Cleanup", Time since last: 1000101952 ns, Reaching safepoint: 84218 ns, At safepoint: 3383 ns, Total: 87601 ns
[2023-05-16T02:39:59.574+0000][6][safepoint    ] Safepoint "Cleanup", Time since last: 1000099238 ns, Reaching safepoint: 94338 ns, At safepoint: 4045 ns, Total: 98383 ns
[2023-05-16T02:40:00.574+0000][6][safepoint    ] Safepoint "Cleanup", Time since last: 1000102336 ns, Reaching safepoint: 68788 ns, At safepoint: 2601 ns, Total: 71389 ns
[2023-05-16T02:40:01.574+0000][6][safepoint    ] Safepoint "Cleanup", Time since last: 1000095536 ns, Reaching safepoint: 64381 ns, At safepoint: 2788 ns, Total: 67169 ns
[2023-05-16T02:40:02.575+0000][6][safepoint    ] Safepoint "Cleanup", Time since last: 1000085566 ns, Reaching safepoint: 73439 ns, At safepoint: 4020 ns, Total: 77459 ns
[2023-05-16T02:40:03.575+0000][6][safepoint    ] Safepoint "Cleanup", Time since last: 1000091837 ns, Reaching safepoint: 114814 ns, At safepoint: 3853 ns, Total: 118667 ns
[2023-05-16T02:40:04.575+0000][6][safepoint    ] Safepoint "Cleanup", Time since last: 1000104464 ns, Reaching safepoint: 76403 ns, At safepoint: 3700 ns, Total: 80103 ns
[2023-05-16T02:40:05.576+0000][6][safepoint    ] Safepoint "Cleanup", Time since last: 1000164697 ns, Reaching safepoint: 474598 ns, At safepoint: 14043 ns, Total: 488641 ns
[2023-05-16T02:40:06.576+0000][6][safepoint    ] Safepoint "Cleanup", Time since last: 1000254661 ns, Reaching safepoint: 88051 ns, At safepoint: 3110 ns, Total: 91161 ns
[2023-05-16T02:40:07.576+0000][6][safepoint    ] Safepoint "Cleanup", Time since last: 1000183516 ns, Reaching safepoint: 350101 ns, At safepoint: 3750 ns, Total: 353851 ns
[2023-05-16T02:40:08.577+0000][6][safepoint    ] Safepoint "Cleanup", Time since last: 1000097376 ns, Reaching safepoint: 84575 ns, At safepoint: 2435 ns, Total: 87010 ns
[2023-05-16T02:40:09.577+0000][6][safepoint    ] Safepoint "Cleanup", Time since last: 1000067724 ns, Reaching safepoint: 62849 ns, At safepoint: 4253 ns, Total: 67102 ns
[2023-05-16T02:40:10.577+0000][6][safepoint    ] Safepoint "Cleanup", Time since last: 1000130155 ns, Reaching safepoint: 401771 ns, At safepoint: 16808 ns, Total: 418579 ns
[2023-05-16T02:40:11.578+0000][6][safepoint    ] Safepoint "Cleanup", Time since last: 1000254274 ns, Reaching safepoint: 64823 ns, At safepoint: 2422 ns, Total: 67245 ns
[2023-05-16T02:40:12.578+0000][6][safepoint    ] Safepoint "Cleanup", Time since last: 1000123946 ns, Reaching safepoint: 75514 ns, At safepoint: 2398 ns, Total: 77912 ns
[2023-05-16T02:40:13.578+0000][6][safepoint    ] Safepoint "Cleanup", Time since last: 1000128433 ns, Reaching safepoint: 317589 ns, At safepoint: 6458 ns, Total: 324047 ns
[2023-05-16T02:40:14.579+0000][6][safepoint    ] Safepoint "Cleanup", Time since last: 1000139735 ns, Reaching safepoint: 75041 ns, At safepoint: 3343 ns, Total: 78384 ns
[2023-05-16T02:40:15.579+0000][6][safepoint    ] Safepoint "Cleanup", Time since last: 1000097695 ns, Reaching safepoint: 80053 ns, At safepoint: 6386 ns, Total: 86439 ns
[2023-05-16T02:40:16.579+0000][6][safepoint    ] Safepoint "Cleanup", Time since last: 1000162270 ns, Reaching safepoint: 187638 ns, At safepoint: 4882 ns, Total: 192520 ns
[2023-05-16T02:40:17.579+0000][6][safepoint    ] Safepoint "Cleanup", Time since last: 1000145451 ns, Reaching safepoint: 70255 ns, At safepoint: 4122 ns, Total: 74377 ns
[2023-05-16T02:40:18.579+0000][6][safepoint    ] Safepoint "Cleanup", Time since last: 1000116489 ns, Reaching safepoint: 91704 ns, At safepoint: 2649 ns, Total: 94353 ns
[2023-05-16T02:40:19.580+0000][6][safepoint    ] Safepoint "Cleanup", Time since last: 1000104353 ns, Reaching safepoint: 209181 ns, At safepoint: 5647 ns, Total: 214828 ns
[2023-05-16T02:40:20.580+0000][6][safepoint    ] Safepoint "Cleanup", Time since last: 1000099101 ns, Reaching safepoint: 92059 ns, At safepoint: 2195 ns, Total: 94254 ns
[2023-05-16T02:40:21.580+0000][6][safepoint    ] Safepoint "Cleanup", Time since last: 1000087653 ns, Reaching safepoint: 85830 ns, At safepoint: 4101 ns, Total: 89931 ns
[2023-05-16T02:40:22.580+0000][6][safepoint    ] Safepoint "Cleanup", Time since last: 1000111334 ns, Reaching safepoint: 90168 ns, At safepoint: 4317 ns, Total: 94485 ns
[2023-05-16T02:40:23.581+0000][6][safepoint    ] Safepoint "Cleanup", Time since last: 1000094389 ns, Reaching safepoint: 67809 ns, At safepoint: 2924 ns, Total: 70733 ns
[2023-05-16T02:40:24.581+0000][6][safepoint    ] Safepoint "Cleanup", Time since last: 1000100656 ns, Reaching safepoint: 58676 ns, At safepoint: 2882 ns, Total: 61558 ns
[2023-05-16T02:40:25.581+0000][6][safepoint    ] Safepoint "Cleanup", Time since last: 1000090428 ns, Reaching safepoint: 65916 ns, At safepoint: 2701 ns, Total: 68617 ns
[2023-05-16T02:40:26.581+0000][6][safepoint    ] Safepoint "Cleanup", Time since last: 1000093190 ns, Reaching safepoint: 78324 ns, At safepoint: 2846 ns, Total: 81170 ns
[2023-05-16T02:40:27.581+0000][6][safepoint    ] Safepoint "Cleanup", Time since last: 1000097829 ns, Reaching safepoint: 68114 ns, At safepoint: 2734 ns, Total: 70848 ns
[2023-05-16T02:40:28.581+0000][6][safepoint    ] Safepoint "Cleanup", Time since last: 1000096998 ns, Reaching safepoint: 123594 ns, At safepoint: 2456 ns, Total: 126050 ns
[2023-05-16T02:40:29.558+0000][6][safepoint    ] Safepoint "ICBufferFull", Time since last: 975927411 ns, Reaching safepoint: 179547 ns, At safepoint: 5582 ns, Total: 185129 ns
[2023-05-16T02:40:30.558+0000][6][safepoint    ] Safepoint "Cleanup", Time since last: 1000103599 ns, Reaching safepoint: 171004 ns, At safepoint: 3411 ns, Total: 174415 ns
[2023-05-16T02:40:31.559+0000][6][safepoint    ] Safepoint "Cleanup", Time since last: 1000154928 ns, Reaching safepoint: 491382 ns, At safepoint: 12895 ns, Total: 504277 ns
[2023-05-16T02:40:32.559+0000][6][safepoint    ] Safepoint "Cleanup", Time since last: 1000216996 ns, Reaching safepoint: 100479 ns, At safepoint: 3415 ns, Total: 103894 ns
[2023-05-16T02:40:33.559+0000][6][safepoint    ] Safepoint "Cleanup", Time since last: 1000129997 ns, Reaching safepoint: 204094 ns, At safepoint: 3994 ns, Total: 208088 ns
[2023-05-16T02:40:34.559+0000][6][safepoint    ] Safepoint "Cleanup", Time since last: 1000120977 ns, Reaching safepoint: 116088 ns, At safepoint: 5560 ns, Total: 121648 ns
[2023-05-16T02:40:35.560+0000][6][safepoint    ] Safepoint "Cleanup", Time since last: 1000141105 ns, Reaching safepoint: 360645 ns, At safepoint: 8882 ns, Total: 369527 ns
[2023-05-16T02:40:36.561+0000][6][safepoint    ] Safepoint "Cleanup", Time since last: 1000199469 ns, Reaching safepoint: 843414 ns, At safepoint: 12261 ns, Total: 855675 ns
[2023-05-16T02:40:37.562+0000][6][safepoint    ] Safepoint "Cleanup", Time since last: 1000288959 ns, Reaching safepoint: 374839 ns, At safepoint: 3314 ns, Total: 378153 ns
[2023-05-16T02:40:38.563+0000][6][safepoint    ] Safepoint "Cleanup", Time since last: 1000179173 ns, Reaching safepoint: 1067700 ns, At safepoint: 22159 ns, Total: 1089859 ns
[2023-05-16T02:40:39.564+0000][6][safepoint    ] Safepoint "Cleanup", Time since last: 1000339162 ns, Reaching safepoint: 494674 ns, At safepoint: 4380 ns, Total: 499054 ns
[2023-05-16T02:40:40.564+0000][6][safepoint    ] Safepoint "Cleanup", Time since last: 1000102777 ns, Reaching safepoint: 108131 ns, At safepoint: 2773 ns, Total: 110904 ns
[2023-05-16T02:40:41.565+0000][6][safepoint    ] Safepoint "Cleanup", Time since last: 1000125435 ns, Reaching safepoint: 602206 ns, At safepoint: 9915 ns, Total: 612121 ns
[2023-05-16T02:40:42.565+0000][6][safepoint    ] Safepoint "Cleanup", Time since last: 1000324354 ns, Reaching safepoint: 118793 ns, At safepoint: 5173 ns, Total: 123966 ns
[2023-05-16T02:40:43.565+0000][6][safepoint    ] Safepoint "Cleanup", Time since last: 1000112987 ns, Reaching safepoint: 94291 ns, At safepoint: 3771 ns, Total: 98062 ns
[2023-05-16T02:40:44.566+0000][6][safepoint    ] Safepoint "Cleanup", Time since last: 1000153171 ns, Reaching safepoint: 108037 ns, At safepoint: 3802 ns, Total: 111839 ns
[2023-05-16T02:40:45.566+0000][6][safepoint    ] Safepoint "Cleanup", Time since last: 1000114034 ns, Reaching safepoint: 121221 ns, At safepoint: 5105 ns, Total: 126326 ns
[2023-05-16T02:40:46.567+0000][6][safepoint    ] Safepoint "Cleanup", Time since last: 1000154735 ns, Reaching safepoint: 625068 ns, At safepoint: 8773 ns, Total: 633841 ns
[2023-05-16T02:40:47.568+0000][6][safepoint    ] Safepoint "Cleanup", Time since last: 1000394024 ns, Reaching safepoint: 516607 ns, At safepoint: 14391 ns, Total: 530998 ns
[2023-05-16T02:40:48.568+0000][6][safepoint    ] Safepoint "Cleanup", Time since last: 1000361525 ns, Reaching safepoint: 308274 ns, At safepoint: 2565 ns, Total: 310839 ns
[2023-05-16T02:40:49.569+0000][6][safepoint    ] Safepoint "Cleanup", Time since last: 1000106959 ns, Reaching safepoint: 164592 ns, At safepoint: 3091 ns, Total: 167683 ns
[2023-05-16T02:40:50.569+0000][6][safepoint    ] Safepoint "Cleanup", Time since last: 1000088415 ns, Reaching safepoint: 82970 ns, At safepoint: 3002 ns, Total: 85972 ns
[2023-05-16T02:40:51.569+0000][6][safepoint    ] Safepoint "Cleanup", Time since last: 1000091250 ns, Reaching safepoint: 81413 ns, At safepoint: 5440 ns, Total: 86853 ns
[2023-05-16T02:40:52.570+0000][6][safepoint    ] Safepoint "Cleanup", Time since last: 1000169957 ns, Reaching safepoint: 463266 ns, At safepoint: 12742 ns, Total: 476008 ns
[2023-05-16T02:40:53.570+0000][6][safepoint    ] Safepoint "Cleanup", Time since last: 1000326569 ns, Reaching safepoint: 104138 ns, At safepoint: 2893 ns, Total: 107031 ns
[2023-05-16T02:40:54.570+0000][6][safepoint    ] Safepoint "Cleanup", Time since last: 1000122366 ns, Reaching safepoint: 76234 ns, At safepoint: 2718 ns, Total: 78952 ns
[2023-05-16T02:40:55.570+0000][6][safepoint    ] Safepoint "Cleanup", Time since last: 1000096094 ns, Reaching safepoint: 180168 ns, At safepoint: 4278 ns, Total: 184446 ns
[2023-05-16T02:40:56.571+0000][6][safepoint    ] Safepoint "Cleanup", Time since last: 1000161827 ns, Reaching safepoint: 309289 ns, At safepoint: 3104 ns, Total: 312393 ns
[2023-05-16T02:40:57.571+0000][6][safepoint    ] Safepoint "Cleanup", Time since last: 1000210569 ns, Reaching safepoint: 293890 ns, At safepoint: 6960 ns, Total: 300850 ns
[2023-05-16T02:40:58.572+0000][6][safepoint    ] Safepoint "Cleanup", Time since last: 1000308412 ns, Reaching safepoint: 374185 ns, At safepoint: 9817 ns, Total: 384002 ns
[2023-05-16T02:40:59.572+0000][6][safepoint    ] Safepoint "Cleanup", Time since last: 1000134796 ns, Reaching safepoint: 88544 ns, At safepoint: 2774 ns, Total: 91318 ns
[2023-05-16T02:41:00.573+0000][6][safepoint    ] Safepoint "Cleanup", Time since last: 1000157961 ns, Reaching safepoint: 518811 ns, At safepoint: 5949 ns, Total: 524760 ns
[2023-05-16T02:41:01.573+0000][6][safepoint    ] Safepoint "Cleanup", Time since last: 1000178233 ns, Reaching safepoint: 59512 ns, At safepoint: 2904 ns, Total: 62416 ns
[2023-05-16T02:41:02.574+0000][6][safepoint    ] Safepoint "Cleanup", Time since last: 1000101114 ns, Reaching safepoint: 161333 ns, At safepoint: 3554 ns, Total: 164887 ns
[2023-05-16T02:41:03.574+0000][6][safepoint    ] Safepoint "Cleanup", Time since last: 1000124939 ns, Reaching safepoint: 75276 ns, At safepoint: 2468 ns, Total: 77744 ns
[2023-05-16T02:41:04.574+0000][6][safepoint    ] Safepoint "Cleanup", Time since last: 1000094324 ns, Reaching safepoint: 77032 ns, At safepoint: 2156 ns, Total: 79188 ns
[2023-05-16T02:41:05.574+0000][6][safepoint    ] Safepoint "Cleanup", Time since last: 1000091752 ns, Reaching safepoint: 77030 ns, At safepoint: 4847 ns, Total: 81877 ns
[2023-05-16T02:41:06.574+0000][6][safepoint    ] Safepoint "Cleanup", Time since last: 1000116016 ns, Reaching safepoint: 62466 ns, At safepoint: 4773 ns, Total: 67239 ns
[2023-05-16T02:41:07.574+0000][6][safepoint    ] Safepoint "Cleanup", Time since last: 1000117190 ns, Reaching safepoint: 80057 ns, At safepoint: 2963 ns, Total: 83020 ns
[2023-05-16T02:41:08.575+0000][6][safepoint    ] Safepoint "Cleanup", Time since last: 1000101151 ns, Reaching safepoint: 67555 ns, At safepoint: 2753 ns, Total: 70308 ns
[2023-05-16T02:41:09.575+0000][6][safepoint    ] Safepoint "Cleanup", Time since last: 1000151126 ns, Reaching safepoint: 295043 ns, At safepoint: 5586 ns, Total: 300629 ns
[2023-05-16T02:41:10.576+0000][6][safepoint    ] Safepoint "Cleanup", Time since last: 1000217026 ns, Reaching safepoint: 315303 ns, At safepoint: 10059 ns, Total: 325362 ns
[2023-05-16T02:41:11.576+0000][6][safepoint    ] Safepoint "Cleanup", Time since last: 1000214473 ns, Reaching safepoint: 411711 ns, At safepoint: 11180 ns, Total: 422891 ns
[2023-05-16T02:41:12.577+0000][6][safepoint    ] Safepoint "Cleanup", Time since last: 1000277585 ns, Reaching safepoint: 362231 ns, At safepoint: 9120 ns, Total: 371351 ns
[2023-05-16T02:41:13.577+0000][6][safepoint    ] Safepoint "Cleanup", Time since last: 1000200222 ns, Reaching safepoint: 70360 ns, At safepoint: 3679 ns, Total: 74039 ns
[2023-05-16T02:41:14.577+0000][6][safepoint    ] Safepoint "Cleanup", Time since last: 1000094967 ns, Reaching safepoint: 77350 ns, At safepoint: 2934 ns, Total: 80284 ns
[2023-05-16T02:41:15.578+0000][6][safepoint    ] Safepoint "Cleanup", Time since last: 1000090905 ns, Reaching safepoint: 68824 ns, At safepoint: 2684 ns, Total: 71508 ns
[2023-05-16T02:41:16.578+0000][6][safepoint    ] Safepoint "Cleanup", Time since last: 1000083348 ns, Reaching safepoint: 69543 ns, At safepoint: 2017 ns, Total: 71560 ns
[2023-05-16T02:41:17.578+0000][6][safepoint    ] Safepoint "Cleanup", Time since last: 1000095872 ns, Reaching safepoint: 58734 ns, At safepoint: 3362 ns, Total: 62096 ns
[2023-05-16T02:41:18.578+0000][6][safepoint    ] Safepoint "Cleanup", Time since last: 1000094534 ns, Reaching safepoint: 73291 ns, At safepoint: 3174 ns, Total: 76465 ns
[2023-05-16T02:41:19.578+0000][6][safepoint    ] Safepoint "Cleanup", Time since last: 1000094047 ns, Reaching safepoint: 60374 ns, At safepoint: 3533 ns, Total: 63907 ns
[2023-05-16T02:41:20.578+0000][6][safepoint    ] Safepoint "Cleanup", Time since last: 1000088571 ns, Reaching safepoint: 68827 ns, At safepoint: 3225 ns, Total: 72052 ns
[2023-05-16T02:41:22.471+0000][6][safepoint    ] Safepoint "Cleanup", Time since last: 1892299244 ns, Reaching safepoint: 185103 ns, At safepoint: 5521 ns, Total: 190624 ns
[2023-05-16T02:41:23.471+0000][6][safepoint    ] Safepoint "Cleanup", Time since last: 1000183170 ns, Reaching safepoint: 122356 ns, At safepoint: 3231 ns, Total: 125587 ns
[2023-05-16T02:41:25.385+0000][6][safepoint    ] Safepoint "Cleanup", Time since last: 1913830140 ns, Reaching safepoint: 72406 ns, At safepoint: 2620 ns, Total: 75026 ns
[2023-05-16T02:41:26.385+0000][6][safepoint    ] Safepoint "Cleanup", Time since last: 1000105367 ns, Reaching safepoint: 185392 ns, At safepoint: 6444 ns, Total: 191836 ns
[2023-05-16T02:41:27.386+0000][6][safepoint    ] Safepoint "Cleanup", Time since last: 1000155345 ns, Reaching safepoint: 383391 ns, At safepoint: 8623 ns, Total: 392014 ns
[2023-05-16T02:41:34.387+0000][6][safepoint    ] Safepoint "Cleanup", Time since last: 7000711951 ns, Reaching safepoint: 67865 ns, At safepoint: 2706 ns, Total: 70571 ns
[2023-05-16T02:41:42.387+0000][6][safepoint    ] Safepoint "Cleanup", Time since last: 8000539071 ns, Reaching safepoint: 95925 ns, At safepoint: 2927 ns, Total: 98852 ns
[2023-05-16T02:41:51.361+0000][6][safepoint    ] Safepoint "Cleanup", Time since last: 8972414429 ns, Reaching safepoint: 832226 ns, At safepoint: 17380 ns, Total: 849606 ns
[2023-05-16T02:41:51.486+0000][6][safepoint    ] Safepoint "ICBufferFull", Time since last: 125017896 ns, Reaching safepoint: 611282 ns, At safepoint: 10829 ns, Total: 622111 ns
[2023-05-16T02:41:52.513+0000][6][safepoint    ] Safepoint "Cleanup", Time since last: 1026422483 ns, Reaching safepoint: 351306 ns, At safepoint: 8921 ns, Total: 360227 ns
[2023-05-16T02:41:52.525+0000][6][gc,start     ] GC(11) Pause Young (Normal) (G1 Evacuation Pause)
[2023-05-16T02:41:52.525+0000][6][gc,task      ] GC(11) Using 8 workers of 8 for evacuation
[2023-05-16T02:41:52.525+0000][6][gc,age       ] GC(11) Desired survivor size 40370176 bytes, new threshold 15 (max threshold 15)
[2023-05-16T02:41:52.613+0000][6][gc,age       ] GC(11) Age table with threshold 15 (max threshold 15)
[2023-05-16T02:41:52.613+0000][6][gc,age       ] GC(11) - age   1:    8839720 bytes,    8839720 total
[2023-05-16T02:41:52.613+0000][6][gc,age       ] GC(11) - age   2:    9722880 bytes,   18562600 total
[2023-05-16T02:41:52.613+0000][6][gc,age       ] GC(11) - age   3:    9739800 bytes,   28302400 total
[2023-05-16T02:41:52.613+0000][6][gc,phases    ] GC(11)   Pre Evacuate Collection Set: 0.2ms
[2023-05-16T02:41:52.613+0000][6][gc,phases    ] GC(11)   Merge Heap Roots: 0.3ms
[2023-05-16T02:41:52.613+0000][6][gc,phases    ] GC(11)   Evacuate Collection Set: 82.9ms
[2023-05-16T02:41:52.613+0000][6][gc,phases    ] GC(11)   Post Evacuate Collection Set: 4.1ms
[2023-05-16T02:41:52.613+0000][6][gc,phases    ] GC(11)   Other: 0.7ms
[2023-05-16T02:41:52.613+0000][6][gc,heap      ] GC(11) Eden regions: 592->0(585)
[2023-05-16T02:41:52.613+0000][6][gc,heap      ] GC(11) Survivor regions: 22->29(77)
[2023-05-16T02:41:52.613+0000][6][gc,heap      ] GC(11) Old regions: 44->44
[2023-05-16T02:41:52.613+0000][6][gc,heap      ] GC(11) Archive regions: 2->2
[2023-05-16T02:41:52.613+0000][6][gc,heap      ] GC(11) Humongous regions: 16->15
[2023-05-16T02:41:52.613+0000][6][gc,metaspace ] GC(11) Metaspace: 92541K(100076K)->92541K(100076K) NonClass: 80067K(84588K)->80067K(84588K) Class: 12474K(15488K)->12474K(15488K)
[2023-05-16T02:41:52.613+0000][6][gc           ] GC(11) Pause Young (Normal) (G1 Evacuation Pause) 674M->88M(1024M) 88.389ms
[2023-05-16T02:41:52.613+0000][6][gc,cpu       ] GC(11) User=0.10s Sys=0.00s Real=0.09s
[2023-05-16T02:41:52.613+0000][6][safepoint    ] Safepoint "G1CollectForAllocation", Time since last: 9322144 ns, Reaching safepoint: 2439955 ns, At safepoint: 88620139 ns, Total: 91060094 ns
[2023-05-16T02:41:53.562+0000][6][gc,start     ] GC(12) Pause Young (Concurrent Start) (Metadata GC Threshold)
[2023-05-16T02:41:53.562+0000][6][gc,task      ] GC(12) Using 8 workers of 8 for evacuation
[2023-05-16T02:41:53.562+0000][6][gc,age       ] GC(12) Desired survivor size 40370176 bytes, new threshold 15 (max threshold 15)
[2023-05-16T02:41:53.609+0000][6][gc,age       ] GC(12) Age table with threshold 15 (max threshold 15)
[2023-05-16T02:41:53.609+0000][6][gc,age       ] GC(12) - age   1:    2025928 bytes,    2025928 total
[2023-05-16T02:41:53.609+0000][6][gc,age       ] GC(12) - age   2:    8650248 bytes,   10676176 total
[2023-05-16T02:41:53.609+0000][6][gc,age       ] GC(12) - age   3:    9721536 bytes,   20397712 total
[2023-05-16T02:41:53.609+0000][6][gc,age       ] GC(12) - age   4:    9739512 bytes,   30137224 total
[2023-05-16T02:41:53.609+0000][6][gc,phases    ] GC(12)   Pre Evacuate Collection Set: 0.9ms
[2023-05-16T02:41:53.609+0000][6][gc,phases    ] GC(12)   Merge Heap Roots: 0.1ms
[2023-05-16T02:41:53.609+0000][6][gc,phases    ] GC(12)   Evacuate Collection Set: 41.9ms
[2023-05-16T02:41:53.609+0000][6][gc,phases    ] GC(12)   Post Evacuate Collection Set: 4.0ms
[2023-05-16T02:41:53.609+0000][6][gc,phases    ] GC(12)   Other: 0.4ms
[2023-05-16T02:41:53.609+0000][6][gc,heap      ] GC(12) Eden regions: 29->0(582)
[2023-05-16T02:41:53.609+0000][6][gc,heap      ] GC(12) Survivor regions: 29->32(77)
[2023-05-16T02:41:53.609+0000][6][gc,heap      ] GC(12) Old regions: 44->44
[2023-05-16T02:41:53.609+0000][6][gc,heap      ] GC(12) Archive regions: 2->2
[2023-05-16T02:41:53.609+0000][6][gc,heap      ] GC(12) Humongous regions: 15->15
[2023-05-16T02:41:53.609+0000][6][gc,metaspace ] GC(12) Metaspace: 92780K(100204K)->92780K(100204K) NonClass: 80273K(84588K)->80273K(84588K) Class: 12507K(15616K)->12507K(15616K)
[2023-05-16T02:41:53.609+0000][6][gc           ] GC(12) Pause Young (Concurrent Start) (Metadata GC Threshold) 117M->91M(1024M) 47.385ms
[2023-05-16T02:41:53.609+0000][6][gc,cpu       ] GC(12) User=0.08s Sys=0.00s Real=0.05s
[2023-05-16T02:41:53.610+0000][6][safepoint    ] Safepoint "CollectForMetadataAllocation", Time since last: 947262908 ns, Reaching safepoint: 1268270 ns, At safepoint: 47643585 ns, Total: 48911855 ns
[2023-05-16T02:41:53.613+0000][6][gc           ] GC(13) Concurrent Cycle
[2023-05-16T02:41:53.614+0000][6][gc,marking   ] GC(13) Concurrent Clear Claimed Marks
[2023-05-16T02:41:53.614+0000][6][gc,marking   ] GC(13) Concurrent Clear Claimed Marks 0.819ms
[2023-05-16T02:41:53.614+0000][6][gc,marking   ] GC(13) Concurrent Scan Root Regions
[2023-05-16T02:41:53.664+0000][6][gc,marking   ] GC(13) Concurrent Scan Root Regions 49.315ms
[2023-05-16T02:41:53.664+0000][6][gc,marking   ] GC(13) Concurrent Mark (356.655s)
[2023-05-16T02:41:53.664+0000][6][gc,marking   ] GC(13) Concurrent Mark From Roots
[2023-05-16T02:41:53.664+0000][6][gc,task      ] GC(13) Using 2 workers of 2 for marking
[2023-05-16T02:41:53.777+0000][6][gc,marking   ] GC(13) Concurrent Mark From Roots 112.867ms
[2023-05-16T02:41:53.777+0000][6][gc,marking   ] GC(13) Concurrent Preclean
[2023-05-16T02:41:53.777+0000][6][gc,marking   ] GC(13) Concurrent Preclean 0.285ms
[2023-05-16T02:41:53.777+0000][6][gc,marking   ] GC(13) Concurrent Mark (356.655s, 356.768s) 113.217ms
[2023-05-16T02:41:53.777+0000][6][gc,start     ] GC(13) Pause Remark
[2023-05-16T02:41:53.805+0000][6][gc           ] GC(13) Pause Remark 98M->98M(1024M) 27.638ms
[2023-05-16T02:41:53.805+0000][6][gc,cpu       ] GC(13) User=0.03s Sys=0.00s Real=0.03s
[2023-05-16T02:41:53.805+0000][6][safepoint    ] Safepoint "G1Concurrent", Time since last: 167447316 ns, Reaching safepoint: 264255 ns, At safepoint: 27747018 ns, Total: 28011273 ns
[2023-05-16T02:41:53.805+0000][6][gc,marking   ] GC(13) Concurrent Rebuild Remembered Sets
[2023-05-16T02:41:53.867+0000][6][gc,marking   ] GC(13) Concurrent Rebuild Remembered Sets 62.159ms
[2023-05-16T02:41:53.868+0000][6][gc,start     ] GC(13) Pause Cleanup
[2023-05-16T02:41:53.869+0000][6][gc           ] GC(13) Pause Cleanup 100M->100M(1024M) 0.279ms
[2023-05-16T02:41:53.869+0000][6][gc,cpu       ] GC(13) User=0.00s Sys=0.00s Real=0.01s
[2023-05-16T02:41:53.869+0000][6][safepoint    ] Safepoint "G1Concurrent", Time since last: 62257412 ns, Reaching safepoint: 1217107 ns, At safepoint: 388200 ns, Total: 1605307 ns
[2023-05-16T02:41:53.869+0000][6][gc,marking   ] GC(13) Concurrent Cleanup for Next Mark
[2023-05-16T02:41:53.875+0000][6][gc,marking   ] GC(13) Concurrent Cleanup for Next Mark 5.920ms
[2023-05-16T02:41:53.875+0000][6][gc           ] GC(13) Concurrent Cycle 261.389ms
[2023-05-16T02:41:54.038+0000][6][safepoint    ] Safepoint "BulkRevokeBias", Time since last: 144502435 ns, Reaching safepoint: 22204898 ns, At safepoint: 2569661 ns, Total: 24774559 ns
[2023-05-16T02:41:55.049+0000][6][safepoint    ] Safepoint "ICBufferFull", Time since last: 1009673746 ns, Reaching safepoint: 937499 ns, At safepoint: 28444 ns, Total: 965943 ns
[2023-05-16T02:41:55.100+0000][6][safepoint    ] Safepoint "BulkRevokeBias", Time since last: 48194586 ns, Reaching safepoint: 263153 ns, At safepoint: 3057243 ns, Total: 3320396 ns
[2023-05-16T02:41:55.232+0000][6][safepoint    ] Safepoint "BulkRevokeBias", Time since last: 130573775 ns, Reaching safepoint: 277006 ns, At safepoint: 793740 ns, Total: 1070746 ns
[2023-05-16T02:41:55.286+0000][6][safepoint    ] Safepoint "BulkRevokeBias", Time since last: 48923927 ns, Reaching safepoint: 4020854 ns, At safepoint: 677611 ns, Total: 4698465 ns
[2023-05-16T02:41:55.544+0000][6][safepoint    ] Safepoint "BulkRevokeBias", Time since last: 251488414 ns, Reaching safepoint: 5799166 ns, At safepoint: 1186477 ns, Total: 6985643 ns
[2023-05-16T02:41:56.608+0000][6][safepoint    ] Safepoint "Cleanup", Time since last: 1064054494 ns, Reaching safepoint: 216562 ns, At safepoint: 6498 ns, Total: 223060 ns
[2023-05-16T02:41:56.814+0000][6][safepoint    ] Safepoint "BulkRevokeBias", Time since last: 204422950 ns, Reaching safepoint: 269822 ns, At safepoint: 664286 ns, Total: 934108 ns
[2023-05-16T02:41:57.727+0000][6][safepoint    ] Safepoint "ICBufferFull", Time since last: 912622946 ns, Reaching safepoint: 240441 ns, At safepoint: 7108 ns, Total: 247549 ns
[2023-05-16T02:41:58.731+0000][6][safepoint    ] Safepoint "Cleanup", Time since last: 1003919283 ns, Reaching safepoint: 190559 ns, At safepoint: 6734 ns, Total: 197293 ns
[2023-05-16T02:41:58.741+0000][6][safepoint    ] Safepoint "BulkRevokeBias", Time since last: 7227846 ns, Reaching safepoint: 2222479 ns, At safepoint: 789629 ns, Total: 3012108 ns
[2023-05-16T02:41:59.747+0000][6][safepoint    ] Safepoint "Cleanup", Time since last: 1005836540 ns, Reaching safepoint: 131616 ns, At safepoint: 7053 ns, Total: 138669 ns
[2023-05-16T02:42:00.762+0000][6][safepoint    ] Safepoint "Cleanup", Time since last: 1014783920 ns, Reaching safepoint: 129603 ns, At safepoint: 3102 ns, Total: 132705 ns
[2023-05-16T02:42:01.811+0000][6][safepoint    ] Safepoint "Cleanup", Time since last: 1049294488 ns, Reaching safepoint: 164673 ns, At safepoint: 3709 ns, Total: 168382 ns
[2023-05-16T02:42:01.822+0000][6][safepoint    ] Safepoint "BulkRevokeBias", Time since last: 9628802 ns, Reaching safepoint: 350225 ns, At safepoint: 580383 ns, Total: 930608 ns
[2023-05-16T02:42:02.056+0000][6][safepoint    ] Safepoint "ICBufferFull", Time since last: 233602146 ns, Reaching safepoint: 261174 ns, At safepoint: 5973 ns, Total: 267147 ns
[2023-05-16T02:42:02.875+0000][6][safepoint    ] Safepoint "ICBufferFull", Time since last: 818491243 ns, Reaching safepoint: 457396 ns, At safepoint: 20531 ns, Total: 477927 ns
[2023-05-16T02:42:03.893+0000][6][safepoint    ] Safepoint "Cleanup", Time since last: 1016438615 ns, Reaching safepoint: 1541675 ns, At safepoint: 27507 ns, Total: 1569182 ns
[2023-05-16T02:42:03.911+0000][6][safepoint    ] Safepoint "BulkRevokeBias", Time since last: 17199529 ns, Reaching safepoint: 204093 ns, At safepoint: 718871 ns, Total: 922964 ns
[2023-05-16T02:42:04.955+0000][6][safepoint    ] Safepoint "Cleanup", Time since last: 1043386377 ns, Reaching safepoint: 376615 ns, At safepoint: 6505 ns, Total: 383120 ns
[2023-05-16T02:42:06.020+0000][6][safepoint    ] Safepoint "Cleanup", Time since last: 1064442895 ns, Reaching safepoint: 601266 ns, At safepoint: 9433 ns, Total: 610699 ns
[2023-05-16T02:42:07.045+0000][6][safepoint    ] Safepoint "Cleanup", Time since last: 1024662032 ns, Reaching safepoint: 350662 ns, At safepoint: 4662 ns, Total: 355324 ns
[2023-05-16T02:42:07.125+0000][6][gc,start     ] GC(14) Pause Young (Normal) (G1 Evacuation Pause)
[2023-05-16T02:42:07.125+0000][6][gc,task      ] GC(14) Using 8 workers of 8 for evacuation
[2023-05-16T02:42:07.125+0000][6][gc,age       ] GC(14) Desired survivor size 40370176 bytes, new threshold 15 (max threshold 15)
[2023-05-16T02:42:07.185+0000][6][gc,age       ] GC(14) Age table with threshold 15 (max threshold 15)
[2023-05-16T02:42:07.185+0000][6][gc,age       ] GC(14) - age   1:    3426816 bytes,    3426816 total
[2023-05-16T02:42:07.185+0000][6][gc,age       ] GC(14) - age   2:     397336 bytes,    3824152 total
[2023-05-16T02:42:07.185+0000][6][gc,age       ] GC(14) - age   3:    6601304 bytes,   10425456 total
[2023-05-16T02:42:07.185+0000][6][gc,age       ] GC(14) - age   4:    9698792 bytes,   20124248 total
[2023-05-16T02:42:07.185+0000][6][gc,age       ] GC(14) - age   5:    9737504 bytes,   29861752 total
[2023-05-16T02:42:07.185+0000][6][gc,phases    ] GC(14)   Pre Evacuate Collection Set: 0.2ms
[2023-05-16T02:42:07.185+0000][6][gc,phases    ] GC(14)   Merge Heap Roots: 0.2ms
[2023-05-16T02:42:07.185+0000][6][gc,phases    ] GC(14)   Evacuate Collection Set: 54.2ms
[2023-05-16T02:42:07.185+0000][6][gc,phases    ] GC(14)   Post Evacuate Collection Set: 4.8ms
[2023-05-16T02:42:07.185+0000][6][gc,phases    ] GC(14)   Other: 0.5ms
[2023-05-16T02:42:07.185+0000][6][gc,heap      ] GC(14) Eden regions: 582->0(583)
[2023-05-16T02:42:07.185+0000][6][gc,heap      ] GC(14) Survivor regions: 32->31(77)
[2023-05-16T02:42:07.185+0000][6][gc,heap      ] GC(14) Old regions: 44->44
[2023-05-16T02:42:07.185+0000][6][gc,heap      ] GC(14) Archive regions: 2->2
[2023-05-16T02:42:07.185+0000][6][gc,heap      ] GC(14) Humongous regions: 15->15
[2023-05-16T02:42:07.185+0000][6][gc,metaspace ] GC(14) Metaspace: 95187K(102764K)->95187K(102764K) NonClass: 82567K(87148K)->82567K(87148K) Class: 12619K(15616K)->12619K(15616K)
[2023-05-16T02:42:07.185+0000][6][gc           ] GC(14) Pause Young (Normal) (G1 Evacuation Pause) 673M->90M(1024M) 60.007ms
[2023-05-16T02:42:07.185+0000][6][gc,cpu       ] GC(14) User=0.11s Sys=0.00s Real=0.06s
[2023-05-16T02:42:07.185+0000][6][safepoint    ] Safepoint "G1CollectForAllocation", Time since last: 80097684 ns, Reaching safepoint: 460743 ns, At safepoint: 60205404 ns, Total: 60666147 ns
[2023-05-16T02:42:08.186+0000][6][safepoint    ] Safepoint "Cleanup", Time since last: 1000100592 ns, Reaching safepoint: 146969 ns, At safepoint: 4741 ns, Total: 151710 ns
[2023-05-16T02:42:09.227+0000][6][safepoint    ] Safepoint "Cleanup", Time since last: 1041576279 ns, Reaching safepoint: 128888 ns, At safepoint: 5130 ns, Total: 134018 ns
[2023-05-16T02:42:11.084+0000][6][safepoint    ] Safepoint "Cleanup", Time since last: 1856405097 ns, Reaching safepoint: 388053 ns, At safepoint: 10544 ns, Total: 398597 ns
[2023-05-16T02:42:11.335+0000][6][safepoint    ] Safepoint "BulkRevokeBias", Time since last: 249985032 ns, Reaching safepoint: 209132 ns, At safepoint: 537249 ns, Total: 746381 ns
[2023-05-16T02:42:11.366+0000][6][safepoint    ] Safepoint "BulkRevokeBias", Time since last: 26791338 ns, Reaching safepoint: 720258 ns, At safepoint: 3754002 ns, Total: 4474260 ns
[2023-05-16T02:42:11.536+0000][6][safepoint    ] Safepoint "BulkRevokeBias", Time since last: 166750686 ns, Reaching safepoint: 2623625 ns, At safepoint: 868883 ns, Total: 3492508 ns
[2023-05-16T02:42:12.159+0000][6][safepoint    ] Safepoint "ICBufferFull", Time since last: 621905931 ns, Reaching safepoint: 407502 ns, At safepoint: 14383 ns, Total: 421885 ns
[2023-05-16T02:42:12.376+0000][6][safepoint    ] Safepoint "BulkRevokeBias", Time since last: 215644994 ns, Reaching safepoint: 686771 ns, At safepoint: 536582 ns, Total: 1223353 ns
[2023-05-16T02:42:13.419+0000][6][safepoint    ] Safepoint "Cleanup", Time since last: 1043370045 ns, Reaching safepoint: 335297 ns, At safepoint: 4457 ns, Total: 339754 ns
[2023-05-16T02:42:14.421+0000][6][safepoint    ] Safepoint "Cleanup", Time since last: 1000232340 ns, Reaching safepoint: 1249428 ns, At safepoint: 31968 ns, Total: 1281396 ns
[2023-05-16T02:42:15.494+0000][6][safepoint    ] Safepoint "Cleanup", Time since last: 1073198595 ns, Reaching safepoint: 173388 ns, At safepoint: 5034 ns, Total: 178422 ns
[2023-05-16T02:42:16.525+0000][6][safepoint    ] Safepoint "Cleanup", Time since last: 1029137529 ns, Reaching safepoint: 1746365 ns, At safepoint: 8890 ns, Total: 1755255 ns
[2023-05-16T02:42:17.526+0000][6][safepoint    ] Safepoint "Cleanup", Time since last: 1000325569 ns, Reaching safepoint: 135889 ns, At safepoint: 3446 ns, Total: 139335 ns
[2023-05-16T02:42:18.587+0000][6][safepoint    ] Safepoint "Cleanup", Time since last: 1061625850 ns, Reaching safepoint: 126751 ns, At safepoint: 4456 ns, Total: 131207 ns
[2023-05-16T02:42:19.587+0000][6][safepoint    ] Safepoint "Cleanup", Time since last: 1000082450 ns, Reaching safepoint: 94767 ns, At safepoint: 3870 ns, Total: 98637 ns
[2023-05-16T02:42:20.655+0000][6][safepoint    ] Safepoint "Cleanup", Time since last: 1067032660 ns, Reaching safepoint: 477535 ns, At safepoint: 9962 ns, Total: 487497 ns
[2023-05-16T02:42:21.686+0000][6][safepoint    ] Safepoint "Cleanup", Time since last: 1031269230 ns, Reaching safepoint: 207459 ns, At safepoint: 9285 ns, Total: 216744 ns
[2023-05-16T02:42:23.006+0000][6][safepoint    ] Safepoint "Cleanup", Time since last: 1319414106 ns, Reaching safepoint: 155629 ns, At safepoint: 4648 ns, Total: 160277 ns
[2023-05-16T02:42:24.949+0000][6][safepoint    ] Safepoint "Cleanup", Time since last: 1941956695 ns, Reaching safepoint: 528419 ns, At safepoint: 8259 ns, Total: 536678 ns
[2023-05-16T02:42:25.949+0000][6][safepoint    ] Safepoint "Cleanup", Time since last: 1000378612 ns, Reaching safepoint: 120924 ns, At safepoint: 4075 ns, Total: 124999 ns
[2023-05-16T02:42:26.950+0000][6][safepoint    ] Safepoint "Cleanup", Time since last: 1000207283 ns, Reaching safepoint: 837124 ns, At safepoint: 19218 ns, Total: 856342 ns
[2023-05-16T02:42:27.951+0000][6][safepoint    ] Safepoint "Cleanup", Time since last: 1000410691 ns, Reaching safepoint: 110720 ns, At safepoint: 3190 ns, Total: 113910 ns
[2023-05-16T02:42:28.951+0000][6][safepoint    ] Safepoint "Cleanup", Time since last: 1000156424 ns, Reaching safepoint: 501112 ns, At safepoint: 20228 ns, Total: 521340 ns
[2023-05-16T02:42:29.952+0000][6][safepoint    ] Safepoint "Cleanup", Time since last: 1000348699 ns, Reaching safepoint: 775471 ns, At safepoint: 14747 ns, Total: 790218 ns
[2023-05-16T02:42:30.953+0000][6][safepoint    ] Safepoint "Cleanup", Time since last: 1000292790 ns, Reaching safepoint: 245663 ns, At safepoint: 4891 ns, Total: 250554 ns
[2023-05-16T02:42:31.954+0000][6][safepoint    ] Safepoint "Cleanup", Time since last: 1000186735 ns, Reaching safepoint: 872293 ns, At safepoint: 11386 ns, Total: 883679 ns
[2023-05-16T02:42:32.955+0000][6][safepoint    ] Safepoint "Cleanup", Time since last: 1000287103 ns, Reaching safepoint: 609945 ns, At safepoint: 10707 ns, Total: 620652 ns
[2023-05-16T02:42:34.956+0000][6][safepoint    ] Safepoint "Cleanup", Time since last: 2000376548 ns, Reaching safepoint: 630417 ns, At safepoint: 12310 ns, Total: 642727 ns
[2023-05-16T02:42:35.957+0000][6][safepoint    ] Safepoint "Cleanup", Time since last: 1000259605 ns, Reaching safepoint: 647527 ns, At safepoint: 9292 ns, Total: 656819 ns
[2023-05-16T02:42:36.957+0000][6][safepoint    ] Safepoint "Cleanup", Time since last: 1000196812 ns, Reaching safepoint: 110429 ns, At safepoint: 4350 ns, Total: 114779 ns
[2023-05-16T02:42:37.958+0000][6][safepoint    ] Safepoint "Cleanup", Time since last: 1000195609 ns, Reaching safepoint: 788147 ns, At safepoint: 17534 ns, Total: 805681 ns
[2023-05-16T02:42:38.959+0000][6][safepoint    ] Safepoint "Cleanup", Time since last: 1000271925 ns, Reaching safepoint: 168688 ns, At safepoint: 3644 ns, Total: 172332 ns
[2023-05-16T02:42:39.959+0000][6][safepoint    ] Safepoint "Cleanup", Time since last: 1000116075 ns, Reaching safepoint: 186735 ns, At safepoint: 5132 ns, Total: 191867 ns
[2023-05-16T02:42:40.960+0000][6][safepoint    ] Safepoint "Cleanup", Time since last: 1000207432 ns, Reaching safepoint: 725439 ns, At safepoint: 17833 ns, Total: 743272 ns
[2023-05-16T02:42:41.960+0000][6][safepoint    ] Safepoint "Cleanup", Time since last: 1000324229 ns, Reaching safepoint: 183872 ns, At safepoint: 4234 ns, Total: 188106 ns
[2023-05-16T02:42:42.962+0000][6][safepoint    ] Safepoint "Cleanup", Time since last: 1000234597 ns, Reaching safepoint: 962551 ns, At safepoint: 13343 ns, Total: 975894 ns
[2023-05-16T02:42:43.962+0000][6][safepoint    ] Safepoint "Cleanup", Time since last: 1000283900 ns, Reaching safepoint: 240986 ns, At safepoint: 8317 ns, Total: 249303 ns
[2023-05-16T02:42:44.963+0000][6][safepoint    ] Safepoint "Cleanup", Time since last: 1000164304 ns, Reaching safepoint: 529143 ns, At safepoint: 15632 ns, Total: 544775 ns
[2023-05-16T02:42:45.963+0000][6][safepoint    ] Safepoint "Cleanup", Time since last: 1000311427 ns, Reaching safepoint: 116057 ns, At safepoint: 4152 ns, Total: 120209 ns
[2023-05-16T02:42:48.964+0000][6][safepoint    ] Safepoint "Cleanup", Time since last: 3000321874 ns, Reaching safepoint: 158597 ns, At safepoint: 5245 ns, Total: 163842 ns
[2023-05-16T02:42:53.964+0000][6][safepoint    ] Safepoint "Cleanup", Time since last: 5000431217 ns, Reaching safepoint: 168987 ns, At safepoint: 6241 ns, Total: 175228 ns
[2023-05-16T02:42:58.966+0000][6][safepoint    ] Safepoint "Cleanup", Time since last: 5001245054 ns, Reaching safepoint: 518931 ns, At safepoint: 12447 ns, Total: 531378 ns
[2023-05-16T02:43:04.967+0000][6][safepoint    ] Safepoint "Cleanup", Time since last: 6000816883 ns, Reaching safepoint: 107525 ns, At safepoint: 3706 ns, Total: 111231 ns
[2023-05-16T02:43:06.967+0000][6][safepoint    ] Safepoint "Cleanup", Time since last: 2000125143 ns, Reaching safepoint: 118067 ns, At safepoint: 4223 ns, Total: 122290 ns
[2023-05-16T02:43:09.968+0000][6][safepoint    ] Safepoint "Cleanup", Time since last: 3000342883 ns, Reaching safepoint: 85213 ns, At safepoint: 2614 ns, Total: 87827 ns
[2023-05-16T02:43:11.968+0000][6][safepoint    ] Safepoint "Cleanup", Time since last: 2000157634 ns, Reaching safepoint: 84668 ns, At safepoint: 3102 ns, Total: 87770 ns
[2023-05-16T02:43:21.969+0000][6][safepoint    ] Safepoint "Cleanup", Time since last: 10000954927 ns, Reaching safepoint: 438847 ns, At safepoint: 5329 ns, Total: 444176 ns
[2023-05-16T02:43:23.970+0000][6][safepoint    ] Safepoint "Cleanup", Time since last: 2000272762 ns, Reaching safepoint: 81745 ns, At safepoint: 3646 ns, Total: 85391 ns
[2023-05-16T02:43:24.970+0000][6][safepoint    ] Safepoint "Cleanup", Time since last: 1000115933 ns, Reaching safepoint: 88266 ns, At safepoint: 4052 ns, Total: 92318 ns
[2023-05-16T02:43:25.970+0000][6][safepoint    ] Safepoint "Cleanup", Time since last: 1000090227 ns, Reaching safepoint: 86290 ns, At safepoint: 2959 ns, Total: 89249 ns
[2023-05-16T02:43:31.971+0000][6][safepoint    ] Safepoint "Cleanup", Time since last: 6000457613 ns, Reaching safepoint: 408953 ns, At safepoint: 8350 ns, Total: 417303 ns
[2023-05-16T02:43:35.972+0000][6][safepoint    ] Safepoint "Cleanup", Time since last: 4000531722 ns, Reaching safepoint: 325619 ns, At safepoint: 6093 ns, Total: 331712 ns
[2023-05-16T02:43:38.972+0000][6][safepoint    ] Safepoint "Cleanup", Time since last: 3000438712 ns, Reaching safepoint: 91530 ns, At safepoint: 3418 ns, Total: 94948 ns
[2023-05-16T02:43:42.973+0000][6][safepoint    ] Safepoint "Cleanup", Time since last: 4000316007 ns, Reaching safepoint: 87121 ns, At safepoint: 3211 ns, Total: 90332 ns
[2023-05-16T02:43:51.023+0000][6][gc,start     ] GC(15) Pause Young (Normal) (G1 Evacuation Pause)
[2023-05-16T02:43:51.023+0000][6][gc,task      ] GC(15) Using 8 workers of 8 for evacuation
[2023-05-16T02:43:51.023+0000][6][gc,age       ] GC(15) Desired survivor size 40370176 bytes, new threshold 15 (max threshold 15)
[2023-05-16T02:43:51.036+0000][6][gc,age       ] GC(15) Age table with threshold 15 (max threshold 15)
[2023-05-16T02:43:51.036+0000][6][gc,age       ] GC(15) - age   1:    3209504 bytes,    3209504 total
[2023-05-16T02:43:51.036+0000][6][gc,age       ] GC(15) - age   2:     742152 bytes,    3951656 total
[2023-05-16T02:43:51.036+0000][6][gc,age       ] GC(15) - age   3:     379664 bytes,    4331320 total
[2023-05-16T02:43:51.036+0000][6][gc,age       ] GC(15) - age   4:    6574896 bytes,   10906216 total
[2023-05-16T02:43:51.036+0000][6][gc,age       ] GC(15) - age   5:    9698792 bytes,   20605008 total
[2023-05-16T02:43:51.036+0000][6][gc,age       ] GC(15) - age   6:    9737504 bytes,   30342512 total
[2023-05-16T02:43:51.036+0000][6][gc,phases    ] GC(15)   Pre Evacuate Collection Set: 0.1ms
[2023-05-16T02:43:51.036+0000][6][gc,phases    ] GC(15)   Merge Heap Roots: 0.1ms
[2023-05-16T02:43:51.036+0000][6][gc,phases    ] GC(15)   Evacuate Collection Set: 11.6ms
[2023-05-16T02:43:51.036+0000][6][gc,phases    ] GC(15)   Post Evacuate Collection Set: 1.7ms
[2023-05-16T02:43:51.037+0000][6][gc,phases    ] GC(15)   Other: 0.2ms
[2023-05-16T02:43:51.037+0000][6][gc,heap      ] GC(15) Eden regions: 583->0(583)
[2023-05-16T02:43:51.037+0000][6][gc,heap      ] GC(15) Survivor regions: 31->31(77)
[2023-05-16T02:43:51.037+0000][6][gc,heap      ] GC(15) Old regions: 44->44
[2023-05-16T02:43:51.037+0000][6][gc,heap      ] GC(15) Archive regions: 2->2
[2023-05-16T02:43:51.037+0000][6][gc,heap      ] GC(15) Humongous regions: 15->15
[2023-05-16T02:43:51.037+0000][6][gc,metaspace ] GC(15) Metaspace: 95644K(103020K)->95644K(103020K) NonClass: 83025K(87404K)->83025K(87404K) Class: 12619K(15616K)->12619K(15616K)
[2023-05-16T02:43:51.037+0000][6][gc           ] GC(15) Pause Young (Normal) (G1 Evacuation Pause) 673M->90M(1024M) 13.803ms
[2023-05-16T02:43:51.037+0000][6][gc,cpu       ] GC(15) User=0.08s Sys=0.00s Real=0.01s
[2023-05-16T02:43:51.037+0000][6][safepoint    ] Safepoint "G1CollectForAllocation", Time since last: 8049735754 ns, Reaching safepoint: 104860 ns, At safepoint: 13906071 ns, Total: 14010931 ns
[2023-05-16T02:43:52.037+0000][6][safepoint    ] Safepoint "Cleanup", Time since last: 1000095165 ns, Reaching safepoint: 411627 ns, At safepoint: 5315 ns, Total: 416942 ns
[2023-05-16T02:43:54.038+0000][6][safepoint    ] Safepoint "Cleanup", Time since last: 2000459084 ns, Reaching safepoint: 731005 ns, At safepoint: 18469 ns, Total: 749474 ns
[2023-05-16T02:43:55.039+0000][6][safepoint    ] Safepoint "Cleanup", Time since last: 1000319100 ns, Reaching safepoint: 447155 ns, At safepoint: 6534 ns, Total: 453689 ns
[2023-05-16T02:43:56.039+0000][6][safepoint    ] Safepoint "Cleanup", Time since last: 1000150103 ns, Reaching safepoint: 145936 ns, At safepoint: 6409 ns, Total: 152345 ns
[2023-05-16T02:43:57.040+0000][6][safepoint    ] Safepoint "Cleanup", Time since last: 1000119134 ns, Reaching safepoint: 180766 ns, At safepoint: 9072 ns, Total: 189838 ns
[2023-05-16T02:43:58.041+0000][6][safepoint    ] Safepoint "Cleanup", Time since last: 1000194642 ns, Reaching safepoint: 1138321 ns, At safepoint: 29557 ns, Total: 1167878 ns
[2023-05-16T02:43:59.042+0000][6][safepoint    ] Safepoint "Cleanup", Time since last: 1000363065 ns, Reaching safepoint: 649271 ns, At safepoint: 27059 ns, Total: 676330 ns
[2023-05-16T02:44:00.043+0000][6][safepoint    ] Safepoint "Cleanup", Time since last: 1000153852 ns, Reaching safepoint: 777269 ns, At safepoint: 23397 ns, Total: 800666 ns
[2023-05-16T02:44:01.043+0000][6][safepoint    ] Safepoint "Cleanup", Time since last: 1000220035 ns, Reaching safepoint: 175091 ns, At safepoint: 4535 ns, Total: 179626 ns
[2023-05-16T02:44:02.044+0000][6][safepoint    ] Safepoint "Cleanup", Time since last: 1000153270 ns, Reaching safepoint: 170604 ns, At safepoint: 5274 ns, Total: 175878 ns
[2023-05-16T02:44:03.044+0000][6][safepoint    ] Safepoint "Cleanup", Time since last: 1000110685 ns, Reaching safepoint: 104780 ns, At safepoint: 3797 ns, Total: 108577 ns
[2023-05-16T02:44:04.044+0000][6][safepoint    ] Safepoint "Cleanup", Time since last: 1000103493 ns, Reaching safepoint: 96913 ns, At safepoint: 5868 ns, Total: 102781 ns
[2023-05-16T02:44:05.045+0000][6][safepoint    ] Safepoint "Cleanup", Time since last: 1000136307 ns, Reaching safepoint: 372268 ns, At safepoint: 13645 ns, Total: 385913 ns
[2023-05-16T02:44:06.045+0000][6][safepoint    ] Safepoint "Cleanup", Time since last: 1000209598 ns, Reaching safepoint: 465354 ns, At safepoint: 12608 ns, Total: 477962 ns
[2023-05-16T02:44:07.046+0000][6][safepoint    ] Safepoint "Cleanup", Time since last: 1000181475 ns, Reaching safepoint: 193390 ns, At safepoint: 9821 ns, Total: 203211 ns
[2023-05-16T02:44:08.046+0000][6][safepoint    ] Safepoint "Cleanup", Time since last: 1000143961 ns, Reaching safepoint: 207694 ns, At safepoint: 5288 ns, Total: 212982 ns
[2023-05-16T02:44:09.046+0000][6][safepoint    ] Safepoint "Cleanup", Time since last: 1000119177 ns, Reaching safepoint: 125267 ns, At safepoint: 6192 ns, Total: 131459 ns
[2023-05-16T02:44:10.047+0000][6][safepoint    ] Safepoint "Cleanup", Time since last: 1000221167 ns, Reaching safepoint: 606842 ns, At safepoint: 12326 ns, Total: 619168 ns
[2023-05-16T02:44:11.048+0000][6][safepoint    ] Safepoint "Cleanup", Time since last: 1000261381 ns, Reaching safepoint: 133667 ns, At safepoint: 4630 ns, Total: 138297 ns
[2023-05-16T02:44:12.048+0000][6][safepoint    ] Safepoint "Cleanup", Time since last: 1000104844 ns, Reaching safepoint: 142811 ns, At safepoint: 3669 ns, Total: 146480 ns
[2023-05-16T02:44:13.049+0000][6][safepoint    ] Safepoint "Cleanup", Time since last: 1000216506 ns, Reaching safepoint: 819046 ns, At safepoint: 7999 ns, Total: 827045 ns
[2023-05-16T02:44:14.049+0000][6][safepoint    ] Safepoint "Cleanup", Time since last: 1000118133 ns, Reaching safepoint: 177479 ns, At safepoint: 9032 ns, Total: 186511 ns
[2023-05-16T02:44:15.050+0000][6][safepoint    ] Safepoint "Cleanup", Time since last: 1000147762 ns, Reaching safepoint: 520217 ns, At safepoint: 5519 ns, Total: 525736 ns
[2023-05-16T02:44:16.051+0000][6][safepoint    ] Safepoint "Cleanup", Time since last: 1000155613 ns, Reaching safepoint: 457744 ns, At safepoint: 3989 ns, Total: 461733 ns
[2023-05-16T02:44:17.051+0000][6][safepoint    ] Safepoint "Cleanup", Time since last: 1000118941 ns, Reaching safepoint: 204739 ns, At safepoint: 9363 ns, Total: 214102 ns
[2023-05-16T02:44:18.051+0000][6][safepoint    ] Safepoint "Cleanup", Time since last: 1000118309 ns, Reaching safepoint: 138043 ns, At safepoint: 4904 ns, Total: 142947 ns
[2023-05-16T02:44:19.052+0000][6][safepoint    ] Safepoint "Cleanup", Time since last: 1000137126 ns, Reaching safepoint: 438909 ns, At safepoint: 7647 ns, Total: 446556 ns
[2023-05-16T02:44:20.052+0000][6][safepoint    ] Safepoint "Cleanup", Time since last: 1000251593 ns, Reaching safepoint: 97305 ns, At safepoint: 3626 ns, Total: 100931 ns
[2023-05-16T02:44:21.052+0000][6][safepoint    ] Safepoint "Cleanup", Time since last: 1000098597 ns, Reaching safepoint: 128357 ns, At safepoint: 4257 ns, Total: 132614 ns
[2023-05-16T02:44:22.053+0000][6][safepoint    ] Safepoint "Cleanup", Time since last: 1000597678 ns, Reaching safepoint: 245903 ns, At safepoint: 19614 ns, Total: 265517 ns
[2023-05-16T02:44:23.054+0000][6][safepoint    ] Safepoint "Cleanup", Time since last: 1000237755 ns, Reaching safepoint: 134431 ns, At safepoint: 6549 ns, Total: 140980 ns
[2023-05-16T02:44:24.054+0000][6][safepoint    ] Safepoint "Cleanup", Time since last: 1000120627 ns, Reaching safepoint: 192203 ns, At safepoint: 4717 ns, Total: 196920 ns
[2023-05-16T02:44:25.054+0000][6][safepoint    ] Safepoint "Cleanup", Time since last: 1000112569 ns, Reaching safepoint: 105140 ns, At safepoint: 4139 ns, Total: 109279 ns
[2023-05-16T02:44:26.055+0000][6][safepoint    ] Safepoint "Cleanup", Time since last: 1000206196 ns, Reaching safepoint: 528120 ns, At safepoint: 4876 ns, Total: 532996 ns
[2023-05-16T02:44:27.055+0000][6][safepoint    ] Safepoint "Cleanup", Time since last: 1000120040 ns, Reaching safepoint: 179092 ns, At safepoint: 5368 ns, Total: 184460 ns
[2023-05-16T02:44:28.056+0000][6][safepoint    ] Safepoint "Cleanup", Time since last: 1000180047 ns, Reaching safepoint: 713588 ns, At safepoint: 8955 ns, Total: 722543 ns
[2023-05-16T02:44:29.057+0000][6][safepoint    ] Safepoint "Cleanup", Time since last: 1000378340 ns, Reaching safepoint: 182442 ns, At safepoint: 4404 ns, Total: 186846 ns
[2023-05-16T02:44:31.057+0000][6][safepoint    ] Safepoint "Cleanup", Time since last: 2000263564 ns, Reaching safepoint: 143309 ns, At safepoint: 3960 ns, Total: 147269 ns
[2023-05-16T02:44:32.058+0000][6][safepoint    ] Safepoint "Cleanup", Time since last: 1000158506 ns, Reaching safepoint: 395968 ns, At safepoint: 4016 ns, Total: 399984 ns
[2023-05-16T02:44:33.058+0000][6][safepoint    ] Safepoint "Cleanup", Time since last: 1000281410 ns, Reaching safepoint: 298941 ns, At safepoint: 4508 ns, Total: 303449 ns
[2023-05-16T02:44:34.059+0000][6][safepoint    ] Safepoint "Cleanup", Time since last: 1000189148 ns, Reaching safepoint: 549388 ns, At safepoint: 11723 ns, Total: 561111 ns
[2023-05-16T02:44:35.060+0000][6][safepoint    ] Safepoint "Cleanup", Time since last: 1000410059 ns, Reaching safepoint: 701195 ns, At safepoint: 11978 ns, Total: 713173 ns
[2023-05-16T02:44:36.061+0000][6][safepoint    ] Safepoint "Cleanup", Time since last: 1000305405 ns, Reaching safepoint: 192522 ns, At safepoint: 10059 ns, Total: 202581 ns
[2023-05-16T02:44:37.061+0000][6][safepoint    ] Safepoint "Cleanup", Time since last: 1000242744 ns, Reaching safepoint: 486069 ns, At safepoint: 18657 ns, Total: 504726 ns
[2023-05-16T02:44:38.062+0000][6][safepoint    ] Safepoint "Cleanup", Time since last: 1000326451 ns, Reaching safepoint: 666367 ns, At safepoint: 18101 ns, Total: 684468 ns
[2023-05-16T02:44:39.063+0000][6][safepoint    ] Safepoint "Cleanup", Time since last: 1000323630 ns, Reaching safepoint: 103774 ns, At safepoint: 5192 ns, Total: 108966 ns
[2023-05-16T02:44:40.063+0000][6][safepoint    ] Safepoint "Cleanup", Time since last: 1000129606 ns, Reaching safepoint: 202328 ns, At safepoint: 8313 ns, Total: 210641 ns
[2023-05-16T02:44:41.063+0000][6][safepoint    ] Safepoint "Cleanup", Time since last: 1000111146 ns, Reaching safepoint: 157610 ns, At safepoint: 8179 ns, Total: 165789 ns
[2023-05-16T02:44:42.064+0000][6][safepoint    ] Safepoint "Cleanup", Time since last: 1000052902 ns, Reaching safepoint: 141226 ns, At safepoint: 6319 ns, Total: 147545 ns
[2023-05-16T02:44:43.064+0000][6][safepoint    ] Safepoint "Cleanup", Time since last: 1000179591 ns, Reaching safepoint: 600909 ns, At safepoint: 7812 ns, Total: 608721 ns
[2023-05-16T02:44:44.065+0000][6][safepoint    ] Safepoint "Cleanup", Time since last: 1000146432 ns, Reaching safepoint: 237062 ns, At safepoint: 5723 ns, Total: 242785 ns
[2023-05-16T02:44:45.065+0000][6][safepoint    ] Safepoint "Cleanup", Time since last: 1000142595 ns, Reaching safepoint: 255244 ns, At safepoint: 5949 ns, Total: 261193 ns
[2023-05-16T02:44:46.065+0000][6][safepoint    ] Safepoint "Cleanup", Time since last: 1000108842 ns, Reaching safepoint: 121089 ns, At safepoint: 4031 ns, Total: 125120 ns
[2023-05-16T02:44:47.066+0000][6][safepoint    ] Safepoint "Cleanup", Time since last: 1000120125 ns, Reaching safepoint: 157025 ns, At safepoint: 6083 ns, Total: 163108 ns
[2023-05-16T02:44:48.066+0000][6][safepoint    ] Safepoint "Cleanup", Time since last: 1000171758 ns, Reaching safepoint: 545711 ns, At safepoint: 22733 ns, Total: 568444 ns
[2023-05-16T02:44:49.067+0000][6][safepoint    ] Safepoint "Cleanup", Time since last: 1000336756 ns, Reaching safepoint: 460211 ns, At safepoint: 8446 ns, Total: 468657 ns
[2023-05-16T02:44:50.068+0000][6][safepoint    ] Safepoint "Cleanup", Time since last: 1000297558 ns, Reaching safepoint: 612795 ns, At safepoint: 14364 ns, Total: 627159 ns
[2023-05-16T02:44:51.069+0000][6][safepoint    ] Safepoint "Cleanup", Time since last: 1000337917 ns, Reaching safepoint: 221028 ns, At safepoint: 3292 ns, Total: 224320 ns
[2023-05-16T02:44:52.069+0000][6][safepoint    ] Safepoint "Cleanup", Time since last: 1000115661 ns, Reaching safepoint: 224337 ns, At safepoint: 3953 ns, Total: 228290 ns
[2023-05-16T02:44:53.069+0000][6][safepoint    ] Safepoint "Cleanup", Time since last: 1000128629 ns, Reaching safepoint: 109031 ns, At safepoint: 3945 ns, Total: 112976 ns
[2023-05-16T02:44:54.070+0000][6][safepoint    ] Safepoint "Cleanup", Time since last: 1000124983 ns, Reaching safepoint: 180449 ns, At safepoint: 6069 ns, Total: 186518 ns
[2023-05-16T02:44:55.070+0000][6][safepoint    ] Safepoint "Cleanup", Time since last: 1000189823 ns, Reaching safepoint: 604531 ns, At safepoint: 7626 ns, Total: 612157 ns
[2023-05-16T02:44:56.071+0000][6][safepoint    ] Safepoint "Cleanup", Time since last: 1000241421 ns, Reaching safepoint: 133019 ns, At safepoint: 4323 ns, Total: 137342 ns
[2023-05-16T02:44:57.071+0000][6][safepoint    ] Safepoint "Cleanup", Time since last: 1000117691 ns, Reaching safepoint: 190305 ns, At safepoint: 5855 ns, Total: 196160 ns
[2023-05-16T02:44:58.071+0000][6][safepoint    ] Safepoint "Cleanup", Time since last: 1000113984 ns, Reaching safepoint: 254947 ns, At safepoint: 17667 ns, Total: 272614 ns
[2023-05-16T02:44:59.072+0000][6][safepoint    ] Safepoint "Cleanup", Time since last: 1000160518 ns, Reaching safepoint: 91983 ns, At safepoint: 3648 ns, Total: 95631 ns
[2023-05-16T02:45:00.072+0000][6][safepoint    ] Safepoint "Cleanup", Time since last: 1000115847 ns, Reaching safepoint: 587621 ns, At safepoint: 10320 ns, Total: 597941 ns
[2023-05-16T02:45:01.073+0000][6][safepoint    ] Safepoint "Cleanup", Time since last: 1000370115 ns, Reaching safepoint: 139937 ns, At safepoint: 4768 ns, Total: 144705 ns
[2023-05-16T02:45:02.074+0000][6][safepoint    ] Safepoint "Cleanup", Time since last: 1000182405 ns, Reaching safepoint: 522126 ns, At safepoint: 3831 ns, Total: 525957 ns
[2023-05-16T02:45:03.074+0000][6][safepoint    ] Safepoint "Cleanup", Time since last: 1000118583 ns, Reaching safepoint: 168691 ns, At safepoint: 6355 ns, Total: 175046 ns
[2023-05-16T02:45:04.074+0000][6][safepoint    ] Safepoint "Cleanup", Time since last: 1000117848 ns, Reaching safepoint: 106983 ns, At safepoint: 4043 ns, Total: 111026 ns
[2023-05-16T02:45:05.074+0000][6][safepoint    ] Safepoint "Cleanup", Time since last: 1000129907 ns, Reaching safepoint: 177476 ns, At safepoint: 10548 ns, Total: 188024 ns
[2023-05-16T02:45:06.075+0000][6][safepoint    ] Safepoint "Cleanup", Time since last: 1000107158 ns, Reaching safepoint: 140040 ns, At safepoint: 9749 ns, Total: 149789 ns
[2023-05-16T02:45:07.075+0000][6][safepoint    ] Safepoint "Cleanup", Time since last: 1000120228 ns, Reaching safepoint: 294853 ns, At safepoint: 4819 ns, Total: 299672 ns
[2023-05-16T02:45:08.076+0000][6][safepoint    ] Safepoint "Cleanup", Time since last: 1000147087 ns, Reaching safepoint: 211948 ns, At safepoint: 4214 ns, Total: 216162 ns
[2023-05-16T02:45:09.076+0000][6][safepoint    ] Safepoint "Cleanup", Time since last: 1000139315 ns, Reaching safepoint: 308236 ns, At safepoint: 11545 ns, Total: 319781 ns
[2023-05-16T02:45:10.077+0000][6][safepoint    ] Safepoint "Cleanup", Time since last: 1000223225 ns, Reaching safepoint: 586985 ns, At safepoint: 10941 ns, Total: 597926 ns
[2023-05-16T02:45:11.077+0000][6][safepoint    ] Safepoint "Cleanup", Time since last: 1000289803 ns, Reaching safepoint: 154465 ns, At safepoint: 5096 ns, Total: 159561 ns
[2023-05-16T02:45:12.078+0000][6][safepoint    ] Safepoint "Cleanup", Time since last: 1000147581 ns, Reaching safepoint: 104562 ns, At safepoint: 4365 ns, Total: 108927 ns
[2023-05-16T02:45:13.078+0000][6][safepoint    ] Safepoint "Cleanup", Time since last: 1000117981 ns, Reaching safepoint: 160982 ns, At safepoint: 21465 ns, Total: 182447 ns
[2023-05-16T02:45:14.079+0000][6][safepoint    ] Safepoint "Cleanup", Time since last: 1000177312 ns, Reaching safepoint: 637688 ns, At safepoint: 39596 ns, Total: 677284 ns
[2023-05-16T02:45:15.079+0000][6][safepoint    ] Safepoint "Cleanup", Time since last: 1000305863 ns, Reaching safepoint: 96730 ns, At safepoint: 5371 ns, Total: 102101 ns
[2023-05-16T02:45:16.080+0000][6][safepoint    ] Safepoint "Cleanup", Time since last: 1000165014 ns, Reaching safepoint: 847158 ns, At safepoint: 6225 ns, Total: 853383 ns
[2023-05-16T02:45:17.080+0000][6][safepoint    ] Safepoint "Cleanup", Time since last: 1000121250 ns, Reaching safepoint: 205065 ns, At safepoint: 7955 ns, Total: 213020 ns
[2023-05-16T02:45:18.081+0000][6][safepoint    ] Safepoint "Cleanup", Time since last: 1000197008 ns, Reaching safepoint: 464657 ns, At safepoint: 4714 ns, Total: 469371 ns
[2023-05-16T02:45:19.082+0000][6][safepoint    ] Safepoint "Cleanup", Time since last: 1000325511 ns, Reaching safepoint: 840331 ns, At safepoint: 15182 ns, Total: 855513 ns
[2023-05-16T02:45:20.083+0000][6][safepoint    ] Safepoint "Cleanup", Time since last: 1000392432 ns, Reaching safepoint: 351727 ns, At safepoint: 4758 ns, Total: 356485 ns
[2023-05-16T02:45:21.116+0000][6][safepoint    ] Safepoint "Cleanup", Time since last: 1032506282 ns, Reaching safepoint: 164531 ns, At safepoint: 5248 ns, Total: 169779 ns
[2023-05-16T02:45:22.116+0000][6][safepoint    ] Safepoint "Cleanup", Time since last: 1000108123 ns, Reaching safepoint: 84845 ns, At safepoint: 3203 ns, Total: 88048 ns
[2023-05-16T02:45:23.116+0000][6][safepoint    ] Safepoint "Cleanup", Time since last: 1000095123 ns, Reaching safepoint: 78186 ns, At safepoint: 2752 ns, Total: 80938 ns
[2023-05-16T02:45:24.116+0000][6][safepoint    ] Safepoint "Cleanup", Time since last: 1000091902 ns, Reaching safepoint: 111147 ns, At safepoint: 3111 ns, Total: 114258 ns
[2023-05-16T02:45:25.116+0000][6][safepoint    ] Safepoint "Cleanup", Time since last: 1000101122 ns, Reaching safepoint: 78174 ns, At safepoint: 5711 ns, Total: 83885 ns
[2023-05-16T02:45:26.117+0000][6][safepoint    ] Safepoint "Cleanup", Time since last: 1000101613 ns, Reaching safepoint: 70108 ns, At safepoint: 3828 ns, Total: 73936 ns
[2023-05-16T02:45:27.117+0000][6][safepoint    ] Safepoint "Cleanup", Time since last: 1000095676 ns, Reaching safepoint: 99587 ns, At safepoint: 2712 ns, Total: 102299 ns
[2023-05-16T02:45:28.117+0000][6][safepoint    ] Safepoint "Cleanup", Time since last: 1000102198 ns, Reaching safepoint: 70380 ns, At safepoint: 3589 ns, Total: 73969 ns
[2023-05-16T02:45:29.117+0000][6][safepoint    ] Safepoint "Cleanup", Time since last: 1000089843 ns, Reaching safepoint: 87276 ns, At safepoint: 3899 ns, Total: 91175 ns
[2023-05-16T02:45:30.117+0000][6][safepoint    ] Safepoint "Cleanup", Time since last: 1000093582 ns, Reaching safepoint: 76973 ns, At safepoint: 4170 ns, Total: 81143 ns
[2023-05-16T02:45:31.118+0000][6][safepoint    ] Safepoint "Cleanup", Time since last: 1000096937 ns, Reaching safepoint: 88289 ns, At safepoint: 2569 ns, Total: 90858 ns
[2023-05-16T02:45:32.118+0000][6][safepoint    ] Safepoint "Cleanup", Time since last: 1000100604 ns, Reaching safepoint: 93861 ns, At safepoint: 3817 ns, Total: 97678 ns
[2023-05-16T02:45:33.118+0000][6][safepoint    ] Safepoint "Cleanup", Time since last: 1000093284 ns, Reaching safepoint: 78703 ns, At safepoint: 3482 ns, Total: 82185 ns
[2023-05-16T02:45:34.118+0000][6][safepoint    ] Safepoint "Cleanup", Time since last: 1000087972 ns, Reaching safepoint: 86000 ns, At safepoint: 3604 ns, Total: 89604 ns
[2023-05-16T02:45:35.118+0000][6][safepoint    ] Safepoint "Cleanup", Time since last: 1000102671 ns, Reaching safepoint: 99692 ns, At safepoint: 4293 ns, Total: 103985 ns
[2023-05-16T02:45:36.119+0000][6][safepoint    ] Safepoint "Cleanup", Time since last: 1000172932 ns, Reaching safepoint: 342482 ns, At safepoint: 12557 ns, Total: 355039 ns
[2023-05-16T02:45:37.119+0000][6][safepoint    ] Safepoint "Cleanup", Time since last: 1000286188 ns, Reaching safepoint: 141569 ns, At safepoint: 4190 ns, Total: 145759 ns
[2023-05-16T02:45:38.120+0000][6][safepoint    ] Safepoint "Cleanup", Time since last: 1000157524 ns, Reaching safepoint: 339071 ns, At safepoint: 8052 ns, Total: 347123 ns
[2023-05-16T02:45:39.120+0000][6][safepoint    ] Safepoint "Cleanup", Time since last: 1000208039 ns, Reaching safepoint: 70653 ns, At safepoint: 3135 ns, Total: 73788 ns
[2023-05-16T02:45:40.120+0000][6][safepoint    ] Safepoint "Cleanup", Time since last: 1000115917 ns, Reaching safepoint: 71521 ns, At safepoint: 4731 ns, Total: 76252 ns
[2023-05-16T02:45:41.120+0000][6][safepoint    ] Safepoint "Cleanup", Time since last: 1000101102 ns, Reaching safepoint: 82048 ns, At safepoint: 6305 ns, Total: 88353 ns
[2023-05-16T02:45:42.121+0000][6][safepoint    ] Safepoint "Cleanup", Time since last: 1000096653 ns, Reaching safepoint: 125440 ns, At safepoint: 3270 ns, Total: 128710 ns
[2023-05-16T02:45:43.121+0000][6][safepoint    ] Safepoint "Cleanup", Time since last: 1000100255 ns, Reaching safepoint: 111033 ns, At safepoint: 3562 ns, Total: 114595 ns
[2023-05-16T02:45:44.121+0000][6][safepoint    ] Safepoint "Cleanup", Time since last: 1000117724 ns, Reaching safepoint: 81344 ns, At safepoint: 4949 ns, Total: 86293 ns
[2023-05-16T02:45:45.121+0000][6][safepoint    ] Safepoint "Cleanup", Time since last: 1000098256 ns, Reaching safepoint: 88090 ns, At safepoint: 5311 ns, Total: 93401 ns
[2023-05-16T02:45:46.121+0000][6][safepoint    ] Safepoint "Cleanup", Time since last: 1000113700 ns, Reaching safepoint: 89461 ns, At safepoint: 2870 ns, Total: 92331 ns
[2023-05-16T02:45:47.122+0000][6][safepoint    ] Safepoint "Cleanup", Time since last: 1000107710 ns, Reaching safepoint: 119782 ns, At safepoint: 4171 ns, Total: 123953 ns
[2023-05-16T02:45:48.122+0000][6][safepoint    ] Safepoint "Cleanup", Time since last: 1000179797 ns, Reaching safepoint: 81786 ns, At safepoint: 6480 ns, Total: 88266 ns
[2023-05-16T02:45:49.122+0000][6][safepoint    ] Safepoint "Cleanup", Time since last: 1000096404 ns, Reaching safepoint: 88580 ns, At safepoint: 4101 ns, Total: 92681 ns
[2023-05-16T02:45:50.122+0000][6][safepoint    ] Safepoint "Cleanup", Time since last: 1000098814 ns, Reaching safepoint: 99946 ns, At safepoint: 5838 ns, Total: 105784 ns
[2023-05-16T02:45:51.123+0000][6][safepoint    ] Safepoint "Cleanup", Time since last: 1000112136 ns, Reaching safepoint: 110309 ns, At safepoint: 4298 ns, Total: 114607 ns
[2023-05-16T02:45:52.123+0000][6][safepoint    ] Safepoint "Cleanup", Time since last: 1000111373 ns, Reaching safepoint: 472897 ns, At safepoint: 10052 ns, Total: 482949 ns
[2023-05-16T02:45:53.124+0000][6][safepoint    ] Safepoint "Cleanup", Time since last: 1000288370 ns, Reaching safepoint: 760664 ns, At safepoint: 18802 ns, Total: 779466 ns
[2023-05-16T02:45:53.149+0000][6][gc,start     ] GC(16) Pause Young (Normal) (G1 Evacuation Pause)
[2023-05-16T02:45:53.149+0000][6][gc,task      ] GC(16) Using 8 workers of 8 for evacuation
[2023-05-16T02:45:53.149+0000][6][gc,age       ] GC(16) Desired survivor size 40370176 bytes, new threshold 15 (max threshold 15)
[2023-05-16T02:45:53.206+0000][6][gc,age       ] GC(16) Age table with threshold 15 (max threshold 15)
[2023-05-16T02:45:53.206+0000][6][gc,age       ] GC(16) - age   1:    7657200 bytes,    7657200 total
[2023-05-16T02:45:53.206+0000][6][gc,age       ] GC(16) - age   2:    2555760 bytes,   10212960 total
[2023-05-16T02:45:53.206+0000][6][gc,age       ] GC(16) - age   3:     741344 bytes,   10954304 total
[2023-05-16T02:45:53.206+0000][6][gc,age       ] GC(16) - age   4:     289736 bytes,   11244040 total
[2023-05-16T02:45:53.206+0000][6][gc,age       ] GC(16) - age   5:    6573624 bytes,   17817664 total
[2023-05-16T02:45:53.206+0000][6][gc,age       ] GC(16) - age   6:    9697280 bytes,   27514944 total
[2023-05-16T02:45:53.206+0000][6][gc,age       ] GC(16) - age   7:    9737376 bytes,   37252320 total
[2023-05-16T02:45:53.206+0000][6][gc,phases    ] GC(16)   Pre Evacuate Collection Set: 0.2ms
[2023-05-16T02:45:53.206+0000][6][gc,phases    ] GC(16)   Merge Heap Roots: 0.2ms
[2023-05-16T02:45:53.206+0000][6][gc,phases    ] GC(16)   Evacuate Collection Set: 53.5ms
[2023-05-16T02:45:53.206+0000][6][gc,phases    ] GC(16)   Post Evacuate Collection Set: 2.6ms
[2023-05-16T02:45:53.206+0000][6][gc,phases    ] GC(16)   Other: 0.3ms
[2023-05-16T02:45:53.206+0000][6][gc,heap      ] GC(16) Eden regions: 583->0(576)
[2023-05-16T02:45:53.206+0000][6][gc,heap      ] GC(16) Survivor regions: 31->38(77)
[2023-05-16T02:45:53.206+0000][6][gc,heap      ] GC(16) Old regions: 44->44
[2023-05-16T02:45:53.206+0000][6][gc,heap      ] GC(16) Archive regions: 2->2
[2023-05-16T02:45:53.206+0000][6][gc,heap      ] GC(16) Humongous regions: 16->16
[2023-05-16T02:45:53.206+0000][6][gc,metaspace ] GC(16) Metaspace: 96211K(103660K)->96211K(103660K) NonClass: 83577K(87916K)->83577K(87916K) Class: 12634K(15744K)->12634K(15744K)
[2023-05-16T02:45:53.206+0000][6][gc           ] GC(16) Pause Young (Normal) (G1 Evacuation Pause) 674M->98M(1024M) 56.906ms
[2023-05-16T02:45:53.206+0000][6][gc,cpu       ] GC(16) User=0.11s Sys=0.00s Real=0.05s
[2023-05-16T02:45:53.206+0000][6][safepoint    ] Safepoint "G1CollectForAllocation", Time since last: 24331113 ns, Reaching safepoint: 261611 ns, At safepoint: 57009121 ns, Total: 57270732 ns
[2023-05-16T02:45:54.206+0000][6][safepoint    ] Safepoint "Cleanup", Time since last: 1000089124 ns, Reaching safepoint: 155424 ns, At safepoint: 5676 ns, Total: 161100 ns
[2023-05-16T02:45:56.074+0000][6][safepoint    ] Safepoint "Cleanup", Time since last: 1866575310 ns, Reaching safepoint: 876907 ns, At safepoint: 6447 ns, Total: 883354 ns
[2023-05-16T02:45:57.074+0000][6][safepoint    ] Safepoint "Cleanup", Time since last: 1000126667 ns, Reaching safepoint: 180934 ns, At safepoint: 6705 ns, Total: 187639 ns
[2023-05-16T02:45:58.074+0000][6][safepoint    ] Safepoint "Cleanup", Time since last: 1000128914 ns, Reaching safepoint: 180709 ns, At safepoint: 5892 ns, Total: 186601 ns
[2023-05-16T02:45:59.297+0000][6][safepoint    ] Safepoint "Cleanup", Time since last: 1222550325 ns, Reaching safepoint: 148512 ns, At safepoint: 9114 ns, Total: 157626 ns
[2023-05-16T02:46:00.298+0000][6][safepoint    ] Safepoint "Cleanup", Time since last: 1000200532 ns, Reaching safepoint: 694768 ns, At safepoint: 8024 ns, Total: 702792 ns
[2023-05-16T02:46:01.299+0000][6][safepoint    ] Safepoint "Cleanup", Time since last: 1000327095 ns, Reaching safepoint: 456375 ns, At safepoint: 15870 ns, Total: 472245 ns
[2023-05-16T02:46:02.805+0000][6][safepoint    ] Safepoint "Cleanup", Time since last: 1506193732 ns, Reaching safepoint: 262141 ns, At safepoint: 8368 ns, Total: 270509 ns
[2023-05-16T02:46:03.806+0000][6][safepoint    ] Safepoint "Cleanup", Time since last: 1000199425 ns, Reaching safepoint: 780290 ns, At safepoint: 13598 ns, Total: 793888 ns
[2023-05-16T02:46:04.806+0000][6][safepoint    ] Safepoint "Cleanup", Time since last: 1000270808 ns, Reaching safepoint: 139132 ns, At safepoint: 3714 ns, Total: 142846 ns
[2023-05-16T02:46:05.807+0000][6][safepoint    ] Safepoint "Cleanup", Time since last: 1000116994 ns, Reaching safepoint: 213779 ns, At safepoint: 7025 ns, Total: 220804 ns
[2023-05-16T02:46:06.808+0000][6][safepoint    ] Safepoint "Cleanup", Time since last: 1000169438 ns, Reaching safepoint: 618543 ns, At safepoint: 11129 ns, Total: 629672 ns
[2023-05-16T02:46:07.808+0000][6][safepoint    ] Safepoint "Cleanup", Time since last: 1000245112 ns, Reaching safepoint: 193626 ns, At safepoint: 4032 ns, Total: 197658 ns
[2023-05-16T02:46:08.809+0000][6][safepoint    ] Safepoint "Cleanup", Time since last: 1000149976 ns, Reaching safepoint: 470440 ns, At safepoint: 14133 ns, Total: 484573 ns
[2023-05-16T02:46:09.810+0000][6][safepoint    ] Safepoint "Cleanup", Time since last: 1000129795 ns, Reaching safepoint: 937533 ns, At safepoint: 13774 ns, Total: 951307 ns
[2023-05-16T02:46:10.811+0000][6][safepoint    ] Safepoint "Cleanup", Time since last: 1000269434 ns, Reaching safepoint: 411511 ns, At safepoint: 14983 ns, Total: 426494 ns
[2023-05-16T02:46:11.811+0000][6][safepoint    ] Safepoint "Cleanup", Time since last: 1000261350 ns, Reaching safepoint: 113367 ns, At safepoint: 3843 ns, Total: 117210 ns
[2023-05-16T02:46:12.811+0000][6][safepoint    ] Safepoint "Cleanup", Time since last: 1000114626 ns, Reaching safepoint: 123012 ns, At safepoint: 5677 ns, Total: 128689 ns
[2023-05-16T02:46:13.811+0000][6][safepoint    ] Safepoint "Cleanup", Time since last: 1000104865 ns, Reaching safepoint: 160908 ns, At safepoint: 4727 ns, Total: 165635 ns
[2023-05-16T02:46:14.812+0000][6][safepoint    ] Safepoint "Cleanup", Time since last: 1000172417 ns, Reaching safepoint: 678785 ns, At safepoint: 18985 ns, Total: 697770 ns
[2023-05-16T02:46:15.814+0000][6][safepoint    ] Safepoint "Cleanup", Time since last: 1001539809 ns, Reaching safepoint: 222356 ns, At safepoint: 6582 ns, Total: 228938 ns
[2023-05-16T02:46:16.815+0000][6][safepoint    ] Safepoint "Cleanup", Time since last: 1000167237 ns, Reaching safepoint: 394663 ns, At safepoint: 11295 ns, Total: 405958 ns
[2023-05-16T02:46:17.815+0000][6][safepoint    ] Safepoint "Cleanup", Time since last: 1000219822 ns, Reaching safepoint: 217307 ns, At safepoint: 6587 ns, Total: 223894 ns
[2023-05-16T02:46:18.815+0000][6][safepoint    ] Safepoint "Cleanup", Time since last: 1000101715 ns, Reaching safepoint: 184516 ns, At safepoint: 7942 ns, Total: 192458 ns
[2023-05-16T02:46:19.816+0000][6][safepoint    ] Safepoint "Cleanup", Time since last: 1000143381 ns, Reaching safepoint: 495239 ns, At safepoint: 4632 ns, Total: 499871 ns
[2023-05-16T02:46:20.816+0000][6][safepoint    ] Safepoint "Cleanup", Time since last: 1000139302 ns, Reaching safepoint: 109285 ns, At safepoint: 4782 ns, Total: 114067 ns
[2023-05-16T02:46:21.817+0000][6][safepoint    ] Safepoint "Cleanup", Time since last: 1000118205 ns, Reaching safepoint: 301922 ns, At safepoint: 4096 ns, Total: 306018 ns
[2023-05-16T02:46:22.817+0000][6][safepoint    ] Safepoint "Cleanup", Time since last: 1000102876 ns, Reaching safepoint: 265980 ns, At safepoint: 9199 ns, Total: 275179 ns
[2023-05-16T02:46:24.449+0000][6][safepoint    ] Safepoint "Cleanup", Time since last: 1631256644 ns, Reaching safepoint: 355460 ns, At safepoint: 16791 ns, Total: 372251 ns
[2023-05-16T02:46:25.523+0000][6][safepoint    ] Safepoint "Cleanup", Time since last: 1073287459 ns, Reaching safepoint: 753557 ns, At safepoint: 14845 ns, Total: 768402 ns
[2023-05-16T02:46:26.523+0000][6][safepoint    ] Safepoint "Cleanup", Time since last: 1000321709 ns, Reaching safepoint: 119330 ns, At safepoint: 6473 ns, Total: 125803 ns
[2023-05-16T02:46:27.523+0000][6][safepoint    ] Safepoint "Cleanup", Time since last: 1000111440 ns, Reaching safepoint: 221758 ns, At safepoint: 5430 ns, Total: 227188 ns
[2023-05-16T02:46:28.524+0000][6][safepoint    ] Safepoint "Cleanup", Time since last: 1000155656 ns, Reaching safepoint: 523434 ns, At safepoint: 14121 ns, Total: 537555 ns
[2023-05-16T02:46:29.525+0000][6][safepoint    ] Safepoint "Cleanup", Time since last: 1000300186 ns, Reaching safepoint: 113403 ns, At safepoint: 3150 ns, Total: 116553 ns
[2023-05-16T02:46:30.525+0000][6][safepoint    ] Safepoint "Cleanup", Time since last: 1000077467 ns, Reaching safepoint: 189597 ns, At safepoint: 14045 ns, Total: 203642 ns
[2023-05-16T02:46:31.526+0000][6][safepoint    ] Safepoint "Cleanup", Time since last: 1000354349 ns, Reaching safepoint: 807160 ns, At safepoint: 14096 ns, Total: 821256 ns
[2023-05-16T02:46:32.526+0000][6][safepoint    ] Safepoint "Cleanup", Time since last: 1000281934 ns, Reaching safepoint: 90827 ns, At safepoint: 4558 ns, Total: 95385 ns
[2023-05-16T02:46:33.527+0000][6][safepoint    ] Safepoint "Cleanup", Time since last: 1000167072 ns, Reaching safepoint: 577907 ns, At safepoint: 13992 ns, Total: 591899 ns
[2023-05-16T02:46:34.528+0000][6][safepoint    ] Safepoint "Cleanup", Time since last: 1000357890 ns, Reaching safepoint: 167471 ns, At safepoint: 8995 ns, Total: 176466 ns
[2023-05-16T02:46:35.528+0000][6][safepoint    ] Safepoint "Cleanup", Time since last: 1000112311 ns, Reaching safepoint: 125215 ns, At safepoint: 3982 ns, Total: 129197 ns
[2023-05-16T02:46:36.528+0000][6][safepoint    ] Safepoint "Cleanup", Time since last: 1000117909 ns, Reaching safepoint: 133540 ns, At safepoint: 8154 ns, Total: 141694 ns
[2023-05-16T02:46:37.529+0000][6][safepoint    ] Safepoint "Cleanup", Time since last: 1000187289 ns, Reaching safepoint: 813499 ns, At safepoint: 17508 ns, Total: 831007 ns
[2023-05-16T02:46:38.530+0000][6][safepoint    ] Safepoint "Cleanup", Time since last: 1000435668 ns, Reaching safepoint: 493124 ns, At safepoint: 18541 ns, Total: 511665 ns
[2023-05-16T02:46:39.531+0000][6][safepoint    ] Safepoint "Cleanup", Time since last: 1000335349 ns, Reaching safepoint: 414571 ns, At safepoint: 13094 ns, Total: 427665 ns
[2023-05-16T02:46:40.531+0000][6][safepoint    ] Safepoint "Cleanup", Time since last: 1000254049 ns, Reaching safepoint: 138434 ns, At safepoint: 3757 ns, Total: 142191 ns
[2023-05-16T02:46:41.532+0000][6][safepoint    ] Safepoint "Cleanup", Time since last: 1000119482 ns, Reaching safepoint: 358195 ns, At safepoint: 10593 ns, Total: 368788 ns
[2023-05-16T02:46:42.533+0000][6][safepoint    ] Safepoint "Cleanup", Time since last: 1000311433 ns, Reaching safepoint: 1229429 ns, At safepoint: 12836 ns, Total: 1242265 ns
[2023-05-16T02:46:43.534+0000][6][safepoint    ] Safepoint "Cleanup", Time since last: 1000116694 ns, Reaching safepoint: 106359 ns, At safepoint: 7891 ns, Total: 114250 ns
[2023-05-16T02:46:44.534+0000][6][safepoint    ] Safepoint "Cleanup", Time since last: 1000114701 ns, Reaching safepoint: 100960 ns, At safepoint: 4699 ns, Total: 105659 ns
[2023-05-16T02:46:45.534+0000][6][safepoint    ] Safepoint "Cleanup", Time since last: 1000125143 ns, Reaching safepoint: 436018 ns, At safepoint: 4284 ns, Total: 440302 ns
[2023-05-16T02:46:46.535+0000][6][safepoint    ] Safepoint "Cleanup", Time since last: 1000275696 ns, Reaching safepoint: 560119 ns, At safepoint: 5657 ns, Total: 565776 ns
[2023-05-16T02:46:47.537+0000][6][safepoint    ] Safepoint "Cleanup", Time since last: 1000335564 ns, Reaching safepoint: 879672 ns, At safepoint: 11071 ns, Total: 890743 ns
[2023-05-16T02:46:48.537+0000][6][safepoint    ] Safepoint "Cleanup", Time since last: 1000283651 ns, Reaching safepoint: 87938 ns, At safepoint: 3321 ns, Total: 91259 ns
[2023-05-16T02:46:49.537+0000][6][safepoint    ] Safepoint "Cleanup", Time since last: 1000146277 ns, Reaching safepoint: 408781 ns, At safepoint: 7948 ns, Total: 416729 ns
[2023-05-16T02:46:50.538+0000][6][safepoint    ] Safepoint "Cleanup", Time since last: 1000184332 ns, Reaching safepoint: 144163 ns, At safepoint: 8563 ns, Total: 152726 ns
[2023-05-16T02:46:51.539+0000][6][safepoint    ] Safepoint "Cleanup", Time since last: 1000206511 ns, Reaching safepoint: 533624 ns, At safepoint: 11521 ns, Total: 545145 ns
[2023-05-16T02:46:52.539+0000][6][safepoint    ] Safepoint "Cleanup", Time since last: 1000393215 ns, Reaching safepoint: 490260 ns, At safepoint: 13006 ns, Total: 503266 ns
[2023-05-16T02:46:53.540+0000][6][safepoint    ] Safepoint "Cleanup", Time since last: 1000281898 ns, Reaching safepoint: 522074 ns, At safepoint: 12190 ns, Total: 534264 ns
[2023-05-16T02:46:54.541+0000][6][safepoint    ] Safepoint "Cleanup", Time since last: 1000314405 ns, Reaching safepoint: 588998 ns, At safepoint: 19628 ns, Total: 608626 ns
[2023-05-16T02:47:02.542+0000][6][safepoint    ] Safepoint "Cleanup", Time since last: 8000839345 ns, Reaching safepoint: 119271 ns, At safepoint: 7218 ns, Total: 126489 ns
[2023-05-16T02:47:08.543+0000][6][safepoint    ] Safepoint "Cleanup", Time since last: 6000678259 ns, Reaching safepoint: 297524 ns, At safepoint: 6638 ns, Total: 304162 ns
[2023-05-16T02:47:18.544+0000][6][safepoint    ] Safepoint "Cleanup", Time since last: 10001145110 ns, Reaching safepoint: 81154 ns, At safepoint: 3207 ns, Total: 84361 ns
[2023-05-16T02:47:19.545+0000][6][safepoint    ] Safepoint "Cleanup", Time since last: 1000186787 ns, Reaching safepoint: 669645 ns, At safepoint: 11432 ns, Total: 681077 ns
[2023-05-16T02:47:21.546+0000][6][safepoint    ] Safepoint "Cleanup", Time since last: 2000270192 ns, Reaching safepoint: 95245 ns, At safepoint: 3813 ns, Total: 99058 ns
[2023-05-16T02:47:24.547+0000][6][safepoint    ] Safepoint "Cleanup", Time since last: 3000471802 ns, Reaching safepoint: 860748 ns, At safepoint: 17938 ns, Total: 878686 ns
[2023-05-16T02:47:26.853+0000][6][safepoint    ] Safepoint "Cleanup", Time since last: 2305645220 ns, Reaching safepoint: 166386 ns, At safepoint: 3686 ns, Total: 170072 ns
[2023-05-16T02:47:27.853+0000][6][safepoint    ] Safepoint "Cleanup", Time since last: 1000103271 ns, Reaching safepoint: 258169 ns, At safepoint: 4668 ns, Total: 262837 ns
[2023-05-16T02:47:34.855+0000][6][safepoint    ] Safepoint "Cleanup", Time since last: 7002019790 ns, Reaching safepoint: 201138 ns, At safepoint: 7275 ns, Total: 208413 ns
[2023-05-16T02:47:35.856+0000][6][safepoint    ] Safepoint "Cleanup", Time since last: 1000100044 ns, Reaching safepoint: 179747 ns, At safepoint: 4551 ns, Total: 184298 ns
[2023-05-16T02:47:36.856+0000][6][safepoint    ] Safepoint "Cleanup", Time since last: 1000103008 ns, Reaching safepoint: 294994 ns, At safepoint: 5983 ns, Total: 300977 ns
[2023-05-16T02:47:37.856+0000][6][safepoint    ] Safepoint "Cleanup", Time since last: 1000098104 ns, Reaching safepoint: 172368 ns, At safepoint: 4161 ns, Total: 176529 ns
[2023-05-16T02:47:39.857+0000][6][safepoint    ] Safepoint "Cleanup", Time since last: 2000802909 ns, Reaching safepoint: 187584 ns, At safepoint: 3503 ns, Total: 191087 ns
[2023-05-16T02:47:40.858+0000][6][safepoint    ] Safepoint "Cleanup", Time since last: 1000102760 ns, Reaching safepoint: 264122 ns, At safepoint: 8290 ns, Total: 272412 ns
[2023-05-16T02:47:43.858+0000][6][safepoint    ] Safepoint "Cleanup", Time since last: 3000266455 ns, Reaching safepoint: 428266 ns, At safepoint: 5817 ns, Total: 434083 ns
[2023-05-16T02:47:44.860+0000][6][safepoint    ] Safepoint "Cleanup", Time since last: 1000170972 ns, Reaching safepoint: 1103075 ns, At safepoint: 27469 ns, Total: 1130544 ns
[2023-05-16T02:47:45.998+0000][6][gc,start     ] GC(17) Pause Young (Normal) (G1 Evacuation Pause)
[2023-05-16T02:47:45.998+0000][6][gc,task      ] GC(17) Using 8 workers of 8 for evacuation
[2023-05-16T02:47:45.998+0000][6][gc,age       ] GC(17) Desired survivor size 40370176 bytes, new threshold 15 (max threshold 15)
[2023-05-16T02:47:46.034+0000][6][gc,age       ] GC(17) Age table with threshold 15 (max threshold 15)
[2023-05-16T02:47:46.034+0000][6][gc,age       ] GC(17) - age   1:   10560648 bytes,   10560648 total
[2023-05-16T02:47:46.034+0000][6][gc,age       ] GC(17) - age   2:    4882624 bytes,   15443272 total
[2023-05-16T02:47:46.034+0000][6][gc,age       ] GC(17) - age   3:    2545184 bytes,   17988456 total
[2023-05-16T02:47:46.034+0000][6][gc,age       ] GC(17) - age   4:     741344 bytes,   18729800 total
[2023-05-16T02:47:46.034+0000][6][gc,age       ] GC(17) - age   5:     289736 bytes,   19019536 total
[2023-05-16T02:47:46.034+0000][6][gc,age       ] GC(17) - age   6:    6569536 bytes,   25589072 total
[2023-05-16T02:47:46.034+0000][6][gc,age       ] GC(17) - age   7:    9697280 bytes,   35286352 total
[2023-05-16T02:47:46.034+0000][6][gc,age       ] GC(17) - age   8:    9737376 bytes,   45023728 total
[2023-05-16T02:47:46.034+0000][6][gc,phases    ] GC(17)   Pre Evacuate Collection Set: 0.2ms
[2023-05-16T02:47:46.034+0000][6][gc,phases    ] GC(17)   Merge Heap Roots: 0.2ms
[2023-05-16T02:47:46.034+0000][6][gc,phases    ] GC(17)   Evacuate Collection Set: 34.4ms
[2023-05-16T02:47:46.034+0000][6][gc,phases    ] GC(17)   Post Evacuate Collection Set: 1.9ms
[2023-05-16T02:47:46.034+0000][6][gc,phases    ] GC(17)   Other: 0.3ms
[2023-05-16T02:47:46.034+0000][6][gc,heap      ] GC(17) Eden regions: 576->0(568)
[2023-05-16T02:47:46.034+0000][6][gc,heap      ] GC(17) Survivor regions: 38->46(77)
[2023-05-16T02:47:46.034+0000][6][gc,heap      ] GC(17) Old regions: 44->44
[2023-05-16T02:47:46.034+0000][6][gc,heap      ] GC(17) Archive regions: 2->2
[2023-05-16T02:47:46.034+0000][6][gc,heap      ] GC(17) Humongous regions: 18->17
[2023-05-16T02:47:46.034+0000][6][gc,metaspace ] GC(17) Metaspace: 96315K(103916K)->96315K(103916K) NonClass: 83678K(88172K)->83678K(88172K) Class: 12636K(15744K)->12636K(15744K)
[2023-05-16T02:47:46.035+0000][6][gc           ] GC(17) Pause Young (Normal) (G1 Evacuation Pause) 676M->107M(1024M) 36.995ms
[2023-05-16T02:47:46.035+0000][6][gc,cpu       ] GC(17) User=0.10s Sys=0.00s Real=0.04s
[2023-05-16T02:47:46.035+0000][6][safepoint    ] Safepoint "G1CollectForAllocation", Time since last: 1137596779 ns, Reaching safepoint: 210602 ns, At safepoint: 37092838 ns, Total: 37303440 ns
[2023-05-16T02:47:49.035+0000][6][safepoint    ] Safepoint "Cleanup", Time since last: 3000305383 ns, Reaching safepoint: 527998 ns, At safepoint: 14789 ns, Total: 542787 ns
[2023-05-16T02:47:50.036+0000][6][safepoint    ] Safepoint "Cleanup", Time since last: 1000242262 ns, Reaching safepoint: 123914 ns, At safepoint: 4605 ns, Total: 128519 ns
[2023-05-16T02:47:54.036+0000][6][safepoint    ] Safepoint "Cleanup", Time since last: 4000289128 ns, Reaching safepoint: 148483 ns, At safepoint: 6304 ns, Total: 154787 ns
[2023-05-16T02:47:55.037+0000][6][safepoint    ] Safepoint "Cleanup", Time since last: 1000098341 ns, Reaching safepoint: 204042 ns, At safepoint: 3568 ns, Total: 207610 ns
[2023-05-16T02:47:56.037+0000][6][safepoint    ] Safepoint "Cleanup", Time since last: 1000171455 ns, Reaching safepoint: 350668 ns, At safepoint: 7091 ns, Total: 357759 ns
[2023-05-16T02:47:57.038+0000][6][safepoint    ] Safepoint "Cleanup", Time since last: 1000215367 ns, Reaching safepoint: 778335 ns, At safepoint: 19169 ns, Total: 797504 ns
[2023-05-16T02:47:58.039+0000][6][safepoint    ] Safepoint "Cleanup", Time since last: 1000237991 ns, Reaching safepoint: 513517 ns, At safepoint: 36517 ns, Total: 550034 ns
[2023-05-16T02:47:59.039+0000][6][safepoint    ] Safepoint "Cleanup", Time since last: 1000310233 ns, Reaching safepoint: 182272 ns, At safepoint: 4479 ns, Total: 186751 ns
[2023-05-16T02:48:00.040+0000][6][safepoint    ] Safepoint "Cleanup", Time since last: 1000081241 ns, Reaching safepoint: 135565 ns, At safepoint: 6116 ns, Total: 141681 ns
[2023-05-16T02:48:01.040+0000][6][safepoint    ] Safepoint "Cleanup", Time since last: 1000114407 ns, Reaching safepoint: 132488 ns, At safepoint: 7736 ns, Total: 140224 ns
[2023-05-16T02:48:02.040+0000][6][safepoint    ] Safepoint "Cleanup", Time since last: 1000109971 ns, Reaching safepoint: 206331 ns, At safepoint: 8804 ns, Total: 215135 ns
[2023-05-16T02:48:03.041+0000][6][safepoint    ] Safepoint "Cleanup", Time since last: 1000144484 ns, Reaching safepoint: 399772 ns, At safepoint: 4465 ns, Total: 404237 ns
[2023-05-16T02:48:04.041+0000][6][safepoint    ] Safepoint "Cleanup", Time since last: 1000137430 ns, Reaching safepoint: 127179 ns, At safepoint: 3457 ns, Total: 130636 ns
[2023-05-16T02:48:05.041+0000][6][safepoint    ] Safepoint "Cleanup", Time since last: 1000093796 ns, Reaching safepoint: 95497 ns, At safepoint: 6179 ns, Total: 101676 ns
[2023-05-16T02:48:06.042+0000][6][safepoint    ] Safepoint "Cleanup", Time since last: 1000111363 ns, Reaching safepoint: 207893 ns, At safepoint: 7765 ns, Total: 215658 ns
[2023-05-16T02:48:07.042+0000][6][safepoint    ] Safepoint "Cleanup", Time since last: 1000142619 ns, Reaching safepoint: 167581 ns, At safepoint: 3847 ns, Total: 171428 ns
[2023-05-16T02:48:08.042+0000][6][safepoint    ] Safepoint "Cleanup", Time since last: 1000108469 ns, Reaching safepoint: 134235 ns, At safepoint: 4307 ns, Total: 138542 ns
[2023-05-16T02:48:09.042+0000][6][safepoint    ] Safepoint "Cleanup", Time since last: 1000100193 ns, Reaching safepoint: 86636 ns, At safepoint: 4425 ns, Total: 91061 ns
[2023-05-16T02:48:10.042+0000][6][safepoint    ] Safepoint "Cleanup", Time since last: 1000058397 ns, Reaching safepoint: 91968 ns, At safepoint: 3511 ns, Total: 95479 ns
[2023-05-16T02:48:11.043+0000][6][safepoint    ] Safepoint "Cleanup", Time since last: 1000098908 ns, Reaching safepoint: 115490 ns, At safepoint: 4277 ns, Total: 119767 ns
[2023-05-16T02:48:12.043+0000][6][safepoint    ] Safepoint "Cleanup", Time since last: 1000116619 ns, Reaching safepoint: 146235 ns, At safepoint: 5656 ns, Total: 151891 ns
[2023-05-16T02:48:13.043+0000][6][safepoint    ] Safepoint "Cleanup", Time since last: 1000101232 ns, Reaching safepoint: 93972 ns, At safepoint: 4734 ns, Total: 98706 ns
[2023-05-16T02:48:14.043+0000][6][safepoint    ] Safepoint "Cleanup", Time since last: 1000052050 ns, Reaching safepoint: 96395 ns, At safepoint: 4749 ns, Total: 101144 ns
[2023-05-16T02:48:15.043+0000][6][safepoint    ] Safepoint "Cleanup", Time since last: 1000096982 ns, Reaching safepoint: 112907 ns, At safepoint: 3448 ns, Total: 116355 ns
[2023-05-16T02:48:16.044+0000][6][safepoint    ] Safepoint "Cleanup", Time since last: 1000139436 ns, Reaching safepoint: 204434 ns, At safepoint: 6432 ns, Total: 210866 ns
[2023-05-16T02:48:17.044+0000][6][safepoint    ] Safepoint "Cleanup", Time since last: 1000138300 ns, Reaching safepoint: 125275 ns, At safepoint: 3818 ns, Total: 129093 ns
[2023-05-16T02:48:18.044+0000][6][safepoint    ] Safepoint "Cleanup", Time since last: 1000105402 ns, Reaching safepoint: 101867 ns, At safepoint: 4637 ns, Total: 106504 ns
[2023-05-16T02:48:19.045+0000][6][safepoint    ] Safepoint "Cleanup", Time since last: 1000111941 ns, Reaching safepoint: 122422 ns, At safepoint: 3673 ns, Total: 126095 ns
[2023-05-16T02:48:20.045+0000][6][safepoint    ] Safepoint "Cleanup", Time since last: 1000119093 ns, Reaching safepoint: 103340 ns, At safepoint: 3541 ns, Total: 106881 ns
[2023-05-16T02:48:21.045+0000][6][safepoint    ] Safepoint "Cleanup", Time since last: 1000103646 ns, Reaching safepoint: 93587 ns, At safepoint: 4009 ns, Total: 97596 ns
[2023-05-16T02:48:22.045+0000][6][safepoint    ] Safepoint "Cleanup", Time since last: 1000098743 ns, Reaching safepoint: 105894 ns, At safepoint: 5201 ns, Total: 111095 ns
[2023-05-16T02:48:23.045+0000][6][safepoint    ] Safepoint "Cleanup", Time since last: 1000112414 ns, Reaching safepoint: 203486 ns, At safepoint: 3604 ns, Total: 207090 ns
[2023-05-16T02:48:24.046+0000][6][safepoint    ] Safepoint "Cleanup", Time since last: 1000147966 ns, Reaching safepoint: 96505 ns, At safepoint: 6598 ns, Total: 103103 ns
[2023-05-16T02:48:25.046+0000][6][safepoint    ] Safepoint "Cleanup", Time since last: 1000056832 ns, Reaching safepoint: 92283 ns, At safepoint: 3647 ns, Total: 95930 ns
[2023-05-16T02:48:26.046+0000][6][safepoint    ] Safepoint "Cleanup", Time since last: 1000105702 ns, Reaching safepoint: 144836 ns, At safepoint: 4195 ns, Total: 149031 ns
[2023-05-16T02:48:27.046+0000][6][safepoint    ] Safepoint "Cleanup", Time since last: 1000124089 ns, Reaching safepoint: 184638 ns, At safepoint: 3686 ns, Total: 188324 ns
[2023-05-16T02:48:28.047+0000][6][safepoint    ] Safepoint "Cleanup", Time since last: 1000144819 ns, Reaching safepoint: 304713 ns, At safepoint: 5759 ns, Total: 310472 ns
[2023-05-16T02:48:29.047+0000][6][safepoint    ] Safepoint "Cleanup", Time since last: 1000126228 ns, Reaching safepoint: 214576 ns, At safepoint: 4293 ns, Total: 218869 ns
[2023-05-16T02:48:30.048+0000][6][safepoint    ] Safepoint "Cleanup", Time since last: 1000200163 ns, Reaching safepoint: 896338 ns, At safepoint: 20715 ns, Total: 917053 ns
[2023-05-16T02:48:31.049+0000][6][safepoint    ] Safepoint "Cleanup", Time since last: 1000406023 ns, Reaching safepoint: 638205 ns, At safepoint: 7781 ns, Total: 645986 ns
[2023-05-16T02:48:32.050+0000][6][safepoint    ] Safepoint "Cleanup", Time since last: 1000182824 ns, Reaching safepoint: 276609 ns, At safepoint: 9695 ns, Total: 286304 ns
[2023-05-16T02:48:33.051+0000][6][safepoint    ] Safepoint "Cleanup", Time since last: 1000248637 ns, Reaching safepoint: 476806 ns, At safepoint: 14880 ns, Total: 491686 ns
[2023-05-16T02:48:34.051+0000][6][safepoint    ] Safepoint "Cleanup", Time since last: 1000245356 ns, Reaching safepoint: 126095 ns, At safepoint: 4970 ns, Total: 131065 ns
[2023-05-16T02:48:35.051+0000][6][safepoint    ] Safepoint "Cleanup", Time since last: 1000129473 ns, Reaching safepoint: 315214 ns, At safepoint: 9857 ns, Total: 325071 ns
[2023-05-16T02:48:36.052+0000][6][safepoint    ] Safepoint "Cleanup", Time since last: 1000293813 ns, Reaching safepoint: 582245 ns, At safepoint: 22835 ns, Total: 605080 ns
[2023-05-16T02:48:37.053+0000][6][safepoint    ] Safepoint "Cleanup", Time since last: 1000393263 ns, Reaching safepoint: 107425 ns, At safepoint: 7727 ns, Total: 115152 ns
[2023-05-16T02:48:38.054+0000][6][safepoint    ] Safepoint "Cleanup", Time since last: 1000166483 ns, Reaching safepoint: 539387 ns, At safepoint: 15031 ns, Total: 554418 ns
[2023-05-16T02:48:39.054+0000][6][safepoint    ] Safepoint "Cleanup", Time since last: 1000341321 ns, Reaching safepoint: 195349 ns, At safepoint: 3905 ns, Total: 199254 ns
[2023-05-16T02:48:40.054+0000][6][safepoint    ] Safepoint "Cleanup", Time since last: 1000137551 ns, Reaching safepoint: 122531 ns, At safepoint: 4640 ns, Total: 127171 ns
[2023-05-16T02:48:41.055+0000][6][safepoint    ] Safepoint "Cleanup", Time since last: 1000113364 ns, Reaching safepoint: 97004 ns, At safepoint: 5686 ns, Total: 102690 ns
[2023-05-16T02:48:42.055+0000][6][safepoint    ] Safepoint "Cleanup", Time since last: 1000162685 ns, Reaching safepoint: 682238 ns, At safepoint: 13232 ns, Total: 695470 ns
[2023-05-16T02:48:43.056+0000][6][safepoint    ] Safepoint "Cleanup", Time since last: 1000355739 ns, Reaching safepoint: 563813 ns, At safepoint: 13751 ns, Total: 577564 ns
[2023-05-16T02:48:44.057+0000][6][safepoint    ] Safepoint "Cleanup", Time since last: 1000293028 ns, Reaching safepoint: 429642 ns, At safepoint: 10163 ns, Total: 439805 ns
[2023-05-16T02:48:45.058+0000][6][safepoint    ] Safepoint "Cleanup", Time since last: 1000326574 ns, Reaching safepoint: 118864 ns, At safepoint: 5213 ns, Total: 124077 ns
[2023-05-16T02:48:46.058+0000][6][safepoint    ] Safepoint "Cleanup", Time since last: 1000128096 ns, Reaching safepoint: 224197 ns, At safepoint: 7252 ns, Total: 231449 ns
[2023-05-16T02:48:47.059+0000][6][safepoint    ] Safepoint "Cleanup", Time since last: 1000183945 ns, Reaching safepoint: 939017 ns, At safepoint: 7886 ns, Total: 946903 ns
[2023-05-16T02:48:48.060+0000][6][safepoint    ] Safepoint "Cleanup", Time since last: 1000190558 ns, Reaching safepoint: 585420 ns, At safepoint: 13619 ns, Total: 599039 ns
[2023-05-16T02:48:49.060+0000][6][safepoint    ] Safepoint "Cleanup", Time since last: 1000272018 ns, Reaching safepoint: 104489 ns, At safepoint: 3866 ns, Total: 108355 ns
[2023-05-16T02:48:52.061+0000][6][safepoint    ] Safepoint "Cleanup", Time since last: 3000234448 ns, Reaching safepoint: 112793 ns, At safepoint: 3711 ns, Total: 116504 ns
[2023-05-16T02:48:53.061+0000][6][safepoint    ] Safepoint "Cleanup", Time since last: 1000161289 ns, Reaching safepoint: 294918 ns, At safepoint: 13404 ns, Total: 308322 ns
[2023-05-16T02:48:54.061+0000][6][safepoint    ] Safepoint "Cleanup", Time since last: 1000160186 ns, Reaching safepoint: 88496 ns, At safepoint: 4093 ns, Total: 92589 ns
[2023-05-16T02:48:55.062+0000][6][safepoint    ] Safepoint "Cleanup", Time since last: 1000112018 ns, Reaching safepoint: 109099 ns, At safepoint: 3891 ns, Total: 112990 ns
[2023-05-16T02:48:57.069+0000][6][safepoint    ] Safepoint "Cleanup", Time since last: 2000260100 ns, Reaching safepoint: 6731036 ns, At safepoint: 5375 ns, Total: 6736411 ns
[2023-05-16T02:49:00.069+0000][6][safepoint    ] Safepoint "Cleanup", Time since last: 3000385456 ns, Reaching safepoint: 100048 ns, At safepoint: 3240 ns, Total: 103288 ns
[2023-05-16T02:49:03.069+0000][6][safepoint    ] Safepoint "Cleanup", Time since last: 3000238757 ns, Reaching safepoint: 121244 ns, At safepoint: 6381 ns, Total: 127625 ns
[2023-05-16T02:49:05.070+0000][6][safepoint    ] Safepoint "Cleanup", Time since last: 2000176362 ns, Reaching safepoint: 124190 ns, At safepoint: 4810 ns, Total: 129000 ns
[2023-05-16T02:49:07.070+0000][6][safepoint    ] Safepoint "Cleanup", Time since last: 2000226945 ns, Reaching safepoint: 154136 ns, At safepoint: 6560 ns, Total: 160696 ns
[2023-05-16T02:49:11.071+0000][6][safepoint    ] Safepoint "Cleanup", Time since last: 4000339003 ns, Reaching safepoint: 95689 ns, At safepoint: 4418 ns, Total: 100107 ns
[2023-05-16T02:49:22.071+0000][6][safepoint    ] Safepoint "Cleanup", Time since last: 11000822941 ns, Reaching safepoint: 121700 ns, At safepoint: 4102 ns, Total: 125802 ns
[2023-05-16T02:49:24.072+0000][6][safepoint    ] Safepoint "Cleanup", Time since last: 2000167431 ns, Reaching safepoint: 133038 ns, At safepoint: 4027 ns, Total: 137065 ns
[2023-05-16T02:49:25.073+0000][6][safepoint    ] Safepoint "Cleanup", Time since last: 1000117559 ns, Reaching safepoint: 556131 ns, At safepoint: 32345 ns, Total: 588476 ns
[2023-05-16T02:49:32.073+0000][6][safepoint    ] Safepoint "Cleanup", Time since last: 7000745388 ns, Reaching safepoint: 99683 ns, At safepoint: 6579 ns, Total: 106262 ns
[2023-05-16T02:49:35.074+0000][6][safepoint    ] Safepoint "Cleanup", Time since last: 3000205988 ns, Reaching safepoint: 185448 ns, At safepoint: 6750 ns, Total: 192198 ns
[2023-05-16T02:49:37.074+0000][6][safepoint    ] Safepoint "Cleanup", Time since last: 2000186748 ns, Reaching safepoint: 152607 ns, At safepoint: 6283 ns, Total: 158890 ns
[2023-05-16T02:49:39.933+0000][6][gc,start     ] GC(18) Pause Young (Normal) (G1 Evacuation Pause)
[2023-05-16T02:49:39.933+0000][6][gc,task      ] GC(18) Using 8 workers of 8 for evacuation
[2023-05-16T02:49:39.933+0000][6][gc,age       ] GC(18) Desired survivor size 40370176 bytes, new threshold 8 (max threshold 15)
[2023-05-16T02:49:39.963+0000][6][gc,age       ] GC(18) Age table with threshold 8 (max threshold 15)
[2023-05-16T02:49:39.963+0000][6][gc,age       ] GC(18) - age   1:    7783304 bytes,    7783304 total
[2023-05-16T02:49:39.963+0000][6][gc,age       ] GC(18) - age   2:    5717408 bytes,   13500712 total
[2023-05-16T02:49:39.963+0000][6][gc,age       ] GC(18) - age   3:    4882624 bytes,   18383336 total
[2023-05-16T02:49:39.963+0000][6][gc,age       ] GC(18) - age   4:    2545128 bytes,   20928464 total
[2023-05-16T02:49:39.963+0000][6][gc,age       ] GC(18) - age   5:     741344 bytes,   21669808 total
[2023-05-16T02:49:39.963+0000][6][gc,age       ] GC(18) - age   6:     289736 bytes,   21959544 total
[2023-05-16T02:49:39.963+0000][6][gc,age       ] GC(18) - age   7:    6569536 bytes,   28529080 total
[2023-05-16T02:49:39.963+0000][6][gc,age       ] GC(18) - age   8:    9697280 bytes,   38226360 total
[2023-05-16T02:49:39.963+0000][6][gc,phases    ] GC(18)   Pre Evacuate Collection Set: 0.1ms
[2023-05-16T02:49:39.963+0000][6][gc,phases    ] GC(18)   Merge Heap Roots: 0.1ms
[2023-05-16T02:49:39.963+0000][6][gc,phases    ] GC(18)   Evacuate Collection Set: 27.2ms
[2023-05-16T02:49:39.963+0000][6][gc,phases    ] GC(18)   Post Evacuate Collection Set: 2.3ms
[2023-05-16T02:49:39.963+0000][6][gc,phases    ] GC(18)   Other: 0.3ms
[2023-05-16T02:49:39.963+0000][6][gc,heap      ] GC(18) Eden regions: 568->0(574)
[2023-05-16T02:49:39.963+0000][6][gc,heap      ] GC(18) Survivor regions: 46->40(77)
[2023-05-16T02:49:39.963+0000][6][gc,heap      ] GC(18) Old regions: 44->54
[2023-05-16T02:49:39.963+0000][6][gc,heap      ] GC(18) Archive regions: 2->2
[2023-05-16T02:49:39.963+0000][6][gc,heap      ] GC(18) Humongous regions: 36->27
[2023-05-16T02:49:39.963+0000][6][gc,metaspace ] GC(18) Metaspace: 96423K(104172K)->96423K(104172K) NonClass: 83786K(88428K)->83786K(88428K) Class: 12636K(15744K)->12636K(15744K)
[2023-05-16T02:49:39.963+0000][6][gc           ] GC(18) Pause Young (Normal) (G1 Evacuation Pause) 694M->120M(1024M) 30.196ms
[2023-05-16T02:49:39.963+0000][6][gc,cpu       ] GC(18) User=0.11s Sys=0.00s Real=0.03s
[2023-05-16T02:49:39.963+0000][6][safepoint    ] Safepoint "G1CollectForAllocation", Time since last: 2858824572 ns, Reaching safepoint: 168047 ns, At safepoint: 30301648 ns, Total: 30469695 ns
[2023-05-16T02:49:40.964+0000][6][safepoint    ] Safepoint "Cleanup", Time since last: 1000082439 ns, Reaching safepoint: 142701 ns, At safepoint: 6607 ns, Total: 149308 ns
[2023-05-16T02:49:42.964+0000][6][safepoint    ] Safepoint "Cleanup", Time since last: 2000198345 ns, Reaching safepoint: 155108 ns, At safepoint: 7231 ns, Total: 162339 ns
[2023-05-16T02:49:43.964+0000][6][safepoint    ] Safepoint "Cleanup", Time since last: 1000122149 ns, Reaching safepoint: 203969 ns, At safepoint: 5768 ns, Total: 209737 ns
[2023-05-16T02:49:44.965+0000][6][safepoint    ] Safepoint "Cleanup", Time since last: 1000168361 ns, Reaching safepoint: 469116 ns, At safepoint: 8562 ns, Total: 477678 ns
[2023-05-16T02:49:50.966+0000][6][safepoint    ] Safepoint "Cleanup", Time since last: 6000525997 ns, Reaching safepoint: 152718 ns, At safepoint: 6087 ns, Total: 158805 ns
[2023-05-16T02:50:00.966+0000][6][safepoint    ] Safepoint "Cleanup", Time since last: 10000694704 ns, Reaching safepoint: 155210 ns, At safepoint: 4420 ns, Total: 159630 ns
[2023-05-16T02:50:04.967+0000][6][safepoint    ] Safepoint "Cleanup", Time since last: 4000365203 ns, Reaching safepoint: 115160 ns, At safepoint: 4916 ns, Total: 120076 ns
[2023-05-16T02:50:06.967+0000][6][safepoint    ] Safepoint "Cleanup", Time since last: 2000135346 ns, Reaching safepoint: 100358 ns, At safepoint: 3902 ns, Total: 104260 ns
[2023-05-16T02:50:12.968+0000][6][safepoint    ] Safepoint "Cleanup", Time since last: 6000423904 ns, Reaching safepoint: 167132 ns, At safepoint: 6210 ns, Total: 173342 ns
[2023-05-16T02:50:13.968+0000][6][safepoint    ] Safepoint "Cleanup", Time since last: 1000109701 ns, Reaching safepoint: 163707 ns, At safepoint: 4498 ns, Total: 168205 ns
[2023-05-16T02:50:23.969+0000][6][safepoint    ] Safepoint "Cleanup", Time since last: 10000748937 ns, Reaching safepoint: 372139 ns, At safepoint: 13278 ns, Total: 385417 ns
[2023-05-16T02:50:24.970+0000][6][safepoint    ] Safepoint "Cleanup", Time since last: 1000255486 ns, Reaching safepoint: 107219 ns, At safepoint: 5015 ns, Total: 112234 ns
[2023-05-16T02:50:25.970+0000][6][safepoint    ] Safepoint "Cleanup", Time since last: 1000100480 ns, Reaching safepoint: 150883 ns, At safepoint: 5117 ns, Total: 156000 ns
[2023-05-16T02:50:26.970+0000][6][safepoint    ] Safepoint "Cleanup", Time since last: 1000119645 ns, Reaching safepoint: 241364 ns, At safepoint: 6253 ns, Total: 247617 ns
[2023-05-16T02:50:27.970+0000][6][safepoint    ] Safepoint "Cleanup", Time since last: 1000118177 ns, Reaching safepoint: 113934 ns, At safepoint: 5289 ns, Total: 119223 ns
[2023-05-16T02:50:28.971+0000][6][safepoint    ] Safepoint "Cleanup", Time since last: 1000106012 ns, Reaching safepoint: 464785 ns, At safepoint: 6757 ns, Total: 471542 ns
[2023-05-16T02:50:29.971+0000][6][safepoint    ] Safepoint "Cleanup", Time since last: 1000229379 ns, Reaching safepoint: 223858 ns, At safepoint: 3575 ns, Total: 227433 ns
[2023-05-16T02:50:30.972+0000][6][safepoint    ] Safepoint "Cleanup", Time since last: 1000101195 ns, Reaching safepoint: 119845 ns, At safepoint: 3647 ns, Total: 123492 ns
[2023-05-16T02:50:31.972+0000][6][safepoint    ] Safepoint "Cleanup", Time since last: 1000106962 ns, Reaching safepoint: 123794 ns, At safepoint: 6939 ns, Total: 130733 ns
[2023-05-16T02:50:32.972+0000][6][safepoint    ] Safepoint "Cleanup", Time since last: 1000104569 ns, Reaching safepoint: 159276 ns, At safepoint: 7549 ns, Total: 166825 ns
[2023-05-16T02:50:33.972+0000][6][safepoint    ] Safepoint "Cleanup", Time since last: 1000111053 ns, Reaching safepoint: 118512 ns, At safepoint: 7026 ns, Total: 125538 ns
[2023-05-16T02:50:34.973+0000][6][safepoint    ] Safepoint "Cleanup", Time since last: 1000100660 ns, Reaching safepoint: 134180 ns, At safepoint: 3634 ns, Total: 137814 ns
[2023-05-16T02:50:35.973+0000][6][safepoint    ] Safepoint "Cleanup", Time since last: 1000098138 ns, Reaching safepoint: 123456 ns, At safepoint: 5016 ns, Total: 128472 ns
[2023-05-16T02:50:36.973+0000][6][safepoint    ] Safepoint "Cleanup", Time since last: 1000091981 ns, Reaching safepoint: 100593 ns, At safepoint: 5305 ns, Total: 105898 ns
[2023-05-16T02:50:37.973+0000][6][safepoint    ] Safepoint "Cleanup", Time since last: 1000113734 ns, Reaching safepoint: 126253 ns, At safepoint: 4355 ns, Total: 130608 ns
[2023-05-16T02:50:38.974+0000][6][safepoint    ] Safepoint "Cleanup", Time since last: 1000142551 ns, Reaching safepoint: 844437 ns, At safepoint: 7416 ns, Total: 851853 ns
[2023-05-16T02:50:39.975+0000][6][safepoint    ] Safepoint "Cleanup", Time since last: 1000126152 ns, Reaching safepoint: 161377 ns, At safepoint: 5073 ns, Total: 166450 ns
[2023-05-16T02:50:40.975+0000][6][safepoint    ] Safepoint "Cleanup", Time since last: 1000105581 ns, Reaching safepoint: 194251 ns, At safepoint: 7191 ns, Total: 201442 ns
[2023-05-16T02:50:41.975+0000][6][safepoint    ] Safepoint "Cleanup", Time since last: 1000085886 ns, Reaching safepoint: 119907 ns, At safepoint: 3961 ns, Total: 123868 ns
[2023-05-16T02:50:42.975+0000][6][safepoint    ] Safepoint "Cleanup", Time since last: 1000108506 ns, Reaching safepoint: 137764 ns, At safepoint: 2759 ns, Total: 140523 ns
[2023-05-16T02:50:43.976+0000][6][safepoint    ] Safepoint "Cleanup", Time since last: 1000093888 ns, Reaching safepoint: 225132 ns, At safepoint: 5020 ns, Total: 230152 ns
[2023-05-16T02:50:44.977+0000][6][safepoint    ] Safepoint "Cleanup", Time since last: 1000190526 ns, Reaching safepoint: 1295655 ns, At safepoint: 40234 ns, Total: 1335889 ns
[2023-05-16T02:50:45.978+0000][6][safepoint    ] Safepoint "Cleanup", Time since last: 1000308897 ns, Reaching safepoint: 338972 ns, At safepoint: 3981 ns, Total: 342953 ns
[2023-05-16T02:50:46.978+0000][6][safepoint    ] Safepoint "Cleanup", Time since last: 1000132763 ns, Reaching safepoint: 228890 ns, At safepoint: 6403 ns, Total: 235293 ns
[2023-05-16T02:50:47.979+0000][6][safepoint    ] Safepoint "Cleanup", Time since last: 1000141993 ns, Reaching safepoint: 622848 ns, At safepoint: 7895 ns, Total: 630743 ns
[2023-05-16T02:50:48.979+0000][6][safepoint    ] Safepoint "Cleanup", Time since last: 1000159668 ns, Reaching safepoint: 121609 ns, At safepoint: 3847 ns, Total: 125456 ns
[2023-05-16T02:50:49.980+0000][6][safepoint    ] Safepoint "Cleanup", Time since last: 1000095321 ns, Reaching safepoint: 135024 ns, At safepoint: 4647 ns, Total: 139671 ns
[2023-05-16T02:50:50.980+0000][6][safepoint    ] Safepoint "Cleanup", Time since last: 1000098570 ns, Reaching safepoint: 251185 ns, At safepoint: 5923 ns, Total: 257108 ns
[2023-05-16T02:50:51.980+0000][6][safepoint    ] Safepoint "Cleanup", Time since last: 1000090023 ns, Reaching safepoint: 172801 ns, At safepoint: 6358 ns, Total: 179159 ns
[2023-05-16T02:50:52.981+0000][6][safepoint    ] Safepoint "Cleanup", Time since last: 1000112191 ns, Reaching safepoint: 186138 ns, At safepoint: 7272 ns, Total: 193410 ns
[2023-05-16T02:50:53.981+0000][6][safepoint    ] Safepoint "Cleanup", Time since last: 1000104875 ns, Reaching safepoint: 232267 ns, At safepoint: 5885 ns, Total: 238152 ns
[2023-05-16T02:50:54.981+0000][6][safepoint    ] Safepoint "Cleanup", Time since last: 1000099908 ns, Reaching safepoint: 191122 ns, At safepoint: 4972 ns, Total: 196094 ns
[2023-05-16T02:50:55.981+0000][6][safepoint    ] Safepoint "Cleanup", Time since last: 1000112474 ns, Reaching safepoint: 168619 ns, At safepoint: 5060 ns, Total: 173679 ns
[2023-05-16T02:50:56.982+0000][6][safepoint    ] Safepoint "Cleanup", Time since last: 1000141815 ns, Reaching safepoint: 667898 ns, At safepoint: 11875 ns, Total: 679773 ns
[2023-05-16T02:50:57.983+0000][6][safepoint    ] Safepoint "Cleanup", Time since last: 1000293251 ns, Reaching safepoint: 191672 ns, At safepoint: 12459 ns, Total: 204131 ns
[2023-05-16T02:50:58.983+0000][6][safepoint    ] Safepoint "Cleanup", Time since last: 1000113702 ns, Reaching safepoint: 196574 ns, At safepoint: 5669 ns, Total: 202243 ns
[2023-05-16T02:50:59.983+0000][6][safepoint    ] Safepoint "Cleanup", Time since last: 1000120505 ns, Reaching safepoint: 243912 ns, At safepoint: 4616 ns, Total: 248528 ns
[2023-05-16T02:51:00.984+0000][6][safepoint    ] Safepoint "Cleanup", Time since last: 1000095288 ns, Reaching safepoint: 287072 ns, At safepoint: 8053 ns, Total: 295125 ns
[2023-05-16T02:51:01.984+0000][6][safepoint    ] Safepoint "Cleanup", Time since last: 1000113267 ns, Reaching safepoint: 148208 ns, At safepoint: 5041 ns, Total: 153249 ns
[2023-05-16T02:51:02.985+0000][6][safepoint    ] Safepoint "Cleanup", Time since last: 1000128540 ns, Reaching safepoint: 1005820 ns, At safepoint: 16940 ns, Total: 1022760 ns
[2023-05-16T02:51:03.986+0000][6][safepoint    ] Safepoint "Cleanup", Time since last: 1000221716 ns, Reaching safepoint: 162160 ns, At safepoint: 6274 ns, Total: 168434 ns
[2023-05-16T02:51:04.986+0000][6][safepoint    ] Safepoint "Cleanup", Time since last: 1000102923 ns, Reaching safepoint: 160764 ns, At safepoint: 5941 ns, Total: 166705 ns
[2023-05-16T02:51:05.986+0000][6][safepoint    ] Safepoint "Cleanup", Time since last: 1000103344 ns, Reaching safepoint: 134617 ns, At safepoint: 3939 ns, Total: 138556 ns
[2023-05-16T02:51:06.987+0000][6][safepoint    ] Safepoint "Cleanup", Time since last: 1000130185 ns, Reaching safepoint: 450000 ns, At safepoint: 12079 ns, Total: 462079 ns
[2023-05-16T02:51:07.987+0000][6][safepoint    ] Safepoint "Cleanup", Time since last: 1000086536 ns, Reaching safepoint: 132003 ns, At safepoint: 5810 ns, Total: 137813 ns
[2023-05-16T02:51:08.987+0000][6][safepoint    ] Safepoint "Cleanup", Time since last: 1000110051 ns, Reaching safepoint: 397868 ns, At safepoint: 11280 ns, Total: 409148 ns
[2023-05-16T02:51:09.988+0000][6][safepoint    ] Safepoint "Cleanup", Time since last: 1000123904 ns, Reaching safepoint: 156904 ns, At safepoint: 4202 ns, Total: 161106 ns
[2023-05-16T02:51:10.988+0000][6][safepoint    ] Safepoint "Cleanup", Time since last: 1000093650 ns, Reaching safepoint: 156431 ns, At safepoint: 3622 ns, Total: 160053 ns
[2023-05-16T02:51:11.988+0000][6][safepoint    ] Safepoint "Cleanup", Time since last: 1000101900 ns, Reaching safepoint: 148790 ns, At safepoint: 4920 ns, Total: 153710 ns
[2023-05-16T02:51:12.989+0000][6][safepoint    ] Safepoint "Cleanup", Time since last: 1000108971 ns, Reaching safepoint: 205385 ns, At safepoint: 7969 ns, Total: 213354 ns
[2023-05-16T02:51:13.989+0000][6][safepoint    ] Safepoint "Cleanup", Time since last: 1000086515 ns, Reaching safepoint: 149794 ns, At safepoint: 6195 ns, Total: 155989 ns
[2023-05-16T02:51:14.989+0000][6][safepoint    ] Safepoint "Cleanup", Time since last: 1000101332 ns, Reaching safepoint: 218867 ns, At safepoint: 6920 ns, Total: 225787 ns
[2023-05-16T02:51:15.989+0000][6][safepoint    ] Safepoint "Cleanup", Time since last: 1000067434 ns, Reaching safepoint: 161161 ns, At safepoint: 4794 ns, Total: 165955 ns
[2023-05-16T02:51:16.990+0000][6][safepoint    ] Safepoint "Cleanup", Time since last: 1000101078 ns, Reaching safepoint: 173132 ns, At safepoint: 6930 ns, Total: 180062 ns
[2023-05-16T02:51:17.990+0000][6][safepoint    ] Safepoint "Cleanup", Time since last: 1000097597 ns, Reaching safepoint: 199716 ns, At safepoint: 4077 ns, Total: 203793 ns
[2023-05-16T02:51:18.990+0000][6][safepoint    ] Safepoint "Cleanup", Time since last: 1000099369 ns, Reaching safepoint: 126918 ns, At safepoint: 3068 ns, Total: 129986 ns
[2023-05-16T02:51:19.990+0000][6][safepoint    ] Safepoint "Cleanup", Time since last: 1000093954 ns, Reaching safepoint: 145363 ns, At safepoint: 5262 ns, Total: 150625 ns
[2023-05-16T02:51:20.991+0000][6][safepoint    ] Safepoint "Cleanup", Time since last: 1000107496 ns, Reaching safepoint: 131303 ns, At safepoint: 6636 ns, Total: 137939 ns
[2023-05-16T02:51:21.991+0000][6][safepoint    ] Safepoint "Cleanup", Time since last: 1000134128 ns, Reaching safepoint: 408903 ns, At safepoint: 21467 ns, Total: 430370 ns
[2023-05-16T02:51:25.616+0000][6][gc,start     ] GC(19) Pause Young (Normal) (G1 Evacuation Pause)
[2023-05-16T02:51:25.616+0000][6][gc,task      ] GC(19) Using 8 workers of 8 for evacuation
[2023-05-16T02:51:25.616+0000][6][gc,age       ] GC(19) Desired survivor size 40370176 bytes, new threshold 15 (max threshold 15)
[2023-05-16T02:51:25.638+0000][6][gc,age       ] GC(19) Age table with threshold 15 (max threshold 15)
[2023-05-16T02:51:25.638+0000][6][gc,age       ] GC(19) - age   1:    9057424 bytes,    9057424 total
[2023-05-16T02:51:25.638+0000][6][gc,age       ] GC(19) - age   2:    5626328 bytes,   14683752 total
[2023-05-16T02:51:25.638+0000][6][gc,age       ] GC(19) - age   3:    5717408 bytes,   20401160 total
[2023-05-16T02:51:25.638+0000][6][gc,age       ] GC(19) - age   4:    4882624 bytes,   25283784 total
[2023-05-16T02:51:25.638+0000][6][gc,age       ] GC(19) - age   5:    2545128 bytes,   27828912 total
[2023-05-16T02:51:25.638+0000][6][gc,age       ] GC(19) - age   6:     741344 bytes,   28570256 total
[2023-05-16T02:51:25.638+0000][6][gc,age       ] GC(19) - age   7:     289736 bytes,   28859992 total
[2023-05-16T02:51:25.638+0000][6][gc,age       ] GC(19) - age   8:    6569536 bytes,   35429528 total
[2023-05-16T02:51:25.638+0000][6][gc,age       ] GC(19) - age   9:    9697280 bytes,   45126808 total
[2023-05-16T02:51:25.638+0000][6][gc,phases    ] GC(19)   Pre Evacuate Collection Set: 0.2ms
[2023-05-16T02:51:25.638+0000][6][gc,phases    ] GC(19)   Merge Heap Roots: 0.2ms
[2023-05-16T02:51:25.638+0000][6][gc,phases    ] GC(19)   Evacuate Collection Set: 18.7ms
[2023-05-16T02:51:25.638+0000][6][gc,phases    ] GC(19)   Post Evacuate Collection Set: 2.3ms
[2023-05-16T02:51:25.638+0000][6][gc,phases    ] GC(19)   Other: 0.4ms
[2023-05-16T02:51:25.638+0000][6][gc,heap      ] GC(19) Eden regions: 574->0(567)
[2023-05-16T02:51:25.638+0000][6][gc,heap      ] GC(19) Survivor regions: 40->47(77)
[2023-05-16T02:51:25.638+0000][6][gc,heap      ] GC(19) Old regions: 54->54
[2023-05-16T02:51:25.638+0000][6][gc,heap      ] GC(19) Archive regions: 2->2
[2023-05-16T02:51:25.638+0000][6][gc,heap      ] GC(19) Humongous regions: 41->27
[2023-05-16T02:51:25.638+0000][6][gc,metaspace ] GC(19) Metaspace: 96562K(104172K)->96562K(104172K) NonClass: 83926K(88428K)->83926K(88428K) Class: 12636K(15744K)->12636K(15744K)
[2023-05-16T02:51:25.638+0000][6][gc           ] GC(19) Pause Young (Normal) (G1 Evacuation Pause) 708M->127M(1024M) 21.893ms
[2023-05-16T02:51:25.638+0000][6][gc,cpu       ] GC(19) User=0.08s Sys=0.00s Real=0.02s
[2023-05-16T02:51:25.638+0000][6][safepoint    ] Safepoint "G1CollectForAllocation", Time since last: 3624296424 ns, Reaching safepoint: 299043 ns, At safepoint: 22013635 ns, Total: 22312678 ns
[2023-05-16T02:51:28.638+0000][6][safepoint    ] Safepoint "Cleanup", Time since last: 3000193139 ns, Reaching safepoint: 146660 ns, At safepoint: 3682 ns, Total: 150342 ns
[2023-05-16T02:51:29.638+0000][6][safepoint    ] Safepoint "Cleanup", Time since last: 1000102618 ns, Reaching safepoint: 95107 ns, At safepoint: 3956 ns, Total: 99063 ns
[2023-05-16T02:51:32.639+0000][6][safepoint    ] Safepoint "Cleanup", Time since last: 3000297015 ns, Reaching safepoint: 128268 ns, At safepoint: 2994 ns, Total: 131262 ns
[2023-05-16T02:51:52.502+0000][6][safepoint    ] Safepoint "Cleanup", Time since last: 19862798469 ns, Reaching safepoint: 470594 ns, At safepoint: 10794 ns, Total: 481388 ns
[2023-05-16T02:51:53.503+0000][6][safepoint    ] Safepoint "Cleanup", Time since last: 1000277364 ns, Reaching safepoint: 112194 ns, At safepoint: 3223 ns, Total: 115417 ns
[2023-05-16T02:51:54.503+0000][6][safepoint    ] Safepoint "Cleanup", Time since last: 1000111860 ns, Reaching safepoint: 142741 ns, At safepoint: 5535 ns, Total: 148276 ns
[2023-05-16T02:51:55.503+0000][6][safepoint    ] Safepoint "Cleanup", Time since last: 1000110366 ns, Reaching safepoint: 142318 ns, At safepoint: 8193 ns, Total: 150511 ns
[2023-05-16T02:51:56.503+0000][6][safepoint    ] Safepoint "Cleanup", Time since last: 1000122840 ns, Reaching safepoint: 173515 ns, At safepoint: 6791 ns, Total: 180306 ns
[2023-05-16T02:51:57.504+0000][6][safepoint    ] Safepoint "Cleanup", Time since last: 1000116006 ns, Reaching safepoint: 125251 ns, At safepoint: 3386 ns, Total: 128637 ns
[2023-05-16T02:51:58.504+0000][6][safepoint    ] Safepoint "Cleanup", Time since last: 1000124850 ns, Reaching safepoint: 80076 ns, At safepoint: 3855 ns, Total: 83931 ns
[2023-05-16T02:51:59.504+0000][6][safepoint    ] Safepoint "Cleanup", Time since last: 1000119465 ns, Reaching safepoint: 133662 ns, At safepoint: 4403 ns, Total: 138065 ns
[2023-05-16T02:52:00.504+0000][6][safepoint    ] Safepoint "Cleanup", Time since last: 1000112360 ns, Reaching safepoint: 117403 ns, At safepoint: 4376 ns, Total: 121779 ns
[2023-05-16T02:52:01.505+0000][6][safepoint    ] Safepoint "Cleanup", Time since last: 1000116719 ns, Reaching safepoint: 226818 ns, At safepoint: 4218 ns, Total: 231036 ns
[2023-05-16T02:52:02.505+0000][6][safepoint    ] Safepoint "Cleanup", Time since last: 1000109574 ns, Reaching safepoint: 129241 ns, At safepoint: 9394 ns, Total: 138635 ns
[2023-05-16T02:52:03.505+0000][6][safepoint    ] Safepoint "Cleanup", Time since last: 1000114564 ns, Reaching safepoint: 180488 ns, At safepoint: 5630 ns, Total: 186118 ns
[2023-05-16T02:52:04.505+0000][6][safepoint    ] Safepoint "Cleanup", Time since last: 1000119516 ns, Reaching safepoint: 160550 ns, At safepoint: 6457 ns, Total: 167007 ns
[2023-05-16T02:52:05.506+0000][6][safepoint    ] Safepoint "Cleanup", Time since last: 1000120532 ns, Reaching safepoint: 165709 ns, At safepoint: 8642 ns, Total: 174351 ns
[2023-05-16T02:52:06.506+0000][6][safepoint    ] Safepoint "Cleanup", Time since last: 1000115880 ns, Reaching safepoint: 116316 ns, At safepoint: 4079 ns, Total: 120395 ns
[2023-05-16T02:52:07.506+0000][6][safepoint    ] Safepoint "Cleanup", Time since last: 1000107485 ns, Reaching safepoint: 103475 ns, At safepoint: 5847 ns, Total: 109322 ns
[2023-05-16T02:52:08.506+0000][6][safepoint    ] Safepoint "Cleanup", Time since last: 1000126267 ns, Reaching safepoint: 101898 ns, At safepoint: 6229 ns, Total: 108127 ns
[2023-05-16T02:52:09.507+0000][6][safepoint    ] Safepoint "Cleanup", Time since last: 1000102897 ns, Reaching safepoint: 106491 ns, At safepoint: 3455 ns, Total: 109946 ns
[2023-05-16T02:52:10.507+0000][6][safepoint    ] Safepoint "Cleanup", Time since last: 1000103448 ns, Reaching safepoint: 100883 ns, At safepoint: 3623 ns, Total: 104506 ns
[2023-05-16T02:52:11.507+0000][6][safepoint    ] Safepoint "Cleanup", Time since last: 1000149598 ns, Reaching safepoint: 319633 ns, At safepoint: 17484 ns, Total: 337117 ns
[2023-05-16T02:52:12.508+0000][6][safepoint    ] Safepoint "Cleanup", Time since last: 1000190303 ns, Reaching safepoint: 111644 ns, At safepoint: 5893 ns, Total: 117537 ns
[2023-05-16T02:52:13.508+0000][6][safepoint    ] Safepoint "Cleanup", Time since last: 1000106250 ns, Reaching safepoint: 122987 ns, At safepoint: 7800 ns, Total: 130787 ns
[2023-05-16T02:52:14.508+0000][6][safepoint    ] Safepoint "Cleanup", Time since last: 1000105303 ns, Reaching safepoint: 101246 ns, At safepoint: 5143 ns, Total: 106389 ns
[2023-05-16T02:52:15.508+0000][6][safepoint    ] Safepoint "Cleanup", Time since last: 1000107607 ns, Reaching safepoint: 126902 ns, At safepoint: 4237 ns, Total: 131139 ns
[2023-05-16T02:52:16.509+0000][6][safepoint    ] Safepoint "Cleanup", Time since last: 1000114202 ns, Reaching safepoint: 136525 ns, At safepoint: 3940 ns, Total: 140465 ns
[2023-05-16T02:52:17.509+0000][6][safepoint    ] Safepoint "Cleanup", Time since last: 1000108291 ns, Reaching safepoint: 86253 ns, At safepoint: 5605 ns, Total: 91858 ns
[2023-05-16T02:52:18.509+0000][6][safepoint    ] Safepoint "Cleanup", Time since last: 1000055385 ns, Reaching safepoint: 106119 ns, At safepoint: 3798 ns, Total: 109917 ns
[2023-05-16T02:52:19.509+0000][6][safepoint    ] Safepoint "Cleanup", Time since last: 1000098773 ns, Reaching safepoint: 169469 ns, At safepoint: 4277 ns, Total: 173746 ns
[2023-05-16T02:52:20.509+0000][6][safepoint    ] Safepoint "Cleanup", Time since last: 1000103178 ns, Reaching safepoint: 103570 ns, At safepoint: 7086 ns, Total: 110656 ns
[2023-05-16T02:52:21.510+0000][6][safepoint    ] Safepoint "Cleanup", Time since last: 1000119420 ns, Reaching safepoint: 170936 ns, At safepoint: 5989 ns, Total: 176925 ns
[2023-05-16T02:52:22.510+0000][6][safepoint    ] Safepoint "Cleanup", Time since last: 1000104254 ns, Reaching safepoint: 128441 ns, At safepoint: 4475 ns, Total: 132916 ns
[2023-05-16T02:52:23.510+0000][6][safepoint    ] Safepoint "Cleanup", Time since last: 1000100836 ns, Reaching safepoint: 145292 ns, At safepoint: 6508 ns, Total: 151800 ns
[2023-05-16T02:52:24.511+0000][6][safepoint    ] Safepoint "Cleanup", Time since last: 1000114980 ns, Reaching safepoint: 128413 ns, At safepoint: 7615 ns, Total: 136028 ns
[2023-05-16T02:52:25.511+0000][6][safepoint    ] Safepoint "Cleanup", Time since last: 1000085150 ns, Reaching safepoint: 132155 ns, At safepoint: 6896 ns, Total: 139051 ns
[2023-05-16T02:52:26.511+0000][6][safepoint    ] Safepoint "Cleanup", Time since last: 1000119163 ns, Reaching safepoint: 226166 ns, At safepoint: 5154 ns, Total: 231320 ns
[2023-05-16T02:52:27.511+0000][6][safepoint    ] Safepoint "Cleanup", Time since last: 1000112508 ns, Reaching safepoint: 130442 ns, At safepoint: 10200 ns, Total: 140642 ns
[2023-05-16T02:52:28.512+0000][6][safepoint    ] Safepoint "Cleanup", Time since last: 1000130108 ns, Reaching safepoint: 112363 ns, At safepoint: 3409 ns, Total: 115772 ns
[2023-05-16T02:52:29.512+0000][6][safepoint    ] Safepoint "Cleanup", Time since last: 1000088533 ns, Reaching safepoint: 76532 ns, At safepoint: 3137 ns, Total: 79669 ns
[2023-05-16T02:52:30.512+0000][6][safepoint    ] Safepoint "Cleanup", Time since last: 1000096962 ns, Reaching safepoint: 103057 ns, At safepoint: 4684 ns, Total: 107741 ns
[2023-05-16T02:52:31.512+0000][6][safepoint    ] Safepoint "Cleanup", Time since last: 1000097843 ns, Reaching safepoint: 140908 ns, At safepoint: 7556 ns, Total: 148464 ns
[2023-05-16T02:52:32.512+0000][6][safepoint    ] Safepoint "Cleanup", Time since last: 1000126903 ns, Reaching safepoint: 148472 ns, At safepoint: 4087 ns, Total: 152559 ns
[2023-05-16T02:52:33.513+0000][6][safepoint    ] Safepoint "Cleanup", Time since last: 1000108475 ns, Reaching safepoint: 117559 ns, At safepoint: 3773 ns, Total: 121332 ns
[2023-05-16T02:52:34.513+0000][6][safepoint    ] Safepoint "Cleanup", Time since last: 1000110003 ns, Reaching safepoint: 89549 ns, At safepoint: 7936 ns, Total: 97485 ns
[2023-05-16T02:52:35.513+0000][6][safepoint    ] Safepoint "Cleanup", Time since last: 1000125155 ns, Reaching safepoint: 203817 ns, At safepoint: 7246 ns, Total: 211063 ns
[2023-05-16T02:52:36.514+0000][6][safepoint    ] Safepoint "Cleanup", Time since last: 1000156019 ns, Reaching safepoint: 144396 ns, At safepoint: 4430 ns, Total: 148826 ns
[2023-05-16T02:52:37.514+0000][6][safepoint    ] Safepoint "Cleanup", Time since last: 1000105292 ns, Reaching safepoint: 111694 ns, At safepoint: 5768 ns, Total: 117462 ns
[2023-05-16T02:52:38.514+0000][6][safepoint    ] Safepoint "Cleanup", Time since last: 1000115000 ns, Reaching safepoint: 108839 ns, At safepoint: 4756 ns, Total: 113595 ns
[2023-05-16T02:52:39.514+0000][6][safepoint    ] Safepoint "Cleanup", Time since last: 1000112539 ns, Reaching safepoint: 167112 ns, At safepoint: 4423 ns, Total: 171535 ns
[2023-05-16T02:52:40.515+0000][6][safepoint    ] Safepoint "Cleanup", Time since last: 1000114151 ns, Reaching safepoint: 125499 ns, At safepoint: 4649 ns, Total: 130148 ns
[2023-05-16T02:52:41.515+0000][6][safepoint    ] Safepoint "Cleanup", Time since last: 1000116197 ns, Reaching safepoint: 122753 ns, At safepoint: 4577 ns, Total: 127330 ns
[2023-05-16T02:52:42.515+0000][6][safepoint    ] Safepoint "Cleanup", Time since last: 1000112444 ns, Reaching safepoint: 93809 ns, At safepoint: 4166 ns, Total: 97975 ns
[2023-05-16T02:52:44.030+0000][6][safepoint    ] Safepoint "Cleanup", Time since last: 1515115761 ns, Reaching safepoint: 155886 ns, At safepoint: 3649 ns, Total: 159535 ns
[2023-05-16T02:52:45.030+0000][6][safepoint    ] Safepoint "Cleanup", Time since last: 1000102757 ns, Reaching safepoint: 118673 ns, At safepoint: 5219 ns, Total: 123892 ns
[2023-05-16T02:52:46.031+0000][6][safepoint    ] Safepoint "Cleanup", Time since last: 1000110420 ns, Reaching safepoint: 117348 ns, At safepoint: 4920 ns, Total: 122268 ns
[2023-05-16T02:52:47.031+0000][6][safepoint    ] Safepoint "Cleanup", Time since last: 1000114045 ns, Reaching safepoint: 134180 ns, At safepoint: 5318 ns, Total: 139498 ns
[2023-05-16T02:52:48.031+0000][6][safepoint    ] Safepoint "Cleanup", Time since last: 1000146698 ns, Reaching safepoint: 332112 ns, At safepoint: 8056 ns, Total: 340168 ns
[2023-05-16T02:52:49.032+0000][6][safepoint    ] Safepoint "Cleanup", Time since last: 1000196749 ns, Reaching safepoint: 261738 ns, At safepoint: 11012 ns, Total: 272750 ns
[2023-05-16T02:52:50.032+0000][6][safepoint    ] Safepoint "Cleanup", Time since last: 1000103018 ns, Reaching safepoint: 122328 ns, At safepoint: 4888 ns, Total: 127216 ns
[2023-05-16T02:52:51.032+0000][6][safepoint    ] Safepoint "Cleanup", Time since last: 1000069434 ns, Reaching safepoint: 125359 ns, At safepoint: 3683 ns, Total: 129042 ns
[2023-05-16T02:52:52.033+0000][6][safepoint    ] Safepoint "Cleanup", Time since last: 1000143063 ns, Reaching safepoint: 210956 ns, At safepoint: 4848 ns, Total: 215804 ns
[2023-05-16T02:52:53.033+0000][6][safepoint    ] Safepoint "Cleanup", Time since last: 1000131683 ns, Reaching safepoint: 245663 ns, At safepoint: 6475 ns, Total: 252138 ns
[2023-05-16T02:52:54.033+0000][6][safepoint    ] Safepoint "Cleanup", Time since last: 1000120453 ns, Reaching safepoint: 188510 ns, At safepoint: 5946 ns, Total: 194456 ns
[2023-05-16T02:52:55.034+0000][6][safepoint    ] Safepoint "Cleanup", Time since last: 1000109721 ns, Reaching safepoint: 108010 ns, At safepoint: 3002 ns, Total: 111012 ns
[2023-05-16T02:52:56.034+0000][6][safepoint    ] Safepoint "Cleanup", Time since last: 1000101576 ns, Reaching safepoint: 99196 ns, At safepoint: 4127 ns, Total: 103323 ns
[2023-05-16T02:52:57.034+0000][6][safepoint    ] Safepoint "Cleanup", Time since last: 1000078089 ns, Reaching safepoint: 148564 ns, At safepoint: 4755 ns, Total: 153319 ns
[2023-05-16T02:52:58.034+0000][6][safepoint    ] Safepoint "Cleanup", Time since last: 1000115472 ns, Reaching safepoint: 103491 ns, At safepoint: 3890 ns, Total: 107381 ns
[2023-05-16T02:52:59.035+0000][6][safepoint    ] Safepoint "Cleanup", Time since last: 1000107677 ns, Reaching safepoint: 90210 ns, At safepoint: 5396 ns, Total: 95606 ns
[2023-05-16T02:53:00.035+0000][6][safepoint    ] Safepoint "Cleanup", Time since last: 1000061009 ns, Reaching safepoint: 109538 ns, At safepoint: 5991 ns, Total: 115529 ns
[2023-05-16T02:53:01.035+0000][6][safepoint    ] Safepoint "Cleanup", Time since last: 1000107702 ns, Reaching safepoint: 133389 ns, At safepoint: 6975 ns, Total: 140364 ns
[2023-05-16T02:53:02.035+0000][6][safepoint    ] Safepoint "Cleanup", Time since last: 1000116524 ns, Reaching safepoint: 143701 ns, At safepoint: 6739 ns, Total: 150440 ns
[2023-05-16T02:53:03.036+0000][6][safepoint    ] Safepoint "Cleanup", Time since last: 1000140618 ns, Reaching safepoint: 298797 ns, At safepoint: 7874 ns, Total: 306671 ns
[2023-05-16T02:53:04.036+0000][6][safepoint    ] Safepoint "Cleanup", Time since last: 1000140508 ns, Reaching safepoint: 132097 ns, At safepoint: 4635 ns, Total: 136732 ns
[2023-05-16T02:53:05.037+0000][6][safepoint    ] Safepoint "Cleanup", Time since last: 1000177744 ns, Reaching safepoint: 850115 ns, At safepoint: 32492 ns, Total: 882607 ns
[2023-05-16T02:53:06.038+0000][6][safepoint    ] Safepoint "Cleanup", Time since last: 1000308234 ns, Reaching safepoint: 214612 ns, At safepoint: 6093 ns, Total: 220705 ns
[2023-05-16T02:53:07.038+0000][6][safepoint    ] Safepoint "Cleanup", Time since last: 1000169119 ns, Reaching safepoint: 582322 ns, At safepoint: 4642 ns, Total: 586964 ns
[2023-05-16T02:53:08.039+0000][6][safepoint    ] Safepoint "Cleanup", Time since last: 1000277637 ns, Reaching safepoint: 500936 ns, At safepoint: 14694 ns, Total: 515630 ns
[2023-05-16T02:53:09.039+0000][6][safepoint    ] Safepoint "Cleanup", Time since last: 1000213712 ns, Reaching safepoint: 208247 ns, At safepoint: 8246 ns, Total: 216493 ns
[2023-05-16T02:53:10.040+0000][6][safepoint    ] Safepoint "Cleanup", Time since last: 1000108283 ns, Reaching safepoint: 119898 ns, At safepoint: 4687 ns, Total: 124585 ns
[2023-05-16T02:53:11.040+0000][6][safepoint    ] Safepoint "Cleanup", Time since last: 1000166213 ns, Reaching safepoint: 223992 ns, At safepoint: 4815 ns, Total: 228807 ns
[2023-05-16T02:53:12.040+0000][6][safepoint    ] Safepoint "Cleanup", Time since last: 1000139228 ns, Reaching safepoint: 117311 ns, At safepoint: 5407 ns, Total: 122718 ns
[2023-05-16T02:53:13.041+0000][6][safepoint    ] Safepoint "Cleanup", Time since last: 1000143487 ns, Reaching safepoint: 423387 ns, At safepoint: 6099 ns, Total: 429486 ns
[2023-05-16T02:53:14.041+0000][6][safepoint    ] Safepoint "Cleanup", Time since last: 1000128436 ns, Reaching safepoint: 106888 ns, At safepoint: 4555 ns, Total: 111443 ns
[2023-05-16T02:53:15.041+0000][6][safepoint    ] Safepoint "Cleanup", Time since last: 1000056999 ns, Reaching safepoint: 124331 ns, At safepoint: 3397 ns, Total: 127728 ns
[2023-05-16T02:53:16.042+0000][6][safepoint    ] Safepoint "Cleanup", Time since last: 1000114657 ns, Reaching safepoint: 93603 ns, At safepoint: 4671 ns, Total: 98274 ns
[2023-05-16T02:53:17.042+0000][6][safepoint    ] Safepoint "Cleanup", Time since last: 1000101171 ns, Reaching safepoint: 124390 ns, At safepoint: 4387 ns, Total: 128777 ns
[2023-05-16T02:53:18.042+0000][6][safepoint    ] Safepoint "Cleanup", Time since last: 1000095692 ns, Reaching safepoint: 83681 ns, At safepoint: 6035 ns, Total: 89716 ns
[2023-05-16T02:53:18.703+0000][6][gc,start     ] GC(20) Pause Young (Normal) (G1 Evacuation Pause)
[2023-05-16T02:53:18.703+0000][6][gc,task      ] GC(20) Using 8 workers of 8 for evacuation
[2023-05-16T02:53:18.703+0000][6][gc,age       ] GC(20) Desired survivor size 40370176 bytes, new threshold 9 (max threshold 15)
[2023-05-16T02:53:18.727+0000][6][gc,age       ] GC(20) Age table with threshold 9 (max threshold 15)
[2023-05-16T02:53:18.727+0000][6][gc,age       ] GC(20) - age   1:    9234144 bytes,    9234144 total
[2023-05-16T02:53:18.727+0000][6][gc,age       ] GC(20) - age   2:    5959512 bytes,   15193656 total
[2023-05-16T02:53:18.727+0000][6][gc,age       ] GC(20) - age   3:    5618104 bytes,   20811760 total
[2023-05-16T02:53:18.727+0000][6][gc,age       ] GC(20) - age   4:    5717408 bytes,   26529168 total
[2023-05-16T02:53:18.727+0000][6][gc,age       ] GC(20) - age   5:    4882624 bytes,   31411792 total
[2023-05-16T02:53:18.727+0000][6][gc,age       ] GC(20) - age   6:    2545128 bytes,   33956920 total
[2023-05-16T02:53:18.727+0000][6][gc,age       ] GC(20) - age   7:     741344 bytes,   34698264 total
[2023-05-16T02:53:18.727+0000][6][gc,age       ] GC(20) - age   8:     289736 bytes,   34988000 total
[2023-05-16T02:53:18.727+0000][6][gc,age       ] GC(20) - age   9:    6452744 bytes,   41440744 total
[2023-05-16T02:53:18.727+0000][6][gc,phases    ] GC(20)   Pre Evacuate Collection Set: 0.1ms
[2023-05-16T02:53:18.727+0000][6][gc,phases    ] GC(20)   Merge Heap Roots: 0.1ms
[2023-05-16T02:53:18.727+0000][6][gc,phases    ] GC(20)   Evacuate Collection Set: 21.7ms
[2023-05-16T02:53:18.727+0000][6][gc,phases    ] GC(20)   Post Evacuate Collection Set: 1.7ms
[2023-05-16T02:53:18.727+0000][6][gc,phases    ] GC(20)   Other: 0.3ms
[2023-05-16T02:53:18.727+0000][6][gc,heap      ] GC(20) Eden regions: 567->0(570)
[2023-05-16T02:53:18.727+0000][6][gc,heap      ] GC(20) Survivor regions: 47->44(77)
[2023-05-16T02:53:18.727+0000][6][gc,heap      ] GC(20) Old regions: 54->63
[2023-05-16T02:53:18.727+0000][6][gc,heap      ] GC(20) Archive regions: 2->2
[2023-05-16T02:53:18.727+0000][6][gc,heap      ] GC(20) Humongous regions: 38->29
[2023-05-16T02:53:18.727+0000][6][gc,metaspace ] GC(20) Metaspace: 96652K(104172K)->96652K(104172K) NonClass: 84015K(88428K)->84015K(88428K) Class: 12636K(15744K)->12636K(15744K)
[2023-05-16T02:53:18.727+0000][6][gc           ] GC(20) Pause Young (Normal) (G1 Evacuation Pause) 705M->136M(1024M) 23.988ms
[2023-05-16T02:53:18.727+0000][6][gc,cpu       ] GC(20) User=0.09s Sys=0.00s Real=0.02s
[2023-05-16T02:53:18.727+0000][6][safepoint    ] Safepoint "G1CollectForAllocation", Time since last: 661101762 ns, Reaching safepoint: 178799 ns, At safepoint: 24094288 ns, Total: 24273087 ns
[2023-05-16T02:53:19.728+0000][6][safepoint    ] Safepoint "Cleanup", Time since last: 1000079306 ns, Reaching safepoint: 118259 ns, At safepoint: 3872 ns, Total: 122131 ns
[2023-05-16T02:53:20.728+0000][6][safepoint    ] Safepoint "Cleanup", Time since last: 1000139271 ns, Reaching safepoint: 404943 ns, At safepoint: 13745 ns, Total: 418688 ns
[2023-05-16T02:53:21.729+0000][6][safepoint    ] Safepoint "Cleanup", Time since last: 1000276548 ns, Reaching safepoint: 176915 ns, At safepoint: 10008 ns, Total: 186923 ns
[2023-05-16T02:53:22.729+0000][6][safepoint    ] Safepoint "Cleanup", Time since last: 1000213052 ns, Reaching safepoint: 93779 ns, At safepoint: 4042 ns, Total: 97821 ns
[2023-05-16T02:53:23.729+0000][6][safepoint    ] Safepoint "Cleanup", Time since last: 1000103074 ns, Reaching safepoint: 146582 ns, At safepoint: 4734 ns, Total: 151316 ns
[2023-05-16T02:53:24.729+0000][6][safepoint    ] Safepoint "Cleanup", Time since last: 1000083574 ns, Reaching safepoint: 132337 ns, At safepoint: 3485 ns, Total: 135822 ns
[2023-05-16T02:53:25.730+0000][6][safepoint    ] Safepoint "Cleanup", Time since last: 1000112705 ns, Reaching safepoint: 188657 ns, At safepoint: 8072 ns, Total: 196729 ns
[2023-05-16T02:53:26.730+0000][6][safepoint    ] Safepoint "Cleanup", Time since last: 1000149193 ns, Reaching safepoint: 101226 ns, At safepoint: 5134 ns, Total: 106360 ns
[2023-05-16T02:53:27.730+0000][6][safepoint    ] Safepoint "Cleanup", Time since last: 1000114006 ns, Reaching safepoint: 129715 ns, At safepoint: 6552 ns, Total: 136267 ns
[2023-05-16T02:53:28.730+0000][6][safepoint    ] Safepoint "Cleanup", Time since last: 1000071151 ns, Reaching safepoint: 110187 ns, At safepoint: 3553 ns, Total: 113740 ns
[2023-05-16T02:53:29.731+0000][6][safepoint    ] Safepoint "Cleanup", Time since last: 1000171535 ns, Reaching safepoint: 795757 ns, At safepoint: 18136 ns, Total: 813893 ns
[2023-05-16T02:53:30.732+0000][6][safepoint    ] Safepoint "Cleanup", Time since last: 1000314134 ns, Reaching safepoint: 225017 ns, At safepoint: 6708 ns, Total: 231725 ns
[2023-05-16T02:53:31.732+0000][6][safepoint    ] Safepoint "Cleanup", Time since last: 1000099633 ns, Reaching safepoint: 135902 ns, At safepoint: 5749 ns, Total: 141651 ns
[2023-05-16T02:53:32.732+0000][6][safepoint    ] Safepoint "Cleanup", Time since last: 1000081910 ns, Reaching safepoint: 85524 ns, At safepoint: 2526 ns, Total: 88050 ns
[2023-05-16T02:53:33.733+0000][6][safepoint    ] Safepoint "Cleanup", Time since last: 1000123994 ns, Reaching safepoint: 327632 ns, At safepoint: 6338 ns, Total: 333970 ns
[2023-05-16T02:53:34.733+0000][6][safepoint    ] Safepoint "Cleanup", Time since last: 1000307802 ns, Reaching safepoint: 318933 ns, At safepoint: 6402 ns, Total: 325335 ns
[2023-05-16T02:53:35.734+0000][6][safepoint    ] Safepoint "Cleanup", Time since last: 1000302811 ns, Reaching safepoint: 670858 ns, At safepoint: 9053 ns, Total: 679911 ns
[2023-05-16T02:53:36.735+0000][6][safepoint    ] Safepoint "Cleanup", Time since last: 1000310124 ns, Reaching safepoint: 230723 ns, At safepoint: 6681 ns, Total: 237404 ns
[2023-05-16T02:53:37.736+0000][6][safepoint    ] Safepoint "Cleanup", Time since last: 1000178300 ns, Reaching safepoint: 514183 ns, At safepoint: 12587 ns, Total: 526770 ns
[2023-05-16T02:53:38.736+0000][6][safepoint    ] Safepoint "Cleanup", Time since last: 1000192390 ns, Reaching safepoint: 131392 ns, At safepoint: 6867 ns, Total: 138259 ns
[2023-05-16T02:53:39.737+0000][6][safepoint    ] Safepoint "Cleanup", Time since last: 1000207016 ns, Reaching safepoint: 694379 ns, At safepoint: 9926 ns, Total: 704305 ns
[2023-05-16T02:53:41.715+0000][6][safepoint    ] Safepoint "Cleanup", Time since last: 1977457168 ns, Reaching safepoint: 567762 ns, At safepoint: 14610 ns, Total: 582372 ns
[2023-05-16T02:53:42.716+0000][6][safepoint    ] Safepoint "Cleanup", Time since last: 1000397477 ns, Reaching safepoint: 463569 ns, At safepoint: 11522 ns, Total: 475091 ns
[2023-05-16T02:53:43.716+0000][6][safepoint    ] Safepoint "Cleanup", Time since last: 1000252020 ns, Reaching safepoint: 122256 ns, At safepoint: 5586 ns, Total: 127842 ns
[2023-05-16T02:53:44.716+0000][6][safepoint    ] Safepoint "Cleanup", Time since last: 1000102220 ns, Reaching safepoint: 82499 ns, At safepoint: 5972 ns, Total: 88471 ns
[2023-05-16T02:53:45.717+0000][6][safepoint    ] Safepoint "Cleanup", Time since last: 1000106768 ns, Reaching safepoint: 108565 ns, At safepoint: 5882 ns, Total: 114447 ns
[2023-05-16T02:53:46.717+0000][6][safepoint    ] Safepoint "Cleanup", Time since last: 1000188596 ns, Reaching safepoint: 471760 ns, At safepoint: 12285 ns, Total: 484045 ns
[2023-05-16T02:53:47.718+0000][6][safepoint    ] Safepoint "Cleanup", Time since last: 1000256646 ns, Reaching safepoint: 262662 ns, At safepoint: 6687 ns, Total: 269349 ns
[2023-05-16T02:53:48.718+0000][6][safepoint    ] Safepoint "Cleanup", Time since last: 1000158303 ns, Reaching safepoint: 139120 ns, At safepoint: 3657 ns, Total: 142777 ns
[2023-05-16T02:53:49.718+0000][6][safepoint    ] Safepoint "Cleanup", Time since last: 1000112085 ns, Reaching safepoint: 113901 ns, At safepoint: 4014 ns, Total: 117915 ns
[2023-05-16T02:53:50.719+0000][6][safepoint    ] Safepoint "Cleanup", Time since last: 1000172306 ns, Reaching safepoint: 441356 ns, At safepoint: 20071 ns, Total: 461427 ns
[2023-05-16T02:53:51.719+0000][6][safepoint    ] Safepoint "Cleanup", Time since last: 1000254753 ns, Reaching safepoint: 135898 ns, At safepoint: 5394 ns, Total: 141292 ns
[2023-05-16T02:53:52.720+0000][6][safepoint    ] Safepoint "Cleanup", Time since last: 1000165476 ns, Reaching safepoint: 734888 ns, At safepoint: 11284 ns, Total: 746172 ns
[2023-05-16T02:53:53.721+0000][6][safepoint    ] Safepoint "Cleanup", Time since last: 1000424316 ns, Reaching safepoint: 143606 ns, At safepoint: 7743 ns, Total: 151349 ns
[2023-05-16T02:53:54.721+0000][6][safepoint    ] Safepoint "Cleanup", Time since last: 1000121888 ns, Reaching safepoint: 137424 ns, At safepoint: 7187 ns, Total: 144611 ns
[2023-05-16T02:53:55.721+0000][6][safepoint    ] Safepoint "Cleanup", Time since last: 1000113849 ns, Reaching safepoint: 124684 ns, At safepoint: 3986 ns, Total: 128670 ns
[2023-05-16T02:53:56.722+0000][6][safepoint    ] Safepoint "Cleanup", Time since last: 1000107894 ns, Reaching safepoint: 119226 ns, At safepoint: 6555 ns, Total: 125781 ns
[2023-05-16T02:53:57.722+0000][6][safepoint    ] Safepoint "Cleanup", Time since last: 1000104317 ns, Reaching safepoint: 104743 ns, At safepoint: 4924 ns, Total: 109667 ns
[2023-05-16T02:53:58.722+0000][6][safepoint    ] Safepoint "Cleanup", Time since last: 1000100030 ns, Reaching safepoint: 81178 ns, At safepoint: 4088 ns, Total: 85266 ns
[2023-05-16T02:53:59.722+0000][6][safepoint    ] Safepoint "Cleanup", Time since last: 1000101055 ns, Reaching safepoint: 126597 ns, At safepoint: 6142 ns, Total: 132739 ns
[2023-05-16T02:54:00.722+0000][6][safepoint    ] Safepoint "Cleanup", Time since last: 1000152053 ns, Reaching safepoint: 88465 ns, At safepoint: 3953 ns, Total: 92418 ns
[2023-05-16T02:54:01.723+0000][6][safepoint    ] Safepoint "Cleanup", Time since last: 1000101887 ns, Reaching safepoint: 102039 ns, At safepoint: 3651 ns, Total: 105690 ns
[2023-05-16T02:54:02.723+0000][6][safepoint    ] Safepoint "Cleanup", Time since last: 1000105190 ns, Reaching safepoint: 103901 ns, At safepoint: 5001 ns, Total: 108902 ns
[2023-05-16T02:54:03.723+0000][6][safepoint    ] Safepoint "Cleanup", Time since last: 1000126621 ns, Reaching safepoint: 242543 ns, At safepoint: 5345 ns, Total: 247888 ns
[2023-05-16T02:54:04.725+0000][6][safepoint    ] Safepoint "Cleanup", Time since last: 1000201176 ns, Reaching safepoint: 1324858 ns, At safepoint: 40397 ns, Total: 1365255 ns
[2023-05-16T02:54:05.726+0000][6][safepoint    ] Safepoint "Cleanup", Time since last: 1000305664 ns, Reaching safepoint: 479504 ns, At safepoint: 10391 ns, Total: 489895 ns
[2023-05-16T02:54:06.727+0000][6][safepoint    ] Safepoint "Cleanup", Time since last: 1000261275 ns, Reaching safepoint: 569782 ns, At safepoint: 12427 ns, Total: 582209 ns
[2023-05-16T02:54:07.727+0000][6][safepoint    ] Safepoint "Cleanup", Time since last: 1000240676 ns, Reaching safepoint: 498758 ns, At safepoint: 12482 ns, Total: 511240 ns
[2023-05-16T02:54:08.728+0000][6][safepoint    ] Safepoint "Cleanup", Time since last: 1000338578 ns, Reaching safepoint: 129769 ns, At safepoint: 3471 ns, Total: 133240 ns
[2023-05-16T02:54:09.728+0000][6][safepoint    ] Safepoint "Cleanup", Time since last: 1000194082 ns, Reaching safepoint: 308770 ns, At safepoint: 4706 ns, Total: 313476 ns
[2023-05-16T02:54:10.728+0000][6][safepoint    ] Safepoint "Cleanup", Time since last: 1000126833 ns, Reaching safepoint: 82960 ns, At safepoint: 4394 ns, Total: 87354 ns
[2023-05-16T02:54:11.729+0000][6][safepoint    ] Safepoint "Cleanup", Time since last: 1000109365 ns, Reaching safepoint: 107922 ns, At safepoint: 4061 ns, Total: 111983 ns
[2023-05-16T02:54:12.729+0000][6][safepoint    ] Safepoint "Cleanup", Time since last: 1000169593 ns, Reaching safepoint: 406333 ns, At safepoint: 8300 ns, Total: 414633 ns
[2023-05-16T02:54:13.730+0000][6][safepoint    ] Safepoint "Cleanup", Time since last: 1000247632 ns, Reaching safepoint: 473887 ns, At safepoint: 16738 ns, Total: 490625 ns
[2023-05-16T02:54:14.730+0000][6][safepoint    ] Safepoint "Cleanup", Time since last: 1000284416 ns, Reaching safepoint: 179028 ns, At safepoint: 6358 ns, Total: 185386 ns
[2023-05-16T02:54:15.731+0000][6][safepoint    ] Safepoint "Cleanup", Time since last: 1000121480 ns, Reaching safepoint: 114900 ns, At safepoint: 4677 ns, Total: 119577 ns
[2023-05-16T02:54:16.732+0000][6][safepoint    ] Safepoint "Cleanup", Time since last: 1000173598 ns, Reaching safepoint: 650191 ns, At safepoint: 12562 ns, Total: 662753 ns
[2023-05-16T02:54:17.732+0000][6][safepoint    ] Safepoint "Cleanup", Time since last: 1000352157 ns, Reaching safepoint: 412200 ns, At safepoint: 12800 ns, Total: 425000 ns
[2023-05-16T02:54:18.733+0000][6][safepoint    ] Safepoint "Cleanup", Time since last: 1000271969 ns, Reaching safepoint: 108811 ns, At safepoint: 5477 ns, Total: 114288 ns
[2023-05-16T02:54:19.733+0000][6][safepoint    ] Safepoint "Cleanup", Time since last: 1000110019 ns, Reaching safepoint: 115806 ns, At safepoint: 4800 ns, Total: 120606 ns
[2023-05-16T02:54:20.733+0000][6][safepoint    ] Safepoint "Cleanup", Time since last: 1000114402 ns, Reaching safepoint: 99590 ns, At safepoint: 3429 ns, Total: 103019 ns
[2023-05-16T02:54:21.734+0000][6][safepoint    ] Safepoint "Cleanup", Time since last: 1000166316 ns, Reaching safepoint: 600677 ns, At safepoint: 14373 ns, Total: 615050 ns
[2023-05-16T02:54:22.735+0000][6][safepoint    ] Safepoint "Cleanup", Time since last: 1000282429 ns, Reaching safepoint: 414653 ns, At safepoint: 9213 ns, Total: 423866 ns
[2023-05-16T02:54:23.735+0000][6][safepoint    ] Safepoint "Cleanup", Time since last: 1000258406 ns, Reaching safepoint: 82388 ns, At safepoint: 4823 ns, Total: 87211 ns
[2023-05-16T02:54:24.736+0000][6][safepoint    ] Safepoint "Cleanup", Time since last: 1000146639 ns, Reaching safepoint: 478641 ns, At safepoint: 13183 ns, Total: 491824 ns
[2023-05-16T02:54:25.736+0000][6][safepoint    ] Safepoint "Cleanup", Time since last: 1000296940 ns, Reaching safepoint: 455399 ns, At safepoint: 13124 ns, Total: 468523 ns
[2023-05-16T02:54:26.737+0000][6][safepoint    ] Safepoint "Cleanup", Time since last: 1000358197 ns, Reaching safepoint: 121529 ns, At safepoint: 5720 ns, Total: 127249 ns
[2023-05-16T02:54:27.737+0000][6][safepoint    ] Safepoint "Cleanup", Time since last: 1000108206 ns, Reaching safepoint: 425195 ns, At safepoint: 8752 ns, Total: 433947 ns
[2023-05-16T02:54:28.738+0000][6][safepoint    ] Safepoint "Cleanup", Time since last: 1000216987 ns, Reaching safepoint: 90120 ns, At safepoint: 5534 ns, Total: 95654 ns
[2023-05-16T02:54:29.738+0000][6][safepoint    ] Safepoint "Cleanup", Time since last: 1000125654 ns, Reaching safepoint: 338843 ns, At safepoint: 8218 ns, Total: 347061 ns
[2023-05-16T02:54:30.739+0000][6][safepoint    ] Safepoint "Cleanup", Time since last: 1000239542 ns, Reaching safepoint: 102719 ns, At safepoint: 3828 ns, Total: 106547 ns
[2023-05-16T02:54:31.739+0000][6][safepoint    ] Safepoint "Cleanup", Time since last: 1000178650 ns, Reaching safepoint: 460759 ns, At safepoint: 14384 ns, Total: 475143 ns
[2023-05-16T02:54:32.740+0000][6][safepoint    ] Safepoint "Cleanup", Time since last: 1000361182 ns, Reaching safepoint: 651970 ns, At safepoint: 12793 ns, Total: 664763 ns
[2023-05-16T02:54:33.741+0000][6][safepoint    ] Safepoint "Cleanup", Time since last: 1000323859 ns, Reaching safepoint: 424085 ns, At safepoint: 5107 ns, Total: 429192 ns
[2023-05-16T02:54:34.741+0000][6][safepoint    ] Safepoint "Cleanup", Time since last: 1000100215 ns, Reaching safepoint: 107393 ns, At safepoint: 4036 ns, Total: 111429 ns
[2023-05-16T02:54:35.742+0000][6][safepoint    ] Safepoint "Cleanup", Time since last: 1000100237 ns, Reaching safepoint: 319800 ns, At safepoint: 7393 ns, Total: 327193 ns
[2023-05-16T02:54:36.742+0000][6][safepoint    ] Safepoint "Cleanup", Time since last: 1000242165 ns, Reaching safepoint: 433548 ns, At safepoint: 24377 ns, Total: 457925 ns
[2023-05-16T02:54:37.743+0000][6][safepoint    ] Safepoint "Cleanup", Time since last: 1000299236 ns, Reaching safepoint: 528234 ns, At safepoint: 5885 ns, Total: 534119 ns
[2023-05-16T02:54:38.743+0000][6][safepoint    ] Safepoint "Cleanup", Time since last: 1000278557 ns, Reaching safepoint: 85325 ns, At safepoint: 3952 ns, Total: 89277 ns
[2023-05-16T02:54:39.744+0000][6][safepoint    ] Safepoint "Cleanup", Time since last: 1000102569 ns, Reaching safepoint: 105468 ns, At safepoint: 6020 ns, Total: 111488 ns
[2023-05-16T02:54:40.744+0000][6][safepoint    ] Safepoint "Cleanup", Time since last: 1000134203 ns, Reaching safepoint: 269556 ns, At safepoint: 9794 ns, Total: 279350 ns
[2023-05-16T02:54:41.745+0000][6][safepoint    ] Safepoint "Cleanup", Time since last: 1000257112 ns, Reaching safepoint: 614371 ns, At safepoint: 14757 ns, Total: 629128 ns
[2023-05-16T02:54:42.745+0000][6][safepoint    ] Safepoint "Cleanup", Time since last: 1000278004 ns, Reaching safepoint: 203389 ns, At safepoint: 8602 ns, Total: 211991 ns
[2023-05-16T02:54:43.746+0000][6][safepoint    ] Safepoint "Cleanup", Time since last: 1000117821 ns, Reaching safepoint: 161933 ns, At safepoint: 6828 ns, Total: 168761 ns
[2023-05-16T02:54:44.746+0000][6][safepoint    ] Safepoint "Cleanup", Time since last: 1000109904 ns, Reaching safepoint: 110929 ns, At safepoint: 6425 ns, Total: 117354 ns
[2023-05-16T02:54:45.746+0000][6][safepoint    ] Safepoint "Cleanup", Time since last: 1000128605 ns, Reaching safepoint: 143714 ns, At safepoint: 5571 ns, Total: 149285 ns
[2023-05-16T02:54:46.747+0000][6][safepoint    ] Safepoint "Cleanup", Time since last: 1000116015 ns, Reaching safepoint: 110722 ns, At safepoint: 4481 ns, Total: 115203 ns
[2023-05-16T02:54:47.747+0000][6][safepoint    ] Safepoint "Cleanup", Time since last: 1000110825 ns, Reaching safepoint: 140770 ns, At safepoint: 5918 ns, Total: 146688 ns
[2023-05-16T02:54:48.748+0000][6][safepoint    ] Safepoint "Cleanup", Time since last: 1000194449 ns, Reaching safepoint: 496046 ns, At safepoint: 17349 ns, Total: 513395 ns
[2023-05-16T02:54:49.748+0000][6][safepoint    ] Safepoint "Cleanup", Time since last: 1000201638 ns, Reaching safepoint: 108387 ns, At safepoint: 4262 ns, Total: 112649 ns
[2023-05-16T02:54:50.749+0000][6][safepoint    ] Safepoint "Cleanup", Time since last: 1000180643 ns, Reaching safepoint: 524753 ns, At safepoint: 11590 ns, Total: 536343 ns
[2023-05-16T02:54:51.749+0000][6][safepoint    ] Safepoint "Cleanup", Time since last: 1000224113 ns, Reaching safepoint: 117887 ns, At safepoint: 6286 ns, Total: 124173 ns
[2023-05-16T02:54:52.750+0000][6][safepoint    ] Safepoint "Cleanup", Time since last: 1000167661 ns, Reaching safepoint: 607775 ns, At safepoint: 10101 ns, Total: 617876 ns
[2023-05-16T02:54:53.750+0000][6][safepoint    ] Safepoint "Cleanup", Time since last: 1000222833 ns, Reaching safepoint: 122033 ns, At safepoint: 5060 ns, Total: 127093 ns
[2023-05-16T02:54:54.750+0000][6][safepoint    ] Safepoint "Cleanup", Time since last: 1000107972 ns, Reaching safepoint: 97728 ns, At safepoint: 4358 ns, Total: 102086 ns
[2023-05-16T02:54:55.750+0000][6][safepoint    ] Safepoint "Cleanup", Time since last: 1000105460 ns, Reaching safepoint: 124835 ns, At safepoint: 3605 ns, Total: 128440 ns
[2023-05-16T02:54:56.751+0000][6][safepoint    ] Safepoint "Cleanup", Time since last: 1000109629 ns, Reaching safepoint: 98402 ns, At safepoint: 6308 ns, Total: 104710 ns
[2023-05-16T02:54:57.751+0000][6][safepoint    ] Safepoint "Cleanup", Time since last: 1000118020 ns, Reaching safepoint: 104502 ns, At safepoint: 3969 ns, Total: 108471 ns
[2023-05-16T02:54:58.751+0000][6][safepoint    ] Safepoint "Cleanup", Time since last: 1000105292 ns, Reaching safepoint: 110227 ns, At safepoint: 4418 ns, Total: 114645 ns
[2023-05-16T02:54:59.752+0000][6][safepoint    ] Safepoint "Cleanup", Time since last: 1000149211 ns, Reaching safepoint: 829269 ns, At safepoint: 10742 ns, Total: 840011 ns
[2023-05-16T02:55:00.753+0000][6][safepoint    ] Safepoint "Cleanup", Time since last: 1000347982 ns, Reaching safepoint: 477538 ns, At safepoint: 11851 ns, Total: 489389 ns
[2023-05-16T02:55:01.753+0000][6][safepoint    ] Safepoint "Cleanup", Time since last: 1000244169 ns, Reaching safepoint: 157359 ns, At safepoint: 8472 ns, Total: 165831 ns
[2023-05-16T02:55:02.754+0000][6][safepoint    ] Safepoint "Cleanup", Time since last: 1000129158 ns, Reaching safepoint: 226137 ns, At safepoint: 7709 ns, Total: 233846 ns
[2023-05-16T02:55:03.754+0000][6][safepoint    ] Safepoint "Cleanup", Time since last: 1000143148 ns, Reaching safepoint: 97455 ns, At safepoint: 4160 ns, Total: 101615 ns
[2023-05-16T02:55:04.754+0000][6][safepoint    ] Safepoint "Cleanup", Time since last: 1000073049 ns, Reaching safepoint: 100039 ns, At safepoint: 3475 ns, Total: 103514 ns
[2023-05-16T02:55:05.755+0000][6][safepoint    ] Safepoint "Cleanup", Time since last: 1000149417 ns, Reaching safepoint: 443121 ns, At safepoint: 15497 ns, Total: 458618 ns
[2023-05-16T02:55:06.755+0000][6][safepoint    ] Safepoint "Cleanup", Time since last: 1000348536 ns, Reaching safepoint: 261547 ns, At safepoint: 10552 ns, Total: 272099 ns
[2023-05-16T02:55:07.757+0000][6][safepoint    ] Safepoint "Cleanup", Time since last: 1000183170 ns, Reaching safepoint: 1187512 ns, At safepoint: 41336 ns, Total: 1228848 ns
[2023-05-16T02:55:08.758+0000][6][safepoint    ] Safepoint "Cleanup", Time since last: 1000406473 ns, Reaching safepoint: 607863 ns, At safepoint: 15582 ns, Total: 623445 ns
[2023-05-16T02:55:09.758+0000][6][safepoint    ] Safepoint "Cleanup", Time since last: 1000311549 ns, Reaching safepoint: 173884 ns, At safepoint: 13784 ns, Total: 187668 ns
[2023-05-16T02:55:10.759+0000][6][safepoint    ] Safepoint "Cleanup", Time since last: 1000106065 ns, Reaching safepoint: 102606 ns, At safepoint: 6583 ns, Total: 109189 ns
[2023-05-16T02:55:11.759+0000][6][safepoint    ] Safepoint "Cleanup", Time since last: 1000115349 ns, Reaching safepoint: 229305 ns, At safepoint: 13017 ns, Total: 242322 ns
[2023-05-16T02:55:12.759+0000][6][safepoint    ] Safepoint "Cleanup", Time since last: 1000157119 ns, Reaching safepoint: 115706 ns, At safepoint: 4809 ns, Total: 120515 ns
[2023-05-16T02:55:13.760+0000][6][safepoint    ] Safepoint "Cleanup", Time since last: 1000144261 ns, Reaching safepoint: 248737 ns, At safepoint: 9174 ns, Total: 257911 ns
[2023-05-16T02:55:14.760+0000][6][safepoint    ] Safepoint "Cleanup", Time since last: 1000224248 ns, Reaching safepoint: 101177 ns, At safepoint: 3612 ns, Total: 104789 ns
[2023-05-16T02:55:15.760+0000][6][safepoint    ] Safepoint "Cleanup", Time since last: 1000125532 ns, Reaching safepoint: 387069 ns, At safepoint: 13576 ns, Total: 400645 ns
[2023-05-16T02:55:16.761+0000][6][safepoint    ] Safepoint "Cleanup", Time since last: 1000390311 ns, Reaching safepoint: 336306 ns, At safepoint: 12194 ns, Total: 348500 ns
[2023-05-16T02:55:17.762+0000][6][safepoint    ] Safepoint "Cleanup", Time since last: 1000324688 ns, Reaching safepoint: 468855 ns, At safepoint: 9583 ns, Total: 478438 ns
[2023-05-16T02:55:18.763+0000][6][safepoint    ] Safepoint "Cleanup", Time since last: 1000318871 ns, Reaching safepoint: 597235 ns, At safepoint: 10573 ns, Total: 607808 ns
[2023-05-16T02:55:19.147+0000][6][gc,start     ] GC(21) Pause Young (Normal) (G1 Evacuation Pause)
[2023-05-16T02:55:19.147+0000][6][gc,task      ] GC(21) Using 8 workers of 8 for evacuation
[2023-05-16T02:55:19.147+0000][6][gc,age       ] GC(21) Desired survivor size 40370176 bytes, new threshold 9 (max threshold 15)
[2023-05-16T02:55:19.170+0000][6][gc,age       ] GC(21) Age table with threshold 9 (max threshold 15)
[2023-05-16T02:55:19.170+0000][6][gc,age       ] GC(21) - age   1:    9623096 bytes,    9623096 total
[2023-05-16T02:55:19.170+0000][6][gc,age       ] GC(21) - age   2:    5676448 bytes,   15299544 total
[2023-05-16T02:55:19.170+0000][6][gc,age       ] GC(21) - age   3:    5959216 bytes,   21258760 total
[2023-05-16T02:55:19.170+0000][6][gc,age       ] GC(21) - age   4:    5618104 bytes,   26876864 total
[2023-05-16T02:55:19.170+0000][6][gc,age       ] GC(21) - age   5:    5713352 bytes,   32590216 total
[2023-05-16T02:55:19.170+0000][6][gc,age       ] GC(21) - age   6:    4882504 bytes,   37472720 total
[2023-05-16T02:55:19.170+0000][6][gc,age       ] GC(21) - age   7:    2545000 bytes,   40017720 total
[2023-05-16T02:55:19.170+0000][6][gc,age       ] GC(21) - age   8:     732800 bytes,   40750520 total
[2023-05-16T02:55:19.170+0000][6][gc,age       ] GC(21) - age   9:     289736 bytes,   41040256 total
[2023-05-16T02:55:19.170+0000][6][gc,phases    ] GC(21)   Pre Evacuate Collection Set: 0.6ms
[2023-05-16T02:55:19.170+0000][6][gc,phases    ] GC(21)   Merge Heap Roots: 0.3ms
[2023-05-16T02:55:19.170+0000][6][gc,phases    ] GC(21)   Evacuate Collection Set: 20.1ms
[2023-05-16T02:55:19.170+0000][6][gc,phases    ] GC(21)   Post Evacuate Collection Set: 1.3ms
[2023-05-16T02:55:19.170+0000][6][gc,phases    ] GC(21)   Other: 0.8ms
[2023-05-16T02:55:19.170+0000][6][gc,heap      ] GC(21) Eden regions: 570->0(571)
[2023-05-16T02:55:19.170+0000][6][gc,heap      ] GC(21) Survivor regions: 44->43(77)
[2023-05-16T02:55:19.170+0000][6][gc,heap      ] GC(21) Old regions: 63->70
[2023-05-16T02:55:19.170+0000][6][gc,heap      ] GC(21) Archive regions: 2->2
[2023-05-16T02:55:19.170+0000][6][gc,heap      ] GC(21) Humongous regions: 36->29
[2023-05-16T02:55:19.170+0000][6][gc,metaspace ] GC(21) Metaspace: 96667K(104172K)->96667K(104172K) NonClass: 84028K(88428K)->84028K(88428K) Class: 12638K(15744K)->12638K(15744K)
[2023-05-16T02:55:19.170+0000][6][gc           ] GC(21) Pause Young (Normal) (G1 Evacuation Pause) 713M->142M(1024M) 23.033ms
[2023-05-16T02:55:19.170+0000][6][gc,cpu       ] GC(21) User=0.08s Sys=0.00s Real=0.03s
[2023-05-16T02:55:19.170+0000][6][safepoint    ] Safepoint "G1CollectForAllocation", Time since last: 380786099 ns, Reaching safepoint: 2981031 ns, At safepoint: 23319263 ns, Total: 26300294 ns
[2023-05-16T02:55:20.170+0000][6][safepoint    ] Safepoint "Cleanup", Time since last: 1000064625 ns, Reaching safepoint: 103604 ns, At safepoint: 4212 ns, Total: 107816 ns
[2023-05-16T02:55:21.171+0000][6][safepoint    ] Safepoint "Cleanup", Time since last: 1000180640 ns, Reaching safepoint: 558438 ns, At safepoint: 16246 ns, Total: 574684 ns
[2023-05-16T02:55:22.171+0000][6][safepoint    ] Safepoint "Cleanup", Time since last: 1000232371 ns, Reaching safepoint: 302149 ns, At safepoint: 2897 ns, Total: 305046 ns
[2023-05-16T02:55:23.172+0000][6][safepoint    ] Safepoint "Cleanup", Time since last: 1000126188 ns, Reaching safepoint: 106732 ns, At safepoint: 4223 ns, Total: 110955 ns
[2023-05-16T02:55:24.172+0000][6][safepoint    ] Safepoint "Cleanup", Time since last: 1000194941 ns, Reaching safepoint: 576668 ns, At safepoint: 21106 ns, Total: 597774 ns
[2023-05-16T02:55:25.173+0000][6][safepoint    ] Safepoint "Cleanup", Time since last: 1000425234 ns, Reaching safepoint: 573087 ns, At safepoint: 14753 ns, Total: 587840 ns
[2023-05-16T02:55:26.175+0000][6][safepoint    ] Safepoint "Cleanup", Time since last: 1000289987 ns, Reaching safepoint: 821033 ns, At safepoint: 27560 ns, Total: 848593 ns
[2023-05-16T02:55:27.176+0000][6][safepoint    ] Safepoint "Cleanup", Time since last: 1000377230 ns, Reaching safepoint: 950996 ns, At safepoint: 13863 ns, Total: 964859 ns
[2023-05-16T02:55:28.177+0000][6][safepoint    ] Safepoint "Cleanup", Time since last: 1000289623 ns, Reaching safepoint: 476604 ns, At safepoint: 11797 ns, Total: 488401 ns
[2023-05-16T02:55:29.177+0000][6][safepoint    ] Safepoint "Cleanup", Time since last: 1000239940 ns, Reaching safepoint: 257573 ns, At safepoint: 4992 ns, Total: 262565 ns
[2023-05-16T02:55:30.178+0000][6][safepoint    ] Safepoint "Cleanup", Time since last: 1000140567 ns, Reaching safepoint: 490130 ns, At safepoint: 11088 ns, Total: 501218 ns
[2023-05-16T02:55:31.178+0000][6][safepoint    ] Safepoint "Cleanup", Time since last: 1000228797 ns, Reaching safepoint: 150451 ns, At safepoint: 3687 ns, Total: 154138 ns
[2023-05-16T02:55:32.179+0000][6][safepoint    ] Safepoint "Cleanup", Time since last: 1000140046 ns, Reaching safepoint: 662954 ns, At safepoint: 21905 ns, Total: 684859 ns
[2023-05-16T02:55:33.180+0000][6][safepoint    ] Safepoint "Cleanup", Time since last: 1000315241 ns, Reaching safepoint: 531238 ns, At safepoint: 17319 ns, Total: 548557 ns
[2023-05-16T02:55:34.181+0000][6][safepoint    ] Safepoint "Cleanup", Time since last: 1000344186 ns, Reaching safepoint: 568191 ns, At safepoint: 3707 ns, Total: 571898 ns
[2023-05-16T02:55:35.182+0000][6][safepoint    ] Safepoint "Cleanup", Time since last: 1000151093 ns, Reaching safepoint: 487362 ns, At safepoint: 15802 ns, Total: 503164 ns
[2023-05-16T02:55:36.182+0000][6][safepoint    ] Safepoint "Cleanup", Time since last: 1000338379 ns, Reaching safepoint: 485627 ns, At safepoint: 20483 ns, Total: 506110 ns
[2023-05-16T02:55:37.183+0000][6][safepoint    ] Safepoint "Cleanup", Time since last: 1000238929 ns, Reaching safepoint: 120120 ns, At safepoint: 3898 ns, Total: 124018 ns
[2023-05-16T02:55:38.183+0000][6][safepoint    ] Safepoint "Cleanup", Time since last: 1000145239 ns, Reaching safepoint: 378081 ns, At safepoint: 13547 ns, Total: 391628 ns
[2023-05-16T02:55:39.184+0000][6][safepoint    ] Safepoint "Cleanup", Time since last: 1000207832 ns, Reaching safepoint: 549737 ns, At safepoint: 12038 ns, Total: 561775 ns
[2023-05-16T02:55:40.185+0000][6][safepoint    ] Safepoint "Cleanup", Time since last: 1000337324 ns, Reaching safepoint: 182621 ns, At safepoint: 7282 ns, Total: 189903 ns
[2023-05-16T02:55:41.185+0000][6][safepoint    ] Safepoint "Cleanup", Time since last: 1000223549 ns, Reaching safepoint: 383101 ns, At safepoint: 3954 ns, Total: 387055 ns
[2023-05-16T02:55:42.185+0000][6][safepoint    ] Safepoint "Cleanup", Time since last: 1000096458 ns, Reaching safepoint: 101440 ns, At safepoint: 3032 ns, Total: 104472 ns
[2023-05-16T02:55:43.186+0000][6][safepoint    ] Safepoint "Cleanup", Time since last: 1000107312 ns, Reaching safepoint: 106868 ns, At safepoint: 11266 ns, Total: 118134 ns
[2023-05-16T02:55:44.186+0000][6][safepoint    ] Safepoint "Cleanup", Time since last: 1000182280 ns, Reaching safepoint: 630784 ns, At safepoint: 22608 ns, Total: 653392 ns
[2023-05-16T02:55:45.187+0000][6][safepoint    ] Safepoint "Cleanup", Time since last: 1000213164 ns, Reaching safepoint: 401112 ns, At safepoint: 17568 ns, Total: 418680 ns
[2023-05-16T02:55:46.187+0000][6][safepoint    ] Safepoint "Cleanup", Time since last: 1000217031 ns, Reaching safepoint: 129419 ns, At safepoint: 3261 ns, Total: 132680 ns
[2023-05-16T02:55:47.189+0000][6][safepoint    ] Safepoint "Cleanup", Time since last: 1000176241 ns, Reaching safepoint: 1160206 ns, At safepoint: 26126 ns, Total: 1186332 ns
[2023-05-16T02:55:48.190+0000][6][safepoint    ] Safepoint "Cleanup", Time since last: 1000344111 ns, Reaching safepoint: 515095 ns, At safepoint: 10581 ns, Total: 525676 ns
[2023-05-16T02:55:49.190+0000][6][safepoint    ] Safepoint "Cleanup", Time since last: 1000330514 ns, Reaching safepoint: 471453 ns, At safepoint: 7390 ns, Total: 478843 ns
[2023-05-16T02:55:50.191+0000][6][safepoint    ] Safepoint "Cleanup", Time since last: 1000380464 ns, Reaching safepoint: 476224 ns, At safepoint: 4791 ns, Total: 481015 ns
[2023-05-16T02:55:51.192+0000][6][safepoint    ] Safepoint "Cleanup", Time since last: 1000231523 ns, Reaching safepoint: 107695 ns, At safepoint: 5325 ns, Total: 113020 ns
[2023-05-16T02:55:52.192+0000][6][safepoint    ] Safepoint "Cleanup", Time since last: 1000197482 ns, Reaching safepoint: 466567 ns, At safepoint: 13761 ns, Total: 480328 ns
[2023-05-16T02:55:53.193+0000][6][safepoint    ] Safepoint "Cleanup", Time since last: 1000364519 ns, Reaching safepoint: 469472 ns, At safepoint: 12021 ns, Total: 481493 ns
[2023-05-16T02:55:54.194+0000][6][safepoint    ] Safepoint "Cleanup", Time since last: 1000362041 ns, Reaching safepoint: 539058 ns, At safepoint: 9370 ns, Total: 548428 ns
[2023-05-16T02:55:55.195+0000][6][safepoint    ] Safepoint "Cleanup", Time since last: 1000259288 ns, Reaching safepoint: 214810 ns, At safepoint: 6999 ns, Total: 221809 ns
[2023-05-16T02:55:56.195+0000][6][safepoint    ] Safepoint "Cleanup", Time since last: 1000130926 ns, Reaching safepoint: 145663 ns, At safepoint: 4912 ns, Total: 150575 ns
[2023-05-16T02:55:57.196+0000][6][safepoint    ] Safepoint "Cleanup", Time since last: 1000154189 ns, Reaching safepoint: 568317 ns, At safepoint: 22064 ns, Total: 590381 ns
[2023-05-16T02:55:58.196+0000][6][safepoint    ] Safepoint "Cleanup", Time since last: 1000354125 ns, Reaching safepoint: 374981 ns, At safepoint: 8286 ns, Total: 383267 ns
[2023-05-16T02:55:59.197+0000][6][safepoint    ] Safepoint "Cleanup", Time since last: 1000322159 ns, Reaching safepoint: 599360 ns, At safepoint: 11655 ns, Total: 611015 ns
[2023-05-16T02:56:00.198+0000][6][safepoint    ] Safepoint "Cleanup", Time since last: 1000297393 ns, Reaching safepoint: 586087 ns, At safepoint: 28164 ns, Total: 614251 ns
[2023-05-16T02:56:01.199+0000][6][safepoint    ] Safepoint "Cleanup", Time since last: 1000370675 ns, Reaching safepoint: 589890 ns, At safepoint: 17378 ns, Total: 607268 ns
[2023-05-16T02:56:02.200+0000][6][safepoint    ] Safepoint "Cleanup", Time since last: 1000276315 ns, Reaching safepoint: 496547 ns, At safepoint: 6813 ns, Total: 503360 ns
[2023-05-16T02:56:03.201+0000][6][safepoint    ] Safepoint "Cleanup", Time since last: 1000853402 ns, Reaching safepoint: 133222 ns, At safepoint: 10264 ns, Total: 143486 ns
[2023-05-16T02:56:04.202+0000][6][safepoint    ] Safepoint "Cleanup", Time since last: 1000285821 ns, Reaching safepoint: 677637 ns, At safepoint: 22978 ns, Total: 700615 ns
[2023-05-16T02:56:05.202+0000][6][safepoint    ] Safepoint "Cleanup", Time since last: 1000281377 ns, Reaching safepoint: 96624 ns, At safepoint: 3645 ns, Total: 100269 ns
[2023-05-16T02:56:06.203+0000][6][safepoint    ] Safepoint "Cleanup", Time since last: 1000137993 ns, Reaching safepoint: 503404 ns, At safepoint: 8935 ns, Total: 512339 ns
[2023-05-16T02:56:07.203+0000][6][safepoint    ] Safepoint "Cleanup", Time since last: 1000225819 ns, Reaching safepoint: 119129 ns, At safepoint: 5995 ns, Total: 125124 ns
[2023-05-16T02:56:08.204+0000][6][safepoint    ] Safepoint "Cleanup", Time since last: 1000191660 ns, Reaching safepoint: 716832 ns, At safepoint: 16126 ns, Total: 732958 ns
[2023-05-16T02:56:09.205+0000][6][safepoint    ] Safepoint "Cleanup", Time since last: 1000333092 ns, Reaching safepoint: 252223 ns, At safepoint: 11836 ns, Total: 264059 ns
[2023-05-16T02:56:10.206+0000][6][safepoint    ] Safepoint "Cleanup", Time since last: 1000168815 ns, Reaching safepoint: 550340 ns, At safepoint: 17450 ns, Total: 567790 ns
[2023-05-16T02:56:11.206+0000][6][safepoint    ] Safepoint "Cleanup", Time since last: 1000279540 ns, Reaching safepoint: 183464 ns, At safepoint: 6330 ns, Total: 189794 ns
[2023-05-16T02:56:12.207+0000][6][safepoint    ] Safepoint "Cleanup", Time since last: 1000189829 ns, Reaching safepoint: 525425 ns, At safepoint: 26643 ns, Total: 552068 ns
[2023-05-16T02:56:13.207+0000][6][safepoint    ] Safepoint "Cleanup", Time since last: 1000391141 ns, Reaching safepoint: 207260 ns, At safepoint: 4112 ns, Total: 211372 ns
[2023-05-16T02:56:14.208+0000][6][safepoint    ] Safepoint "Cleanup", Time since last: 1000092322 ns, Reaching safepoint: 148936 ns, At safepoint: 5936 ns, Total: 154872 ns
[2023-05-16T02:56:15.208+0000][6][safepoint    ] Safepoint "Cleanup", Time since last: 1000147789 ns, Reaching safepoint: 102116 ns, At safepoint: 6557 ns, Total: 108673 ns
[2023-05-16T02:56:22.209+0000][6][safepoint    ] Safepoint "Cleanup", Time since last: 7000530999 ns, Reaching safepoint: 151918 ns, At safepoint: 3272 ns, Total: 155190 ns
[2023-05-16T02:56:23.209+0000][6][safepoint    ] Safepoint "Cleanup", Time since last: 1000121710 ns, Reaching safepoint: 133636 ns, At safepoint: 5108 ns, Total: 138744 ns
[2023-05-16T02:56:24.214+0000][6][safepoint    ] Safepoint "Cleanup", Time since last: 1004767499 ns, Reaching safepoint: 200586 ns, At safepoint: 8098 ns, Total: 208684 ns
[2023-05-16T02:56:25.215+0000][6][safepoint    ] Safepoint "Cleanup", Time since last: 1000235916 ns, Reaching safepoint: 683541 ns, At safepoint: 24236 ns, Total: 707777 ns
[2023-05-16T02:56:26.215+0000][6][safepoint    ] Safepoint "Cleanup", Time since last: 1000326976 ns, Reaching safepoint: 151765 ns, At safepoint: 3328 ns, Total: 155093 ns
[2023-05-16T02:56:27.216+0000][6][safepoint    ] Safepoint "Cleanup", Time since last: 1000116616 ns, Reaching safepoint: 185411 ns, At safepoint: 7146 ns, Total: 192557 ns
[2023-05-16T02:56:28.216+0000][6][safepoint    ] Safepoint "Cleanup", Time since last: 1000172370 ns, Reaching safepoint: 423096 ns, At safepoint: 16879 ns, Total: 439975 ns
[2023-05-16T02:56:29.217+0000][6][safepoint    ] Safepoint "Cleanup", Time since last: 1000242539 ns, Reaching safepoint: 161026 ns, At safepoint: 3656 ns, Total: 164682 ns
[2023-05-16T02:56:30.217+0000][6][safepoint    ] Safepoint "Cleanup", Time since last: 1000127123 ns, Reaching safepoint: 178354 ns, At safepoint: 6059 ns, Total: 184413 ns
[2023-05-16T02:56:31.217+0000][6][safepoint    ] Safepoint "Cleanup", Time since last: 1000132177 ns, Reaching safepoint: 176689 ns, At safepoint: 4192 ns, Total: 180881 ns
[2023-05-16T02:56:32.217+0000][6][safepoint    ] Safepoint "Cleanup", Time since last: 1000127816 ns, Reaching safepoint: 130012 ns, At safepoint: 6396 ns, Total: 136408 ns
[2023-05-16T02:56:33.218+0000][6][safepoint    ] Safepoint "Cleanup", Time since last: 1000131033 ns, Reaching safepoint: 734567 ns, At safepoint: 27799 ns, Total: 762366 ns
[2023-05-16T02:56:34.219+0000][6][safepoint    ] Safepoint "Cleanup", Time since last: 1000340463 ns, Reaching safepoint: 699635 ns, At safepoint: 15249 ns, Total: 714884 ns
[2023-05-16T02:56:35.220+0000][6][safepoint    ] Safepoint "Cleanup", Time since last: 1000313876 ns, Reaching safepoint: 225634 ns, At safepoint: 4143 ns, Total: 229777 ns
[2023-05-16T02:56:36.220+0000][6][safepoint    ] Safepoint "Cleanup", Time since last: 1000118161 ns, Reaching safepoint: 213338 ns, At safepoint: 5364 ns, Total: 218702 ns
[2023-05-16T02:56:37.221+0000][6][safepoint    ] Safepoint "Cleanup", Time since last: 1000172014 ns, Reaching safepoint: 506805 ns, At safepoint: 8462 ns, Total: 515267 ns
[2023-05-16T02:56:38.221+0000][6][safepoint    ] Safepoint "Cleanup", Time since last: 1000225331 ns, Reaching safepoint: 140795 ns, At safepoint: 4390 ns, Total: 145185 ns
[2023-05-16T02:56:39.222+0000][6][safepoint    ] Safepoint "Cleanup", Time since last: 1000210686 ns, Reaching safepoint: 667345 ns, At safepoint: 12698 ns, Total: 680043 ns
[2023-05-16T02:56:40.223+0000][6][safepoint    ] Safepoint "Cleanup", Time since last: 1000238648 ns, Reaching safepoint: 256287 ns, At safepoint: 10332 ns, Total: 266619 ns
[2023-05-16T02:56:41.223+0000][6][safepoint    ] Safepoint "Cleanup", Time since last: 1000134852 ns, Reaching safepoint: 222094 ns, At safepoint: 4410 ns, Total: 226504 ns
[2023-05-16T02:56:42.223+0000][6][safepoint    ] Safepoint "Cleanup", Time since last: 1000113358 ns, Reaching safepoint: 216323 ns, At safepoint: 3608 ns, Total: 219931 ns
[2023-05-16T02:56:43.224+0000][6][safepoint    ] Safepoint "Cleanup", Time since last: 1000111260 ns, Reaching safepoint: 223894 ns, At safepoint: 4794 ns, Total: 228688 ns
[2023-05-16T02:56:44.224+0000][6][safepoint    ] Safepoint "Cleanup", Time since last: 1000117834 ns, Reaching safepoint: 163059 ns, At safepoint: 8293 ns, Total: 171352 ns
[2023-05-16T02:56:45.224+0000][6][safepoint    ] Safepoint "Cleanup", Time since last: 1000106928 ns, Reaching safepoint: 90473 ns, At safepoint: 5501 ns, Total: 95974 ns
[2023-05-16T02:56:46.229+0000][6][safepoint    ] Safepoint "Cleanup", Time since last: 1004435588 ns, Reaching safepoint: 674313 ns, At safepoint: 13798 ns, Total: 688111 ns
[2023-05-16T02:56:47.230+0000][6][safepoint    ] Safepoint "Cleanup", Time since last: 1000349692 ns, Reaching safepoint: 477314 ns, At safepoint: 9384 ns, Total: 486698 ns
[2023-05-16T02:56:48.231+0000][6][safepoint    ] Safepoint "Cleanup", Time since last: 1000129442 ns, Reaching safepoint: 229206 ns, At safepoint: 6044 ns, Total: 235250 ns
[2023-05-16T02:56:49.231+0000][6][safepoint    ] Safepoint "Cleanup", Time since last: 1000176674 ns, Reaching safepoint: 532655 ns, At safepoint: 14415 ns, Total: 547070 ns
[2023-05-16T02:56:50.233+0000][6][safepoint    ] Safepoint "Cleanup", Time since last: 1000398572 ns, Reaching safepoint: 1090155 ns, At safepoint: 18784 ns, Total: 1108939 ns
[2023-05-16T02:56:51.233+0000][6][safepoint    ] Safepoint "Cleanup", Time since last: 1000268416 ns, Reaching safepoint: 214091 ns, At safepoint: 4149 ns, Total: 218240 ns
[2023-05-16T02:56:52.234+0000][6][safepoint    ] Safepoint "Cleanup", Time since last: 1000109341 ns, Reaching safepoint: 231124 ns, At safepoint: 5065 ns, Total: 236189 ns
[2023-05-16T02:56:53.234+0000][6][safepoint    ] Safepoint "Cleanup", Time since last: 1000145991 ns, Reaching safepoint: 271411 ns, At safepoint: 4599 ns, Total: 276010 ns
[2023-05-16T02:56:54.516+0000][6][safepoint    ] Safepoint "Cleanup", Time since last: 1282214804 ns, Reaching safepoint: 108722 ns, At safepoint: 4401 ns, Total: 113123 ns
[2023-05-16T02:56:55.517+0000][6][safepoint    ] Safepoint "Cleanup", Time since last: 1000137182 ns, Reaching safepoint: 393075 ns, At safepoint: 4078 ns, Total: 397153 ns
[2023-05-16T02:56:56.518+0000][6][safepoint    ] Safepoint "Cleanup", Time since last: 1000156368 ns, Reaching safepoint: 577118 ns, At safepoint: 12094 ns, Total: 589212 ns
[2023-05-16T02:56:57.518+0000][6][safepoint    ] Safepoint "Cleanup", Time since last: 1000289863 ns, Reaching safepoint: 290096 ns, At safepoint: 3949 ns, Total: 294045 ns
[2023-05-16T02:56:58.519+0000][6][safepoint    ] Safepoint "Cleanup", Time since last: 1000122502 ns, Reaching safepoint: 257681 ns, At safepoint: 4820 ns, Total: 262501 ns
[2023-05-16T02:56:59.519+0000][6][safepoint    ] Safepoint "Cleanup", Time since last: 1000114130 ns, Reaching safepoint: 281186 ns, At safepoint: 8505 ns, Total: 289691 ns
[2023-05-16T02:57:00.520+0000][6][safepoint    ] Safepoint "Cleanup", Time since last: 1000265658 ns, Reaching safepoint: 1064149 ns, At safepoint: 26069 ns, Total: 1090218 ns
[2023-05-16T02:57:01.521+0000][6][safepoint    ] Safepoint "Cleanup", Time since last: 1000335518 ns, Reaching safepoint: 335732 ns, At safepoint: 6000 ns, Total: 341732 ns
[2023-05-16T02:57:02.521+0000][6][safepoint    ] Safepoint "Cleanup", Time since last: 1000145268 ns, Reaching safepoint: 227885 ns, At safepoint: 4546 ns, Total: 232431 ns
[2023-05-16T02:57:03.523+0000][6][safepoint    ] Safepoint "Cleanup", Time since last: 1000194898 ns, Reaching safepoint: 1352089 ns, At safepoint: 46513 ns, Total: 1398602 ns
[2023-05-16T02:57:04.525+0000][6][safepoint    ] Safepoint "Cleanup", Time since last: 1000463384 ns, Reaching safepoint: 973212 ns, At safepoint: 24890 ns, Total: 998102 ns
[2023-05-16T02:57:05.526+0000][6][safepoint    ] Safepoint "Cleanup", Time since last: 1000397692 ns, Reaching safepoint: 983338 ns, At safepoint: 14883 ns, Total: 998221 ns
[2023-05-16T02:57:06.526+0000][6][safepoint    ] Safepoint "Cleanup", Time since last: 1000320150 ns, Reaching safepoint: 229367 ns, At safepoint: 4238 ns, Total: 233605 ns
[2023-05-16T02:57:07.527+0000][6][safepoint    ] Safepoint "Cleanup", Time since last: 1000176649 ns, Reaching safepoint: 450693 ns, At safepoint: 11270 ns, Total: 461963 ns
[2023-05-16T02:57:08.528+0000][6][safepoint    ] Safepoint "Cleanup", Time since last: 1000319040 ns, Reaching safepoint: 226170 ns, At safepoint: 5705 ns, Total: 231875 ns
[2023-05-16T02:57:09.529+0000][6][safepoint    ] Safepoint "Cleanup", Time since last: 1000223929 ns, Reaching safepoint: 954437 ns, At safepoint: 18283 ns, Total: 972720 ns
[2023-05-16T02:57:10.529+0000][6][safepoint    ] Safepoint "Cleanup", Time since last: 1000331579 ns, Reaching safepoint: 174473 ns, At safepoint: 4972 ns, Total: 179445 ns
[2023-05-16T02:57:11.530+0000][6][safepoint    ] Safepoint "Cleanup", Time since last: 1000159278 ns, Reaching safepoint: 683320 ns, At safepoint: 17647 ns, Total: 700967 ns
[2023-05-16T02:57:12.530+0000][6][safepoint    ] Safepoint "Cleanup", Time since last: 1000193144 ns, Reaching safepoint: 76416 ns, At safepoint: 3511 ns, Total: 79927 ns
[2023-05-16T02:57:13.531+0000][6][safepoint    ] Safepoint "Cleanup", Time since last: 1000099930 ns, Reaching safepoint: 114710 ns, At safepoint: 4436 ns, Total: 119146 ns
[2023-05-16T02:57:14.531+0000][6][safepoint    ] Safepoint "Cleanup", Time since last: 1000115950 ns, Reaching safepoint: 137325 ns, At safepoint: 4659 ns, Total: 141984 ns
[2023-05-16T02:57:15.531+0000][6][safepoint    ] Safepoint "Cleanup", Time since last: 1000138418 ns, Reaching safepoint: 168025 ns, At safepoint: 15028 ns, Total: 183053 ns
[2023-05-16T02:57:16.532+0000][6][safepoint    ] Safepoint "Cleanup", Time since last: 1000213930 ns, Reaching safepoint: 650482 ns, At safepoint: 17961 ns, Total: 668443 ns
[2023-05-16T02:57:17.533+0000][6][safepoint    ] Safepoint "Cleanup", Time since last: 1000342518 ns, Reaching safepoint: 155316 ns, At safepoint: 4240 ns, Total: 159556 ns
[2023-05-16T02:57:18.533+0000][6][safepoint    ] Safepoint "Cleanup", Time since last: 1000116390 ns, Reaching safepoint: 142193 ns, At safepoint: 6170 ns, Total: 148363 ns
[2023-05-16T02:57:19.533+0000][6][safepoint    ] Safepoint "Cleanup", Time since last: 1000120016 ns, Reaching safepoint: 163603 ns, At safepoint: 6221 ns, Total: 169824 ns
[2023-05-16T02:57:20.533+0000][6][safepoint    ] Safepoint "Cleanup", Time since last: 1000118021 ns, Reaching safepoint: 140052 ns, At safepoint: 7957 ns, Total: 148009 ns
[2023-05-16T02:57:21.534+0000][6][safepoint    ] Safepoint "Cleanup", Time since last: 1000195727 ns, Reaching safepoint: 660430 ns, At safepoint: 10773 ns, Total: 671203 ns
[2023-05-16T02:57:22.535+0000][6][safepoint    ] Safepoint "Cleanup", Time since last: 1000335748 ns, Reaching safepoint: 484916 ns, At safepoint: 13326 ns, Total: 498242 ns
[2023-05-16T02:57:23.537+0000][6][safepoint    ] Safepoint "Cleanup", Time since last: 1000350735 ns, Reaching safepoint: 1200020 ns, At safepoint: 17062 ns, Total: 1217082 ns
[2023-05-16T02:57:24.537+0000][6][safepoint    ] Safepoint "Cleanup", Time since last: 1000321855 ns, Reaching safepoint: 249429 ns, At safepoint: 6195 ns, Total: 255624 ns
[2023-05-16T02:57:25.538+0000][6][safepoint    ] Safepoint "Cleanup", Time since last: 1000120969 ns, Reaching safepoint: 189857 ns, At safepoint: 3719 ns, Total: 193576 ns
[2023-05-16T02:57:26.538+0000][6][safepoint    ] Safepoint "Cleanup", Time since last: 1000087121 ns, Reaching safepoint: 143202 ns, At safepoint: 7540 ns, Total: 150742 ns
[2023-05-16T02:57:27.538+0000][6][safepoint    ] Safepoint "Cleanup", Time since last: 1000143544 ns, Reaching safepoint: 329174 ns, At safepoint: 8555 ns, Total: 337729 ns
[2023-05-16T02:57:28.539+0000][6][safepoint    ] Safepoint "Cleanup", Time since last: 1000273605 ns, Reaching safepoint: 582827 ns, At safepoint: 8449 ns, Total: 591276 ns
[2023-05-16T02:57:29.540+0000][6][safepoint    ] Safepoint "Cleanup", Time since last: 1000130705 ns, Reaching safepoint: 231394 ns, At safepoint: 4878 ns, Total: 236272 ns
[2023-05-16T02:57:30.540+0000][6][safepoint    ] Safepoint "Cleanup", Time since last: 1000115070 ns, Reaching safepoint: 170208 ns, At safepoint: 4058 ns, Total: 174266 ns
[2023-05-16T02:57:31.541+0000][6][safepoint    ] Safepoint "Cleanup", Time since last: 1000186007 ns, Reaching safepoint: 1065381 ns, At safepoint: 22826 ns, Total: 1088207 ns
[2023-05-16T02:57:32.542+0000][6][safepoint    ] Safepoint "Cleanup", Time since last: 1000284706 ns, Reaching safepoint: 135474 ns, At safepoint: 5289 ns, Total: 140763 ns
[2023-05-16T02:57:33.542+0000][6][safepoint    ] Safepoint "Cleanup", Time since last: 1000183968 ns, Reaching safepoint: 654284 ns, At safepoint: 14533 ns, Total: 668817 ns
[2023-05-16T02:57:34.544+0000][6][safepoint    ] Safepoint "Cleanup", Time since last: 1000370642 ns, Reaching safepoint: 663763 ns, At safepoint: 17174 ns, Total: 680937 ns
[2023-05-16T02:57:35.544+0000][6][safepoint    ] Safepoint "Cleanup", Time since last: 1000338667 ns, Reaching safepoint: 154474 ns, At safepoint: 4076 ns, Total: 158550 ns
[2023-05-16T02:57:36.544+0000][6][safepoint    ] Safepoint "Cleanup", Time since last: 1000131578 ns, Reaching safepoint: 124322 ns, At safepoint: 5485 ns, Total: 129807 ns
[2023-05-16T02:57:37.545+0000][6][safepoint    ] Safepoint "Cleanup", Time since last: 1000217035 ns, Reaching safepoint: 666675 ns, At safepoint: 17588 ns, Total: 684263 ns
[2023-05-16T02:57:38.545+0000][6][safepoint    ] Safepoint "Cleanup", Time since last: 1000217321 ns, Reaching safepoint: 80120 ns, At safepoint: 3246 ns, Total: 83366 ns
[2023-05-16T02:57:39.546+0000][6][safepoint    ] Safepoint "Cleanup", Time since last: 1000108171 ns, Reaching safepoint: 123235 ns, At safepoint: 3939 ns, Total: 127174 ns
[2023-05-16T02:57:40.546+0000][6][safepoint    ] Safepoint "Cleanup", Time since last: 1000073739 ns, Reaching safepoint: 100669 ns, At safepoint: 3263 ns, Total: 103932 ns
[2023-05-16T02:57:41.546+0000][6][safepoint    ] Safepoint "Cleanup", Time since last: 1000113692 ns, Reaching safepoint: 158393 ns, At safepoint: 4463 ns, Total: 162856 ns
[2023-05-16T02:57:42.546+0000][6][safepoint    ] Safepoint "Cleanup", Time since last: 1000130679 ns, Reaching safepoint: 160706 ns, At safepoint: 9613 ns, Total: 170319 ns
[2023-05-16T02:57:43.547+0000][6][safepoint    ] Safepoint "Cleanup", Time since last: 1000223179 ns, Reaching safepoint: 735360 ns, At safepoint: 22077 ns, Total: 757437 ns
[2023-05-16T02:57:44.548+0000][6][safepoint    ] Safepoint "Cleanup", Time since last: 1000393920 ns, Reaching safepoint: 555619 ns, At safepoint: 12640 ns, Total: 568259 ns
[2023-05-16T02:57:45.549+0000][6][safepoint    ] Safepoint "Cleanup", Time since last: 1000322690 ns, Reaching safepoint: 110176 ns, At safepoint: 5424 ns, Total: 115600 ns
[2023-05-16T02:57:46.550+0000][6][safepoint    ] Safepoint "Cleanup", Time since last: 1000185578 ns, Reaching safepoint: 710811 ns, At safepoint: 16384 ns, Total: 727195 ns
[2023-05-16T02:57:47.551+0000][6][safepoint    ] Safepoint "Cleanup", Time since last: 1000425128 ns, Reaching safepoint: 682591 ns, At safepoint: 17356 ns, Total: 699947 ns
[2023-05-16T02:57:48.551+0000][6][safepoint    ] Safepoint "Cleanup", Time since last: 1000341963 ns, Reaching safepoint: 136631 ns, At safepoint: 6957 ns, Total: 143588 ns
[2023-05-16T02:57:49.552+0000][6][safepoint    ] Safepoint "Cleanup", Time since last: 1000211200 ns, Reaching safepoint: 632680 ns, At safepoint: 14103 ns, Total: 646783 ns
[2023-05-16T02:57:50.553+0000][6][safepoint    ] Safepoint "Cleanup", Time since last: 1000311899 ns, Reaching safepoint: 235016 ns, At safepoint: 8836 ns, Total: 243852 ns
[2023-05-16T02:57:51.553+0000][6][safepoint    ] Safepoint "Cleanup", Time since last: 1000102650 ns, Reaching safepoint: 92842 ns, At safepoint: 6745 ns, Total: 99587 ns
[2023-05-16T02:57:52.553+0000][6][safepoint    ] Safepoint "Cleanup", Time since last: 1000058050 ns, Reaching safepoint: 146867 ns, At safepoint: 6449 ns, Total: 153316 ns
[2023-05-16T02:57:53.554+0000][6][safepoint    ] Safepoint "Cleanup", Time since last: 1000119215 ns, Reaching safepoint: 262829 ns, At safepoint: 4126 ns, Total: 266955 ns
[2023-05-16T02:57:54.555+0000][6][safepoint    ] Safepoint "Cleanup", Time since last: 1000196134 ns, Reaching safepoint: 1078230 ns, At safepoint: 41442 ns, Total: 1119672 ns
[2023-05-16T02:57:55.556+0000][6][safepoint    ] Safepoint "Cleanup", Time since last: 1000406551 ns, Reaching safepoint: 920065 ns, At safepoint: 26254 ns, Total: 946319 ns
[2023-05-16T02:57:56.558+0000][6][safepoint    ] Safepoint "Cleanup", Time since last: 1000462701 ns, Reaching safepoint: 1143823 ns, At safepoint: 31678 ns, Total: 1175501 ns
[2023-05-16T02:57:57.559+0000][6][safepoint    ] Safepoint "Cleanup", Time since last: 1000421215 ns, Reaching safepoint: 1066017 ns, At safepoint: 40818 ns, Total: 1106835 ns
[2023-05-16T02:57:58.561+0000][6][safepoint    ] Safepoint "Cleanup", Time since last: 1000410289 ns, Reaching safepoint: 1294678 ns, At safepoint: 45659 ns, Total: 1340337 ns
[2023-05-16T02:57:59.563+0000][6][safepoint    ] Safepoint "Cleanup", Time since last: 1000539229 ns, Reaching safepoint: 1307277 ns, At safepoint: 19915 ns, Total: 1327192 ns
[2023-05-16T02:58:00.564+0000][6][safepoint    ] Safepoint "Cleanup", Time since last: 1000327840 ns, Reaching safepoint: 708815 ns, At safepoint: 4259 ns, Total: 713074 ns
[2023-05-16T02:58:01.564+0000][6][safepoint    ] Safepoint "Cleanup", Time since last: 1000104438 ns, Reaching safepoint: 235297 ns, At safepoint: 7498 ns, Total: 242795 ns
[2023-05-16T02:58:02.565+0000][6][safepoint    ] Safepoint "Cleanup", Time since last: 1000298249 ns, Reaching safepoint: 639636 ns, At safepoint: 11872 ns, Total: 651508 ns
[2023-05-16T02:58:03.566+0000][6][safepoint    ] Safepoint "Cleanup", Time since last: 1000300548 ns, Reaching safepoint: 290328 ns, At safepoint: 6500 ns, Total: 296828 ns
[2023-05-16T02:58:04.567+0000][6][safepoint    ] Safepoint "Cleanup", Time since last: 1000262534 ns, Reaching safepoint: 694582 ns, At safepoint: 6783 ns, Total: 701365 ns
[2023-05-16T02:58:05.568+0000][6][safepoint    ] Safepoint "Cleanup", Time since last: 1000334526 ns, Reaching safepoint: 666653 ns, At safepoint: 8153 ns, Total: 674806 ns
[2023-05-16T02:58:06.568+0000][6][safepoint    ] Safepoint "Cleanup", Time since last: 1000228513 ns, Reaching safepoint: 237150 ns, At safepoint: 5150 ns, Total: 242300 ns
[2023-05-16T02:58:07.569+0000][6][safepoint    ] Safepoint "Cleanup", Time since last: 1000183111 ns, Reaching safepoint: 452245 ns, At safepoint: 11521 ns, Total: 463766 ns
[2023-05-16T02:58:08.570+0000][6][safepoint    ] Safepoint "Cleanup", Time since last: 1000313595 ns, Reaching safepoint: 221494 ns, At safepoint: 4235 ns, Total: 225729 ns
[2023-05-16T02:58:09.571+0000][6][safepoint    ] Safepoint "Cleanup", Time since last: 1000258769 ns, Reaching safepoint: 948861 ns, At safepoint: 9426 ns, Total: 958287 ns
[2023-05-16T02:58:10.693+0000][6][safepoint    ] Safepoint "Cleanup", Time since last: 1120825648 ns, Reaching safepoint: 1311992 ns, At safepoint: 47853 ns, Total: 1359845 ns
[2023-05-16T02:58:11.695+0000][6][safepoint    ] Safepoint "Cleanup", Time since last: 1000386479 ns, Reaching safepoint: 1414033 ns, At safepoint: 49132 ns, Total: 1463165 ns
[2023-05-16T02:58:12.696+0000][6][safepoint    ] Safepoint "Cleanup", Time since last: 1000335247 ns, Reaching safepoint: 368513 ns, At safepoint: 3952 ns, Total: 372465 ns
[2023-05-16T02:58:13.696+0000][6][safepoint    ] Safepoint "Cleanup", Time since last: 1000124298 ns, Reaching safepoint: 130571 ns, At safepoint: 5752 ns, Total: 136323 ns
[2023-05-16T02:58:14.696+0000][6][safepoint    ] Safepoint "Cleanup", Time since last: 1000115277 ns, Reaching safepoint: 127662 ns, At safepoint: 7294 ns, Total: 134956 ns
[2023-05-16T02:58:15.697+0000][6][safepoint    ] Safepoint "Cleanup", Time since last: 1000189369 ns, Reaching safepoint: 496713 ns, At safepoint: 11488 ns, Total: 508201 ns
[2023-05-16T02:58:16.698+0000][6][safepoint    ] Safepoint "Cleanup", Time since last: 1000344908 ns, Reaching safepoint: 742492 ns, At safepoint: 14108 ns, Total: 756600 ns
[2023-05-16T02:58:17.699+0000][6][safepoint    ] Safepoint "Cleanup", Time since last: 1000368133 ns, Reaching safepoint: 763145 ns, At safepoint: 18999 ns, Total: 782144 ns
[2023-05-16T02:58:18.700+0000][6][safepoint    ] Safepoint "Cleanup", Time since last: 1000660365 ns, Reaching safepoint: 184814 ns, At safepoint: 4742 ns, Total: 189556 ns
[2023-05-16T02:58:19.700+0000][6][safepoint    ] Safepoint "Cleanup", Time since last: 1000124490 ns, Reaching safepoint: 233447 ns, At safepoint: 7372 ns, Total: 240819 ns
[2023-05-16T02:58:20.701+0000][6][safepoint    ] Safepoint "Cleanup", Time since last: 1000132857 ns, Reaching safepoint: 245788 ns, At safepoint: 4164 ns, Total: 249952 ns
[2023-05-16T02:58:21.702+0000][6][safepoint    ] Safepoint "Cleanup", Time since last: 1000209567 ns, Reaching safepoint: 1112671 ns, At safepoint: 18579 ns, Total: 1131250 ns
[2023-05-16T02:58:22.702+0000][6][safepoint    ] Safepoint "Cleanup", Time since last: 1000271919 ns, Reaching safepoint: 267100 ns, At safepoint: 4948 ns, Total: 272048 ns
[2023-05-16T02:58:23.704+0000][6][safepoint    ] Safepoint "Cleanup", Time since last: 1000184883 ns, Reaching safepoint: 1167830 ns, At safepoint: 30598 ns, Total: 1198428 ns
[2023-05-16T02:58:24.705+0000][6][safepoint    ] Safepoint "Cleanup", Time since last: 1000346737 ns, Reaching safepoint: 1171616 ns, At safepoint: 65796 ns, Total: 1237412 ns
[2023-05-16T02:58:25.706+0000][6][safepoint    ] Safepoint "Cleanup", Time since last: 1000289540 ns, Reaching safepoint: 179409 ns, At safepoint: 3360 ns, Total: 182769 ns
[2023-05-16T02:58:26.707+0000][6][safepoint    ] Safepoint "Cleanup", Time since last: 1000188044 ns, Reaching safepoint: 560006 ns, At safepoint: 21668 ns, Total: 581674 ns
[2023-05-16T02:58:27.707+0000][6][safepoint    ] Safepoint "Cleanup", Time since last: 1000287309 ns, Reaching safepoint: 204214 ns, At safepoint: 6665 ns, Total: 210879 ns
[2023-05-16T02:58:28.709+0000][6][safepoint    ] Safepoint "Cleanup", Time since last: 1000194226 ns, Reaching safepoint: 1124098 ns, At safepoint: 48197 ns, Total: 1172295 ns
[2023-05-16T02:58:29.710+0000][6][safepoint    ] Safepoint "Cleanup", Time since last: 1000528572 ns, Reaching safepoint: 804706 ns, At safepoint: 15242 ns, Total: 819948 ns
[2023-05-16T02:58:30.710+0000][6][safepoint    ] Safepoint "Cleanup", Time since last: 1000306569 ns, Reaching safepoint: 105351 ns, At safepoint: 4730 ns, Total: 110081 ns
[2023-05-16T02:58:31.711+0000][6][safepoint    ] Safepoint "Cleanup", Time since last: 1000127351 ns, Reaching safepoint: 235416 ns, At safepoint: 8179 ns, Total: 243595 ns
[2023-05-16T02:58:32.711+0000][6][safepoint    ] Safepoint "Cleanup", Time since last: 1000121648 ns, Reaching safepoint: 104215 ns, At safepoint: 3915 ns, Total: 108130 ns
[2023-05-16T02:58:33.711+0000][6][safepoint    ] Safepoint "Cleanup", Time since last: 1000200570 ns, Reaching safepoint: 103281 ns, At safepoint: 7893 ns, Total: 111174 ns
[2023-05-16T02:58:34.712+0000][6][safepoint    ] Safepoint "Cleanup", Time since last: 1000112499 ns, Reaching safepoint: 151140 ns, At safepoint: 6028 ns, Total: 157168 ns
[2023-05-16T02:58:35.712+0000][6][safepoint    ] Safepoint "Cleanup", Time since last: 1000141356 ns, Reaching safepoint: 106777 ns, At safepoint: 6072 ns, Total: 112849 ns
[2023-05-16T02:58:36.712+0000][6][safepoint    ] Safepoint "Cleanup", Time since last: 1000121214 ns, Reaching safepoint: 85072 ns, At safepoint: 4761 ns, Total: 89833 ns
[2023-05-16T02:58:37.712+0000][6][safepoint    ] Safepoint "Cleanup", Time since last: 1000104719 ns, Reaching safepoint: 88624 ns, At safepoint: 3805 ns, Total: 92429 ns
[2023-05-16T02:58:38.712+0000][6][safepoint    ] Safepoint "Cleanup", Time since last: 1000101142 ns, Reaching safepoint: 91509 ns, At safepoint: 3753 ns, Total: 95262 ns
[2023-05-16T02:58:39.713+0000][6][safepoint    ] Safepoint "Cleanup", Time since last: 1000099536 ns, Reaching safepoint: 71134 ns, At safepoint: 4448 ns, Total: 75582 ns
[2023-05-16T02:58:40.713+0000][6][safepoint    ] Safepoint "Cleanup", Time since last: 1000096597 ns, Reaching safepoint: 72336 ns, At safepoint: 4454 ns, Total: 76790 ns
[2023-05-16T02:58:41.713+0000][6][safepoint    ] Safepoint "Cleanup", Time since last: 1000133937 ns, Reaching safepoint: 257919 ns, At safepoint: 8329 ns, Total: 266248 ns
[2023-05-16T02:58:42.738+0000][6][safepoint    ] Safepoint "Cleanup", Time since last: 1025017824 ns, Reaching safepoint: 85090 ns, At safepoint: 3026 ns, Total: 88116 ns
[2023-05-16T02:58:43.738+0000][6][safepoint    ] Safepoint "Cleanup", Time since last: 1000086624 ns, Reaching safepoint: 70537 ns, At safepoint: 3711 ns, Total: 74248 ns
[2023-05-16T02:58:44.739+0000][6][safepoint    ] Safepoint "Cleanup", Time since last: 1000109347 ns, Reaching safepoint: 94745 ns, At safepoint: 4702 ns, Total: 99447 ns
[2023-05-16T02:58:45.739+0000][6][safepoint    ] Safepoint "Cleanup", Time since last: 1000126877 ns, Reaching safepoint: 67966 ns, At safepoint: 6005 ns, Total: 73971 ns
[2023-05-16T02:58:46.739+0000][6][safepoint    ] Safepoint "Cleanup", Time since last: 1000092086 ns, Reaching safepoint: 99775 ns, At safepoint: 4237 ns, Total: 104012 ns
[2023-05-16T02:58:47.739+0000][6][safepoint    ] Safepoint "Cleanup", Time since last: 1000103230 ns, Reaching safepoint: 69389 ns, At safepoint: 5358 ns, Total: 74747 ns
[2023-05-16T02:58:48.739+0000][6][safepoint    ] Safepoint "Cleanup", Time since last: 1000094825 ns, Reaching safepoint: 158839 ns, At safepoint: 3317 ns, Total: 162156 ns
[2023-05-16T02:58:49.740+0000][6][safepoint    ] Safepoint "Cleanup", Time since last: 1000073314 ns, Reaching safepoint: 82260 ns, At safepoint: 4591 ns, Total: 86851 ns
[2023-05-16T02:58:50.740+0000][6][safepoint    ] Safepoint "Cleanup", Time since last: 1000123132 ns, Reaching safepoint: 71374 ns, At safepoint: 4980 ns, Total: 76354 ns
[2023-05-16T02:58:51.740+0000][6][safepoint    ] Safepoint "Cleanup", Time since last: 1000161088 ns, Reaching safepoint: 382224 ns, At safepoint: 7683 ns, Total: 389907 ns
[2023-05-16T02:58:52.741+0000][6][safepoint    ] Safepoint "Cleanup", Time since last: 1000159452 ns, Reaching safepoint: 82759 ns, At safepoint: 3196 ns, Total: 85955 ns
[2023-05-16T02:58:53.741+0000][6][safepoint    ] Safepoint "Cleanup", Time since last: 1000096092 ns, Reaching safepoint: 80388 ns, At safepoint: 4702 ns, Total: 85090 ns
[2023-05-16T02:58:54.741+0000][6][safepoint    ] Safepoint "Cleanup", Time since last: 1000144201 ns, Reaching safepoint: 297045 ns, At safepoint: 16157 ns, Total: 313202 ns
[2023-05-16T02:58:55.742+0000][6][safepoint    ] Safepoint "Cleanup", Time since last: 1000196401 ns, Reaching safepoint: 479084 ns, At safepoint: 8846 ns, Total: 487930 ns
[2023-05-16T02:58:56.743+0000][6][safepoint    ] Safepoint "Cleanup", Time since last: 1000248224 ns, Reaching safepoint: 376477 ns, At safepoint: 10341 ns, Total: 386818 ns
[2023-05-16T02:58:57.743+0000][6][safepoint    ] Safepoint "Cleanup", Time since last: 1000258685 ns, Reaching safepoint: 72977 ns, At safepoint: 2905 ns, Total: 75882 ns
[2023-05-16T02:58:58.743+0000][6][safepoint    ] Safepoint "Cleanup", Time since last: 1000050326 ns, Reaching safepoint: 88380 ns, At safepoint: 3037 ns, Total: 91417 ns
[2023-05-16T02:58:59.743+0000][6][safepoint    ] Safepoint "Cleanup", Time since last: 1000092768 ns, Reaching safepoint: 74717 ns, At safepoint: 5026 ns, Total: 79743 ns
[2023-05-16T02:59:00.743+0000][6][safepoint    ] Safepoint "Cleanup", Time since last: 1000092672 ns, Reaching safepoint: 74739 ns, At safepoint: 5424 ns, Total: 80163 ns
[2023-05-16T02:59:01.744+0000][6][safepoint    ] Safepoint "Cleanup", Time since last: 1000094203 ns, Reaching safepoint: 85482 ns, At safepoint: 5008 ns, Total: 90490 ns
[2023-05-16T02:59:02.744+0000][6][safepoint    ] Safepoint "Cleanup", Time since last: 1000064556 ns, Reaching safepoint: 182247 ns, At safepoint: 11174 ns, Total: 193421 ns
[2023-05-16T02:59:03.744+0000][6][safepoint    ] Safepoint "Cleanup", Time since last: 1000194606 ns, Reaching safepoint: 66918 ns, At safepoint: 3401 ns, Total: 70319 ns
[2023-05-16T02:59:04.744+0000][6][safepoint    ] Safepoint "Cleanup", Time since last: 1000095016 ns, Reaching safepoint: 81154 ns, At safepoint: 3419 ns, Total: 84573 ns
[2023-05-16T02:59:05.744+0000][6][safepoint    ] Safepoint "Cleanup", Time since last: 1000093348 ns, Reaching safepoint: 74921 ns, At safepoint: 3622 ns, Total: 78543 ns
[2023-05-16T02:59:06.745+0000][6][safepoint    ] Safepoint "Cleanup", Time since last: 1000097283 ns, Reaching safepoint: 220393 ns, At safepoint: 4381 ns, Total: 224774 ns
[2023-05-16T02:59:07.745+0000][6][safepoint    ] Safepoint "Cleanup", Time since last: 1000146672 ns, Reaching safepoint: 105070 ns, At safepoint: 3625 ns, Total: 108695 ns
[2023-05-16T02:59:08.746+0000][6][safepoint    ] Safepoint "Cleanup", Time since last: 1000200851 ns, Reaching safepoint: 549708 ns, At safepoint: 12263 ns, Total: 561971 ns
[2023-05-16T02:59:09.746+0000][6][safepoint    ] Safepoint "Cleanup", Time since last: 1000265865 ns, Reaching safepoint: 80522 ns, At safepoint: 3153 ns, Total: 83675 ns
[2023-05-16T02:59:10.746+0000][6][safepoint    ] Safepoint "Cleanup", Time since last: 1000118821 ns, Reaching safepoint: 205820 ns, At safepoint: 7852 ns, Total: 213672 ns
[2023-05-16T02:59:11.747+0000][6][safepoint    ] Safepoint "Cleanup", Time since last: 1000266011 ns, Reaching safepoint: 549459 ns, At safepoint: 12050 ns, Total: 561509 ns
[2023-05-16T02:59:12.748+0000][6][safepoint    ] Safepoint "Cleanup", Time since last: 1000348052 ns, Reaching safepoint: 495265 ns, At safepoint: 10371 ns, Total: 505636 ns
[2023-05-16T02:59:13.749+0000][6][safepoint    ] Safepoint "Cleanup", Time since last: 1000366760 ns, Reaching safepoint: 769115 ns, At safepoint: 4087 ns, Total: 773202 ns
[2023-05-16T02:59:14.750+0000][6][safepoint    ] Safepoint "Cleanup", Time since last: 1000155421 ns, Reaching safepoint: 433996 ns, At safepoint: 8135 ns, Total: 442131 ns
[2023-05-16T02:59:15.750+0000][6][safepoint    ] Safepoint "Cleanup", Time since last: 1000288913 ns, Reaching safepoint: 256238 ns, At safepoint: 5598 ns, Total: 261836 ns
[2023-05-16T02:59:16.751+0000][6][safepoint    ] Safepoint "Cleanup", Time since last: 1000196193 ns, Reaching safepoint: 515982 ns, At safepoint: 17424 ns, Total: 533406 ns
[2023-05-16T02:59:17.752+0000][6][safepoint    ] Safepoint "Cleanup", Time since last: 1000250397 ns, Reaching safepoint: 106029 ns, At safepoint: 4415 ns, Total: 110444 ns
[2023-05-16T02:59:18.752+0000][6][safepoint    ] Safepoint "Cleanup", Time since last: 1000126453 ns, Reaching safepoint: 311695 ns, At safepoint: 6328 ns, Total: 318023 ns
[2023-05-16T02:59:19.752+0000][6][safepoint    ] Safepoint "Cleanup", Time since last: 1000143459 ns, Reaching safepoint: 71137 ns, At safepoint: 2597 ns, Total: 73734 ns
[2023-05-16T02:59:20.753+0000][6][safepoint    ] Safepoint "Cleanup", Time since last: 1000141852 ns, Reaching safepoint: 445175 ns, At safepoint: 16202 ns, Total: 461377 ns
[2023-05-16T02:59:21.753+0000][6][safepoint    ] Safepoint "Cleanup", Time since last: 1000338297 ns, Reaching safepoint: 97065 ns, At safepoint: 3633 ns, Total: 100698 ns
[2023-05-16T02:59:22.754+0000][6][safepoint    ] Safepoint "Cleanup", Time since last: 1000165066 ns, Reaching safepoint: 495454 ns, At safepoint: 14562 ns, Total: 510016 ns
[2023-05-16T02:59:23.755+0000][6][safepoint    ] Safepoint "Cleanup", Time since last: 1000322398 ns, Reaching safepoint: 469450 ns, At safepoint: 9755 ns, Total: 479205 ns
[2023-05-16T02:59:24.755+0000][6][safepoint    ] Safepoint "Cleanup", Time since last: 1000307463 ns, Reaching safepoint: 274963 ns, At safepoint: 6022 ns, Total: 280985 ns
[2023-05-16T02:59:25.756+0000][6][safepoint    ] Safepoint "Cleanup", Time since last: 1000230153 ns, Reaching safepoint: 93613 ns, At safepoint: 2855 ns, Total: 96468 ns
[2023-05-16T02:59:26.756+0000][6][safepoint    ] Safepoint "Cleanup", Time since last: 1000102875 ns, Reaching safepoint: 86729 ns, At safepoint: 3356 ns, Total: 90085 ns
[2023-05-16T02:59:27.756+0000][6][safepoint    ] Safepoint "Cleanup", Time since last: 1000116930 ns, Reaching safepoint: 258216 ns, At safepoint: 6836 ns, Total: 265052 ns
[2023-05-16T02:59:28.756+0000][6][safepoint    ] Safepoint "Cleanup", Time since last: 1000164972 ns, Reaching safepoint: 77644 ns, At safepoint: 5175 ns, Total: 82819 ns
[2023-05-16T02:59:29.757+0000][6][safepoint    ] Safepoint "Cleanup", Time since last: 1000098308 ns, Reaching safepoint: 77889 ns, At safepoint: 3588 ns, Total: 81477 ns
[2023-05-16T02:59:30.757+0000][6][safepoint    ] Safepoint "Cleanup", Time since last: 1000089924 ns, Reaching safepoint: 102310 ns, At safepoint: 3972 ns, Total: 106282 ns
[2023-05-16T02:59:31.757+0000][6][safepoint    ] Safepoint "Cleanup", Time since last: 1000078011 ns, Reaching safepoint: 180448 ns, At safepoint: 5280 ns, Total: 185728 ns
[2023-05-16T02:59:32.757+0000][6][safepoint    ] Safepoint "Cleanup", Time since last: 1000138789 ns, Reaching safepoint: 80568 ns, At safepoint: 2644 ns, Total: 83212 ns
[2023-05-16T02:59:33.757+0000][6][safepoint    ] Safepoint "Cleanup", Time since last: 1000096205 ns, Reaching safepoint: 90094 ns, At safepoint: 3859 ns, Total: 93953 ns
[2023-05-16T02:59:34.758+0000][6][safepoint    ] Safepoint "Cleanup", Time since last: 1000116369 ns, Reaching safepoint: 102286 ns, At safepoint: 6395 ns, Total: 108681 ns
[2023-05-16T02:59:35.758+0000][6][safepoint    ] Safepoint "Cleanup", Time since last: 1000127777 ns, Reaching safepoint: 79883 ns, At safepoint: 2963 ns, Total: 82846 ns
[2023-05-16T02:59:36.758+0000][6][safepoint    ] Safepoint "Cleanup", Time since last: 1000116220 ns, Reaching safepoint: 78460 ns, At safepoint: 4699 ns, Total: 83159 ns
[2023-05-16T02:59:37.758+0000][6][safepoint    ] Safepoint "Cleanup", Time since last: 1000135621 ns, Reaching safepoint: 184072 ns, At safepoint: 3728 ns, Total: 187800 ns
[2023-05-16T02:59:38.759+0000][6][safepoint    ] Safepoint "Cleanup", Time since last: 1000095904 ns, Reaching safepoint: 76330 ns, At safepoint: 3691 ns, Total: 80021 ns
[2023-05-16T02:59:39.759+0000][6][safepoint    ] Safepoint "Cleanup", Time since last: 1000122694 ns, Reaching safepoint: 78843 ns, At safepoint: 4138 ns, Total: 82981 ns
[2023-05-16T02:59:40.759+0000][6][safepoint    ] Safepoint "Cleanup", Time since last: 1000045833 ns, Reaching safepoint: 69289 ns, At safepoint: 2914 ns, Total: 72203 ns
[2023-05-16T02:59:41.759+0000][6][safepoint    ] Safepoint "Cleanup", Time since last: 1000121831 ns, Reaching safepoint: 390283 ns, At safepoint: 13358 ns, Total: 403641 ns
[2023-05-16T02:59:42.760+0000][6][safepoint    ] Safepoint "Cleanup", Time since last: 1000246798 ns, Reaching safepoint: 128588 ns, At safepoint: 6319 ns, Total: 134907 ns
[2023-05-16T02:59:43.760+0000][6][safepoint    ] Safepoint "Cleanup", Time since last: 1000121201 ns, Reaching safepoint: 79533 ns, At safepoint: 3229 ns, Total: 82762 ns
[2023-05-16T02:59:44.817+0000][6][safepoint    ] Safepoint "Cleanup", Time since last: 1056347546 ns, Reaching safepoint: 566196 ns, At safepoint: 10825 ns, Total: 577021 ns
[2023-05-16T02:59:45.817+0000][6][safepoint    ] Safepoint "Cleanup", Time since last: 1000281451 ns, Reaching safepoint: 86343 ns, At safepoint: 3954 ns, Total: 90297 ns
[2023-05-16T02:59:46.818+0000][6][safepoint    ] Safepoint "Cleanup", Time since last: 1000160390 ns, Reaching safepoint: 562452 ns, At safepoint: 18807 ns, Total: 581259 ns
[2023-05-16T02:59:47.822+0000][6][safepoint    ] Safepoint "Cleanup", Time since last: 1000289242 ns, Reaching safepoint: 3431914 ns, At safepoint: 16422 ns, Total: 3448336 ns
[2023-05-16T02:59:48.822+0000][6][safepoint    ] Safepoint "Cleanup", Time since last: 1000099926 ns, Reaching safepoint: 121117 ns, At safepoint: 6667 ns, Total: 127784 ns
[2023-05-16T02:59:49.822+0000][6][safepoint    ] Safepoint "Cleanup", Time since last: 1000099995 ns, Reaching safepoint: 153492 ns, At safepoint: 4056 ns, Total: 157548 ns
[2023-05-16T02:59:49.895+0000][6][gc,start     ] GC(22) Pause Young (Normal) (G1 Evacuation Pause)
[2023-05-16T02:59:49.895+0000][6][gc,task      ] GC(22) Using 8 workers of 8 for evacuation
[2023-05-16T02:59:49.895+0000][6][gc,age       ] GC(22) Desired survivor size 40370176 bytes, new threshold 8 (max threshold 15)
[2023-05-16T02:59:49.909+0000][6][gc,age       ] GC(22) Age table with threshold 8 (max threshold 15)
[2023-05-16T02:59:49.909+0000][6][gc,age       ] GC(22) - age   1:    5432792 bytes,    5432792 total
[2023-05-16T02:59:49.909+0000][6][gc,age       ] GC(22) - age   2:    7524792 bytes,   12957584 total
[2023-05-16T02:59:49.909+0000][6][gc,age       ] GC(22) - age   3:    5676448 bytes,   18634032 total
[2023-05-16T02:59:49.909+0000][6][gc,age       ] GC(22) - age   4:    5958904 bytes,   24592936 total
[2023-05-16T02:59:49.909+0000][6][gc,age       ] GC(22) - age   5:    5618104 bytes,   30211040 total
[2023-05-16T02:59:49.909+0000][6][gc,age       ] GC(22) - age   6:    5712616 bytes,   35923656 total
[2023-05-16T02:59:49.909+0000][6][gc,age       ] GC(22) - age   7:    4879056 bytes,   40802712 total
[2023-05-16T02:59:49.909+0000][6][gc,age       ] GC(22) - age   8:    2545000 bytes,   43347712 total
[2023-05-16T02:59:49.909+0000][6][gc,phases    ] GC(22)   Pre Evacuate Collection Set: 0.1ms
[2023-05-16T02:59:49.909+0000][6][gc,phases    ] GC(22)   Merge Heap Roots: 0.1ms
[2023-05-16T02:59:49.909+0000][6][gc,phases    ] GC(22)   Evacuate Collection Set: 12.8ms
[2023-05-16T02:59:49.909+0000][6][gc,phases    ] GC(22)   Post Evacuate Collection Set: 0.9ms
[2023-05-16T02:59:49.909+0000][6][gc,phases    ] GC(22)   Other: 0.2ms
[2023-05-16T02:59:49.909+0000][6][gc,heap      ] GC(22) Eden regions: 571->0(567)
[2023-05-16T02:59:49.909+0000][6][gc,heap      ] GC(22) Survivor regions: 43->46(77)
[2023-05-16T02:59:49.909+0000][6][gc,heap      ] GC(22) Old regions: 70->71
[2023-05-16T02:59:49.909+0000][6][gc,heap      ] GC(22) Archive regions: 2->2
[2023-05-16T02:59:49.909+0000][6][gc,heap      ] GC(22) Humongous regions: 43->36
[2023-05-16T02:59:49.909+0000][6][gc,metaspace ] GC(22) Metaspace: 96701K(104428K)->96701K(104428K) NonClass: 84061K(88684K)->84061K(88684K) Class: 12639K(15744K)->12639K(15744K)
[2023-05-16T02:59:49.909+0000][6][gc           ] GC(22) Pause Young (Normal) (G1 Evacuation Pause) 727M->153M(1024M) 14.194ms
[2023-05-16T02:59:49.909+0000][6][gc,cpu       ] GC(22) User=0.06s Sys=0.00s Real=0.02s
[2023-05-16T02:59:49.909+0000][6][safepoint    ] Safepoint "G1CollectForAllocation", Time since last: 72212573 ns, Reaching safepoint: 118680 ns, At safepoint: 14282369 ns, Total: 14401049 ns
[2023-05-16T02:59:50.909+0000][6][safepoint    ] Safepoint "Cleanup", Time since last: 1000078831 ns, Reaching safepoint: 128148 ns, At safepoint: 6447 ns, Total: 134595 ns
[2023-05-16T02:59:51.910+0000][6][safepoint    ] Safepoint "Cleanup", Time since last: 1000160260 ns, Reaching safepoint: 686213 ns, At safepoint: 7179 ns, Total: 693392 ns
[2023-05-16T02:59:52.911+0000][6][safepoint    ] Safepoint "Cleanup", Time since last: 1000255930 ns, Reaching safepoint: 797472 ns, At safepoint: 16689 ns, Total: 814161 ns
[2023-05-16T02:59:53.911+0000][6][safepoint    ] Safepoint "Cleanup", Time since last: 1000250438 ns, Reaching safepoint: 77461 ns, At safepoint: 6534 ns, Total: 83995 ns
[2023-05-16T02:59:54.912+0000][6][safepoint    ] Safepoint "Cleanup", Time since last: 1000108426 ns, Reaching safepoint: 104241 ns, At safepoint: 3177 ns, Total: 107418 ns
[2023-05-16T02:59:55.912+0000][6][safepoint    ] Safepoint "Cleanup", Time since last: 1000113005 ns, Reaching safepoint: 118303 ns, At safepoint: 4177 ns, Total: 122480 ns
[2023-05-16T02:59:56.912+0000][6][safepoint    ] Safepoint "Cleanup", Time since last: 1000114025 ns, Reaching safepoint: 100030 ns, At safepoint: 5768 ns, Total: 105798 ns
[2023-05-16T02:59:57.912+0000][6][safepoint    ] Safepoint "Cleanup", Time since last: 1000097727 ns, Reaching safepoint: 101231 ns, At safepoint: 6578 ns, Total: 107809 ns
[2023-05-16T02:59:58.912+0000][6][safepoint    ] Safepoint "Cleanup", Time since last: 1000097851 ns, Reaching safepoint: 102157 ns, At safepoint: 7126 ns, Total: 109283 ns
[2023-05-16T02:59:59.913+0000][6][safepoint    ] Safepoint "Cleanup", Time since last: 1000123976 ns, Reaching safepoint: 139951 ns, At safepoint: 5447 ns, Total: 145398 ns
[2023-05-16T03:00:00.914+0000][6][safepoint    ] Safepoint "Cleanup", Time since last: 1000211114 ns, Reaching safepoint: 493965 ns, At safepoint: 15859 ns, Total: 509824 ns
[2023-05-16T03:00:01.914+0000][6][safepoint    ] Safepoint "Cleanup", Time since last: 1000364066 ns, Reaching safepoint: 248882 ns, At safepoint: 5438 ns, Total: 254320 ns
[2023-05-16T03:00:02.914+0000][6][safepoint    ] Safepoint "Cleanup", Time since last: 1000118433 ns, Reaching safepoint: 228791 ns, At safepoint: 5819 ns, Total: 234610 ns
[2023-05-16T03:00:03.915+0000][6][safepoint    ] Safepoint "Cleanup", Time since last: 1000118100 ns, Reaching safepoint: 233691 ns, At safepoint: 4387 ns, Total: 238078 ns
[2023-05-16T03:00:04.916+0000][6][safepoint    ] Safepoint "Cleanup", Time since last: 1000118625 ns, Reaching safepoint: 712191 ns, At safepoint: 26339 ns, Total: 738530 ns
[2023-05-16T03:00:05.916+0000][6][safepoint    ] Safepoint "Cleanup", Time since last: 1000280309 ns, Reaching safepoint: 149358 ns, At safepoint: 5083 ns, Total: 154441 ns
[2023-05-16T03:00:06.916+0000][6][safepoint    ] Safepoint "Cleanup", Time since last: 1000091485 ns, Reaching safepoint: 98113 ns, At safepoint: 4258 ns, Total: 102371 ns
[2023-05-16T03:00:07.917+0000][6][safepoint    ] Safepoint "Cleanup", Time since last: 1000113787 ns, Reaching safepoint: 136044 ns, At safepoint: 6516 ns, Total: 142560 ns
[2023-05-16T03:00:08.917+0000][6][safepoint    ] Safepoint "Cleanup", Time since last: 1000150548 ns, Reaching safepoint: 149631 ns, At safepoint: 7224 ns, Total: 156855 ns
[2023-05-16T03:00:09.918+0000][6][safepoint    ] Safepoint "Cleanup", Time since last: 1000170745 ns, Reaching safepoint: 716206 ns, At safepoint: 21241 ns, Total: 737447 ns
[2023-05-16T03:00:10.918+0000][6][safepoint    ] Safepoint "Cleanup", Time since last: 1000326346 ns, Reaching safepoint: 161195 ns, At safepoint: 4095 ns, Total: 165290 ns
[2023-05-16T03:00:11.919+0000][6][safepoint    ] Safepoint "Cleanup", Time since last: 1000121987 ns, Reaching safepoint: 185802 ns, At safepoint: 5777 ns, Total: 191579 ns
[2023-05-16T03:00:12.920+0000][6][safepoint    ] Safepoint "Cleanup", Time since last: 1000129496 ns, Reaching safepoint: 1309695 ns, At safepoint: 5095 ns, Total: 1314790 ns
[2023-05-16T03:00:13.920+0000][6][safepoint    ] Safepoint "Cleanup", Time since last: 1000094035 ns, Reaching safepoint: 137313 ns, At safepoint: 5798 ns, Total: 143111 ns
[2023-05-16T03:00:14.921+0000][6][safepoint    ] Safepoint "Cleanup", Time since last: 1000143656 ns, Reaching safepoint: 236423 ns, At safepoint: 6936 ns, Total: 243359 ns
[2023-05-16T03:00:15.921+0000][6][safepoint    ] Safepoint "Cleanup", Time since last: 1000124677 ns, Reaching safepoint: 134663 ns, At safepoint: 6944 ns, Total: 141607 ns
[2023-05-16T03:00:16.922+0000][6][safepoint    ] Safepoint "Cleanup", Time since last: 1000153664 ns, Reaching safepoint: 750508 ns, At safepoint: 17843 ns, Total: 768351 ns
[2023-05-16T03:00:17.923+0000][6][safepoint    ] Safepoint "Cleanup", Time since last: 1000360512 ns, Reaching safepoint: 542801 ns, At safepoint: 12349 ns, Total: 555150 ns
[2023-05-16T03:00:18.923+0000][6][safepoint    ] Safepoint "Cleanup", Time since last: 1000257829 ns, Reaching safepoint: 365962 ns, At safepoint: 3715 ns, Total: 369677 ns
[2023-05-16T03:00:19.924+0000][6][safepoint    ] Safepoint "Cleanup", Time since last: 1000118674 ns, Reaching safepoint: 391415 ns, At safepoint: 8126 ns, Total: 399541 ns
[2023-05-16T03:00:20.924+0000][6][safepoint    ] Safepoint "Cleanup", Time since last: 1000204137 ns, Reaching safepoint: 333209 ns, At safepoint: 11430 ns, Total: 344639 ns
[2023-05-16T03:00:21.926+0000][6][safepoint    ] Safepoint "Cleanup", Time since last: 1000217209 ns, Reaching safepoint: 1236514 ns, At safepoint: 29985 ns, Total: 1266499 ns
[2023-05-16T03:00:22.926+0000][6][safepoint    ] Safepoint "Cleanup", Time since last: 1000158025 ns, Reaching safepoint: 304296 ns, At safepoint: 11519 ns, Total: 315815 ns
[2023-05-16T03:00:23.927+0000][6][safepoint    ] Safepoint "Cleanup", Time since last: 1000216487 ns, Reaching safepoint: 752508 ns, At safepoint: 24870 ns, Total: 777378 ns
[2023-05-16T03:00:24.928+0000][6][safepoint    ] Safepoint "Cleanup", Time since last: 1000152651 ns, Reaching safepoint: 112789 ns, At safepoint: 5462 ns, Total: 118251 ns
[2023-05-16T03:00:25.928+0000][6][safepoint    ] Safepoint "Cleanup", Time since last: 1000100369 ns, Reaching safepoint: 115940 ns, At safepoint: 3927 ns, Total: 119867 ns
[2023-05-16T03:00:26.929+0000][6][safepoint    ] Safepoint "Cleanup", Time since last: 1000167365 ns, Reaching safepoint: 606401 ns, At safepoint: 5703 ns, Total: 612104 ns
[2023-05-16T03:00:27.929+0000][6][safepoint    ] Safepoint "Cleanup", Time since last: 1000135875 ns, Reaching safepoint: 96992 ns, At safepoint: 3887 ns, Total: 100879 ns
[2023-05-16T03:00:28.929+0000][6][safepoint    ] Safepoint "Cleanup", Time since last: 1000114659 ns, Reaching safepoint: 176999 ns, At safepoint: 4092 ns, Total: 181091 ns
[2023-05-16T03:00:29.930+0000][6][safepoint    ] Safepoint "Cleanup", Time since last: 1000161955 ns, Reaching safepoint: 690805 ns, At safepoint: 10443 ns, Total: 701248 ns
[2023-05-16T03:00:30.930+0000][6][safepoint    ] Safepoint "Cleanup", Time since last: 1000192342 ns, Reaching safepoint: 99840 ns, At safepoint: 3942 ns, Total: 103782 ns
[2023-05-16T03:00:31.931+0000][6][safepoint    ] Safepoint "Cleanup", Time since last: 1000086552 ns, Reaching safepoint: 89664 ns, At safepoint: 3990 ns, Total: 93654 ns
[2023-05-16T03:00:32.931+0000][6][safepoint    ] Safepoint "Cleanup", Time since last: 1000085003 ns, Reaching safepoint: 101134 ns, At safepoint: 3982 ns, Total: 105116 ns
[2023-05-16T03:00:33.931+0000][6][safepoint    ] Safepoint "Cleanup", Time since last: 1000107517 ns, Reaching safepoint: 94334 ns, At safepoint: 3326 ns, Total: 97660 ns
[2023-05-16T03:00:34.931+0000][6][safepoint    ] Safepoint "Cleanup", Time since last: 1000157434 ns, Reaching safepoint: 331889 ns, At safepoint: 4199 ns, Total: 336088 ns
[2023-05-16T03:00:35.932+0000][6][safepoint    ] Safepoint "Cleanup", Time since last: 1000249103 ns, Reaching safepoint: 143028 ns, At safepoint: 4127 ns, Total: 147155 ns
[2023-05-16T03:00:36.932+0000][6][safepoint    ] Safepoint "Cleanup", Time since last: 1000118344 ns, Reaching safepoint: 156789 ns, At safepoint: 5293 ns, Total: 162082 ns
[2023-05-16T03:00:37.932+0000][6][safepoint    ] Safepoint "Cleanup", Time since last: 1000125909 ns, Reaching safepoint: 243040 ns, At safepoint: 6883 ns, Total: 249923 ns
[2023-05-16T03:00:38.933+0000][6][safepoint    ] Safepoint "Cleanup", Time since last: 1000141523 ns, Reaching safepoint: 128104 ns, At safepoint: 4221 ns, Total: 132325 ns
[2023-05-16T03:00:39.933+0000][6][safepoint    ] Safepoint "Cleanup", Time since last: 1000116646 ns, Reaching safepoint: 187790 ns, At safepoint: 6400 ns, Total: 194190 ns
[2023-05-16T03:00:40.933+0000][6][safepoint    ] Safepoint "Cleanup", Time since last: 1000113831 ns, Reaching safepoint: 142423 ns, At safepoint: 6632 ns, Total: 149055 ns
[2023-05-16T03:00:41.934+0000][6][safepoint    ] Safepoint "Cleanup", Time since last: 1000125331 ns, Reaching safepoint: 257785 ns, At safepoint: 6359 ns, Total: 264144 ns
[2023-05-16T03:00:42.935+0000][6][safepoint    ] Safepoint "Cleanup", Time since last: 1000260588 ns, Reaching safepoint: 524993 ns, At safepoint: 11821 ns, Total: 536814 ns
[2023-05-16T03:00:43.935+0000][6][safepoint    ] Safepoint "Cleanup", Time since last: 1000220122 ns, Reaching safepoint: 329291 ns, At safepoint: 6396 ns, Total: 335687 ns
[2023-05-16T03:00:44.935+0000][6][safepoint    ] Safepoint "Cleanup", Time since last: 1000135783 ns, Reaching safepoint: 189489 ns, At safepoint: 9001 ns, Total: 198490 ns
[2023-05-16T03:00:45.936+0000][6][safepoint    ] Safepoint "Cleanup", Time since last: 1000166706 ns, Reaching safepoint: 356686 ns, At safepoint: 14268 ns, Total: 370954 ns
[2023-05-16T03:00:46.937+0000][6][safepoint    ] Safepoint "Cleanup", Time since last: 1000306977 ns, Reaching safepoint: 657313 ns, At safepoint: 5159 ns, Total: 662472 ns
[2023-05-16T03:00:47.937+0000][6][safepoint    ] Safepoint "Cleanup", Time since last: 1000210724 ns, Reaching safepoint: 280585 ns, At safepoint: 11470 ns, Total: 292055 ns
[2023-05-16T03:00:48.938+0000][6][safepoint    ] Safepoint "Cleanup", Time since last: 1000192069 ns, Reaching safepoint: 817988 ns, At safepoint: 38863 ns, Total: 856851 ns
[2023-05-16T03:00:49.939+0000][6][safepoint    ] Safepoint "Cleanup", Time since last: 1000333448 ns, Reaching safepoint: 173939 ns, At safepoint: 5410 ns, Total: 179349 ns
[2023-05-16T03:00:50.939+0000][6][safepoint    ] Safepoint "Cleanup", Time since last: 1000108326 ns, Reaching safepoint: 98710 ns, At safepoint: 6977 ns, Total: 105687 ns
[2023-05-16T03:00:51.939+0000][6][safepoint    ] Safepoint "Cleanup", Time since last: 1000104985 ns, Reaching safepoint: 77828 ns, At safepoint: 3587 ns, Total: 81415 ns
[2023-05-16T03:00:52.940+0000][6][safepoint    ] Safepoint "Cleanup", Time since last: 1000109874 ns, Reaching safepoint: 84961 ns, At safepoint: 6213 ns, Total: 91174 ns
[2023-05-16T03:00:53.940+0000][6][safepoint    ] Safepoint "Cleanup", Time since last: 1000104571 ns, Reaching safepoint: 137156 ns, At safepoint: 3206 ns, Total: 140362 ns
[2023-05-16T03:00:54.940+0000][6][safepoint    ] Safepoint "Cleanup", Time since last: 1000127299 ns, Reaching safepoint: 188249 ns, At safepoint: 5010 ns, Total: 193259 ns
[2023-05-16T03:00:55.940+0000][6][safepoint    ] Safepoint "Cleanup", Time since last: 1000107770 ns, Reaching safepoint: 70447 ns, At safepoint: 3631 ns, Total: 74078 ns
[2023-05-16T03:00:56.941+0000][6][safepoint    ] Safepoint "Cleanup", Time since last: 1000124939 ns, Reaching safepoint: 118968 ns, At safepoint: 4090 ns, Total: 123058 ns
[2023-05-16T03:00:57.941+0000][6][safepoint    ] Safepoint "Cleanup", Time since last: 1000142784 ns, Reaching safepoint: 89846 ns, At safepoint: 3337 ns, Total: 93183 ns
[2023-05-16T03:00:58.941+0000][6][safepoint    ] Safepoint "Cleanup", Time since last: 1000103019 ns, Reaching safepoint: 92200 ns, At safepoint: 4900 ns, Total: 97100 ns
[2023-05-16T03:00:59.941+0000][6][safepoint    ] Safepoint "Cleanup", Time since last: 1000104580 ns, Reaching safepoint: 186263 ns, At safepoint: 4609 ns, Total: 190872 ns
[2023-05-16T03:01:00.942+0000][6][safepoint    ] Safepoint "Cleanup", Time since last: 1000132993 ns, Reaching safepoint: 389470 ns, At safepoint: 13327 ns, Total: 402797 ns
[2023-05-16T03:01:01.942+0000][6][safepoint    ] Safepoint "Cleanup", Time since last: 1000236344 ns, Reaching safepoint: 91365 ns, At safepoint: 2931 ns, Total: 94296 ns
[2023-05-16T03:01:02.942+0000][6][safepoint    ] Safepoint "Cleanup", Time since last: 1000092152 ns, Reaching safepoint: 81501 ns, At safepoint: 3341 ns, Total: 84842 ns
[2023-05-16T03:01:03.943+0000][6][safepoint    ] Safepoint "Cleanup", Time since last: 1000141268 ns, Reaching safepoint: 390190 ns, At safepoint: 8159 ns, Total: 398349 ns
[2023-05-16T03:01:04.943+0000][6][safepoint    ] Safepoint "Cleanup", Time since last: 1000270023 ns, Reaching safepoint: 71535 ns, At safepoint: 2822 ns, Total: 74357 ns
[2023-05-16T03:01:05.943+0000][6][safepoint    ] Safepoint "Cleanup", Time since last: 1000098695 ns, Reaching safepoint: 91943 ns, At safepoint: 3920 ns, Total: 95863 ns
[2023-05-16T03:01:06.944+0000][6][safepoint    ] Safepoint "Cleanup", Time since last: 1000116764 ns, Reaching safepoint: 69553 ns, At safepoint: 4007 ns, Total: 73560 ns
[2023-05-16T03:01:07.944+0000][6][safepoint    ] Safepoint "Cleanup", Time since last: 1000360854 ns, Reaching safepoint: 197852 ns, At safepoint: 6545 ns, Total: 204397 ns
[2023-05-16T03:01:09.037+0000][6][safepoint    ] Safepoint "Cleanup", Time since last: 1092165187 ns, Reaching safepoint: 208835 ns, At safepoint: 3385 ns, Total: 212220 ns
[2023-05-16T03:01:10.037+0000][6][safepoint    ] Safepoint "Cleanup", Time since last: 1000141822 ns, Reaching safepoint: 153470 ns, At safepoint: 5442 ns, Total: 158912 ns
[2023-05-16T03:01:11.037+0000][6][safepoint    ] Safepoint "Cleanup", Time since last: 1000103087 ns, Reaching safepoint: 119054 ns, At safepoint: 3777 ns, Total: 122831 ns
[2023-05-16T03:01:12.038+0000][6][safepoint    ] Safepoint "Cleanup", Time since last: 1000111063 ns, Reaching safepoint: 439681 ns, At safepoint: 18088 ns, Total: 457769 ns
[2023-05-16T03:01:14.038+0000][6][safepoint    ] Safepoint "Cleanup", Time since last: 2000299215 ns, Reaching safepoint: 121091 ns, At safepoint: 4884 ns, Total: 125975 ns
[2023-05-16T03:01:21.039+0000][6][safepoint    ] Safepoint "Cleanup", Time since last: 7000718818 ns, Reaching safepoint: 200343 ns, At safepoint: 6908 ns, Total: 207251 ns
[2023-05-16T03:01:22.040+0000][6][safepoint    ] Safepoint "Cleanup", Time since last: 1000175960 ns, Reaching safepoint: 699783 ns, At safepoint: 14749 ns, Total: 714532 ns
[2023-05-16T03:01:23.040+0000][6][safepoint    ] Safepoint "Cleanup", Time since last: 1000226765 ns, Reaching safepoint: 110928 ns, At safepoint: 5068 ns, Total: 115996 ns
[2023-05-16T03:01:24.041+0000][6][safepoint    ] Safepoint "Cleanup", Time since last: 1000201079 ns, Reaching safepoint: 620229 ns, At safepoint: 23363 ns, Total: 643592 ns
[2023-05-16T03:01:25.042+0000][6][safepoint    ] Safepoint "Cleanup", Time since last: 1000467896 ns, Reaching safepoint: 119006 ns, At safepoint: 4993 ns, Total: 123999 ns
[2023-05-16T03:01:26.042+0000][6][safepoint    ] Safepoint "Cleanup", Time since last: 1000102530 ns, Reaching safepoint: 116156 ns, At safepoint: 3395 ns, Total: 119551 ns
[2023-05-16T03:01:27.043+0000][6][safepoint    ] Safepoint "Cleanup", Time since last: 1000198427 ns, Reaching safepoint: 517709 ns, At safepoint: 21191 ns, Total: 538900 ns
[2023-05-16T03:01:28.043+0000][6][safepoint    ] Safepoint "Cleanup", Time since last: 1000330431 ns, Reaching safepoint: 137864 ns, At safepoint: 4240 ns, Total: 142104 ns
[2023-05-16T03:01:29.043+0000][6][safepoint    ] Safepoint "Cleanup", Time since last: 1000068658 ns, Reaching safepoint: 76826 ns, At safepoint: 3454 ns, Total: 80280 ns
[2023-05-16T03:01:30.043+0000][6][safepoint    ] Safepoint "Cleanup", Time since last: 1000100006 ns, Reaching safepoint: 141841 ns, At safepoint: 3691 ns, Total: 145532 ns
[2023-05-16T03:01:31.044+0000][6][safepoint    ] Safepoint "Cleanup", Time since last: 1000098193 ns, Reaching safepoint: 109169 ns, At safepoint: 5179 ns, Total: 114348 ns
[2023-05-16T03:01:32.044+0000][6][safepoint    ] Safepoint "Cleanup", Time since last: 1000103523 ns, Reaching safepoint: 98073 ns, At safepoint: 3787 ns, Total: 101860 ns
[2023-05-16T03:01:32.598+0000][6][gc,start     ] GC(23) Pause Young (Normal) (G1 Evacuation Pause)
[2023-05-16T03:01:32.598+0000][6][gc,task      ] GC(23) Using 8 workers of 8 for evacuation
[2023-05-16T03:01:32.598+0000][6][gc,age       ] GC(23) Desired survivor size 40370176 bytes, new threshold 7 (max threshold 15)
[2023-05-16T03:01:32.615+0000][6][gc,age       ] GC(23) Age table with threshold 7 (max threshold 15)
[2023-05-16T03:01:32.615+0000][6][gc,age       ] GC(23) - age   1:   10370384 bytes,   10370384 total
[2023-05-16T03:01:32.615+0000][6][gc,age       ] GC(23) - age   2:    3175560 bytes,   13545944 total
[2023-05-16T03:01:32.615+0000][6][gc,age       ] GC(23) - age   3:    5489152 bytes,   19035096 total
[2023-05-16T03:01:32.615+0000][6][gc,age       ] GC(23) - age   4:    5676448 bytes,   24711544 total
[2023-05-16T03:01:32.615+0000][6][gc,age       ] GC(23) - age   5:    5958904 bytes,   30670448 total
[2023-05-16T03:01:32.615+0000][6][gc,age       ] GC(23) - age   6:    5618104 bytes,   36288552 total
[2023-05-16T03:01:32.615+0000][6][gc,age       ] GC(23) - age   7:    5712616 bytes,   42001168 total
[2023-05-16T03:01:32.615+0000][6][gc,phases    ] GC(23)   Pre Evacuate Collection Set: 0.3ms
[2023-05-16T03:01:32.615+0000][6][gc,phases    ] GC(23)   Merge Heap Roots: 0.3ms
[2023-05-16T03:01:32.615+0000][6][gc,phases    ] GC(23)   Evacuate Collection Set: 15.1ms
[2023-05-16T03:01:32.615+0000][6][gc,phases    ] GC(23)   Post Evacuate Collection Set: 1.2ms
[2023-05-16T03:01:32.616+0000][6][gc,phases    ] GC(23)   Other: 0.4ms
[2023-05-16T03:01:32.616+0000][6][gc,heap      ] GC(23) Eden regions: 567->0(561)
[2023-05-16T03:01:32.616+0000][6][gc,heap      ] GC(23) Survivor regions: 46->44(77)
[2023-05-16T03:01:32.616+0000][6][gc,heap      ] GC(23) Old regions: 71->79
[2023-05-16T03:01:32.616+0000][6][gc,heap      ] GC(23) Archive regions: 2->2
[2023-05-16T03:01:32.616+0000][6][gc,heap      ] GC(23) Humongous regions: 55->38
[2023-05-16T03:01:32.616+0000][6][gc,metaspace ] GC(23) Metaspace: 96713K(104428K)->96713K(104428K) NonClass: 84073K(88684K)->84073K(88684K) Class: 12639K(15744K)->12639K(15744K)
[2023-05-16T03:01:32.616+0000][6][gc           ] GC(23) Pause Young (Normal) (G1 Evacuation Pause) 739M->161M(1024M) 17.305ms
[2023-05-16T03:01:32.616+0000][6][gc,cpu       ] GC(23) User=0.05s Sys=0.00s Real=0.02s
[2023-05-16T03:01:32.616+0000][6][safepoint    ] Safepoint "G1CollectForAllocation", Time since last: 553937112 ns, Reaching safepoint: 359494 ns, At safepoint: 17448329 ns, Total: 17807823 ns
[2023-05-16T03:01:33.616+0000][6][safepoint    ] Safepoint "Cleanup", Time since last: 1000077489 ns, Reaching safepoint: 108339 ns, At safepoint: 4221 ns, Total: 112560 ns
[2023-05-16T03:01:34.616+0000][6][safepoint    ] Safepoint "Cleanup", Time since last: 1000165081 ns, Reaching safepoint: 481331 ns, At safepoint: 8200 ns, Total: 489531 ns
[2023-05-16T03:01:35.617+0000][6][safepoint    ] Safepoint "Cleanup", Time since last: 1000216961 ns, Reaching safepoint: 414587 ns, At safepoint: 6010 ns, Total: 420597 ns
[2023-05-16T03:01:36.618+0000][6][safepoint    ] Safepoint "Cleanup", Time since last: 1000135821 ns, Reaching safepoint: 268277 ns, At safepoint: 23560 ns, Total: 291837 ns
[2023-05-16T03:01:37.618+0000][6][safepoint    ] Safepoint "Cleanup", Time since last: 1000141487 ns, Reaching safepoint: 298019 ns, At safepoint: 11137 ns, Total: 309156 ns
[2023-05-16T03:01:38.618+0000][6][safepoint    ] Safepoint "Cleanup", Time since last: 1000143045 ns, Reaching safepoint: 136624 ns, At safepoint: 4853 ns, Total: 141477 ns
[2023-05-16T03:01:39.619+0000][6][safepoint    ] Safepoint "Cleanup", Time since last: 1000825752 ns, Reaching safepoint: 131604 ns, At safepoint: 5925 ns, Total: 137529 ns
[2023-05-16T03:01:40.619+0000][6][safepoint    ] Safepoint "Cleanup", Time since last: 1000091474 ns, Reaching safepoint: 103512 ns, At safepoint: 3447 ns, Total: 106959 ns
[2023-05-16T03:01:41.620+0000][6][safepoint    ] Safepoint "Cleanup", Time since last: 1000090696 ns, Reaching safepoint: 121777 ns, At safepoint: 3367 ns, Total: 125144 ns
[2023-05-16T03:01:42.620+0000][6][safepoint    ] Safepoint "Cleanup", Time since last: 1000093869 ns, Reaching safepoint: 137549 ns, At safepoint: 6299 ns, Total: 143848 ns
[2023-05-16T03:01:43.620+0000][6][safepoint    ] Safepoint "Cleanup", Time since last: 1000069147 ns, Reaching safepoint: 110257 ns, At safepoint: 5331 ns, Total: 115588 ns
[2023-05-16T03:01:44.620+0000][6][safepoint    ] Safepoint "Cleanup", Time since last: 1000102067 ns, Reaching safepoint: 108880 ns, At safepoint: 4682 ns, Total: 113562 ns
[2023-05-16T03:01:45.622+0000][6][safepoint    ] Safepoint "Cleanup", Time since last: 1000678896 ns, Reaching safepoint: 547116 ns, At safepoint: 14293 ns, Total: 561409 ns
[2023-05-16T03:01:46.622+0000][6][safepoint    ] Safepoint "Cleanup", Time since last: 1000158737 ns, Reaching safepoint: 96267 ns, At safepoint: 3788 ns, Total: 100055 ns
[2023-05-16T03:01:47.622+0000][6][safepoint    ] Safepoint "Cleanup", Time since last: 1000093899 ns, Reaching safepoint: 348738 ns, At safepoint: 14342 ns, Total: 363080 ns
[2023-05-16T03:01:48.622+0000][6][safepoint    ] Safepoint "Cleanup", Time since last: 1000147520 ns, Reaching safepoint: 89473 ns, At safepoint: 6534 ns, Total: 96007 ns
[2023-05-16T03:01:49.623+0000][6][safepoint    ] Safepoint "Cleanup", Time since last: 1000103349 ns, Reaching safepoint: 319311 ns, At safepoint: 10326 ns, Total: 329637 ns
[2023-05-16T03:01:50.624+0000][6][safepoint    ] Safepoint "Cleanup", Time since last: 1000189290 ns, Reaching safepoint: 599334 ns, At safepoint: 5335 ns, Total: 604669 ns
[2023-05-16T03:01:52.602+0000][6][safepoint    ] Safepoint "Cleanup", Time since last: 1977912000 ns, Reaching safepoint: 181953 ns, At safepoint: 3908 ns, Total: 185861 ns
[2023-05-16T03:01:53.603+0000][6][safepoint    ] Safepoint "Cleanup", Time since last: 1000132129 ns, Reaching safepoint: 550832 ns, At safepoint: 9286 ns, Total: 560118 ns
[2023-05-16T03:01:54.603+0000][6][safepoint    ] Safepoint "Cleanup", Time since last: 1000156010 ns, Reaching safepoint: 201950 ns, At safepoint: 6811 ns, Total: 208761 ns
[2023-05-16T03:01:55.603+0000][6][safepoint    ] Safepoint "Cleanup", Time since last: 1000114957 ns, Reaching safepoint: 228787 ns, At safepoint: 6077 ns, Total: 234864 ns
[2023-05-16T03:01:56.603+0000][6][safepoint    ] Safepoint "Cleanup", Time since last: 1000096747 ns, Reaching safepoint: 140165 ns, At safepoint: 4043 ns, Total: 144208 ns
[2023-05-16T03:01:57.604+0000][6][safepoint    ] Safepoint "Cleanup", Time since last: 1000099099 ns, Reaching safepoint: 198194 ns, At safepoint: 4773 ns, Total: 202967 ns
[2023-05-16T03:01:58.604+0000][6][safepoint    ] Safepoint "Cleanup", Time since last: 1000104693 ns, Reaching safepoint: 174932 ns, At safepoint: 4432 ns, Total: 179364 ns
[2023-05-16T03:01:59.605+0000][6][safepoint    ] Safepoint "Cleanup", Time since last: 1000149572 ns, Reaching safepoint: 548214 ns, At safepoint: 5394 ns, Total: 553608 ns
[2023-05-16T03:02:00.606+0000][6][safepoint    ] Safepoint "Cleanup", Time since last: 1000158981 ns, Reaching safepoint: 589219 ns, At safepoint: 22041 ns, Total: 611260 ns
[2023-05-16T03:02:01.606+0000][6][safepoint    ] Safepoint "Cleanup", Time since last: 1000282288 ns, Reaching safepoint: 383800 ns, At safepoint: 5140 ns, Total: 388940 ns
[2023-05-16T03:02:02.606+0000][6][safepoint    ] Safepoint "Cleanup", Time since last: 1000135953 ns, Reaching safepoint: 145859 ns, At safepoint: 3750 ns, Total: 149609 ns
[2023-05-16T03:02:03.607+0000][6][safepoint    ] Safepoint "Cleanup", Time since last: 1000093198 ns, Reaching safepoint: 269350 ns, At safepoint: 8222 ns, Total: 277572 ns
[2023-05-16T03:02:04.608+0000][6][safepoint    ] Safepoint "Cleanup", Time since last: 1000210260 ns, Reaching safepoint: 624545 ns, At safepoint: 19271 ns, Total: 643816 ns
[2023-05-16T03:02:05.608+0000][6][safepoint    ] Safepoint "Cleanup", Time since last: 1000287854 ns, Reaching safepoint: 155166 ns, At safepoint: 3856 ns, Total: 159022 ns
[2023-05-16T03:02:06.610+0000][6][safepoint    ] Safepoint "Cleanup", Time since last: 1000161885 ns, Reaching safepoint: 1161728 ns, At safepoint: 30702 ns, Total: 1192430 ns
[2023-05-16T03:02:07.610+0000][6][safepoint    ] Safepoint "Cleanup", Time since last: 1000336627 ns, Reaching safepoint: 189786 ns, At safepoint: 4033 ns, Total: 193819 ns
[2023-05-16T03:02:08.610+0000][6][safepoint    ] Safepoint "Cleanup", Time since last: 1000116678 ns, Reaching safepoint: 159273 ns, At safepoint: 4055 ns, Total: 163328 ns
[2023-05-16T03:02:09.611+0000][6][safepoint    ] Safepoint "Cleanup", Time since last: 1000093701 ns, Reaching safepoint: 164608 ns, At safepoint: 4376 ns, Total: 168984 ns
[2023-05-16T03:02:10.611+0000][6][safepoint    ] Safepoint "Cleanup", Time since last: 1000105111 ns, Reaching safepoint: 237161 ns, At safepoint: 4685 ns, Total: 241846 ns
[2023-05-16T03:02:11.611+0000][6][safepoint    ] Safepoint "Cleanup", Time since last: 1000112916 ns, Reaching safepoint: 181577 ns, At safepoint: 6497 ns, Total: 188074 ns
[2023-05-16T03:02:12.612+0000][6][safepoint    ] Safepoint "Cleanup", Time since last: 1000115463 ns, Reaching safepoint: 165923 ns, At safepoint: 5709 ns, Total: 171632 ns
[2023-05-16T03:02:13.613+0000][6][safepoint    ] Safepoint "Cleanup", Time since last: 1000309566 ns, Reaching safepoint: 638009 ns, At safepoint: 9633 ns, Total: 647642 ns
[2023-05-16T03:02:14.613+0000][6][safepoint    ] Safepoint "Cleanup", Time since last: 1000283015 ns, Reaching safepoint: 205519 ns, At safepoint: 6799 ns, Total: 212318 ns
[2023-05-16T03:02:15.614+0000][6][safepoint    ] Safepoint "Cleanup", Time since last: 1000151844 ns, Reaching safepoint: 691939 ns, At safepoint: 6049 ns, Total: 697988 ns
[2023-05-16T03:02:16.615+0000][6][safepoint    ] Safepoint "Cleanup", Time since last: 1000218533 ns, Reaching safepoint: 640905 ns, At safepoint: 11996 ns, Total: 652901 ns
[2023-05-16T03:02:17.615+0000][6][safepoint    ] Safepoint "Cleanup", Time since last: 1000175580 ns, Reaching safepoint: 212581 ns, At safepoint: 6873 ns, Total: 219454 ns
[2023-05-16T03:02:18.615+0000][6][safepoint    ] Safepoint "Cleanup", Time since last: 1000142489 ns, Reaching safepoint: 124107 ns, At safepoint: 3399 ns, Total: 127506 ns
[2023-05-16T03:02:19.616+0000][6][safepoint    ] Safepoint "Cleanup", Time since last: 1000107361 ns, Reaching safepoint: 438429 ns, At safepoint: 4599 ns, Total: 443028 ns
[2023-05-16T03:02:20.617+0000][6][safepoint    ] Safepoint "Cleanup", Time since last: 1000218709 ns, Reaching safepoint: 795078 ns, At safepoint: 23194 ns, Total: 818272 ns
[2023-05-16T03:02:21.617+0000][6][safepoint    ] Safepoint "Cleanup", Time since last: 1000166883 ns, Reaching safepoint: 271950 ns, At safepoint: 5884 ns, Total: 277834 ns
[2023-05-16T03:02:22.618+0000][6][safepoint    ] Safepoint "Cleanup", Time since last: 1000072661 ns, Reaching safepoint: 357225 ns, At safepoint: 12829 ns, Total: 370054 ns
[2023-05-16T03:02:23.619+0000][6][safepoint    ] Safepoint "Cleanup", Time since last: 1000183709 ns, Reaching safepoint: 578595 ns, At safepoint: 6223 ns, Total: 584818 ns
[2023-05-16T03:02:24.619+0000][6][safepoint    ] Safepoint "Cleanup", Time since last: 1000259446 ns, Reaching safepoint: 318720 ns, At safepoint: 4811 ns, Total: 323531 ns
[2023-05-16T03:02:25.621+0000][6][safepoint    ] Safepoint "Cleanup", Time since last: 1000168671 ns, Reaching safepoint: 1143186 ns, At safepoint: 19253 ns, Total: 1162439 ns
[2023-05-16T03:02:26.621+0000][6][safepoint    ] Safepoint "Cleanup", Time since last: 1000302644 ns, Reaching safepoint: 195839 ns, At safepoint: 6120 ns, Total: 201959 ns
[2023-05-16T03:02:27.621+0000][6][safepoint    ] Safepoint "Cleanup", Time since last: 1000108181 ns, Reaching safepoint: 175879 ns, At safepoint: 5516 ns, Total: 181395 ns
[2023-05-16T03:02:28.623+0000][6][safepoint    ] Safepoint "Cleanup", Time since last: 1000170269 ns, Reaching safepoint: 999214 ns, At safepoint: 21528 ns, Total: 1020742 ns
[2023-05-16T03:02:29.623+0000][6][safepoint    ] Safepoint "Cleanup", Time since last: 1000211251 ns, Reaching safepoint: 135799 ns, At safepoint: 4840 ns, Total: 140639 ns
[2023-05-16T03:02:30.623+0000][6][safepoint    ] Safepoint "Cleanup", Time since last: 1000098756 ns, Reaching safepoint: 374992 ns, At safepoint: 8630 ns, Total: 383622 ns
[2023-05-16T03:02:31.624+0000][6][safepoint    ] Safepoint "Cleanup", Time since last: 1000217976 ns, Reaching safepoint: 654589 ns, At safepoint: 7550 ns, Total: 662139 ns
[2023-05-16T03:02:32.625+0000][6][safepoint    ] Safepoint "Cleanup", Time since last: 1000235904 ns, Reaching safepoint: 720039 ns, At safepoint: 17782 ns, Total: 737821 ns
[2023-05-16T03:02:33.626+0000][6][safepoint    ] Safepoint "Cleanup", Time since last: 1000232236 ns, Reaching safepoint: 191787 ns, At safepoint: 9762 ns, Total: 201549 ns
[2023-05-16T03:02:34.626+0000][6][safepoint    ] Safepoint "Cleanup", Time since last: 1000122613 ns, Reaching safepoint: 164122 ns, At safepoint: 3719 ns, Total: 167841 ns
[2023-05-16T03:02:35.626+0000][6][safepoint    ] Safepoint "Cleanup", Time since last: 1000102297 ns, Reaching safepoint: 177026 ns, At safepoint: 4495 ns, Total: 181521 ns
[2023-05-16T03:02:36.626+0000][6][safepoint    ] Safepoint "Cleanup", Time since last: 1000112097 ns, Reaching safepoint: 175509 ns, At safepoint: 3825 ns, Total: 179334 ns
[2023-05-16T03:02:37.628+0000][6][safepoint    ] Safepoint "Cleanup", Time since last: 1000186340 ns, Reaching safepoint: 849252 ns, At safepoint: 25552 ns, Total: 874804 ns
[2023-05-16T03:02:38.628+0000][6][safepoint    ] Safepoint "Cleanup", Time since last: 1000292116 ns, Reaching safepoint: 125065 ns, At safepoint: 3448 ns, Total: 128513 ns
[2023-05-16T03:02:39.628+0000][6][safepoint    ] Safepoint "Cleanup", Time since last: 1000133282 ns, Reaching safepoint: 228613 ns, At safepoint: 3677 ns, Total: 232290 ns
[2023-05-16T03:02:40.629+0000][6][safepoint    ] Safepoint "Cleanup", Time since last: 1000126886 ns, Reaching safepoint: 143667 ns, At safepoint: 6063 ns, Total: 149730 ns
[2023-05-16T03:02:41.629+0000][6][safepoint    ] Safepoint "Cleanup", Time since last: 1000096459 ns, Reaching safepoint: 515684 ns, At safepoint: 7110 ns, Total: 522794 ns
[2023-05-16T03:02:42.630+0000][6][safepoint    ] Safepoint "Cleanup", Time since last: 1000326015 ns, Reaching safepoint: 815384 ns, At safepoint: 7949 ns, Total: 823333 ns
[2023-05-16T03:02:43.631+0000][6][safepoint    ] Safepoint "Cleanup", Time since last: 1000302973 ns, Reaching safepoint: 446693 ns, At safepoint: 8868 ns, Total: 455561 ns
[2023-05-16T03:02:44.631+0000][6][safepoint    ] Safepoint "Cleanup", Time since last: 1000180588 ns, Reaching safepoint: 131137 ns, At safepoint: 4405 ns, Total: 135542 ns
[2023-05-16T03:02:45.632+0000][6][safepoint    ] Safepoint "Cleanup", Time since last: 1000113392 ns, Reaching safepoint: 212069 ns, At safepoint: 7603 ns, Total: 219672 ns
[2023-05-16T03:02:46.632+0000][6][safepoint    ] Safepoint "Cleanup", Time since last: 1000161504 ns, Reaching safepoint: 95982 ns, At safepoint: 3613 ns, Total: 99595 ns
[2023-05-16T03:02:47.632+0000][6][safepoint    ] Safepoint "Cleanup", Time since last: 1000101764 ns, Reaching safepoint: 184483 ns, At safepoint: 7154 ns, Total: 191637 ns
[2023-05-16T03:02:48.633+0000][6][safepoint    ] Safepoint "Cleanup", Time since last: 1000211364 ns, Reaching safepoint: 342804 ns, At safepoint: 10429 ns, Total: 353233 ns
[2023-05-16T03:02:49.633+0000][6][safepoint    ] Safepoint "Cleanup", Time since last: 1000192620 ns, Reaching safepoint: 261990 ns, At safepoint: 12615 ns, Total: 274605 ns
[2023-05-16T03:02:50.634+0000][6][safepoint    ] Safepoint "Cleanup", Time since last: 1000121840 ns, Reaching safepoint: 213449 ns, At safepoint: 6802 ns, Total: 220251 ns
[2023-05-16T03:02:51.635+0000][6][safepoint    ] Safepoint "Cleanup", Time since last: 1000152939 ns, Reaching safepoint: 623268 ns, At safepoint: 7095 ns, Total: 630363 ns
[2023-05-16T03:02:52.635+0000][6][safepoint    ] Safepoint "Cleanup", Time since last: 1000258303 ns, Reaching safepoint: 148217 ns, At safepoint: 5148 ns, Total: 153365 ns
[2023-05-16T03:02:53.635+0000][6][safepoint    ] Safepoint "Cleanup", Time since last: 1000118072 ns, Reaching safepoint: 130174 ns, At safepoint: 4371 ns, Total: 134545 ns
[2023-05-16T03:02:54.635+0000][6][safepoint    ] Safepoint "Cleanup", Time since last: 1000091175 ns, Reaching safepoint: 149786 ns, At safepoint: 6092 ns, Total: 155878 ns
[2023-05-16T03:02:55.636+0000][6][safepoint    ] Safepoint "Cleanup", Time since last: 1000107346 ns, Reaching safepoint: 140997 ns, At safepoint: 8442 ns, Total: 149439 ns
[2023-05-16T03:02:56.636+0000][6][safepoint    ] Safepoint "Cleanup", Time since last: 1000144171 ns, Reaching safepoint: 363932 ns, At safepoint: 12155 ns, Total: 376087 ns
[2023-05-16T03:02:57.637+0000][6][safepoint    ] Safepoint "Cleanup", Time since last: 1000218061 ns, Reaching safepoint: 116493 ns, At safepoint: 6637 ns, Total: 123130 ns
[2023-05-16T03:02:58.637+0000][6][safepoint    ] Safepoint "Cleanup", Time since last: 1000112324 ns, Reaching safepoint: 116950 ns, At safepoint: 3422 ns, Total: 120372 ns
[2023-05-16T03:02:59.637+0000][6][safepoint    ] Safepoint "Cleanup", Time since last: 1000105728 ns, Reaching safepoint: 206518 ns, At safepoint: 3433 ns, Total: 209951 ns
[2023-05-16T03:03:00.637+0000][6][safepoint    ] Safepoint "Cleanup", Time since last: 1000093307 ns, Reaching safepoint: 129425 ns, At safepoint: 3956 ns, Total: 133381 ns
[2023-05-16T03:03:01.638+0000][6][safepoint    ] Safepoint "Cleanup", Time since last: 1000119260 ns, Reaching safepoint: 159275 ns, At safepoint: 6762 ns, Total: 166037 ns
[2023-05-16T03:03:02.638+0000][6][safepoint    ] Safepoint "Cleanup", Time since last: 1000118217 ns, Reaching safepoint: 138597 ns, At safepoint: 5035 ns, Total: 143632 ns
[2023-05-16T03:03:03.638+0000][6][safepoint    ] Safepoint "Cleanup", Time since last: 1000144618 ns, Reaching safepoint: 294397 ns, At safepoint: 8346 ns, Total: 302743 ns
[2023-05-16T03:03:04.639+0000][6][safepoint    ] Safepoint "Cleanup", Time since last: 1000133966 ns, Reaching safepoint: 132480 ns, At safepoint: 3926 ns, Total: 136406 ns
[2023-05-16T03:03:05.639+0000][6][safepoint    ] Safepoint "Cleanup", Time since last: 1000104719 ns, Reaching safepoint: 232618 ns, At safepoint: 5950 ns, Total: 238568 ns
[2023-05-16T03:03:06.639+0000][6][safepoint    ] Safepoint "Cleanup", Time since last: 1000105638 ns, Reaching safepoint: 172151 ns, At safepoint: 3237 ns, Total: 175388 ns
[2023-05-16T03:03:07.640+0000][6][safepoint    ] Safepoint "Cleanup", Time since last: 1000127651 ns, Reaching safepoint: 522723 ns, At safepoint: 6171 ns, Total: 528894 ns
[2023-05-16T03:03:08.641+0000][6][safepoint    ] Safepoint "Cleanup", Time since last: 1000339199 ns, Reaching safepoint: 705500 ns, At safepoint: 30650 ns, Total: 736150 ns
[2023-05-16T03:03:09.641+0000][6][safepoint    ] Safepoint "Cleanup", Time since last: 1000367963 ns, Reaching safepoint: 129941 ns, At safepoint: 5943 ns, Total: 135884 ns
[2023-05-16T03:03:10.642+0000][6][safepoint    ] Safepoint "Cleanup", Time since last: 1000121918 ns, Reaching safepoint: 146585 ns, At safepoint: 3019 ns, Total: 149604 ns
[2023-05-16T03:03:11.642+0000][6][safepoint    ] Safepoint "Cleanup", Time since last: 1000109725 ns, Reaching safepoint: 125833 ns, At safepoint: 4271 ns, Total: 130104 ns
[2023-05-16T03:03:12.642+0000][6][safepoint    ] Safepoint "Cleanup", Time since last: 1000109142 ns, Reaching safepoint: 112321 ns, At safepoint: 5745 ns, Total: 118066 ns
[2023-05-16T03:03:13.643+0000][6][safepoint    ] Safepoint "Cleanup", Time since last: 1000191791 ns, Reaching safepoint: 614928 ns, At safepoint: 24723 ns, Total: 639651 ns
[2023-05-16T03:03:14.644+0000][6][safepoint    ] Safepoint "Cleanup", Time since last: 1000387761 ns, Reaching safepoint: 266587 ns, At safepoint: 5358 ns, Total: 271945 ns
[2023-05-16T03:03:15.644+0000][6][safepoint    ] Safepoint "Cleanup", Time since last: 1000108896 ns, Reaching safepoint: 163711 ns, At safepoint: 3949 ns, Total: 167660 ns
[2023-05-16T03:03:16.644+0000][6][safepoint    ] Safepoint "Cleanup", Time since last: 1000105907 ns, Reaching safepoint: 186467 ns, At safepoint: 5314 ns, Total: 191781 ns
[2023-05-16T03:03:17.646+0000][6][safepoint    ] Safepoint "Cleanup", Time since last: 1000187129 ns, Reaching safepoint: 1146916 ns, At safepoint: 16430 ns, Total: 1163346 ns
[2023-05-16T03:03:18.646+0000][6][safepoint    ] Safepoint "Cleanup", Time since last: 1000134703 ns, Reaching safepoint: 102647 ns, At safepoint: 4400 ns, Total: 107047 ns
[2023-05-16T03:03:19.646+0000][6][safepoint    ] Safepoint "Cleanup", Time since last: 1000111491 ns, Reaching safepoint: 142105 ns, At safepoint: 3568 ns, Total: 145673 ns
[2023-05-16T03:03:20.650+0000][6][safepoint    ] Safepoint "Cleanup", Time since last: 1003467621 ns, Reaching safepoint: 315230 ns, At safepoint: 9649 ns, Total: 324879 ns
[2023-05-16T03:03:21.652+0000][6][safepoint    ] Safepoint "Cleanup", Time since last: 1001190924 ns, Reaching safepoint: 525127 ns, At safepoint: 14004 ns, Total: 539131 ns
[2023-05-16T03:03:21.729+0000][6][gc,start     ] GC(24) Pause Young (Normal) (G1 Evacuation Pause)
[2023-05-16T03:03:21.729+0000][6][gc,task      ] GC(24) Using 8 workers of 8 for evacuation
[2023-05-16T03:03:21.729+0000][6][gc,age       ] GC(24) Desired survivor size 39845888 bytes, new threshold 7 (max threshold 15)
[2023-05-16T03:03:21.746+0000][6][gc,age       ] GC(24) Age table with threshold 7 (max threshold 15)
[2023-05-16T03:03:21.747+0000][6][gc,age       ] GC(24) - age   1:    4907440 bytes,    4907440 total
[2023-05-16T03:03:21.747+0000][6][gc,age       ] GC(24) - age   2:    7817984 bytes,   12725424 total
[2023-05-16T03:03:21.747+0000][6][gc,age       ] GC(24) - age   3:    3175168 bytes,   15900592 total
[2023-05-16T03:03:21.747+0000][6][gc,age       ] GC(24) - age   4:    5489152 bytes,   21389744 total
[2023-05-16T03:03:21.747+0000][6][gc,age       ] GC(24) - age   5:    5676264 bytes,   27066008 total
[2023-05-16T03:03:21.747+0000][6][gc,age       ] GC(24) - age   6:    5958904 bytes,   33024912 total
[2023-05-16T03:03:21.747+0000][6][gc,age       ] GC(24) - age   7:    5618104 bytes,   38643016 total
[2023-05-16T03:03:21.747+0000][6][gc,phases    ] GC(24)   Pre Evacuate Collection Set: 0.1ms
[2023-05-16T03:03:21.747+0000][6][gc,phases    ] GC(24)   Merge Heap Roots: 0.1ms
[2023-05-16T03:03:21.747+0000][6][gc,phases    ] GC(24)   Evacuate Collection Set: 15.1ms
[2023-05-16T03:03:21.747+0000][6][gc,phases    ] GC(24)   Post Evacuate Collection Set: 1.7ms
[2023-05-16T03:03:21.747+0000][6][gc,phases    ] GC(24)   Other: 0.5ms
[2023-05-16T03:03:21.747+0000][6][gc,heap      ] GC(24) Eden regions: 561->0(557)
[2023-05-16T03:03:21.747+0000][6][gc,heap      ] GC(24) Survivor regions: 44->41(76)
[2023-05-16T03:03:21.747+0000][6][gc,heap      ] GC(24) Old regions: 79->84
[2023-05-16T03:03:21.747+0000][6][gc,heap      ] GC(24) Archive regions: 2->2
[2023-05-16T03:03:21.747+0000][6][gc,heap      ] GC(24) Humongous regions: 57->43
[2023-05-16T03:03:21.747+0000][6][gc,metaspace ] GC(24) Metaspace: 96763K(104428K)->96763K(104428K) NonClass: 84117K(88684K)->84117K(88684K) Class: 12646K(15744K)->12646K(15744K)
[2023-05-16T03:03:21.747+0000][6][gc           ] GC(24) Pause Young (Normal) (G1 Evacuation Pause) 741M->168M(1024M) 17.506ms
[2023-05-16T03:03:21.747+0000][6][gc,cpu       ] GC(24) User=0.06s Sys=0.00s Real=0.01s
[2023-05-16T03:03:21.747+0000][6][safepoint    ] Safepoint "G1CollectForAllocation", Time since last: 77567449 ns, Reaching safepoint: 109167 ns, At safepoint: 17637413 ns, Total: 17746580 ns
[2023-05-16T03:03:22.747+0000][6][safepoint    ] Safepoint "Cleanup", Time since last: 1000126130 ns, Reaching safepoint: 339181 ns, At safepoint: 7763 ns, Total: 346944 ns
[2023-05-16T03:03:23.748+0000][6][safepoint    ] Safepoint "Cleanup", Time since last: 1000343812 ns, Reaching safepoint: 458091 ns, At safepoint: 17011 ns, Total: 475102 ns
[2023-05-16T03:03:24.749+0000][6][safepoint    ] Safepoint "Cleanup", Time since last: 1000255740 ns, Reaching safepoint: 524935 ns, At safepoint: 12911 ns, Total: 537846 ns
[2023-05-16T03:03:25.749+0000][6][safepoint    ] Safepoint "Cleanup", Time since last: 1000181249 ns, Reaching safepoint: 96635 ns, At safepoint: 5783 ns, Total: 102418 ns
[2023-05-16T03:03:26.750+0000][6][safepoint    ] Safepoint "Cleanup", Time since last: 1000161555 ns, Reaching safepoint: 251104 ns, At safepoint: 5503 ns, Total: 256607 ns
[2023-05-16T03:03:27.751+0000][6][safepoint    ] Safepoint "Cleanup", Time since last: 1000195352 ns, Reaching safepoint: 712475 ns, At safepoint: 14207 ns, Total: 726682 ns
[2023-05-16T03:03:28.751+0000][6][safepoint    ] Safepoint "Cleanup", Time since last: 1000309475 ns, Reaching safepoint: 91895 ns, At safepoint: 4159 ns, Total: 96054 ns
[2023-05-16T03:03:29.751+0000][6][safepoint    ] Safepoint "Cleanup", Time since last: 1000109586 ns, Reaching safepoint: 201065 ns, At safepoint: 6785 ns, Total: 207850 ns
[2023-05-16T03:03:30.752+0000][6][safepoint    ] Safepoint "Cleanup", Time since last: 1000186495 ns, Reaching safepoint: 398368 ns, At safepoint: 9575 ns, Total: 407943 ns
[2023-05-16T03:03:31.752+0000][6][safepoint    ] Safepoint "Cleanup", Time since last: 1000222726 ns, Reaching safepoint: 168583 ns, At safepoint: 3896 ns, Total: 172479 ns
[2023-05-16T03:03:32.753+0000][6][safepoint    ] Safepoint "Cleanup", Time since last: 1000163907 ns, Reaching safepoint: 250132 ns, At safepoint: 5439 ns, Total: 255571 ns
[2023-05-16T03:03:33.753+0000][6][safepoint    ] Safepoint "Cleanup", Time since last: 1000117562 ns, Reaching safepoint: 233023 ns, At safepoint: 6437 ns, Total: 239460 ns
[2023-05-16T03:03:34.754+0000][6][safepoint    ] Safepoint "Cleanup", Time since last: 1000203749 ns, Reaching safepoint: 680829 ns, At safepoint: 11312 ns, Total: 692141 ns
[2023-05-16T03:03:35.755+0000][6][safepoint    ] Safepoint "Cleanup", Time since last: 1000274291 ns, Reaching safepoint: 586561 ns, At safepoint: 12241 ns, Total: 598802 ns
[2023-05-16T03:03:36.755+0000][6][safepoint    ] Safepoint "Cleanup", Time since last: 1000327115 ns, Reaching safepoint: 166274 ns, At safepoint: 19599 ns, Total: 185873 ns
[2023-05-16T03:03:37.756+0000][6][safepoint    ] Safepoint "Cleanup", Time since last: 1000131996 ns, Reaching safepoint: 168433 ns, At safepoint: 4810 ns, Total: 173243 ns
[2023-05-16T03:03:38.756+0000][6][safepoint    ] Safepoint "Cleanup", Time since last: 1000186417 ns, Reaching safepoint: 472367 ns, At safepoint: 9224 ns, Total: 481591 ns
[2023-05-16T03:03:39.758+0000][6][safepoint    ] Safepoint "Cleanup", Time since last: 1000400229 ns, Reaching safepoint: 900004 ns, At safepoint: 21070 ns, Total: 921074 ns
[2023-05-16T03:03:40.759+0000][6][safepoint    ] Safepoint "Cleanup", Time since last: 1000309372 ns, Reaching safepoint: 481061 ns, At safepoint: 14211 ns, Total: 495272 ns
[2023-05-16T03:03:41.759+0000][6][safepoint    ] Safepoint "Cleanup", Time since last: 1000196579 ns, Reaching safepoint: 130271 ns, At safepoint: 5698 ns, Total: 135969 ns
[2023-05-16T03:03:42.759+0000][6][safepoint    ] Safepoint "Cleanup", Time since last: 1000154562 ns, Reaching safepoint: 360688 ns, At safepoint: 8458 ns, Total: 369146 ns
[2023-05-16T03:03:43.760+0000][6][safepoint    ] Safepoint "Cleanup", Time since last: 1000369669 ns, Reaching safepoint: 530444 ns, At safepoint: 12164 ns, Total: 542608 ns
[2023-05-16T03:03:44.761+0000][6][safepoint    ] Safepoint "Cleanup", Time since last: 1000333935 ns, Reaching safepoint: 142643 ns, At safepoint: 5298 ns, Total: 147941 ns
[2023-05-16T03:03:45.761+0000][6][safepoint    ] Safepoint "Cleanup", Time since last: 1000111487 ns, Reaching safepoint: 142021 ns, At safepoint: 4908 ns, Total: 146929 ns
[2023-05-16T03:03:46.762+0000][6][safepoint    ] Safepoint "Cleanup", Time since last: 1000194107 ns, Reaching safepoint: 559463 ns, At safepoint: 21524 ns, Total: 580987 ns
[2023-05-16T03:03:47.762+0000][6][safepoint    ] Safepoint "Cleanup", Time since last: 1000384414 ns, Reaching safepoint: 98202 ns, At safepoint: 3806 ns, Total: 102008 ns
[2023-05-16T03:03:48.763+0000][6][safepoint    ] Safepoint "Cleanup", Time since last: 1000176715 ns, Reaching safepoint: 468048 ns, At safepoint: 10691 ns, Total: 478739 ns
[2023-05-16T03:03:49.763+0000][6][safepoint    ] Safepoint "Cleanup", Time since last: 1000256826 ns, Reaching safepoint: 105742 ns, At safepoint: 4037 ns, Total: 109779 ns
[2023-05-16T03:03:50.764+0000][6][safepoint    ] Safepoint "Cleanup", Time since last: 1000113406 ns, Reaching safepoint: 122595 ns, At safepoint: 6660 ns, Total: 129255 ns
[2023-05-16T03:03:51.764+0000][6][safepoint    ] Safepoint "Cleanup", Time since last: 1000115745 ns, Reaching safepoint: 132185 ns, At safepoint: 4615 ns, Total: 136800 ns
[2023-05-16T03:03:52.765+0000][6][safepoint    ] Safepoint "Cleanup", Time since last: 1000199098 ns, Reaching safepoint: 785825 ns, At safepoint: 24151 ns, Total: 809976 ns
[2023-05-16T03:03:53.765+0000][6][safepoint    ] Safepoint "Cleanup", Time since last: 1000346990 ns, Reaching safepoint: 99585 ns, At safepoint: 5672 ns, Total: 105257 ns
[2023-05-16T03:03:54.765+0000][6][safepoint    ] Safepoint "Cleanup", Time since last: 1000100423 ns, Reaching safepoint: 123344 ns, At safepoint: 5055 ns, Total: 128399 ns
[2023-05-16T03:03:55.766+0000][6][safepoint    ] Safepoint "Cleanup", Time since last: 1000206402 ns, Reaching safepoint: 689468 ns, At safepoint: 5585 ns, Total: 695053 ns
[2023-05-16T03:03:56.767+0000][6][safepoint    ] Safepoint "Cleanup", Time since last: 1000239722 ns, Reaching safepoint: 114840 ns, At safepoint: 5794 ns, Total: 120634 ns
[2023-05-16T03:03:57.767+0000][6][safepoint    ] Safepoint "Cleanup", Time since last: 1000090558 ns, Reaching safepoint: 105653 ns, At safepoint: 5128 ns, Total: 110781 ns
[2023-05-16T03:03:58.768+0000][6][safepoint    ] Safepoint "Cleanup", Time since last: 1000186190 ns, Reaching safepoint: 529901 ns, At safepoint: 16383 ns, Total: 546284 ns
[2023-05-16T03:03:59.768+0000][6][safepoint    ] Safepoint "Cleanup", Time since last: 1000356262 ns, Reaching safepoint: 222375 ns, At safepoint: 5072 ns, Total: 227447 ns
[2023-05-16T03:04:00.769+0000][6][safepoint    ] Safepoint "Cleanup", Time since last: 1000214305 ns, Reaching safepoint: 114712 ns, At safepoint: 5527 ns, Total: 120239 ns
[2023-05-16T03:04:01.769+0000][6][safepoint    ] Safepoint "Cleanup", Time since last: 1000097848 ns, Reaching safepoint: 140869 ns, At safepoint: 7814 ns, Total: 148683 ns
[2023-05-16T03:04:02.769+0000][6][safepoint    ] Safepoint "Cleanup", Time since last: 1000111670 ns, Reaching safepoint: 97946 ns, At safepoint: 6732 ns, Total: 104678 ns
[2023-05-16T03:04:03.769+0000][6][safepoint    ] Safepoint "Cleanup", Time since last: 1000115871 ns, Reaching safepoint: 260831 ns, At safepoint: 18210 ns, Total: 279041 ns
[2023-05-16T03:04:04.770+0000][6][safepoint    ] Safepoint "Cleanup", Time since last: 1000219915 ns, Reaching safepoint: 594402 ns, At safepoint: 7383 ns, Total: 601785 ns
[2023-05-16T03:04:05.771+0000][6][safepoint    ] Safepoint "Cleanup", Time since last: 1000351069 ns, Reaching safepoint: 618376 ns, At safepoint: 12331 ns, Total: 630707 ns
[2023-05-16T03:04:06.772+0000][6][safepoint    ] Safepoint "Cleanup", Time since last: 1000359005 ns, Reaching safepoint: 496084 ns, At safepoint: 10480 ns, Total: 506564 ns
[2023-05-16T03:04:07.773+0000][6][safepoint    ] Safepoint "Cleanup", Time since last: 1000292696 ns, Reaching safepoint: 142032 ns, At safepoint: 5987 ns, Total: 148019 ns
[2023-05-16T03:04:08.773+0000][6][safepoint    ] Safepoint "Cleanup", Time since last: 1000148101 ns, Reaching safepoint: 355958 ns, At safepoint: 6121 ns, Total: 362079 ns
[2023-05-16T03:04:09.773+0000][6][safepoint    ] Safepoint "Cleanup", Time since last: 1000228975 ns, Reaching safepoint: 120287 ns, At safepoint: 4407 ns, Total: 124694 ns
[2023-05-16T03:04:10.774+0000][6][safepoint    ] Safepoint "Cleanup", Time since last: 1000115389 ns, Reaching safepoint: 121241 ns, At safepoint: 5738 ns, Total: 126979 ns
[2023-05-16T03:04:11.774+0000][6][safepoint    ] Safepoint "Cleanup", Time since last: 1000104874 ns, Reaching safepoint: 135618 ns, At safepoint: 4145 ns, Total: 139763 ns
[2023-05-16T03:04:12.775+0000][6][safepoint    ] Safepoint "Cleanup", Time since last: 1000180779 ns, Reaching safepoint: 776421 ns, At safepoint: 21833 ns, Total: 798254 ns
[2023-05-16T03:04:13.775+0000][6][safepoint    ] Safepoint "Cleanup", Time since last: 1000360173 ns, Reaching safepoint: 101020 ns, At safepoint: 3161 ns, Total: 104181 ns
[2023-05-16T03:04:14.776+0000][6][safepoint    ] Safepoint "Cleanup", Time since last: 1000136967 ns, Reaching safepoint: 184473 ns, At safepoint: 5205 ns, Total: 189678 ns
[2023-05-16T03:04:15.776+0000][6][safepoint    ] Safepoint "Cleanup", Time since last: 1000108282 ns, Reaching safepoint: 147915 ns, At safepoint: 3326 ns, Total: 151241 ns
[2023-05-16T03:04:16.779+0000][6][safepoint    ] Safepoint "Cleanup", Time since last: 1002533190 ns, Reaching safepoint: 510908 ns, At safepoint: 14229 ns, Total: 525137 ns
[2023-05-16T03:04:17.780+0000][6][safepoint    ] Safepoint "Cleanup", Time since last: 1000309466 ns, Reaching safepoint: 395082 ns, At safepoint: 24220 ns, Total: 419302 ns
[2023-05-16T03:04:18.780+0000][6][safepoint    ] Safepoint "Cleanup", Time since last: 1000231379 ns, Reaching safepoint: 263476 ns, At safepoint: 8614 ns, Total: 272090 ns
[2023-05-16T03:04:19.780+0000][6][safepoint    ] Safepoint "Cleanup", Time since last: 1000123827 ns, Reaching safepoint: 84143 ns, At safepoint: 3094 ns, Total: 87237 ns
[2023-05-16T03:04:20.781+0000][6][safepoint    ] Safepoint "Cleanup", Time since last: 1000064941 ns, Reaching safepoint: 135590 ns, At safepoint: 6876 ns, Total: 142466 ns
[2023-05-16T03:04:21.781+0000][6][safepoint    ] Safepoint "Cleanup", Time since last: 1000106699 ns, Reaching safepoint: 132630 ns, At safepoint: 4705 ns, Total: 137335 ns
[2023-05-16T03:04:22.782+0000][6][safepoint    ] Safepoint "Cleanup", Time since last: 1000156169 ns, Reaching safepoint: 467334 ns, At safepoint: 10632 ns, Total: 477966 ns
[2023-05-16T03:04:23.782+0000][6][safepoint    ] Safepoint "Cleanup", Time since last: 1000232356 ns, Reaching safepoint: 111877 ns, At safepoint: 7189 ns, Total: 119066 ns
[2023-05-16T03:04:24.782+0000][6][safepoint    ] Safepoint "Cleanup", Time since last: 1000113343 ns, Reaching safepoint: 110501 ns, At safepoint: 5306 ns, Total: 115807 ns
[2023-05-16T03:04:25.782+0000][6][safepoint    ] Safepoint "Cleanup", Time since last: 1000087699 ns, Reaching safepoint: 163838 ns, At safepoint: 4135 ns, Total: 167973 ns
[2023-05-16T03:04:26.783+0000][6][safepoint    ] Safepoint "Cleanup", Time since last: 1000114423 ns, Reaching safepoint: 137244 ns, At safepoint: 4675 ns, Total: 141919 ns
[2023-05-16T03:04:27.783+0000][6][safepoint    ] Safepoint "Cleanup", Time since last: 1000116627 ns, Reaching safepoint: 205533 ns, At safepoint: 5313 ns, Total: 210846 ns
[2023-05-16T03:04:28.783+0000][6][safepoint    ] Safepoint "Cleanup", Time since last: 1000209996 ns, Reaching safepoint: 83843 ns, At safepoint: 3317 ns, Total: 87160 ns
[2023-05-16T03:04:29.783+0000][6][safepoint    ] Safepoint "Cleanup", Time since last: 1000104521 ns, Reaching safepoint: 107691 ns, At safepoint: 3792 ns, Total: 111483 ns
[2023-05-16T03:04:30.784+0000][6][safepoint    ] Safepoint "Cleanup", Time since last: 1000132097 ns, Reaching safepoint: 171280 ns, At safepoint: 3150 ns, Total: 174430 ns
[2023-05-16T03:04:31.784+0000][6][safepoint    ] Safepoint "Cleanup", Time since last: 1000113827 ns, Reaching safepoint: 123864 ns, At safepoint: 8655 ns, Total: 132519 ns
[2023-05-16T03:04:32.785+0000][6][safepoint    ] Safepoint "Cleanup", Time since last: 1000186513 ns, Reaching safepoint: 720568 ns, At safepoint: 14178 ns, Total: 734746 ns
[2023-05-16T03:04:33.786+0000][6][safepoint    ] Safepoint "Cleanup", Time since last: 1000406638 ns, Reaching safepoint: 599981 ns, At safepoint: 12451 ns, Total: 612432 ns
[2023-05-16T03:04:34.786+0000][6][safepoint    ] Safepoint "Cleanup", Time since last: 1000211065 ns, Reaching safepoint: 122253 ns, At safepoint: 3457 ns, Total: 125710 ns
[2023-05-16T03:04:35.787+0000][6][safepoint    ] Safepoint "Cleanup", Time since last: 1000212528 ns, Reaching safepoint: 478039 ns, At safepoint: 17488 ns, Total: 495527 ns
[2023-05-16T03:04:36.787+0000][6][safepoint    ] Safepoint "Cleanup", Time since last: 1000330512 ns, Reaching safepoint: 132704 ns, At safepoint: 3751 ns, Total: 136455 ns
[2023-05-16T03:04:37.788+0000][6][safepoint    ] Safepoint "Cleanup", Time since last: 1000105228 ns, Reaching safepoint: 101977 ns, At safepoint: 6239 ns, Total: 108216 ns
[2023-05-16T03:04:38.788+0000][6][safepoint    ] Safepoint "Cleanup", Time since last: 1000072039 ns, Reaching safepoint: 115885 ns, At safepoint: 3839 ns, Total: 119724 ns
[2023-05-16T03:04:39.788+0000][6][safepoint    ] Safepoint "Cleanup", Time since last: 1000135532 ns, Reaching safepoint: 410760 ns, At safepoint: 8618 ns, Total: 419378 ns
[2023-05-16T03:04:40.789+0000][6][safepoint    ] Safepoint "Cleanup", Time since last: 1000317359 ns, Reaching safepoint: 600553 ns, At safepoint: 16751 ns, Total: 617304 ns
[2023-05-16T03:04:41.790+0000][6][safepoint    ] Safepoint "Cleanup", Time since last: 1000348019 ns, Reaching safepoint: 108810 ns, At safepoint: 6881 ns, Total: 115691 ns
[2023-05-16T03:04:42.790+0000][6][safepoint    ] Safepoint "Cleanup", Time since last: 1000125951 ns, Reaching safepoint: 152233 ns, At safepoint: 3448 ns, Total: 155681 ns
[2023-05-16T03:04:43.790+0000][6][safepoint    ] Safepoint "Cleanup", Time since last: 1000119462 ns, Reaching safepoint: 191955 ns, At safepoint: 10416 ns, Total: 202371 ns
[2023-05-16T03:04:44.791+0000][6][safepoint    ] Safepoint "Cleanup", Time since last: 1000131715 ns, Reaching safepoint: 108359 ns, At safepoint: 4499 ns, Total: 112858 ns
[2023-05-16T03:04:45.791+0000][6][safepoint    ] Safepoint "Cleanup", Time since last: 1000162606 ns, Reaching safepoint: 544052 ns, At safepoint: 9614 ns, Total: 553666 ns
[2023-05-16T03:04:46.792+0000][6][safepoint    ] Safepoint "Cleanup", Time since last: 1000382500 ns, Reaching safepoint: 151871 ns, At safepoint: 4266 ns, Total: 156137 ns
[2023-05-16T03:04:47.793+0000][6][safepoint    ] Safepoint "Cleanup", Time since last: 1000173373 ns, Reaching safepoint: 544013 ns, At safepoint: 12209 ns, Total: 556222 ns
[2023-05-16T03:04:48.793+0000][6][safepoint    ] Safepoint "Cleanup", Time since last: 1000337624 ns, Reaching safepoint: 486606 ns, At safepoint: 11193 ns, Total: 497799 ns
[2023-05-16T03:04:49.794+0000][6][safepoint    ] Safepoint "Cleanup", Time since last: 1000199600 ns, Reaching safepoint: 263379 ns, At safepoint: 7774 ns, Total: 271153 ns
[2023-05-16T03:04:50.794+0000][6][safepoint    ] Safepoint "Cleanup", Time since last: 1000179800 ns, Reaching safepoint: 127868 ns, At safepoint: 4610 ns, Total: 132478 ns
[2023-05-16T03:04:51.795+0000][6][safepoint    ] Safepoint "Cleanup", Time since last: 1000129111 ns, Reaching safepoint: 131111 ns, At safepoint: 4473 ns, Total: 135584 ns
[2023-05-16T03:04:52.795+0000][6][safepoint    ] Safepoint "Cleanup", Time since last: 1000166830 ns, Reaching safepoint: 583002 ns, At safepoint: 15606 ns, Total: 598608 ns
[2023-05-16T03:04:53.796+0000][6][safepoint    ] Safepoint "Cleanup", Time since last: 1000314078 ns, Reaching safepoint: 293503 ns, At safepoint: 10079 ns, Total: 303582 ns
[2023-05-16T03:04:54.796+0000][6][safepoint    ] Safepoint "Cleanup", Time since last: 1000282917 ns, Reaching safepoint: 152086 ns, At safepoint: 5255 ns, Total: 157341 ns
[2023-05-16T03:04:55.797+0000][6][safepoint    ] Safepoint "Cleanup", Time since last: 1000110650 ns, Reaching safepoint: 146750 ns, At safepoint: 7475 ns, Total: 154225 ns
[2023-05-16T03:04:56.797+0000][6][safepoint    ] Safepoint "Cleanup", Time since last: 1000099381 ns, Reaching safepoint: 93609 ns, At safepoint: 3687 ns, Total: 97296 ns
[2023-05-16T03:04:57.797+0000][6][safepoint    ] Safepoint "Cleanup", Time since last: 1000086208 ns, Reaching safepoint: 121983 ns, At safepoint: 6222 ns, Total: 128205 ns
[2023-05-16T03:04:58.797+0000][6][safepoint    ] Safepoint "Cleanup", Time since last: 1000112772 ns, Reaching safepoint: 131404 ns, At safepoint: 5214 ns, Total: 136618 ns
[2023-05-16T03:04:59.798+0000][6][safepoint    ] Safepoint "Cleanup", Time since last: 1000168576 ns, Reaching safepoint: 579124 ns, At safepoint: 25989 ns, Total: 605113 ns
[2023-05-16T03:05:00.798+0000][6][safepoint    ] Safepoint "Cleanup", Time since last: 1000256011 ns, Reaching safepoint: 112382 ns, At safepoint: 5651 ns, Total: 118033 ns
[2023-05-16T03:05:01.799+0000][6][safepoint    ] Safepoint "Cleanup", Time since last: 1000158786 ns, Reaching safepoint: 491561 ns, At safepoint: 6686 ns, Total: 498247 ns
[2023-05-16T03:05:02.799+0000][6][safepoint    ] Safepoint "Cleanup", Time since last: 1000211445 ns, Reaching safepoint: 123212 ns, At safepoint: 9039 ns, Total: 132251 ns
[2023-05-16T03:05:03.800+0000][6][safepoint    ] Safepoint "Cleanup", Time since last: 1000108623 ns, Reaching safepoint: 101598 ns, At safepoint: 4196 ns, Total: 105794 ns
[2023-05-16T03:05:04.800+0000][6][safepoint    ] Safepoint "Cleanup", Time since last: 1000116443 ns, Reaching safepoint: 102327 ns, At safepoint: 5157 ns, Total: 107484 ns
[2023-05-16T03:05:05.800+0000][6][safepoint    ] Safepoint "Cleanup", Time since last: 1000102676 ns, Reaching safepoint: 112061 ns, At safepoint: 5963 ns, Total: 118024 ns
[2023-05-16T03:05:06.800+0000][6][safepoint    ] Safepoint "Cleanup", Time since last: 1000124975 ns, Reaching safepoint: 205439 ns, At safepoint: 8276 ns, Total: 213715 ns
[2023-05-16T03:05:07.801+0000][6][safepoint    ] Safepoint "Cleanup", Time since last: 1000126992 ns, Reaching safepoint: 232467 ns, At safepoint: 3613 ns, Total: 236080 ns
[2023-05-16T03:05:08.801+0000][6][safepoint    ] Safepoint "Cleanup", Time since last: 1000122395 ns, Reaching safepoint: 241727 ns, At safepoint: 4041 ns, Total: 245768 ns
[2023-05-16T03:05:09.803+0000][6][safepoint    ] Safepoint "Cleanup", Time since last: 1000181955 ns, Reaching safepoint: 1155543 ns, At safepoint: 18242 ns, Total: 1173785 ns
[2023-05-16T03:05:10.804+0000][6][safepoint    ] Safepoint "Cleanup", Time since last: 1000339131 ns, Reaching safepoint: 650539 ns, At safepoint: 9832 ns, Total: 660371 ns
[2023-05-16T03:05:11.805+0000][6][safepoint    ] Safepoint "Cleanup", Time since last: 1001411132 ns, Reaching safepoint: 161555 ns, At safepoint: 7622 ns, Total: 169177 ns
[2023-05-16T03:05:12.805+0000][6][safepoint    ] Safepoint "Cleanup", Time since last: 1000108457 ns, Reaching safepoint: 150421 ns, At safepoint: 8031 ns, Total: 158452 ns
[2023-05-16T03:05:13.806+0000][6][safepoint    ] Safepoint "Cleanup", Time since last: 1000166763 ns, Reaching safepoint: 103716 ns, At safepoint: 4290 ns, Total: 108006 ns
[2023-05-16T03:05:14.806+0000][6][safepoint    ] Safepoint "Cleanup", Time since last: 1000109613 ns, Reaching safepoint: 127609 ns, At safepoint: 6911 ns, Total: 134520 ns
[2023-05-16T03:05:15.807+0000][6][safepoint    ] Safepoint "Cleanup", Time since last: 1000166778 ns, Reaching safepoint: 517989 ns, At safepoint: 27047 ns, Total: 545036 ns
[2023-05-16T03:05:16.751+0000][6][gc,start     ] GC(25) Pause Young (Normal) (G1 Evacuation Pause)
[2023-05-16T03:05:16.751+0000][6][gc,task      ] GC(25) Using 8 workers of 8 for evacuation
[2023-05-16T03:05:16.751+0000][6][gc,age       ] GC(25) Desired survivor size 39321600 bytes, new threshold 15 (max threshold 15)
[2023-05-16T03:05:16.778+0000][6][gc,age       ] GC(25) Age table with threshold 15 (max threshold 15)
[2023-05-16T03:05:16.778+0000][6][gc,age       ] GC(25) - age   1:    4928696 bytes,    4928696 total
[2023-05-16T03:05:16.778+0000][6][gc,age       ] GC(25) - age   2:    4767016 bytes,    9695712 total
[2023-05-16T03:05:16.778+0000][6][gc,age       ] GC(25) - age   3:    5227536 bytes,   14923248 total
[2023-05-16T03:05:16.778+0000][6][gc,age       ] GC(25) - age   4:    3175168 bytes,   18098416 total
[2023-05-16T03:05:16.778+0000][6][gc,age       ] GC(25) - age   5:    5489152 bytes,   23587568 total
[2023-05-16T03:05:16.778+0000][6][gc,age       ] GC(25) - age   6:    5676264 bytes,   29263832 total
[2023-05-16T03:05:16.778+0000][6][gc,age       ] GC(25) - age   7:    5958904 bytes,   35222736 total
[2023-05-16T03:05:16.778+0000][6][gc,age       ] GC(25) - age   8:    5618104 bytes,   40840840 total
[2023-05-16T03:05:16.778+0000][6][gc,phases    ] GC(25)   Pre Evacuate Collection Set: 0.2ms
[2023-05-16T03:05:16.778+0000][6][gc,phases    ] GC(25)   Merge Heap Roots: 0.1ms
[2023-05-16T03:05:16.778+0000][6][gc,phases    ] GC(25)   Evacuate Collection Set: 25.5ms
[2023-05-16T03:05:16.778+0000][6][gc,phases    ] GC(25)   Post Evacuate Collection Set: 1.1ms
[2023-05-16T03:05:16.778+0000][6][gc,phases    ] GC(25)   Other: 0.4ms
[2023-05-16T03:05:16.778+0000][6][gc,heap      ] GC(25) Eden regions: 557->0(544)
[2023-05-16T03:05:16.778+0000][6][gc,heap      ] GC(25) Survivor regions: 41->44(75)
[2023-05-16T03:05:16.778+0000][6][gc,heap      ] GC(25) Old regions: 84->84
[2023-05-16T03:05:16.778+0000][6][gc,heap      ] GC(25) Archive regions: 2->2
[2023-05-16T03:05:16.778+0000][6][gc,heap      ] GC(25) Humongous regions: 59->50
[2023-05-16T03:05:16.778+0000][6][gc,metaspace ] GC(25) Metaspace: 96777K(104428K)->96777K(104428K) NonClass: 84131K(88684K)->84131K(88684K) Class: 12646K(15744K)->12646K(15744K)
[2023-05-16T03:05:16.778+0000][6][gc           ] GC(25) Pause Young (Normal) (G1 Evacuation Pause) 741M->178M(1024M) 27.351ms
[2023-05-16T03:05:16.778+0000][6][gc,cpu       ] GC(25) User=0.06s Sys=0.00s Real=0.02s
[2023-05-16T03:05:16.778+0000][6][safepoint    ] Safepoint "G1CollectForAllocation", Time since last: 943883756 ns, Reaching safepoint: 168063 ns, At safepoint: 27465924 ns, Total: 27633987 ns
[2023-05-16T03:05:17.779+0000][6][safepoint    ] Safepoint "Cleanup", Time since last: 1000104139 ns, Reaching safepoint: 353601 ns, At safepoint: 5495 ns, Total: 359096 ns
[2023-05-16T03:05:18.779+0000][6][safepoint    ] Safepoint "Cleanup", Time since last: 1000277126 ns, Reaching safepoint: 526355 ns, At safepoint: 14286 ns, Total: 540641 ns
[2023-05-16T03:05:19.780+0000][6][safepoint    ] Safepoint "Cleanup", Time since last: 1000265038 ns, Reaching safepoint: 96859 ns, At safepoint: 3268 ns, Total: 100127 ns
[2023-05-16T03:05:20.780+0000][6][safepoint    ] Safepoint "Cleanup", Time since last: 1000110382 ns, Reaching safepoint: 105130 ns, At safepoint: 5298 ns, Total: 110428 ns
[2023-05-16T03:05:21.780+0000][6][safepoint    ] Safepoint "Cleanup", Time since last: 1000160841 ns, Reaching safepoint: 99667 ns, At safepoint: 3612 ns, Total: 103279 ns
[2023-05-16T03:05:22.781+0000][6][safepoint    ] Safepoint "Cleanup", Time since last: 1000165078 ns, Reaching safepoint: 580504 ns, At safepoint: 14689 ns, Total: 595193 ns
[2023-05-16T03:05:23.782+0000][6][safepoint    ] Safepoint "Cleanup", Time since last: 1000301300 ns, Reaching safepoint: 390374 ns, At safepoint: 3451 ns, Total: 393825 ns
[2023-05-16T03:05:24.782+0000][6][safepoint    ] Safepoint "Cleanup", Time since last: 1000155793 ns, Reaching safepoint: 245040 ns, At safepoint: 8785 ns, Total: 253825 ns
[2023-05-16T03:05:25.783+0000][6][safepoint    ] Safepoint "Cleanup", Time since last: 1000210271 ns, Reaching safepoint: 291772 ns, At safepoint: 15242 ns, Total: 307014 ns
[2023-05-16T03:05:26.783+0000][6][safepoint    ] Safepoint "Cleanup", Time since last: 1000305485 ns, Reaching safepoint: 123422 ns, At safepoint: 4740 ns, Total: 128162 ns
[2023-05-16T03:05:27.783+0000][6][safepoint    ] Safepoint "Cleanup", Time since last: 1000142847 ns, Reaching safepoint: 209709 ns, At safepoint: 6560 ns, Total: 216269 ns
[2023-05-16T03:05:28.784+0000][6][safepoint    ] Safepoint "Cleanup", Time since last: 1000141673 ns, Reaching safepoint: 146509 ns, At safepoint: 3603 ns, Total: 150112 ns
[2023-05-16T03:05:29.785+0000][6][safepoint    ] Safepoint "Cleanup", Time since last: 1000264167 ns, Reaching safepoint: 830843 ns, At safepoint: 19440 ns, Total: 850283 ns
[2023-05-16T03:05:30.785+0000][6][safepoint    ] Safepoint "Cleanup", Time since last: 1000351861 ns, Reaching safepoint: 94879 ns, At safepoint: 3178 ns, Total: 98057 ns
[2023-05-16T03:05:31.786+0000][6][safepoint    ] Safepoint "Cleanup", Time since last: 1000109304 ns, Reaching safepoint: 176462 ns, At safepoint: 3427 ns, Total: 179889 ns
[2023-05-16T03:05:32.786+0000][6][safepoint    ] Safepoint "Cleanup", Time since last: 1000108903 ns, Reaching safepoint: 115589 ns, At safepoint: 3363 ns, Total: 118952 ns
[2023-05-16T03:05:33.786+0000][6][safepoint    ] Safepoint "Cleanup", Time since last: 1000111505 ns, Reaching safepoint: 98254 ns, At safepoint: 5117 ns, Total: 103371 ns
[2023-05-16T03:05:34.786+0000][6][safepoint    ] Safepoint "Cleanup", Time since last: 1000111281 ns, Reaching safepoint: 275032 ns, At safepoint: 6649 ns, Total: 281681 ns
[2023-05-16T03:05:35.790+0000][6][safepoint    ] Safepoint "Cleanup", Time since last: 1003285624 ns, Reaching safepoint: 591128 ns, At safepoint: 6142 ns, Total: 597270 ns
[2023-05-16T03:05:36.791+0000][6][safepoint    ] Safepoint "Cleanup", Time since last: 1000216557 ns, Reaching safepoint: 583445 ns, At safepoint: 9600 ns, Total: 593045 ns
[2023-05-16T03:05:37.791+0000][6][safepoint    ] Safepoint "Cleanup", Time since last: 1000215970 ns, Reaching safepoint: 168473 ns, At safepoint: 4332 ns, Total: 172805 ns
[2023-05-16T03:05:38.793+0000][6][safepoint    ] Safepoint "Cleanup", Time since last: 1000088018 ns, Reaching safepoint: 1019064 ns, At safepoint: 7589 ns, Total: 1026653 ns
[2023-05-16T03:05:39.794+0000][6][safepoint    ] Safepoint "Cleanup", Time since last: 1000189375 ns, Reaching safepoint: 862600 ns, At safepoint: 24452 ns, Total: 887052 ns
[2023-05-16T03:05:40.795+0000][6][safepoint    ] Safepoint "Cleanup", Time since last: 1000351669 ns, Reaching safepoint: 786112 ns, At safepoint: 15029 ns, Total: 801141 ns
[2023-05-16T03:05:41.795+0000][6][safepoint    ] Safepoint "Cleanup", Time since last: 1000344691 ns, Reaching safepoint: 240207 ns, At safepoint: 8483 ns, Total: 248690 ns
[2023-05-16T03:05:42.796+0000][6][safepoint    ] Safepoint "Cleanup", Time since last: 1000159688 ns, Reaching safepoint: 128378 ns, At safepoint: 6295 ns, Total: 134673 ns
[2023-05-16T03:05:43.796+0000][6][safepoint    ] Safepoint "Cleanup", Time since last: 1000116022 ns, Reaching safepoint: 158052 ns, At safepoint: 3805 ns, Total: 161857 ns
[2023-05-16T03:05:44.796+0000][6][safepoint    ] Safepoint "Cleanup", Time since last: 1000105546 ns, Reaching safepoint: 91820 ns, At safepoint: 3904 ns, Total: 95724 ns
[2023-05-16T03:05:45.797+0000][6][safepoint    ] Safepoint "Cleanup", Time since last: 1000178816 ns, Reaching safepoint: 624352 ns, At safepoint: 20170 ns, Total: 644522 ns
[2023-05-16T03:05:46.797+0000][6][safepoint    ] Safepoint "Cleanup", Time since last: 1000317719 ns, Reaching safepoint: 114045 ns, At safepoint: 6629 ns, Total: 120674 ns
[2023-05-16T03:05:47.798+0000][6][safepoint    ] Safepoint "Cleanup", Time since last: 1000109485 ns, Reaching safepoint: 111411 ns, At safepoint: 5010 ns, Total: 116421 ns
[2023-05-16T03:05:48.798+0000][6][safepoint    ] Safepoint "Cleanup", Time since last: 1000170109 ns, Reaching safepoint: 414814 ns, At safepoint: 13431 ns, Total: 428245 ns
[2023-05-16T03:05:49.799+0000][6][safepoint    ] Safepoint "Cleanup", Time since last: 1000294391 ns, Reaching safepoint: 138972 ns, At safepoint: 3341 ns, Total: 142313 ns
[2023-05-16T03:05:50.799+0000][6][safepoint    ] Safepoint "Cleanup", Time since last: 1000206265 ns, Reaching safepoint: 551490 ns, At safepoint: 4860 ns, Total: 556350 ns
[2023-05-16T03:05:51.800+0000][6][safepoint    ] Safepoint "Cleanup", Time since last: 1000165510 ns, Reaching safepoint: 156231 ns, At safepoint: 3879 ns, Total: 160110 ns
[2023-05-16T03:05:52.800+0000][6][safepoint    ] Safepoint "Cleanup", Time since last: 1000174986 ns, Reaching safepoint: 424479 ns, At safepoint: 5227 ns, Total: 429706 ns
[2023-05-16T03:05:53.801+0000][6][safepoint    ] Safepoint "Cleanup", Time since last: 1000241967 ns, Reaching safepoint: 750241 ns, At safepoint: 12435 ns, Total: 762676 ns
[2023-05-16T03:05:54.802+0000][6][safepoint    ] Safepoint "Cleanup", Time since last: 1000309229 ns, Reaching safepoint: 109679 ns, At safepoint: 3976 ns, Total: 113655 ns
[2023-05-16T03:05:55.803+0000][6][safepoint    ] Safepoint "Cleanup", Time since last: 1000174696 ns, Reaching safepoint: 780397 ns, At safepoint: 21876 ns, Total: 802273 ns
[2023-05-16T03:05:56.803+0000][6][safepoint    ] Safepoint "Cleanup", Time since last: 1000229811 ns, Reaching safepoint: 402565 ns, At safepoint: 3543 ns, Total: 406108 ns
[2023-05-16T03:05:57.804+0000][6][safepoint    ] Safepoint "Cleanup", Time since last: 1000185500 ns, Reaching safepoint: 558795 ns, At safepoint: 12699 ns, Total: 571494 ns
[2023-05-16T03:05:58.806+0000][6][safepoint    ] Safepoint "Cleanup", Time since last: 1000339383 ns, Reaching safepoint: 1138664 ns, At safepoint: 23320 ns, Total: 1161984 ns
[2023-05-16T03:05:59.806+0000][6][safepoint    ] Safepoint "Cleanup", Time since last: 1000308095 ns, Reaching safepoint: 196202 ns, At safepoint: 7003 ns, Total: 203205 ns
[2023-05-16T03:06:00.807+0000][6][safepoint    ] Safepoint "Cleanup", Time since last: 1000216700 ns, Reaching safepoint: 169779 ns, At safepoint: 4708 ns, Total: 174487 ns
[2023-05-16T03:06:01.808+0000][6][safepoint    ] Safepoint "Cleanup", Time since last: 1000187641 ns, Reaching safepoint: 1171572 ns, At safepoint: 15675 ns, Total: 1187247 ns
[2023-05-16T03:06:02.808+0000][6][safepoint    ] Safepoint "Cleanup", Time since last: 1000304743 ns, Reaching safepoint: 109258 ns, At safepoint: 5138 ns, Total: 114396 ns
[2023-05-16T03:06:03.809+0000][6][safepoint    ] Safepoint "Cleanup", Time since last: 1000143480 ns, Reaching safepoint: 598800 ns, At safepoint: 15053 ns, Total: 613853 ns
[2023-05-16T03:06:04.810+0000][6][safepoint    ] Safepoint "Cleanup", Time since last: 1000313676 ns, Reaching safepoint: 526450 ns, At safepoint: 12031 ns, Total: 538481 ns
[2023-05-16T03:06:05.811+0000][6][safepoint    ] Safepoint "Cleanup", Time since last: 1000312067 ns, Reaching safepoint: 669530 ns, At safepoint: 17447 ns, Total: 686977 ns
[2023-05-16T03:06:06.811+0000][6][safepoint    ] Safepoint "Cleanup", Time since last: 1000221353 ns, Reaching safepoint: 164659 ns, At safepoint: 6806 ns, Total: 171465 ns
[2023-05-16T03:06:07.813+0000][6][safepoint    ] Safepoint "Cleanup", Time since last: 1000177852 ns, Reaching safepoint: 617361 ns, At safepoint: 11196 ns, Total: 628557 ns
[2023-05-16T03:06:08.813+0000][6][safepoint    ] Safepoint "Cleanup", Time since last: 1000750118 ns, Reaching safepoint: 146625 ns, At safepoint: 7433 ns, Total: 154058 ns
[2023-05-16T03:06:09.814+0000][6][safepoint    ] Safepoint "Cleanup", Time since last: 1000152116 ns, Reaching safepoint: 675525 ns, At safepoint: 26810 ns, Total: 702335 ns
[2023-05-16T03:06:10.815+0000][6][safepoint    ] Safepoint "Cleanup", Time since last: 1000332487 ns, Reaching safepoint: 479081 ns, At safepoint: 4463 ns, Total: 483544 ns
[2023-05-16T03:06:11.815+0000][6][safepoint    ] Safepoint "Cleanup", Time since last: 1000169238 ns, Reaching safepoint: 318460 ns, At safepoint: 3189 ns, Total: 321649 ns
[2023-05-16T03:06:12.816+0000][6][safepoint    ] Safepoint "Cleanup", Time since last: 1000112605 ns, Reaching safepoint: 148033 ns, At safepoint: 10926 ns, Total: 158959 ns
[2023-05-16T03:06:13.816+0000][6][safepoint    ] Safepoint "Cleanup", Time since last: 1000102438 ns, Reaching safepoint: 263955 ns, At safepoint: 5842 ns, Total: 269797 ns
[2023-05-16T03:06:14.816+0000][6][safepoint    ] Safepoint "Cleanup", Time since last: 1000181229 ns, Reaching safepoint: 259659 ns, At safepoint: 7024 ns, Total: 266683 ns
[2023-05-16T03:06:15.817+0000][6][safepoint    ] Safepoint "Cleanup", Time since last: 1000274484 ns, Reaching safepoint: 534353 ns, At safepoint: 6422 ns, Total: 540775 ns
[2023-05-16T03:06:16.819+0000][6][safepoint    ] Safepoint "Cleanup", Time since last: 1000308195 ns, Reaching safepoint: 1572695 ns, At safepoint: 31283 ns, Total: 1603978 ns
[2023-05-16T03:06:17.820+0000][6][safepoint    ] Safepoint "Cleanup", Time since last: 1000313643 ns, Reaching safepoint: 99826 ns, At safepoint: 3712 ns, Total: 103538 ns
[2023-05-16T03:06:18.820+0000][6][safepoint    ] Safepoint "Cleanup", Time since last: 1000106996 ns, Reaching safepoint: 149033 ns, At safepoint: 8345 ns, Total: 157378 ns
[2023-05-16T03:06:19.821+0000][6][safepoint    ] Safepoint "Cleanup", Time since last: 1000204901 ns, Reaching safepoint: 802709 ns, At safepoint: 16471 ns, Total: 819180 ns
[2023-05-16T03:06:20.821+0000][6][safepoint    ] Safepoint "Cleanup", Time since last: 1000393205 ns, Reaching safepoint: 202771 ns, At safepoint: 6340 ns, Total: 209111 ns
[2023-05-16T03:06:21.822+0000][6][safepoint    ] Safepoint "Cleanup", Time since last: 1000138442 ns, Reaching safepoint: 108533 ns, At safepoint: 4273 ns, Total: 112806 ns
[2023-05-16T03:06:22.822+0000][6][safepoint    ] Safepoint "Cleanup", Time since last: 1000113184 ns, Reaching safepoint: 116292 ns, At safepoint: 3665 ns, Total: 119957 ns
[2023-05-16T03:06:23.822+0000][6][safepoint    ] Safepoint "Cleanup", Time since last: 1000103648 ns, Reaching safepoint: 111064 ns, At safepoint: 4706 ns, Total: 115770 ns
[2023-05-16T03:06:24.823+0000][6][safepoint    ] Safepoint "Cleanup", Time since last: 1000105920 ns, Reaching safepoint: 304986 ns, At safepoint: 9122 ns, Total: 314108 ns
[2023-05-16T03:06:25.823+0000][6][safepoint    ] Safepoint "Cleanup", Time since last: 1000237531 ns, Reaching safepoint: 483311 ns, At safepoint: 15797 ns, Total: 499108 ns
[2023-05-16T03:06:26.824+0000][6][safepoint    ] Safepoint "Cleanup", Time since last: 1000236201 ns, Reaching safepoint: 345045 ns, At safepoint: 12064 ns, Total: 357109 ns
[2023-05-16T03:06:27.824+0000][6][safepoint    ] Safepoint "Cleanup", Time since last: 1000188518 ns, Reaching safepoint: 152212 ns, At safepoint: 4841 ns, Total: 157053 ns
[2023-05-16T03:06:28.824+0000][6][safepoint    ] Safepoint "Cleanup", Time since last: 1000100299 ns, Reaching safepoint: 117064 ns, At safepoint: 5727 ns, Total: 122791 ns
[2023-05-16T03:06:29.825+0000][6][safepoint    ] Safepoint "Cleanup", Time since last: 1000120483 ns, Reaching safepoint: 207719 ns, At safepoint: 6241 ns, Total: 213960 ns
[2023-05-16T03:06:30.825+0000][6][safepoint    ] Safepoint "Cleanup", Time since last: 1000133910 ns, Reaching safepoint: 135934 ns, At safepoint: 4941 ns, Total: 140875 ns
[2023-05-16T03:06:31.825+0000][6][safepoint    ] Safepoint "Cleanup", Time since last: 1000120264 ns, Reaching safepoint: 115037 ns, At safepoint: 4097 ns, Total: 119134 ns
[2023-05-16T03:06:32.826+0000][6][safepoint    ] Safepoint "Cleanup", Time since last: 1000117923 ns, Reaching safepoint: 1009567 ns, At safepoint: 23093 ns, Total: 1032660 ns
[2023-05-16T03:06:33.827+0000][6][safepoint    ] Safepoint "Cleanup", Time since last: 1000207446 ns, Reaching safepoint: 142792 ns, At safepoint: 4063 ns, Total: 146855 ns
[2023-05-16T03:06:34.827+0000][6][safepoint    ] Safepoint "Cleanup", Time since last: 1000112048 ns, Reaching safepoint: 189372 ns, At safepoint: 6192 ns, Total: 195564 ns
[2023-05-16T03:06:35.827+0000][6][safepoint    ] Safepoint "Cleanup", Time since last: 1000120941 ns, Reaching safepoint: 110660 ns, At safepoint: 5688 ns, Total: 116348 ns
[2023-05-16T03:06:36.831+0000][6][safepoint    ] Safepoint "Cleanup", Time since last: 1002720020 ns, Reaching safepoint: 684702 ns, At safepoint: 16363 ns, Total: 701065 ns
[2023-05-16T03:06:37.831+0000][6][safepoint    ] Safepoint "Cleanup", Time since last: 1000400764 ns, Reaching safepoint: 151658 ns, At safepoint: 4709 ns, Total: 156367 ns
[2023-05-16T03:06:38.832+0000][6][safepoint    ] Safepoint "Cleanup", Time since last: 1000105038 ns, Reaching safepoint: 90031 ns, At safepoint: 4468 ns, Total: 94499 ns
[2023-05-16T03:06:39.832+0000][6][safepoint    ] Safepoint "Cleanup", Time since last: 1000091001 ns, Reaching safepoint: 112284 ns, At safepoint: 2855 ns, Total: 115139 ns
[2023-05-16T03:06:40.832+0000][6][safepoint    ] Safepoint "Cleanup", Time since last: 1000098749 ns, Reaching safepoint: 142079 ns, At safepoint: 5487 ns, Total: 147566 ns
[2023-05-16T03:06:41.832+0000][6][safepoint    ] Safepoint "Cleanup", Time since last: 1000134750 ns, Reaching safepoint: 95754 ns, At safepoint: 3868 ns, Total: 99622 ns
[2023-05-16T03:06:42.833+0000][6][safepoint    ] Safepoint "Cleanup", Time since last: 1000139020 ns, Reaching safepoint: 748422 ns, At safepoint: 12007 ns, Total: 760429 ns
[2023-05-16T03:06:43.833+0000][6][safepoint    ] Safepoint "Cleanup", Time since last: 1000263888 ns, Reaching safepoint: 112421 ns, At safepoint: 3260 ns, Total: 115681 ns
[2023-05-16T03:06:44.834+0000][6][safepoint    ] Safepoint "Cleanup", Time since last: 1000152218 ns, Reaching safepoint: 429897 ns, At safepoint: 16443 ns, Total: 446340 ns
[2023-05-16T03:06:45.834+0000][6][safepoint    ] Safepoint "Cleanup", Time since last: 1000284433 ns, Reaching safepoint: 115302 ns, At safepoint: 6353 ns, Total: 121655 ns
[2023-05-16T03:06:46.835+0000][6][safepoint    ] Safepoint "Cleanup", Time since last: 1000110743 ns, Reaching safepoint: 121012 ns, At safepoint: 3917 ns, Total: 124929 ns
[2023-05-16T03:06:47.835+0000][6][safepoint    ] Safepoint "Cleanup", Time since last: 1000154783 ns, Reaching safepoint: 301199 ns, At safepoint: 15597 ns, Total: 316796 ns
[2023-05-16T03:06:48.836+0000][6][safepoint    ] Safepoint "Cleanup", Time since last: 1000346120 ns, Reaching safepoint: 83420 ns, At safepoint: 4871 ns, Total: 88291 ns
[2023-05-16T03:06:49.836+0000][6][safepoint    ] Safepoint "Cleanup", Time since last: 1000096722 ns, Reaching safepoint: 85021 ns, At safepoint: 3467 ns, Total: 88488 ns
[2023-05-16T03:06:50.836+0000][6][safepoint    ] Safepoint "Cleanup", Time since last: 1000101613 ns, Reaching safepoint: 145434 ns, At safepoint: 6653 ns, Total: 152087 ns
[2023-05-16T03:06:51.836+0000][6][safepoint    ] Safepoint "Cleanup", Time since last: 1000121170 ns, Reaching safepoint: 114930 ns, At safepoint: 5594 ns, Total: 120524 ns
[2023-05-16T03:06:52.837+0000][6][safepoint    ] Safepoint "Cleanup", Time since last: 1000058078 ns, Reaching safepoint: 151236 ns, At safepoint: 4331 ns, Total: 155567 ns
[2023-05-16T03:06:53.837+0000][6][safepoint    ] Safepoint "Cleanup", Time since last: 1000074547 ns, Reaching safepoint: 95618 ns, At safepoint: 3941 ns, Total: 99559 ns
[2023-05-16T03:06:54.837+0000][6][safepoint    ] Safepoint "Cleanup", Time since last: 1000109197 ns, Reaching safepoint: 114063 ns, At safepoint: 5695 ns, Total: 119758 ns
[2023-05-16T03:06:55.838+0000][6][safepoint    ] Safepoint "Cleanup", Time since last: 1000155158 ns, Reaching safepoint: 490146 ns, At safepoint: 18266 ns, Total: 508412 ns
[2023-05-16T03:06:56.839+0000][6][safepoint    ] Safepoint "Cleanup", Time since last: 1000341757 ns, Reaching safepoint: 544960 ns, At safepoint: 5853 ns, Total: 550813 ns
[2023-05-16T03:06:57.839+0000][6][safepoint    ] Safepoint "Cleanup", Time since last: 1000278831 ns, Reaching safepoint: 244108 ns, At safepoint: 14990 ns, Total: 259098 ns
[2023-05-16T03:06:58.840+0000][6][safepoint    ] Safepoint "Cleanup", Time since last: 1000212311 ns, Reaching safepoint: 1038895 ns, At safepoint: 14687 ns, Total: 1053582 ns
[2023-05-16T03:06:59.841+0000][6][safepoint    ] Safepoint "Cleanup", Time since last: 1000450532 ns, Reaching safepoint: 529415 ns, At safepoint: 11766 ns, Total: 541181 ns
[2023-05-16T03:07:00.313+0000][6][gc,start     ] GC(26) Pause Young (Normal) (G1 Evacuation Pause)
[2023-05-16T03:07:00.314+0000][6][gc,task      ] GC(26) Using 8 workers of 8 for evacuation
[2023-05-16T03:07:00.314+0000][6][gc,age       ] GC(26) Desired survivor size 38797312 bytes, new threshold 8 (max threshold 15)
[2023-05-16T03:07:00.332+0000][6][gc,age       ] GC(26) Age table with threshold 8 (max threshold 15)
[2023-05-16T03:07:00.332+0000][6][gc,age       ] GC(26) - age   1:    4819856 bytes,    4819856 total
[2023-05-16T03:07:00.332+0000][6][gc,age       ] GC(26) - age   2:    4464736 bytes,    9284592 total
[2023-05-16T03:07:00.332+0000][6][gc,age       ] GC(26) - age   3:    4766936 bytes,   14051528 total
[2023-05-16T03:07:00.332+0000][6][gc,age       ] GC(26) - age   4:    5227512 bytes,   19279040 total
[2023-05-16T03:07:00.332+0000][6][gc,age       ] GC(26) - age   5:    3174432 bytes,   22453472 total
[2023-05-16T03:07:00.332+0000][6][gc,age       ] GC(26) - age   6:    5489152 bytes,   27942624 total
[2023-05-16T03:07:00.332+0000][6][gc,age       ] GC(26) - age   7:    5659848 bytes,   33602472 total
[2023-05-16T03:07:00.332+0000][6][gc,age       ] GC(26) - age   8:    5958904 bytes,   39561376 total
[2023-05-16T03:07:00.332+0000][6][gc,phases    ] GC(26)   Pre Evacuate Collection Set: 0.2ms
[2023-05-16T03:07:00.332+0000][6][gc,phases    ] GC(26)   Merge Heap Roots: 0.1ms
[2023-05-16T03:07:00.332+0000][6][gc,phases    ] GC(26)   Evacuate Collection Set: 16.0ms
[2023-05-16T03:07:00.332+0000][6][gc,phases    ] GC(26)   Post Evacuate Collection Set: 1.5ms
[2023-05-16T03:07:00.332+0000][6][gc,phases    ] GC(26)   Other: 0.5ms
[2023-05-16T03:07:00.332+0000][6][gc,heap      ] GC(26) Eden regions: 544->0(544)
[2023-05-16T03:07:00.332+0000][6][gc,heap      ] GC(26) Survivor regions: 44->41(74)
[2023-05-16T03:07:00.332+0000][6][gc,heap      ] GC(26) Old regions: 84->90
[2023-05-16T03:07:00.332+0000][6][gc,heap      ] GC(26) Archive regions: 2->2
[2023-05-16T03:07:00.332+0000][6][gc,heap      ] GC(26) Humongous regions: 74->50
[2023-05-16T03:07:00.332+0000][6][gc,metaspace ] GC(26) Metaspace: 96782K(104428K)->96782K(104428K) NonClass: 84136K(88684K)->84136K(88684K) Class: 12646K(15744K)->12646K(15744K)
[2023-05-16T03:07:00.332+0000][6][gc           ] GC(26) Pause Young (Normal) (G1 Evacuation Pause) 746M->181M(1024M) 18.334ms
[2023-05-16T03:07:00.332+0000][6][gc,cpu       ] GC(26) User=0.03s Sys=0.00s Real=0.02s
[2023-05-16T03:07:00.332+0000][6][safepoint    ] Safepoint "G1CollectForAllocation", Time since last: 471919923 ns, Reaching safepoint: 211141 ns, At safepoint: 18465684 ns, Total: 18676825 ns
[2023-05-16T03:07:01.332+0000][6][safepoint    ] Safepoint "Cleanup", Time since last: 1000080800 ns, Reaching safepoint: 108915 ns, At safepoint: 3877 ns, Total: 112792 ns
[2023-05-16T03:07:02.332+0000][6][safepoint    ] Safepoint "Cleanup", Time since last: 1000139443 ns, Reaching safepoint: 235652 ns, At safepoint: 5195 ns, Total: 240847 ns
[2023-05-16T03:07:03.333+0000][6][safepoint    ] Safepoint "Cleanup", Time since last: 1000157764 ns, Reaching safepoint: 170578 ns, At safepoint: 4432 ns, Total: 175010 ns
[2023-05-16T03:07:04.334+0000][6][safepoint    ] Safepoint "Cleanup", Time since last: 1000252406 ns, Reaching safepoint: 682878 ns, At safepoint: 10709 ns, Total: 693587 ns
[2023-05-16T03:07:05.335+0000][6][safepoint    ] Safepoint "Cleanup", Time since last: 1000326671 ns, Reaching safepoint: 744542 ns, At safepoint: 20828 ns, Total: 765370 ns
[2023-05-16T03:07:06.335+0000][6][safepoint    ] Safepoint "Cleanup", Time since last: 1000401117 ns, Reaching safepoint: 190508 ns, At safepoint: 9118 ns, Total: 199626 ns
[2023-05-16T03:07:07.336+0000][6][safepoint    ] Safepoint "Cleanup", Time since last: 1000206863 ns, Reaching safepoint: 284376 ns, At safepoint: 3796 ns, Total: 288172 ns
[2023-05-16T03:07:08.337+0000][6][safepoint    ] Safepoint "Cleanup", Time since last: 1000245854 ns, Reaching safepoint: 946620 ns, At safepoint: 7777 ns, Total: 954397 ns
[2023-05-16T03:07:09.338+0000][6][safepoint    ] Safepoint "Cleanup", Time since last: 1000304832 ns, Reaching safepoint: 563210 ns, At safepoint: 15257 ns, Total: 578467 ns
[2023-05-16T03:07:10.339+0000][6][safepoint    ] Safepoint "Cleanup", Time since last: 1000611162 ns, Reaching safepoint: 492716 ns, At safepoint: 22186 ns, Total: 514902 ns
[2023-05-16T03:07:11.341+0000][6][safepoint    ] Safepoint "Cleanup", Time since last: 1000433967 ns, Reaching safepoint: 935961 ns, At safepoint: 21537 ns, Total: 957498 ns
[2023-05-16T03:07:12.341+0000][6][safepoint    ] Safepoint "Cleanup", Time since last: 1000398818 ns, Reaching safepoint: 133359 ns, At safepoint: 8857 ns, Total: 142216 ns
[2023-05-16T03:07:13.342+0000][6][safepoint    ] Safepoint "Cleanup", Time since last: 1000225253 ns, Reaching safepoint: 692249 ns, At safepoint: 15350 ns, Total: 707599 ns
[2023-05-16T03:07:14.342+0000][6][safepoint    ] Safepoint "Cleanup", Time since last: 1000337745 ns, Reaching safepoint: 116695 ns, At safepoint: 5238 ns, Total: 121933 ns
[2023-05-16T03:07:15.343+0000][6][safepoint    ] Safepoint "Cleanup", Time since last: 1000136540 ns, Reaching safepoint: 246268 ns, At safepoint: 7155 ns, Total: 253423 ns
[2023-05-16T03:07:16.343+0000][6][safepoint    ] Safepoint "Cleanup", Time since last: 1000141353 ns, Reaching safepoint: 106502 ns, At safepoint: 3783 ns, Total: 110285 ns
[2023-05-16T03:07:17.344+0000][6][safepoint    ] Safepoint "Cleanup", Time since last: 1000181554 ns, Reaching safepoint: 704346 ns, At safepoint: 7125 ns, Total: 711471 ns
[2023-05-16T03:07:18.344+0000][6][safepoint    ] Safepoint "Cleanup", Time since last: 1000280435 ns, Reaching safepoint: 129850 ns, At safepoint: 6211 ns, Total: 136061 ns
[2023-05-16T03:07:19.345+0000][6][safepoint    ] Safepoint "Cleanup", Time since last: 1000165871 ns, Reaching safepoint: 634163 ns, At safepoint: 7297 ns, Total: 641460 ns
[2023-05-16T03:07:20.346+0000][6][safepoint    ] Safepoint "Cleanup", Time since last: 1000292346 ns, Reaching safepoint: 154958 ns, At safepoint: 5614 ns, Total: 160572 ns
[2023-05-16T03:07:21.347+0000][6][safepoint    ] Safepoint "Cleanup", Time since last: 1000234980 ns, Reaching safepoint: 665330 ns, At safepoint: 15922 ns, Total: 681252 ns
[2023-05-16T03:07:22.348+0000][6][safepoint    ] Safepoint "Cleanup", Time since last: 1000366110 ns, Reaching safepoint: 593783 ns, At safepoint: 23685 ns, Total: 617468 ns
[2023-05-16T03:07:23.348+0000][6][safepoint    ] Safepoint "Cleanup", Time since last: 1000324146 ns, Reaching safepoint: 172031 ns, At safepoint: 8021 ns, Total: 180052 ns
[2023-05-16T03:07:24.348+0000][6][safepoint    ] Safepoint "Cleanup", Time since last: 1000120279 ns, Reaching safepoint: 100904 ns, At safepoint: 4629 ns, Total: 105533 ns
[2023-05-16T03:07:25.349+0000][6][safepoint    ] Safepoint "Cleanup", Time since last: 1000104722 ns, Reaching safepoint: 150056 ns, At safepoint: 4028 ns, Total: 154084 ns
[2023-05-16T03:07:26.349+0000][6][safepoint    ] Safepoint "Cleanup", Time since last: 1000127760 ns, Reaching safepoint: 155933 ns, At safepoint: 4127 ns, Total: 160060 ns
[2023-05-16T03:07:27.349+0000][6][safepoint    ] Safepoint "Cleanup", Time since last: 1000118228 ns, Reaching safepoint: 218265 ns, At safepoint: 5597 ns, Total: 223862 ns
[2023-05-16T03:07:28.349+0000][6][safepoint    ] Safepoint "Cleanup", Time since last: 1000138624 ns, Reaching safepoint: 142807 ns, At safepoint: 7032 ns, Total: 149839 ns
[2023-05-16T03:07:29.350+0000][6][safepoint    ] Safepoint "Cleanup", Time since last: 1000194227 ns, Reaching safepoint: 659738 ns, At safepoint: 18829 ns, Total: 678567 ns
[2023-05-16T03:07:30.351+0000][6][safepoint    ] Safepoint "Cleanup", Time since last: 1000335403 ns, Reaching safepoint: 325202 ns, At safepoint: 8149 ns, Total: 333351 ns
[2023-05-16T03:07:31.352+0000][6][safepoint    ] Safepoint "Cleanup", Time since last: 1000257314 ns, Reaching safepoint: 724281 ns, At safepoint: 16240 ns, Total: 740521 ns
[2023-05-16T03:07:32.353+0000][6][safepoint    ] Safepoint "Cleanup", Time since last: 1000290142 ns, Reaching safepoint: 252857 ns, At safepoint: 3405 ns, Total: 256262 ns
[2023-05-16T03:07:33.353+0000][6][safepoint    ] Safepoint "Cleanup", Time since last: 1000191243 ns, Reaching safepoint: 118711 ns, At safepoint: 8884 ns, Total: 127595 ns
[2023-05-16T03:07:34.353+0000][6][safepoint    ] Safepoint "Cleanup", Time since last: 1000235854 ns, Reaching safepoint: 304115 ns, At safepoint: 6936 ns, Total: 311051 ns
[2023-05-16T03:07:35.354+0000][6][safepoint    ] Safepoint "Cleanup", Time since last: 1000142671 ns, Reaching safepoint: 176155 ns, At safepoint: 6468 ns, Total: 182623 ns
[2023-05-16T03:07:36.354+0000][6][safepoint    ] Safepoint "Cleanup", Time since last: 1000131472 ns, Reaching safepoint: 201824 ns, At safepoint: 8159 ns, Total: 209983 ns
[2023-05-16T03:07:37.355+0000][6][safepoint    ] Safepoint "Cleanup", Time since last: 1000207626 ns, Reaching safepoint: 542199 ns, At safepoint: 22053 ns, Total: 564252 ns
[2023-05-16T03:07:38.355+0000][6][safepoint    ] Safepoint "Cleanup", Time since last: 1000331851 ns, Reaching safepoint: 118402 ns, At safepoint: 3761 ns, Total: 122163 ns
[2023-05-16T03:07:39.356+0000][6][safepoint    ] Safepoint "Cleanup", Time since last: 1000165711 ns, Reaching safepoint: 430770 ns, At safepoint: 11712 ns, Total: 442482 ns
[2023-05-16T03:07:40.356+0000][6][safepoint    ] Safepoint "Cleanup", Time since last: 1000276292 ns, Reaching safepoint: 115471 ns, At safepoint: 3847 ns, Total: 119318 ns
[2023-05-16T03:07:41.357+0000][6][safepoint    ] Safepoint "Cleanup", Time since last: 1000111896 ns, Reaching safepoint: 129264 ns, At safepoint: 3358 ns, Total: 132622 ns
[2023-05-16T03:07:42.357+0000][6][safepoint    ] Safepoint "Cleanup", Time since last: 1000133909 ns, Reaching safepoint: 113765 ns, At safepoint: 4896 ns, Total: 118661 ns
[2023-05-16T03:07:43.357+0000][6][safepoint    ] Safepoint "Cleanup", Time since last: 1000110169 ns, Reaching safepoint: 137636 ns, At safepoint: 6986 ns, Total: 144622 ns
[2023-05-16T03:07:44.358+0000][6][safepoint    ] Safepoint "Cleanup", Time since last: 1000169278 ns, Reaching safepoint: 492898 ns, At safepoint: 12400 ns, Total: 505298 ns
[2023-05-16T03:07:45.358+0000][6][safepoint    ] Safepoint "Cleanup", Time since last: 1000253415 ns, Reaching safepoint: 119670 ns, At safepoint: 5467 ns, Total: 125137 ns
[2023-05-16T03:07:46.359+0000][6][safepoint    ] Safepoint "Cleanup", Time since last: 1000184537 ns, Reaching safepoint: 517906 ns, At safepoint: 20856 ns, Total: 538762 ns
[2023-05-16T03:07:47.359+0000][6][safepoint    ] Safepoint "Cleanup", Time since last: 1000262753 ns, Reaching safepoint: 156555 ns, At safepoint: 4898 ns, Total: 161453 ns
[2023-05-16T03:07:48.360+0000][6][safepoint    ] Safepoint "Cleanup", Time since last: 1000171449 ns, Reaching safepoint: 302695 ns, At safepoint: 6711 ns, Total: 309406 ns
[2023-05-16T03:07:49.360+0000][6][safepoint    ] Safepoint "Cleanup", Time since last: 1000176029 ns, Reaching safepoint: 506860 ns, At safepoint: 11652 ns, Total: 518512 ns
[2023-05-16T03:07:50.361+0000][6][safepoint    ] Safepoint "Cleanup", Time since last: 1000155929 ns, Reaching safepoint: 102083 ns, At safepoint: 5389 ns, Total: 107472 ns
[2023-05-16T03:07:51.362+0000][6][safepoint    ] Safepoint "Cleanup", Time since last: 1000144268 ns, Reaching safepoint: 637871 ns, At safepoint: 10321 ns, Total: 648192 ns
[2023-05-16T03:07:52.362+0000][6][safepoint    ] Safepoint "Cleanup", Time since last: 1000249604 ns, Reaching safepoint: 113068 ns, At safepoint: 4564 ns, Total: 117632 ns
[2023-05-16T03:07:53.362+0000][6][safepoint    ] Safepoint "Cleanup", Time since last: 1000111940 ns, Reaching safepoint: 123511 ns, At safepoint: 3804 ns, Total: 127315 ns
[2023-05-16T03:07:54.363+0000][6][safepoint    ] Safepoint "Cleanup", Time since last: 1000134723 ns, Reaching safepoint: 402322 ns, At safepoint: 9006 ns, Total: 411328 ns
[2023-05-16T03:07:55.363+0000][6][safepoint    ] Safepoint "Cleanup", Time since last: 1000157141 ns, Reaching safepoint: 146721 ns, At safepoint: 5913 ns, Total: 152634 ns
[2023-05-16T03:07:56.364+0000][6][safepoint    ] Safepoint "Cleanup", Time since last: 1000147708 ns, Reaching safepoint: 482503 ns, At safepoint: 11813 ns, Total: 494316 ns
[2023-05-16T03:07:57.364+0000][6][safepoint    ] Safepoint "Cleanup", Time since last: 1000338443 ns, Reaching safepoint: 92675 ns, At safepoint: 2826 ns, Total: 95501 ns
[2023-05-16T03:07:58.365+0000][6][safepoint    ] Safepoint "Cleanup", Time since last: 1000185791 ns, Reaching safepoint: 464442 ns, At safepoint: 23847 ns, Total: 488289 ns
[2023-05-16T03:07:59.365+0000][6][safepoint    ] Safepoint "Cleanup", Time since last: 1000311976 ns, Reaching safepoint: 215443 ns, At safepoint: 6906 ns, Total: 222349 ns
[2023-05-16T03:08:00.366+0000][6][safepoint    ] Safepoint "Cleanup", Time since last: 1000200648 ns, Reaching safepoint: 669088 ns, At safepoint: 11712 ns, Total: 680800 ns
[2023-05-16T03:08:01.367+0000][6][safepoint    ] Safepoint "Cleanup", Time since last: 1000330064 ns, Reaching safepoint: 563455 ns, At safepoint: 18067 ns, Total: 581522 ns
[2023-05-16T03:08:02.368+0000][6][safepoint    ] Safepoint "Cleanup", Time since last: 1000281708 ns, Reaching safepoint: 511423 ns, At safepoint: 4748 ns, Total: 516171 ns
[2023-05-16T03:08:03.368+0000][6][safepoint    ] Safepoint "Cleanup", Time since last: 1000265742 ns, Reaching safepoint: 127656 ns, At safepoint: 5951 ns, Total: 133607 ns
[2023-05-16T03:08:04.368+0000][6][safepoint    ] Safepoint "Cleanup", Time since last: 1000117146 ns, Reaching safepoint: 119317 ns, At safepoint: 4587 ns, Total: 123904 ns
[2023-05-16T03:08:05.369+0000][6][safepoint    ] Safepoint "Cleanup", Time since last: 1000178470 ns, Reaching safepoint: 734331 ns, At safepoint: 26524 ns, Total: 760855 ns
[2023-05-16T03:08:06.370+0000][6][safepoint    ] Safepoint "Cleanup", Time since last: 1000313558 ns, Reaching safepoint: 581327 ns, At safepoint: 10996 ns, Total: 592323 ns
[2023-05-16T03:08:07.371+0000][6][safepoint    ] Safepoint "Cleanup", Time since last: 1000319305 ns, Reaching safepoint: 466678 ns, At safepoint: 14619 ns, Total: 481297 ns
[2023-05-16T03:08:08.372+0000][6][safepoint    ] Safepoint "Cleanup", Time since last: 1000286065 ns, Reaching safepoint: 129098 ns, At safepoint: 3676 ns, Total: 132774 ns
[2023-05-16T03:08:09.372+0000][6][safepoint    ] Safepoint "Cleanup", Time since last: 1000115316 ns, Reaching safepoint: 111638 ns, At safepoint: 3921 ns, Total: 115559 ns
[2023-05-16T03:08:10.372+0000][6][safepoint    ] Safepoint "Cleanup", Time since last: 1000119436 ns, Reaching safepoint: 205186 ns, At safepoint: 3823 ns, Total: 209009 ns
[2023-05-16T03:08:11.373+0000][6][safepoint    ] Safepoint "Cleanup", Time since last: 1000190031 ns, Reaching safepoint: 654265 ns, At safepoint: 17235 ns, Total: 671500 ns
[2023-05-16T03:08:12.374+0000][6][safepoint    ] Safepoint "Cleanup", Time since last: 1000338025 ns, Reaching safepoint: 288241 ns, At safepoint: 10105 ns, Total: 298346 ns
[2023-05-16T03:08:13.374+0000][6][safepoint    ] Safepoint "Cleanup", Time since last: 1000291932 ns, Reaching safepoint: 122449 ns, At safepoint: 4104 ns, Total: 126553 ns
[2023-05-16T03:08:14.375+0000][6][safepoint    ] Safepoint "Cleanup", Time since last: 1000135733 ns, Reaching safepoint: 1139459 ns, At safepoint: 20774 ns, Total: 1160233 ns
[2023-05-16T03:08:15.377+0000][6][safepoint    ] Safepoint "Cleanup", Time since last: 1000367883 ns, Reaching safepoint: 1202761 ns, At safepoint: 5207 ns, Total: 1207968 ns
[2023-05-16T03:08:16.377+0000][6][safepoint    ] Safepoint "Cleanup", Time since last: 1000266743 ns, Reaching safepoint: 264639 ns, At safepoint: 4223 ns, Total: 268862 ns
[2023-05-16T03:08:17.378+0000][6][safepoint    ] Safepoint "Cleanup", Time since last: 1000119601 ns, Reaching safepoint: 493054 ns, At safepoint: 15326 ns, Total: 508380 ns
[2023-05-16T03:08:18.378+0000][6][safepoint    ] Safepoint "Cleanup", Time since last: 1000339374 ns, Reaching safepoint: 84367 ns, At safepoint: 3235 ns, Total: 87602 ns
[2023-05-16T03:08:19.379+0000][6][safepoint    ] Safepoint "Cleanup", Time since last: 1000103445 ns, Reaching safepoint: 161851 ns, At safepoint: 10588 ns, Total: 172439 ns
[2023-05-16T03:08:20.379+0000][6][safepoint    ] Safepoint "Cleanup", Time since last: 1000261426 ns, Reaching safepoint: 149709 ns, At safepoint: 6831 ns, Total: 156540 ns
[2023-05-16T03:08:21.379+0000][6][safepoint    ] Safepoint "Cleanup", Time since last: 1000133581 ns, Reaching safepoint: 159950 ns, At safepoint: 6053 ns, Total: 166003 ns
[2023-05-16T03:08:22.380+0000][6][safepoint    ] Safepoint "Cleanup", Time since last: 1000126119 ns, Reaching safepoint: 147703 ns, At safepoint: 7787 ns, Total: 155490 ns
[2023-05-16T03:08:23.380+0000][6][safepoint    ] Safepoint "Cleanup", Time since last: 1000123935 ns, Reaching safepoint: 517749 ns, At safepoint: 12381 ns, Total: 530130 ns
[2023-05-16T03:08:24.464+0000][6][safepoint    ] Safepoint "Cleanup", Time since last: 1083465651 ns, Reaching safepoint: 158462 ns, At safepoint: 3739 ns, Total: 162201 ns
[2023-05-16T03:08:25.464+0000][6][safepoint    ] Safepoint "Cleanup", Time since last: 1000098101 ns, Reaching safepoint: 102068 ns, At safepoint: 4305 ns, Total: 106373 ns
[2023-05-16T03:08:26.465+0000][6][safepoint    ] Safepoint "Cleanup", Time since last: 1000143042 ns, Reaching safepoint: 187381 ns, At safepoint: 17747 ns, Total: 205128 ns
[2023-05-16T03:08:27.465+0000][6][safepoint    ] Safepoint "Cleanup", Time since last: 1000122874 ns, Reaching safepoint: 181172 ns, At safepoint: 3779 ns, Total: 184951 ns
[2023-05-16T03:08:28.465+0000][6][safepoint    ] Safepoint "Cleanup", Time since last: 1000119078 ns, Reaching safepoint: 98904 ns, At safepoint: 5637 ns, Total: 104541 ns
[2023-05-16T03:08:29.465+0000][6][safepoint    ] Safepoint "Cleanup", Time since last: 1000098650 ns, Reaching safepoint: 113592 ns, At safepoint: 8575 ns, Total: 122167 ns
[2023-05-16T03:08:30.466+0000][6][safepoint    ] Safepoint "Cleanup", Time since last: 1000207776 ns, Reaching safepoint: 564224 ns, At safepoint: 19694 ns, Total: 583918 ns
[2023-05-16T03:08:31.467+0000][6][safepoint    ] Safepoint "Cleanup", Time since last: 1000383039 ns, Reaching safepoint: 113164 ns, At safepoint: 3839 ns, Total: 117003 ns
[2023-05-16T03:08:32.467+0000][6][safepoint    ] Safepoint "Cleanup", Time since last: 1000115918 ns, Reaching safepoint: 109546 ns, At safepoint: 3955 ns, Total: 113501 ns
[2023-05-16T03:08:33.467+0000][6][safepoint    ] Safepoint "Cleanup", Time since last: 1000118863 ns, Reaching safepoint: 172618 ns, At safepoint: 6927 ns, Total: 179545 ns
[2023-05-16T03:08:34.467+0000][6][safepoint    ] Safepoint "Cleanup", Time since last: 1000109547 ns, Reaching safepoint: 181388 ns, At safepoint: 9718 ns, Total: 191106 ns
[2023-05-16T03:08:35.468+0000][6][safepoint    ] Safepoint "Cleanup", Time since last: 1000157117 ns, Reaching safepoint: 126564 ns, At safepoint: 3676 ns, Total: 130240 ns
[2023-05-16T03:08:36.468+0000][6][safepoint    ] Safepoint "Cleanup", Time since last: 1000112705 ns, Reaching safepoint: 149394 ns, At safepoint: 3997 ns, Total: 153391 ns
[2023-05-16T03:08:37.469+0000][6][safepoint    ] Safepoint "Cleanup", Time since last: 1000130463 ns, Reaching safepoint: 381191 ns, At safepoint: 5003 ns, Total: 386194 ns
[2023-05-16T03:08:38.469+0000][6][safepoint    ] Safepoint "Cleanup", Time since last: 1000109379 ns, Reaching safepoint: 113627 ns, At safepoint: 3518 ns, Total: 117145 ns
[2023-05-16T03:08:39.469+0000][6][safepoint    ] Safepoint "Cleanup", Time since last: 1000065944 ns, Reaching safepoint: 115740 ns, At safepoint: 6908 ns, Total: 122648 ns
[2023-05-16T03:08:40.469+0000][6][safepoint    ] Safepoint "Cleanup", Time since last: 1000101831 ns, Reaching safepoint: 125467 ns, At safepoint: 10317 ns, Total: 135784 ns
[2023-05-16T03:08:41.469+0000][6][safepoint    ] Safepoint "Cleanup", Time since last: 1000111630 ns, Reaching safepoint: 149518 ns, At safepoint: 3913 ns, Total: 153431 ns
[2023-05-16T03:08:42.470+0000][6][safepoint    ] Safepoint "Cleanup", Time since last: 1000189429 ns, Reaching safepoint: 535400 ns, At safepoint: 13357 ns, Total: 548757 ns
[2023-05-16T03:08:43.471+0000][6][safepoint    ] Safepoint "Cleanup", Time since last: 1000276623 ns, Reaching safepoint: 96234 ns, At safepoint: 6775 ns, Total: 103009 ns
[2023-05-16T03:08:44.471+0000][6][safepoint    ] Safepoint "Cleanup", Time since last: 1000241510 ns, Reaching safepoint: 643606 ns, At safepoint: 13906 ns, Total: 657512 ns
[2023-05-16T03:08:45.472+0000][6][safepoint    ] Safepoint "Cleanup", Time since last: 1000414307 ns, Reaching safepoint: 157405 ns, At safepoint: 8403 ns, Total: 165808 ns
[2023-05-16T03:08:46.473+0000][6][safepoint    ] Safepoint "Cleanup", Time since last: 1000188362 ns, Reaching safepoint: 688765 ns, At safepoint: 21435 ns, Total: 710200 ns
[2023-05-16T03:08:47.474+0000][6][safepoint    ] Safepoint "Cleanup", Time since last: 1000360234 ns, Reaching safepoint: 450051 ns, At safepoint: 10054 ns, Total: 460105 ns
[2023-05-16T03:08:48.475+0000][6][safepoint    ] Safepoint "Cleanup", Time since last: 1000234444 ns, Reaching safepoint: 668181 ns, At safepoint: 16329 ns, Total: 684510 ns
[2023-05-16T03:08:49.475+0000][6][safepoint    ] Safepoint "Cleanup", Time since last: 1000337739 ns, Reaching safepoint: 251600 ns, At safepoint: 4154 ns, Total: 255754 ns
[2023-05-16T03:08:50.476+0000][6][safepoint    ] Safepoint "Cleanup", Time since last: 1000159164 ns, Reaching safepoint: 240078 ns, At safepoint: 8325 ns, Total: 248403 ns
[2023-05-16T03:08:51.477+0000][6][safepoint    ] Safepoint "Cleanup", Time since last: 1000230489 ns, Reaching safepoint: 957845 ns, At safepoint: 20323 ns, Total: 978168 ns
[2023-05-16T03:08:52.325+0000][6][gc,start     ] GC(27) Pause Young (Normal) (G1 Evacuation Pause)
[2023-05-16T03:08:52.325+0000][6][gc,task      ] GC(27) Using 8 workers of 8 for evacuation
[2023-05-16T03:08:52.325+0000][6][gc,age       ] GC(27) Desired survivor size 38797312 bytes, new threshold 8 (max threshold 15)
[2023-05-16T03:08:52.342+0000][6][gc,age       ] GC(27) Age table with threshold 8 (max threshold 15)
[2023-05-16T03:08:52.342+0000][6][gc,age       ] GC(27) - age   1:    4650392 bytes,    4650392 total
[2023-05-16T03:08:52.342+0000][6][gc,age       ] GC(27) - age   2:    4461352 bytes,    9111744 total
[2023-05-16T03:08:52.342+0000][6][gc,age       ] GC(27) - age   3:    4378992 bytes,   13490736 total
[2023-05-16T03:08:52.342+0000][6][gc,age       ] GC(27) - age   4:    4766936 bytes,   18257672 total
[2023-05-16T03:08:52.342+0000][6][gc,age       ] GC(27) - age   5:    5227512 bytes,   23485184 total
[2023-05-16T03:08:52.342+0000][6][gc,age       ] GC(27) - age   6:    3173976 bytes,   26659160 total
[2023-05-16T03:08:52.342+0000][6][gc,age       ] GC(27) - age   7:    5480016 bytes,   32139176 total
[2023-05-16T03:08:52.342+0000][6][gc,age       ] GC(27) - age   8:    5659848 bytes,   37799024 total
[2023-05-16T03:08:52.342+0000][6][gc,phases    ] GC(27)   Pre Evacuate Collection Set: 0.1ms
[2023-05-16T03:08:52.342+0000][6][gc,phases    ] GC(27)   Merge Heap Roots: 0.1ms
[2023-05-16T03:08:52.342+0000][6][gc,phases    ] GC(27)   Evacuate Collection Set: 16.1ms
[2023-05-16T03:08:52.342+0000][6][gc,phases    ] GC(27)   Post Evacuate Collection Set: 1.0ms
[2023-05-16T03:08:52.342+0000][6][gc,phases    ] GC(27)   Other: 0.3ms
[2023-05-16T03:08:52.342+0000][6][gc,heap      ] GC(27) Eden regions: 544->0(540)
[2023-05-16T03:08:52.342+0000][6][gc,heap      ] GC(27) Survivor regions: 41->40(74)
[2023-05-16T03:08:52.342+0000][6][gc,heap      ] GC(27) Old regions: 90->96
[2023-05-16T03:08:52.342+0000][6][gc,heap      ] GC(27) Archive regions: 2->2
[2023-05-16T03:08:52.342+0000][6][gc,heap      ] GC(27) Humongous regions: 69->50
[2023-05-16T03:08:52.342+0000][6][gc,metaspace ] GC(27) Metaspace: 96795K(104428K)->96795K(104428K) NonClass: 84149K(88684K)->84149K(88684K) Class: 12646K(15744K)->12646K(15744K)
[2023-05-16T03:08:52.343+0000][6][gc           ] GC(27) Pause Young (Normal) (G1 Evacuation Pause) 744M->185M(1024M) 17.698ms
[2023-05-16T03:08:52.343+0000][6][gc,cpu       ] GC(27) User=0.03s Sys=0.00s Real=0.02s
[2023-05-16T03:08:52.343+0000][6][safepoint    ] Safepoint "G1CollectForAllocation", Time since last: 847607367 ns, Reaching safepoint: 258556 ns, At safepoint: 17814761 ns, Total: 18073317 ns
[2023-05-16T03:08:53.495+0000][6][safepoint    ] Safepoint "Cleanup", Time since last: 1152225397 ns, Reaching safepoint: 133282 ns, At safepoint: 3755 ns, Total: 137037 ns
[2023-05-16T03:08:54.495+0000][6][safepoint    ] Safepoint "Cleanup", Time since last: 1000135848 ns, Reaching safepoint: 281531 ns, At safepoint: 3576 ns, Total: 285107 ns
[2023-05-16T03:08:55.496+0000][6][safepoint    ] Safepoint "Cleanup", Time since last: 1000151594 ns, Reaching safepoint: 805253 ns, At safepoint: 12409 ns, Total: 817662 ns
[2023-05-16T03:08:56.497+0000][6][safepoint    ] Safepoint "Cleanup", Time since last: 1000258099 ns, Reaching safepoint: 224122 ns, At safepoint: 11531 ns, Total: 235653 ns
[2023-05-16T03:08:57.497+0000][6][safepoint    ] Safepoint "Cleanup", Time since last: 1000106669 ns, Reaching safepoint: 109258 ns, At safepoint: 4457 ns, Total: 113715 ns
[2023-05-16T03:08:58.497+0000][6][safepoint    ] Safepoint "Cleanup", Time since last: 1000107985 ns, Reaching safepoint: 154508 ns, At safepoint: 5114 ns, Total: 159622 ns
[2023-05-16T03:08:59.498+0000][6][safepoint    ] Safepoint "Cleanup", Time since last: 1000181636 ns, Reaching safepoint: 471408 ns, At safepoint: 13943 ns, Total: 485351 ns
[2023-05-16T03:09:00.498+0000][6][safepoint    ] Safepoint "Cleanup", Time since last: 1000270429 ns, Reaching safepoint: 119126 ns, At safepoint: 6662 ns, Total: 125788 ns
[2023-05-16T03:09:01.499+0000][6][safepoint    ] Safepoint "Cleanup", Time since last: 1000109923 ns, Reaching safepoint: 104428 ns, At safepoint: 3500 ns, Total: 107928 ns
[2023-05-16T03:09:02.499+0000][6][safepoint    ] Safepoint "Cleanup", Time since last: 1000062067 ns, Reaching safepoint: 116024 ns, At safepoint: 5827 ns, Total: 121851 ns
[2023-05-16T03:09:03.499+0000][6][safepoint    ] Safepoint "Cleanup", Time since last: 1000115493 ns, Reaching safepoint: 344683 ns, At safepoint: 8085 ns, Total: 352768 ns
[2023-05-16T03:09:04.499+0000][6][safepoint    ] Safepoint "Cleanup", Time since last: 1000111001 ns, Reaching safepoint: 110314 ns, At safepoint: 4380 ns, Total: 114694 ns
[2023-05-16T03:09:05.500+0000][6][safepoint    ] Safepoint "Cleanup", Time since last: 1000098541 ns, Reaching safepoint: 92781 ns, At safepoint: 4812 ns, Total: 97593 ns
[2023-05-16T03:09:06.500+0000][6][safepoint    ] Safepoint "Cleanup", Time since last: 1000092798 ns, Reaching safepoint: 266959 ns, At safepoint: 7217 ns, Total: 274176 ns
[2023-05-16T03:09:07.501+0000][6][safepoint    ] Safepoint "Cleanup", Time since last: 1000245743 ns, Reaching safepoint: 661553 ns, At safepoint: 5663 ns, Total: 667216 ns
[2023-05-16T03:09:08.501+0000][6][safepoint    ] Safepoint "Cleanup", Time since last: 1000212993 ns, Reaching safepoint: 101119 ns, At safepoint: 5891 ns, Total: 107010 ns
[2023-05-16T03:09:09.502+0000][6][safepoint    ] Safepoint "Cleanup", Time since last: 1000109023 ns, Reaching safepoint: 267184 ns, At safepoint: 4356 ns, Total: 271540 ns
[2023-05-16T03:09:10.502+0000][6][safepoint    ] Safepoint "Cleanup", Time since last: 1000110201 ns, Reaching safepoint: 139198 ns, At safepoint: 5837 ns, Total: 145035 ns
[2023-05-16T03:09:11.502+0000][6][safepoint    ] Safepoint "Cleanup", Time since last: 1000090256 ns, Reaching safepoint: 154728 ns, At safepoint: 3569 ns, Total: 158297 ns
[2023-05-16T03:09:12.502+0000][6][safepoint    ] Safepoint "Cleanup", Time since last: 1000129198 ns, Reaching safepoint: 123810 ns, At safepoint: 5672 ns, Total: 129482 ns
[2023-05-16T03:09:13.503+0000][6][safepoint    ] Safepoint "Cleanup", Time since last: 1000107937 ns, Reaching safepoint: 121742 ns, At safepoint: 6719 ns, Total: 128461 ns
[2023-05-16T03:09:14.503+0000][6][safepoint    ] Safepoint "Cleanup", Time since last: 1000179814 ns, Reaching safepoint: 575098 ns, At safepoint: 9811 ns, Total: 584909 ns
[2023-05-16T03:09:15.504+0000][6][safepoint    ] Safepoint "Cleanup", Time since last: 1000379899 ns, Reaching safepoint: 597592 ns, At safepoint: 16221 ns, Total: 613813 ns
[2023-05-16T03:09:16.505+0000][6][safepoint    ] Safepoint "Cleanup", Time since last: 1000344641 ns, Reaching safepoint: 521911 ns, At safepoint: 14372 ns, Total: 536283 ns
[2023-05-16T03:09:17.506+0000][6][safepoint    ] Safepoint "Cleanup", Time since last: 1000345929 ns, Reaching safepoint: 143155 ns, At safepoint: 5409 ns, Total: 148564 ns
[2023-05-16T03:09:18.507+0000][6][safepoint    ] Safepoint "Cleanup", Time since last: 1000151997 ns, Reaching safepoint: 699823 ns, At safepoint: 19026 ns, Total: 718849 ns
[2023-05-16T03:09:19.507+0000][6][safepoint    ] Safepoint "Cleanup", Time since last: 1000225468 ns, Reaching safepoint: 129077 ns, At safepoint: 5489 ns, Total: 134566 ns
[2023-05-16T03:09:20.507+0000][6][safepoint    ] Safepoint "Cleanup", Time since last: 1000108729 ns, Reaching safepoint: 182548 ns, At safepoint: 5786 ns, Total: 188334 ns
[2023-05-16T03:09:21.508+0000][6][safepoint    ] Safepoint "Cleanup", Time since last: 1000200355 ns, Reaching safepoint: 533474 ns, At safepoint: 18922 ns, Total: 552396 ns
[2023-05-16T03:09:22.509+0000][6][safepoint    ] Safepoint "Cleanup", Time since last: 1000306474 ns, Reaching safepoint: 421408 ns, At safepoint: 14375 ns, Total: 435783 ns
[2023-05-16T03:09:23.509+0000][6][safepoint    ] Safepoint "Cleanup", Time since last: 1000327076 ns, Reaching safepoint: 118286 ns, At safepoint: 5941 ns, Total: 124227 ns
[2023-05-16T03:09:24.509+0000][6][safepoint    ] Safepoint "Cleanup", Time since last: 1000097228 ns, Reaching safepoint: 75108 ns, At safepoint: 3667 ns, Total: 78775 ns
[2023-05-16T03:09:25.510+0000][6][safepoint    ] Safepoint "Cleanup", Time since last: 1000143134 ns, Reaching safepoint: 392371 ns, At safepoint: 7419 ns, Total: 399790 ns
[2023-05-16T03:09:26.510+0000][6][safepoint    ] Safepoint "Cleanup", Time since last: 1000159912 ns, Reaching safepoint: 140999 ns, At safepoint: 4922 ns, Total: 145921 ns
[2023-05-16T03:09:27.510+0000][6][safepoint    ] Safepoint "Cleanup", Time since last: 1000073638 ns, Reaching safepoint: 114885 ns, At safepoint: 3596 ns, Total: 118481 ns
[2023-05-16T03:09:28.511+0000][6][safepoint    ] Safepoint "Cleanup", Time since last: 1000129457 ns, Reaching safepoint: 318215 ns, At safepoint: 8705 ns, Total: 326920 ns
[2023-05-16T03:09:29.512+0000][6][safepoint    ] Safepoint "Cleanup", Time since last: 1000189606 ns, Reaching safepoint: 487165 ns, At safepoint: 10514 ns, Total: 497679 ns
[2023-05-16T03:09:30.512+0000][6][safepoint    ] Safepoint "Cleanup", Time since last: 1000160291 ns, Reaching safepoint: 115829 ns, At safepoint: 7426 ns, Total: 123255 ns
[2023-05-16T03:09:31.512+0000][6][safepoint    ] Safepoint "Cleanup", Time since last: 1000111006 ns, Reaching safepoint: 112029 ns, At safepoint: 3791 ns, Total: 115820 ns
[2023-05-16T03:09:32.512+0000][6][safepoint    ] Safepoint "Cleanup", Time since last: 1000132439 ns, Reaching safepoint: 206978 ns, At safepoint: 6165 ns, Total: 213143 ns
[2023-05-16T03:09:33.513+0000][6][safepoint    ] Safepoint "Cleanup", Time since last: 1000240377 ns, Reaching safepoint: 505325 ns, At safepoint: 8214 ns, Total: 513539 ns
[2023-05-16T03:09:34.514+0000][6][safepoint    ] Safepoint "Cleanup", Time since last: 1000241867 ns, Reaching safepoint: 141245 ns, At safepoint: 4284 ns, Total: 145529 ns
[2023-05-16T03:09:35.514+0000][6][safepoint    ] Safepoint "Cleanup", Time since last: 1000212194 ns, Reaching safepoint: 317573 ns, At safepoint: 9006 ns, Total: 326579 ns
[2023-05-16T03:09:36.514+0000][6][safepoint    ] Safepoint "Cleanup", Time since last: 1000151793 ns, Reaching safepoint: 162441 ns, At safepoint: 7380 ns, Total: 169821 ns
[2023-05-16T03:09:37.515+0000][6][safepoint    ] Safepoint "Cleanup", Time since last: 1000125714 ns, Reaching safepoint: 154329 ns, At safepoint: 6517 ns, Total: 160846 ns
[2023-05-16T03:09:38.515+0000][6][safepoint    ] Safepoint "Cleanup", Time since last: 1000140846 ns, Reaching safepoint: 447846 ns, At safepoint: 11886 ns, Total: 459732 ns
[2023-05-16T03:09:39.516+0000][6][safepoint    ] Safepoint "Cleanup", Time since last: 1000223145 ns, Reaching safepoint: 233642 ns, At safepoint: 8864 ns, Total: 242506 ns
[2023-05-16T03:09:40.516+0000][6][safepoint    ] Safepoint "Cleanup", Time since last: 1000185102 ns, Reaching safepoint: 336066 ns, At safepoint: 9271 ns, Total: 345337 ns
[2023-05-16T03:09:41.517+0000][6][safepoint    ] Safepoint "Cleanup", Time since last: 1000200791 ns, Reaching safepoint: 140624 ns, At safepoint: 7509 ns, Total: 148133 ns
[2023-05-16T03:09:42.517+0000][6][safepoint    ] Safepoint "Cleanup", Time since last: 1000124561 ns, Reaching safepoint: 182280 ns, At safepoint: 6867 ns, Total: 189147 ns
[2023-05-16T03:09:43.518+0000][6][safepoint    ] Safepoint "Cleanup", Time since last: 1000187592 ns, Reaching safepoint: 316532 ns, At safepoint: 8553 ns, Total: 325085 ns
[2023-05-16T03:09:44.519+0000][6][safepoint    ] Safepoint "Cleanup", Time since last: 1000373623 ns, Reaching safepoint: 881982 ns, At safepoint: 53711 ns, Total: 935693 ns
[2023-05-16T03:09:45.519+0000][6][safepoint    ] Safepoint "Cleanup", Time since last: 1000272416 ns, Reaching safepoint: 106980 ns, At safepoint: 4056 ns, Total: 111036 ns
[2023-05-16T03:09:46.519+0000][6][safepoint    ] Safepoint "Cleanup", Time since last: 1000121370 ns, Reaching safepoint: 145488 ns, At safepoint: 6876 ns, Total: 152364 ns
[2023-05-16T03:09:47.520+0000][6][safepoint    ] Safepoint "Cleanup", Time since last: 1000131275 ns, Reaching safepoint: 486030 ns, At safepoint: 9803 ns, Total: 495833 ns
[2023-05-16T03:09:48.521+0000][6][safepoint    ] Safepoint "Cleanup", Time since last: 1000323433 ns, Reaching safepoint: 218078 ns, At safepoint: 8250 ns, Total: 226328 ns
[2023-05-16T03:09:49.521+0000][6][safepoint    ] Safepoint "Cleanup", Time since last: 1000122223 ns, Reaching safepoint: 139206 ns, At safepoint: 4171 ns, Total: 143377 ns
[2023-05-16T03:09:50.521+0000][6][safepoint    ] Safepoint "Cleanup", Time since last: 1000147098 ns, Reaching safepoint: 113346 ns, At safepoint: 3808 ns, Total: 117154 ns
[2023-05-16T03:09:51.522+0000][6][safepoint    ] Safepoint "Cleanup", Time since last: 1000147938 ns, Reaching safepoint: 551673 ns, At safepoint: 25596 ns, Total: 577269 ns
[2023-05-16T03:09:52.523+0000][6][safepoint    ] Safepoint "Cleanup", Time since last: 1000248887 ns, Reaching safepoint: 430456 ns, At safepoint: 10287 ns, Total: 440743 ns
[2023-05-16T03:09:53.523+0000][6][safepoint    ] Safepoint "Cleanup", Time since last: 1000191722 ns, Reaching safepoint: 403354 ns, At safepoint: 14104 ns, Total: 417458 ns
[2023-05-16T03:09:54.524+0000][6][safepoint    ] Safepoint "Cleanup", Time since last: 1000392890 ns, Reaching safepoint: 806423 ns, At safepoint: 18945 ns, Total: 825368 ns
[2023-05-16T03:09:55.525+0000][6][safepoint    ] Safepoint "Cleanup", Time since last: 1000335032 ns, Reaching safepoint: 158252 ns, At safepoint: 6097 ns, Total: 164349 ns
[2023-05-16T03:09:56.526+0000][6][safepoint    ] Safepoint "Cleanup", Time since last: 1000188449 ns, Reaching safepoint: 481520 ns, At safepoint: 3564 ns, Total: 485084 ns
[2023-05-16T03:09:57.526+0000][6][safepoint    ] Safepoint "Cleanup", Time since last: 1000120821 ns, Reaching safepoint: 144648 ns, At safepoint: 8335 ns, Total: 152983 ns
[2023-05-16T03:09:58.526+0000][6][safepoint    ] Safepoint "Cleanup", Time since last: 1000144291 ns, Reaching safepoint: 203208 ns, At safepoint: 3970 ns, Total: 207178 ns
[2023-05-16T03:09:59.526+0000][6][safepoint    ] Safepoint "Cleanup", Time since last: 1000075497 ns, Reaching safepoint: 176420 ns, At safepoint: 3954 ns, Total: 180374 ns
[2023-05-16T03:10:00.527+0000][6][safepoint    ] Safepoint "Cleanup", Time since last: 1000099141 ns, Reaching safepoint: 134073 ns, At safepoint: 4186 ns, Total: 138259 ns
[2023-05-16T03:10:01.527+0000][6][safepoint    ] Safepoint "Cleanup", Time since last: 1000121333 ns, Reaching safepoint: 172763 ns, At safepoint: 2732 ns, Total: 175495 ns
[2023-05-16T03:10:02.527+0000][6][safepoint    ] Safepoint "Cleanup", Time since last: 1000076527 ns, Reaching safepoint: 77226 ns, At safepoint: 2979 ns, Total: 80205 ns
[2023-05-16T03:10:03.527+0000][6][safepoint    ] Safepoint "Cleanup", Time since last: 1000172139 ns, Reaching safepoint: 71090 ns, At safepoint: 5498 ns, Total: 76588 ns
[2023-05-16T03:10:04.528+0000][6][safepoint    ] Safepoint "Cleanup", Time since last: 1000091573 ns, Reaching safepoint: 86560 ns, At safepoint: 5053 ns, Total: 91613 ns
[2023-05-16T03:10:05.528+0000][6][safepoint    ] Safepoint "Cleanup", Time since last: 1000106366 ns, Reaching safepoint: 103553 ns, At safepoint: 4530 ns, Total: 108083 ns
[2023-05-16T03:10:06.528+0000][6][safepoint    ] Safepoint "Cleanup", Time since last: 1000104994 ns, Reaching safepoint: 92731 ns, At safepoint: 3794 ns, Total: 96525 ns
[2023-05-16T03:10:07.530+0000][6][safepoint    ] Safepoint "Cleanup", Time since last: 1000167024 ns, Reaching safepoint: 1260866 ns, At safepoint: 34819 ns, Total: 1295685 ns
[2023-05-16T03:10:08.530+0000][6][safepoint    ] Safepoint "Cleanup", Time since last: 1000335552 ns, Reaching safepoint: 65570 ns, At safepoint: 5305 ns, Total: 70875 ns
[2023-05-16T03:10:09.530+0000][6][safepoint    ] Safepoint "Cleanup", Time since last: 1000089776 ns, Reaching safepoint: 83152 ns, At safepoint: 5303 ns, Total: 88455 ns
[2023-05-16T03:10:10.530+0000][6][safepoint    ] Safepoint "Cleanup", Time since last: 1000095834 ns, Reaching safepoint: 105167 ns, At safepoint: 6421 ns, Total: 111588 ns
[2023-05-16T03:10:11.530+0000][6][safepoint    ] Safepoint "Cleanup", Time since last: 1000108936 ns, Reaching safepoint: 77566 ns, At safepoint: 3693 ns, Total: 81259 ns
[2023-05-16T03:10:12.531+0000][6][safepoint    ] Safepoint "Cleanup", Time since last: 1000118392 ns, Reaching safepoint: 145947 ns, At safepoint: 6263 ns, Total: 152210 ns
[2023-05-16T03:10:13.531+0000][6][safepoint    ] Safepoint "Cleanup", Time since last: 1000095768 ns, Reaching safepoint: 162802 ns, At safepoint: 4488 ns, Total: 167290 ns
[2023-05-16T03:10:14.531+0000][6][safepoint    ] Safepoint "Cleanup", Time since last: 1000112939 ns, Reaching safepoint: 102823 ns, At safepoint: 4452 ns, Total: 107275 ns
[2023-05-16T03:10:15.531+0000][6][safepoint    ] Safepoint "Cleanup", Time since last: 1000101450 ns, Reaching safepoint: 80439 ns, At safepoint: 3467 ns, Total: 83906 ns
[2023-05-16T03:10:16.532+0000][6][safepoint    ] Safepoint "Cleanup", Time since last: 1000100081 ns, Reaching safepoint: 173144 ns, At safepoint: 6256 ns, Total: 179400 ns
[2023-05-16T03:10:17.532+0000][6][safepoint    ] Safepoint "Cleanup", Time since last: 1000142388 ns, Reaching safepoint: 77127 ns, At safepoint: 5130 ns, Total: 82257 ns
[2023-05-16T03:10:18.532+0000][6][safepoint    ] Safepoint "Cleanup", Time since last: 1000108835 ns, Reaching safepoint: 163471 ns, At safepoint: 8105 ns, Total: 171576 ns
[2023-05-16T03:10:19.532+0000][6][safepoint    ] Safepoint "Cleanup", Time since last: 1000159226 ns, Reaching safepoint: 89990 ns, At safepoint: 3532 ns, Total: 93522 ns
[2023-05-16T03:10:20.637+0000][6][safepoint    ] Safepoint "Cleanup", Time since last: 1103644593 ns, Reaching safepoint: 596192 ns, At safepoint: 24826 ns, Total: 621018 ns
[2023-05-16T03:10:21.637+0000][6][safepoint    ] Safepoint "Cleanup", Time since last: 1000224110 ns, Reaching safepoint: 287241 ns, At safepoint: 5968 ns, Total: 293209 ns
[2023-05-16T03:10:22.638+0000][6][safepoint    ] Safepoint "Cleanup", Time since last: 1000211760 ns, Reaching safepoint: 737668 ns, At safepoint: 24925 ns, Total: 762593 ns
[2023-05-16T03:10:23.639+0000][6][safepoint    ] Safepoint "Cleanup", Time since last: 1000260758 ns, Reaching safepoint: 124711 ns, At safepoint: 6076 ns, Total: 130787 ns
[2023-05-16T03:10:24.639+0000][6][safepoint    ] Safepoint "Cleanup", Time since last: 1000097114 ns, Reaching safepoint: 168283 ns, At safepoint: 6325 ns, Total: 174608 ns
[2023-05-16T03:10:25.640+0000][6][safepoint    ] Safepoint "Cleanup", Time since last: 1000103755 ns, Reaching safepoint: 633728 ns, At safepoint: 14513 ns, Total: 648241 ns
[2023-05-16T03:10:26.640+0000][6][safepoint    ] Safepoint "Cleanup", Time since last: 1000265758 ns, Reaching safepoint: 216842 ns, At safepoint: 11272 ns, Total: 228114 ns
[2023-05-16T03:10:27.729+0000][6][safepoint    ] Safepoint "Cleanup", Time since last: 1000187938 ns, Reaching safepoint: 89052740 ns, At safepoint: 4724 ns, Total: 89057464 ns
[2023-05-16T03:10:28.730+0000][6][safepoint    ] Safepoint "Cleanup", Time since last: 1000111389 ns, Reaching safepoint: 152050 ns, At safepoint: 5235 ns, Total: 157285 ns
[2023-05-16T03:10:29.730+0000][6][safepoint    ] Safepoint "Cleanup", Time since last: 1000122373 ns, Reaching safepoint: 113585 ns, At safepoint: 4398 ns, Total: 117983 ns
[2023-05-16T03:10:30.730+0000][6][safepoint    ] Safepoint "Cleanup", Time since last: 1000107627 ns, Reaching safepoint: 102211 ns, At safepoint: 4849 ns, Total: 107060 ns
[2023-05-16T03:10:31.730+0000][6][safepoint    ] Safepoint "Cleanup", Time since last: 1000103707 ns, Reaching safepoint: 263530 ns, At safepoint: 8207 ns, Total: 271737 ns
[2023-05-16T03:10:32.102+0000][6][gc,start     ] GC(28) Pause Young (Normal) (G1 Evacuation Pause)
[2023-05-16T03:10:32.102+0000][6][gc,task      ] GC(28) Using 8 workers of 8 for evacuation
[2023-05-16T03:10:32.102+0000][6][gc,age       ] GC(28) Desired survivor size 38273024 bytes, new threshold 15 (max threshold 15)
[2023-05-16T03:10:32.118+0000][6][gc,age       ] GC(28) Age table with threshold 15 (max threshold 15)
[2023-05-16T03:10:32.118+0000][6][gc,age       ] GC(28) - age   1:    4626712 bytes,    4626712 total
[2023-05-16T03:10:32.118+0000][6][gc,age       ] GC(28) - age   2:    4596320 bytes,    9223032 total
[2023-05-16T03:10:32.118+0000][6][gc,age       ] GC(28) - age   3:    4460528 bytes,   13683560 total
[2023-05-16T03:10:32.118+0000][6][gc,age       ] GC(28) - age   4:    4378992 bytes,   18062552 total
[2023-05-16T03:10:32.118+0000][6][gc,age       ] GC(28) - age   5:    4766936 bytes,   22829488 total
[2023-05-16T03:10:32.118+0000][6][gc,age       ] GC(28) - age   6:    5220616 bytes,   28050104 total
[2023-05-16T03:10:32.118+0000][6][gc,age       ] GC(28) - age   7:    3173976 bytes,   31224080 total
[2023-05-16T03:10:32.118+0000][6][gc,age       ] GC(28) - age   8:    5480016 bytes,   36704096 total
[2023-05-16T03:10:32.118+0000][6][gc,age       ] GC(28) - age   9:    5659848 bytes,   42363944 total
[2023-05-16T03:10:32.118+0000][6][gc,phases    ] GC(28)   Pre Evacuate Collection Set: 0.3ms
[2023-05-16T03:10:32.118+0000][6][gc,phases    ] GC(28)   Merge Heap Roots: 0.1ms
[2023-05-16T03:10:32.118+0000][6][gc,phases    ] GC(28)   Evacuate Collection Set: 14.1ms
[2023-05-16T03:10:32.118+0000][6][gc,phases    ] GC(28)   Post Evacuate Collection Set: 1.1ms
[2023-05-16T03:10:32.118+0000][6][gc,phases    ] GC(28)   Other: 0.6ms
[2023-05-16T03:10:32.118+0000][6][gc,heap      ] GC(28) Eden regions: 540->0(532)
[2023-05-16T03:10:32.118+0000][6][gc,heap      ] GC(28) Survivor regions: 40->44(73)
[2023-05-16T03:10:32.118+0000][6][gc,heap      ] GC(28) Old regions: 96->96
[2023-05-16T03:10:32.118+0000][6][gc,heap      ] GC(28) Archive regions: 2->2
[2023-05-16T03:10:32.118+0000][6][gc,heap      ] GC(28) Humongous regions: 55->50
[2023-05-16T03:10:32.118+0000][6][gc,metaspace ] GC(28) Metaspace: 96808K(104428K)->96808K(104428K) NonClass: 84162K(88684K)->84162K(88684K) Class: 12646K(15744K)->12646K(15744K)
[2023-05-16T03:10:32.118+0000][6][gc           ] GC(28) Pause Young (Normal) (G1 Evacuation Pause) 730M->190M(1024M) 16.268ms
[2023-05-16T03:10:32.118+0000][6][gc,cpu       ] GC(28) User=0.02s Sys=0.01s Real=0.01s
[2023-05-16T03:10:32.118+0000][6][safepoint    ] Safepoint "G1CollectForAllocation", Time since last: 371152053 ns, Reaching safepoint: 186066 ns, At safepoint: 16402282 ns, Total: 16588348 ns
[2023-05-16T03:10:33.119+0000][6][safepoint    ] Safepoint "Cleanup", Time since last: 1000090805 ns, Reaching safepoint: 286116 ns, At safepoint: 22449 ns, Total: 308565 ns
[2023-05-16T03:10:34.120+0000][6][safepoint    ] Safepoint "Cleanup", Time since last: 1000196686 ns, Reaching safepoint: 703583 ns, At safepoint: 20033 ns, Total: 723616 ns
[2023-05-16T03:10:35.120+0000][6][safepoint    ] Safepoint "Cleanup", Time since last: 1000343200 ns, Reaching safepoint: 312158 ns, At safepoint: 8009 ns, Total: 320167 ns
[2023-05-16T03:10:36.121+0000][6][safepoint    ] Safepoint "Cleanup", Time since last: 1000228346 ns, Reaching safepoint: 786752 ns, At safepoint: 16432 ns, Total: 803184 ns
[2023-05-16T03:10:37.122+0000][6][safepoint    ] Safepoint "Cleanup", Time since last: 1000396204 ns, Reaching safepoint: 397573 ns, At safepoint: 11505 ns, Total: 409078 ns
[2023-05-16T03:10:38.122+0000][6][safepoint    ] Safepoint "Cleanup", Time since last: 1000299742 ns, Reaching safepoint: 111925 ns, At safepoint: 5638 ns, Total: 117563 ns
[2023-05-16T03:10:39.123+0000][6][safepoint    ] Safepoint "Cleanup", Time since last: 1000120796 ns, Reaching safepoint: 210808 ns, At safepoint: 4971 ns, Total: 215779 ns
[2023-05-16T03:10:40.123+0000][6][safepoint    ] Safepoint "Cleanup", Time since last: 1000164692 ns, Reaching safepoint: 313848 ns, At safepoint: 5935 ns, Total: 319783 ns
[2023-05-16T03:10:41.124+0000][6][safepoint    ] Safepoint "Cleanup", Time since last: 1000153844 ns, Reaching safepoint: 183128 ns, At safepoint: 4690 ns, Total: 187818 ns
[2023-05-16T03:10:42.124+0000][6][safepoint    ] Safepoint "Cleanup", Time since last: 1000121937 ns, Reaching safepoint: 231995 ns, At safepoint: 5836 ns, Total: 237831 ns
[2023-05-16T03:10:43.124+0000][6][safepoint    ] Safepoint "Cleanup", Time since last: 1000097460 ns, Reaching safepoint: 233613 ns, At safepoint: 7087 ns, Total: 240700 ns
[2023-05-16T03:10:44.125+0000][6][safepoint    ] Safepoint "Cleanup", Time since last: 1000153443 ns, Reaching safepoint: 412569 ns, At safepoint: 7601 ns, Total: 420170 ns
[2023-05-16T03:10:45.125+0000][6][safepoint    ] Safepoint "Cleanup", Time since last: 1000266981 ns, Reaching safepoint: 128560 ns, At safepoint: 7928 ns, Total: 136488 ns
[2023-05-16T03:10:46.126+0000][6][safepoint    ] Safepoint "Cleanup", Time since last: 1000112671 ns, Reaching safepoint: 122950 ns, At safepoint: 7954 ns, Total: 130904 ns
[2023-05-16T03:10:47.126+0000][6][safepoint    ] Safepoint "Cleanup", Time since last: 1000145276 ns, Reaching safepoint: 194838 ns, At safepoint: 10000 ns, Total: 204838 ns
[2023-05-16T03:10:48.126+0000][6][safepoint    ] Safepoint "Cleanup", Time since last: 1000192508 ns, Reaching safepoint: 99780 ns, At safepoint: 3165 ns, Total: 102945 ns
[2023-05-16T03:10:49.126+0000][6][safepoint    ] Safepoint "Cleanup", Time since last: 1000097978 ns, Reaching safepoint: 96664 ns, At safepoint: 6873 ns, Total: 103537 ns
[2023-05-16T03:10:50.127+0000][6][safepoint    ] Safepoint "Cleanup", Time since last: 1000122662 ns, Reaching safepoint: 137174 ns, At safepoint: 3905 ns, Total: 141079 ns
[2023-05-16T03:10:51.127+0000][6][safepoint    ] Safepoint "Cleanup", Time since last: 1000095948 ns, Reaching safepoint: 170079 ns, At safepoint: 6792 ns, Total: 176871 ns
[2023-05-16T03:10:52.127+0000][6][safepoint    ] Safepoint "Cleanup", Time since last: 1000118836 ns, Reaching safepoint: 131839 ns, At safepoint: 4550 ns, Total: 136389 ns
[2023-05-16T03:10:53.127+0000][6][safepoint    ] Safepoint "Cleanup", Time since last: 1000115142 ns, Reaching safepoint: 132549 ns, At safepoint: 8731 ns, Total: 141280 ns
[2023-05-16T03:10:54.128+0000][6][safepoint    ] Safepoint "Cleanup", Time since last: 1000109701 ns, Reaching safepoint: 135630 ns, At safepoint: 14615 ns, Total: 150245 ns
[2023-05-16T03:10:55.128+0000][6][safepoint    ] Safepoint "Cleanup", Time since last: 1000144688 ns, Reaching safepoint: 101039 ns, At safepoint: 4121 ns, Total: 105160 ns
[2023-05-16T03:10:56.128+0000][6][safepoint    ] Safepoint "Cleanup", Time since last: 1000112287 ns, Reaching safepoint: 90718 ns, At safepoint: 4066 ns, Total: 94784 ns
[2023-05-16T03:10:57.128+0000][6][safepoint    ] Safepoint "Cleanup", Time since last: 1000117716 ns, Reaching safepoint: 224246 ns, At safepoint: 9274 ns, Total: 233520 ns
[2023-05-16T03:10:58.129+0000][6][safepoint    ] Safepoint "Cleanup", Time since last: 1000120954 ns, Reaching safepoint: 86494 ns, At safepoint: 4909 ns, Total: 91403 ns
[2023-05-16T03:10:59.129+0000][6][safepoint    ] Safepoint "Cleanup", Time since last: 1000104817 ns, Reaching safepoint: 164450 ns, At safepoint: 4320 ns, Total: 168770 ns
[2023-05-16T03:11:00.129+0000][6][safepoint    ] Safepoint "Cleanup", Time since last: 1000117196 ns, Reaching safepoint: 116158 ns, At safepoint: 3464 ns, Total: 119622 ns
[2023-05-16T03:11:01.130+0000][6][safepoint    ] Safepoint "Cleanup", Time since last: 1000152269 ns, Reaching safepoint: 386697 ns, At safepoint: 5668 ns, Total: 392365 ns
[2023-05-16T03:11:02.130+0000][6][safepoint    ] Safepoint "Cleanup", Time since last: 1000195644 ns, Reaching safepoint: 94824 ns, At safepoint: 6260 ns, Total: 101084 ns
[2023-05-16T03:11:03.130+0000][6][safepoint    ] Safepoint "Cleanup", Time since last: 1000118007 ns, Reaching safepoint: 87783 ns, At safepoint: 3251 ns, Total: 91034 ns
[2023-05-16T03:11:04.131+0000][6][safepoint    ] Safepoint "Cleanup", Time since last: 1000117403 ns, Reaching safepoint: 138438 ns, At safepoint: 5223 ns, Total: 143661 ns
[2023-05-16T03:11:05.131+0000][6][safepoint    ] Safepoint "Cleanup", Time since last: 1000103898 ns, Reaching safepoint: 113457 ns, At safepoint: 3545 ns, Total: 117002 ns
[2023-05-16T03:11:06.131+0000][6][safepoint    ] Safepoint "Cleanup", Time since last: 1000167504 ns, Reaching safepoint: 375653 ns, At safepoint: 9991 ns, Total: 385644 ns
[2023-05-16T03:11:07.132+0000][6][safepoint    ] Safepoint "Cleanup", Time since last: 1000379628 ns, Reaching safepoint: 72605 ns, At safepoint: 4500 ns, Total: 77105 ns
[2023-05-16T03:11:08.132+0000][6][safepoint    ] Safepoint "Cleanup", Time since last: 1000117756 ns, Reaching safepoint: 344316 ns, At safepoint: 7981 ns, Total: 352297 ns
[2023-05-16T03:11:09.133+0000][6][safepoint    ] Safepoint "Cleanup", Time since last: 1000190709 ns, Reaching safepoint: 124151 ns, At safepoint: 2805 ns, Total: 126956 ns
[2023-05-16T03:11:10.133+0000][6][safepoint    ] Safepoint "Cleanup", Time since last: 1000130264 ns, Reaching safepoint: 78662 ns, At safepoint: 4163 ns, Total: 82825 ns
[2023-05-16T03:11:11.133+0000][6][safepoint    ] Safepoint "Cleanup", Time since last: 1000166980 ns, Reaching safepoint: 428555 ns, At safepoint: 5814 ns, Total: 434369 ns
[2023-05-16T03:11:12.134+0000][6][safepoint    ] Safepoint "Cleanup", Time since last: 1000303714 ns, Reaching safepoint: 81405 ns, At safepoint: 5188 ns, Total: 86593 ns
[2023-05-16T03:11:13.134+0000][6][safepoint    ] Safepoint "Cleanup", Time since last: 1000063179 ns, Reaching safepoint: 93055 ns, At safepoint: 3521 ns, Total: 96576 ns
[2023-05-16T03:11:14.134+0000][6][safepoint    ] Safepoint "Cleanup", Time since last: 1000154704 ns, Reaching safepoint: 343479 ns, At safepoint: 6252 ns, Total: 349731 ns
[2023-05-16T03:11:15.135+0000][6][safepoint    ] Safepoint "Cleanup", Time since last: 1000156197 ns, Reaching safepoint: 79958 ns, At safepoint: 2767 ns, Total: 82725 ns
[2023-05-16T03:11:16.135+0000][6][safepoint    ] Safepoint "Cleanup", Time since last: 1000068315 ns, Reaching safepoint: 79176 ns, At safepoint: 3562 ns, Total: 82738 ns
[2023-05-16T03:11:17.135+0000][6][safepoint    ] Safepoint "Cleanup", Time since last: 1000098881 ns, Reaching safepoint: 89553 ns, At safepoint: 5819 ns, Total: 95372 ns
[2023-05-16T03:11:18.135+0000][6][safepoint    ] Safepoint "Cleanup", Time since last: 1000092955 ns, Reaching safepoint: 70138 ns, At safepoint: 3142 ns, Total: 73280 ns
[2023-05-16T03:11:19.135+0000][6][safepoint    ] Safepoint "Cleanup", Time since last: 1000108264 ns, Reaching safepoint: 110608 ns, At safepoint: 3208 ns, Total: 113816 ns
[2023-05-16T03:11:20.136+0000][6][safepoint    ] Safepoint "Cleanup", Time since last: 1000116702 ns, Reaching safepoint: 82847 ns, At safepoint: 3968 ns, Total: 86815 ns
[2023-05-16T03:11:21.136+0000][6][safepoint    ] Safepoint "Cleanup", Time since last: 1000073999 ns, Reaching safepoint: 79894 ns, At safepoint: 4078 ns, Total: 83972 ns
[2023-05-16T03:11:22.136+0000][6][safepoint    ] Safepoint "Cleanup", Time since last: 1000092787 ns, Reaching safepoint: 78399 ns, At safepoint: 6095 ns, Total: 84494 ns
[2023-05-16T03:11:23.405+0000][6][safepoint    ] Safepoint "Cleanup", Time since last: 1268811406 ns, Reaching safepoint: 80116 ns, At safepoint: 4346 ns, Total: 84462 ns
[2023-05-16T03:11:24.405+0000][6][safepoint    ] Safepoint "Cleanup", Time since last: 1000094515 ns, Reaching safepoint: 72202 ns, At safepoint: 2952 ns, Total: 75154 ns
[2023-05-16T03:11:25.406+0000][6][safepoint    ] Safepoint "Cleanup", Time since last: 1000143951 ns, Reaching safepoint: 539080 ns, At safepoint: 10012 ns, Total: 549092 ns
[2023-05-16T03:11:26.406+0000][6][safepoint    ] Safepoint "Cleanup", Time since last: 1000252187 ns, Reaching safepoint: 240304 ns, At safepoint: 8196 ns, Total: 248500 ns
[2023-05-16T03:11:27.407+0000][6][safepoint    ] Safepoint "Cleanup", Time since last: 1000253656 ns, Reaching safepoint: 71965 ns, At safepoint: 2924 ns, Total: 74889 ns
[2023-05-16T03:11:28.407+0000][6][safepoint    ] Safepoint "Cleanup", Time since last: 1000111835 ns, Reaching safepoint: 71004 ns, At safepoint: 3094 ns, Total: 74098 ns
[2023-05-16T03:11:29.407+0000][6][safepoint    ] Safepoint "Cleanup", Time since last: 1000093262 ns, Reaching safepoint: 88458 ns, At safepoint: 3633 ns, Total: 92091 ns
[2023-05-16T03:11:30.407+0000][6][safepoint    ] Safepoint "Cleanup", Time since last: 1000180251 ns, Reaching safepoint: 82967 ns, At safepoint: 4113 ns, Total: 87080 ns
[2023-05-16T03:11:31.407+0000][6][safepoint    ] Safepoint "Cleanup", Time since last: 1000111399 ns, Reaching safepoint: 89889 ns, At safepoint: 3129 ns, Total: 93018 ns
[2023-05-16T03:11:32.408+0000][6][safepoint    ] Safepoint "Cleanup", Time since last: 1000088531 ns, Reaching safepoint: 143397 ns, At safepoint: 9346 ns, Total: 152743 ns
[2023-05-16T03:11:33.408+0000][6][safepoint    ] Safepoint "Cleanup", Time since last: 1000116904 ns, Reaching safepoint: 77887 ns, At safepoint: 2788 ns, Total: 80675 ns
[2023-05-16T03:11:34.408+0000][6][safepoint    ] Safepoint "Cleanup", Time since last: 1000091405 ns, Reaching safepoint: 74665 ns, At safepoint: 3333 ns, Total: 77998 ns
[2023-05-16T03:11:35.408+0000][6][safepoint    ] Safepoint "Cleanup", Time since last: 1000143290 ns, Reaching safepoint: 249027 ns, At safepoint: 6176 ns, Total: 255203 ns
[2023-05-16T03:11:36.409+0000][6][safepoint    ] Safepoint "Cleanup", Time since last: 1000166975 ns, Reaching safepoint: 77198 ns, At safepoint: 3038 ns, Total: 80236 ns
[2023-05-16T03:11:37.409+0000][6][safepoint    ] Safepoint "Cleanup", Time since last: 1000095634 ns, Reaching safepoint: 71566 ns, At safepoint: 2628 ns, Total: 74194 ns
[2023-05-16T03:11:38.409+0000][6][safepoint    ] Safepoint "Cleanup", Time since last: 1000100171 ns, Reaching safepoint: 87845 ns, At safepoint: 3902 ns, Total: 91747 ns
[2023-05-16T03:11:39.409+0000][6][safepoint    ] Safepoint "Cleanup", Time since last: 1000105807 ns, Reaching safepoint: 140314 ns, At safepoint: 5202 ns, Total: 145516 ns
[2023-05-16T03:11:40.409+0000][6][safepoint    ] Safepoint "Cleanup", Time since last: 1000043431 ns, Reaching safepoint: 75061 ns, At safepoint: 2994 ns, Total: 78055 ns
[2023-05-16T03:11:41.410+0000][6][safepoint    ] Safepoint "Cleanup", Time since last: 1000099088 ns, Reaching safepoint: 76245 ns, At safepoint: 3921 ns, Total: 80166 ns
[2023-05-16T03:11:42.410+0000][6][safepoint    ] Safepoint "Cleanup", Time since last: 1000094562 ns, Reaching safepoint: 85319 ns, At safepoint: 4360 ns, Total: 89679 ns
[2023-05-16T03:11:43.410+0000][6][safepoint    ] Safepoint "Cleanup", Time since last: 1000135172 ns, Reaching safepoint: 224764 ns, At safepoint: 8818 ns, Total: 233582 ns
[2023-05-16T03:11:44.410+0000][6][safepoint    ] Safepoint "Cleanup", Time since last: 1000177445 ns, Reaching safepoint: 77568 ns, At safepoint: 2597 ns, Total: 80165 ns
[2023-05-16T03:11:45.411+0000][6][safepoint    ] Safepoint "Cleanup", Time since last: 1000096041 ns, Reaching safepoint: 89824 ns, At safepoint: 6151 ns, Total: 95975 ns
[2023-05-16T03:11:46.411+0000][6][safepoint    ] Safepoint "Cleanup", Time since last: 1000100409 ns, Reaching safepoint: 86024 ns, At safepoint: 2965 ns, Total: 88989 ns
[2023-05-16T03:11:47.411+0000][6][safepoint    ] Safepoint "Cleanup", Time since last: 1000119554 ns, Reaching safepoint: 76524 ns, At safepoint: 4811 ns, Total: 81335 ns
[2023-05-16T03:11:48.411+0000][6][safepoint    ] Safepoint "Cleanup", Time since last: 1000098900 ns, Reaching safepoint: 82910 ns, At safepoint: 5006 ns, Total: 87916 ns
[2023-05-16T03:11:49.411+0000][6][safepoint    ] Safepoint "Cleanup", Time since last: 1000151113 ns, Reaching safepoint: 206644 ns, At safepoint: 4401 ns, Total: 211045 ns
[2023-05-16T03:11:50.412+0000][6][safepoint    ] Safepoint "Cleanup", Time since last: 1000165098 ns, Reaching safepoint: 89681 ns, At safepoint: 3870 ns, Total: 93551 ns
[2023-05-16T03:11:51.412+0000][6][safepoint    ] Safepoint "Cleanup", Time since last: 1000085815 ns, Reaching safepoint: 102569 ns, At safepoint: 2809 ns, Total: 105378 ns
[2023-05-16T03:11:52.412+0000][6][safepoint    ] Safepoint "Cleanup", Time since last: 1000097337 ns, Reaching safepoint: 77856 ns, At safepoint: 3639 ns, Total: 81495 ns
[2023-05-16T03:11:53.412+0000][6][safepoint    ] Safepoint "Cleanup", Time since last: 1000097117 ns, Reaching safepoint: 84493 ns, At safepoint: 2833 ns, Total: 87326 ns
[2023-05-16T03:11:54.413+0000][6][safepoint    ] Safepoint "Cleanup", Time since last: 1000108603 ns, Reaching safepoint: 166758 ns, At safepoint: 5356 ns, Total: 172114 ns
[2023-05-16T03:11:55.413+0000][6][safepoint    ] Safepoint "Cleanup", Time since last: 1000131833 ns, Reaching safepoint: 99551 ns, At safepoint: 4122 ns, Total: 103673 ns
[2023-05-16T03:11:56.413+0000][6][safepoint    ] Safepoint "Cleanup", Time since last: 1000113509 ns, Reaching safepoint: 117507 ns, At safepoint: 5023 ns, Total: 122530 ns
[2023-05-16T03:11:57.413+0000][6][safepoint    ] Safepoint "Cleanup", Time since last: 1000116090 ns, Reaching safepoint: 105515 ns, At safepoint: 4949 ns, Total: 110464 ns
[2023-05-16T03:11:58.414+0000][6][safepoint    ] Safepoint "Cleanup", Time since last: 1000131675 ns, Reaching safepoint: 247080 ns, At safepoint: 5421 ns, Total: 252501 ns
[2023-05-16T03:11:59.414+0000][6][safepoint    ] Safepoint "Cleanup", Time since last: 1000210066 ns, Reaching safepoint: 337553 ns, At safepoint: 5569 ns, Total: 343122 ns
[2023-05-16T03:12:00.415+0000][6][safepoint    ] Safepoint "Cleanup", Time since last: 1000206581 ns, Reaching safepoint: 375831 ns, At safepoint: 5120 ns, Total: 380951 ns
[2023-05-16T03:12:01.415+0000][6][safepoint    ] Safepoint "Cleanup", Time since last: 1000111787 ns, Reaching safepoint: 173104 ns, At safepoint: 5247 ns, Total: 178351 ns
[2023-05-16T03:12:02.415+0000][6][safepoint    ] Safepoint "Cleanup", Time since last: 1000128860 ns, Reaching safepoint: 94065 ns, At safepoint: 5617 ns, Total: 99682 ns
[2023-05-16T03:12:03.416+0000][6][safepoint    ] Safepoint "Cleanup", Time since last: 1000107563 ns, Reaching safepoint: 280354 ns, At safepoint: 9709 ns, Total: 290063 ns
[2023-05-16T03:12:04.416+0000][6][safepoint    ] Safepoint "Cleanup", Time since last: 1000121895 ns, Reaching safepoint: 111285 ns, At safepoint: 3757 ns, Total: 115042 ns
[2023-05-16T03:12:05.416+0000][6][safepoint    ] Safepoint "Cleanup", Time since last: 1000124430 ns, Reaching safepoint: 178712 ns, At safepoint: 4533 ns, Total: 183245 ns
[2023-05-16T03:12:06.416+0000][6][safepoint    ] Safepoint "Cleanup", Time since last: 1000129725 ns, Reaching safepoint: 75404 ns, At safepoint: 5080 ns, Total: 80484 ns
[2023-05-16T03:12:07.417+0000][6][safepoint    ] Safepoint "Cleanup", Time since last: 1000051573 ns, Reaching safepoint: 94336 ns, At safepoint: 4927 ns, Total: 99263 ns
[2023-05-16T03:12:08.417+0000][6][safepoint    ] Safepoint "Cleanup", Time since last: 1000097487 ns, Reaching safepoint: 71424 ns, At safepoint: 2827 ns, Total: 74251 ns
[2023-05-16T03:12:09.417+0000][6][safepoint    ] Safepoint "Cleanup", Time since last: 1000085595 ns, Reaching safepoint: 80110 ns, At safepoint: 4148 ns, Total: 84258 ns
[2023-05-16T03:12:10.417+0000][6][safepoint    ] Safepoint "Cleanup", Time since last: 1000096698 ns, Reaching safepoint: 137010 ns, At safepoint: 6796 ns, Total: 143806 ns
[2023-05-16T03:12:11.417+0000][6][safepoint    ] Safepoint "Cleanup", Time since last: 1000119246 ns, Reaching safepoint: 74487 ns, At safepoint: 3953 ns, Total: 78440 ns
[2023-05-16T03:12:12.418+0000][6][safepoint    ] Safepoint "Cleanup", Time since last: 1000113052 ns, Reaching safepoint: 86578 ns, At safepoint: 4048 ns, Total: 90626 ns
[2023-05-16T03:12:13.418+0000][6][safepoint    ] Safepoint "Cleanup", Time since last: 1000109123 ns, Reaching safepoint: 87588 ns, At safepoint: 2754 ns, Total: 90342 ns
[2023-05-16T03:12:14.419+0000][6][safepoint    ] Safepoint "Cleanup", Time since last: 1000171693 ns, Reaching safepoint: 519575 ns, At safepoint: 13071 ns, Total: 532646 ns
[2023-05-16T03:12:15.904+0000][6][safepoint    ] Safepoint "Cleanup", Time since last: 1484888372 ns, Reaching safepoint: 469918 ns, At safepoint: 12397 ns, Total: 482315 ns
[2023-05-16T03:12:17.316+0000][6][safepoint    ] Safepoint "Cleanup", Time since last: 1410982104 ns, Reaching safepoint: 688579 ns, At safepoint: 15552 ns, Total: 704131 ns
[2023-05-16T03:12:18.317+0000][6][safepoint    ] Safepoint "Cleanup", Time since last: 1000360784 ns, Reaching safepoint: 765735 ns, At safepoint: 9771 ns, Total: 775506 ns
[2023-05-16T03:12:19.318+0000][6][safepoint    ] Safepoint "Cleanup", Time since last: 1000343899 ns, Reaching safepoint: 625058 ns, At safepoint: 13185 ns, Total: 638243 ns
[2023-05-16T03:12:20.318+0000][6][safepoint    ] Safepoint "Cleanup", Time since last: 1000148686 ns, Reaching safepoint: 138640 ns, At safepoint: 3283 ns, Total: 141923 ns
[2023-05-16T03:12:21.318+0000][6][safepoint    ] Safepoint "Cleanup", Time since last: 1000114254 ns, Reaching safepoint: 142753 ns, At safepoint: 3778 ns, Total: 146531 ns
[2023-05-16T03:12:22.319+0000][6][safepoint    ] Safepoint "Cleanup", Time since last: 1000125810 ns, Reaching safepoint: 173755 ns, At safepoint: 3553 ns, Total: 177308 ns
[2023-05-16T03:12:23.319+0000][6][safepoint    ] Safepoint "Cleanup", Time since last: 1000098852 ns, Reaching safepoint: 177579 ns, At safepoint: 4103 ns, Total: 181682 ns
[2023-05-16T03:12:24.320+0000][6][safepoint    ] Safepoint "Cleanup", Time since last: 1000144836 ns, Reaching safepoint: 647052 ns, At safepoint: 5584 ns, Total: 652636 ns
[2023-05-16T03:12:25.320+0000][6][safepoint    ] Safepoint "Cleanup", Time since last: 1000308760 ns, Reaching safepoint: 345978 ns, At safepoint: 8390 ns, Total: 354368 ns
[2023-05-16T03:12:26.321+0000][6][safepoint    ] Safepoint "Cleanup", Time since last: 1000102380 ns, Reaching safepoint: 269681 ns, At safepoint: 4197 ns, Total: 273878 ns
[2023-05-16T03:12:27.321+0000][6][safepoint    ] Safepoint "Cleanup", Time since last: 1000102941 ns, Reaching safepoint: 127002 ns, At safepoint: 4437 ns, Total: 131439 ns
[2023-05-16T03:12:28.321+0000][6][safepoint    ] Safepoint "Cleanup", Time since last: 1000131515 ns, Reaching safepoint: 110547 ns, At safepoint: 7496 ns, Total: 118043 ns
[2023-05-16T03:12:29.322+0000][6][safepoint    ] Safepoint "Cleanup", Time since last: 1000138932 ns, Reaching safepoint: 309778 ns, At safepoint: 7227 ns, Total: 317005 ns
[2023-05-16T03:12:30.322+0000][6][safepoint    ] Safepoint "Cleanup", Time since last: 1000153212 ns, Reaching safepoint: 98782 ns, At safepoint: 2855 ns, Total: 101637 ns
[2023-05-16T03:12:31.323+0000][6][safepoint    ] Safepoint "Cleanup", Time since last: 1000184285 ns, Reaching safepoint: 625321 ns, At safepoint: 20272 ns, Total: 645593 ns
[2023-05-16T03:12:32.323+0000][6][safepoint    ] Safepoint "Cleanup", Time since last: 1000223377 ns, Reaching safepoint: 131699 ns, At safepoint: 5038 ns, Total: 136737 ns
[2023-05-16T03:12:33.324+0000][6][safepoint    ] Safepoint "Cleanup", Time since last: 1000185071 ns, Reaching safepoint: 660562 ns, At safepoint: 8157 ns, Total: 668719 ns
[2023-05-16T03:12:34.324+0000][6][safepoint    ] Safepoint "Cleanup", Time since last: 1000236474 ns, Reaching safepoint: 321028 ns, At safepoint: 9496 ns, Total: 330524 ns
[2023-05-16T03:12:35.325+0000][6][safepoint    ] Safepoint "Cleanup", Time since last: 1000156800 ns, Reaching safepoint: 167142 ns, At safepoint: 3037 ns, Total: 170179 ns
[2023-05-16T03:12:36.325+0000][6][safepoint    ] Safepoint "Cleanup", Time since last: 1000094195 ns, Reaching safepoint: 112115 ns, At safepoint: 3563 ns, Total: 115678 ns
[2023-05-16T03:12:37.325+0000][6][safepoint    ] Safepoint "Cleanup", Time since last: 1000144805 ns, Reaching safepoint: 273774 ns, At safepoint: 4806 ns, Total: 278580 ns
[2023-05-16T03:12:38.326+0000][6][safepoint    ] Safepoint "Cleanup", Time since last: 1000096441 ns, Reaching safepoint: 155999 ns, At safepoint: 6402 ns, Total: 162401 ns
[2023-05-16T03:12:39.326+0000][6][safepoint    ] Safepoint "Cleanup", Time since last: 1000123503 ns, Reaching safepoint: 230294 ns, At safepoint: 4902 ns, Total: 235196 ns
[2023-05-16T03:12:40.326+0000][6][safepoint    ] Safepoint "Cleanup", Time since last: 1000112440 ns, Reaching safepoint: 80504 ns, At safepoint: 3501 ns, Total: 84005 ns
[2023-05-16T03:12:41.979+0000][6][gc,start     ] GC(29) Pause Young (Normal) (G1 Evacuation Pause)
[2023-05-16T03:12:41.979+0000][6][gc,task      ] GC(29) Using 8 workers of 8 for evacuation
[2023-05-16T03:12:41.979+0000][6][gc,age       ] GC(29) Desired survivor size 37748736 bytes, new threshold 9 (max threshold 15)
[2023-05-16T03:12:41.997+0000][6][gc,age       ] GC(29) Age table with threshold 9 (max threshold 15)
[2023-05-16T03:12:41.997+0000][6][gc,age       ] GC(29) - age   1:    4812608 bytes,    4812608 total
[2023-05-16T03:12:41.997+0000][6][gc,age       ] GC(29) - age   2:    4505144 bytes,    9317752 total
[2023-05-16T03:12:41.997+0000][6][gc,age       ] GC(29) - age   3:    4498328 bytes,   13816080 total
[2023-05-16T03:12:41.997+0000][6][gc,age       ] GC(29) - age   4:    4460472 bytes,   18276552 total
[2023-05-16T03:12:41.997+0000][6][gc,age       ] GC(29) - age   5:    4378992 bytes,   22655544 total
[2023-05-16T03:12:41.997+0000][6][gc,age       ] GC(29) - age   6:    4766752 bytes,   27422296 total
[2023-05-16T03:12:41.997+0000][6][gc,age       ] GC(29) - age   7:    5220616 bytes,   32642912 total
[2023-05-16T03:12:41.997+0000][6][gc,age       ] GC(29) - age   8:    3157824 bytes,   35800736 total
[2023-05-16T03:12:41.997+0000][6][gc,age       ] GC(29) - age   9:    5480016 bytes,   41280752 total
[2023-05-16T03:12:41.997+0000][6][gc,phases    ] GC(29)   Pre Evacuate Collection Set: 0.2ms
[2023-05-16T03:12:41.997+0000][6][gc,phases    ] GC(29)   Merge Heap Roots: 0.1ms
[2023-05-16T03:12:41.997+0000][6][gc,phases    ] GC(29)   Evacuate Collection Set: 13.2ms
[2023-05-16T03:12:41.997+0000][6][gc,phases    ] GC(29)   Post Evacuate Collection Set: 4.9ms
[2023-05-16T03:12:41.998+0000][6][gc,phases    ] GC(29)   Other: 0.5ms
[2023-05-16T03:12:41.998+0000][6][gc,heap      ] GC(29) Eden regions: 532->0(525)
[2023-05-16T03:12:41.998+0000][6][gc,heap      ] GC(29) Survivor regions: 44->45(72)
[2023-05-16T03:12:41.998+0000][6][gc,heap      ] GC(29) Old regions: 96->101
[2023-05-16T03:12:41.998+0000][6][gc,heap      ] GC(29) Archive regions: 2->2
[2023-05-16T03:12:41.998+0000][6][gc,heap      ] GC(29) Humongous regions: 69->50
[2023-05-16T03:12:41.998+0000][6][gc,metaspace ] GC(29) Metaspace: 96813K(104428K)->96813K(104428K) NonClass: 84167K(88684K)->84167K(88684K) Class: 12646K(15744K)->12646K(15744K)
[2023-05-16T03:12:41.998+0000][6][gc           ] GC(29) Pause Young (Normal) (G1 Evacuation Pause) 741M->196M(1024M) 18.949ms
[2023-05-16T03:12:41.998+0000][6][gc,cpu       ] GC(29) User=0.04s Sys=0.00s Real=0.02s
[2023-05-16T03:12:41.998+0000][6][safepoint    ] Safepoint "G1CollectForAllocation", Time since last: 1651610261 ns, Reaching safepoint: 679823 ns, At safepoint: 19168883 ns, Total: 19848706 ns
[2023-05-16T03:12:42.998+0000][6][safepoint    ] Safepoint "Cleanup", Time since last: 1000119650 ns, Reaching safepoint: 431695 ns, At safepoint: 15143 ns, Total: 446838 ns
[2023-05-16T03:12:43.999+0000][6][safepoint    ] Safepoint "Cleanup", Time since last: 1000257480 ns, Reaching safepoint: 86830 ns, At safepoint: 3976 ns, Total: 90806 ns
[2023-05-16T03:12:44.999+0000][6][safepoint    ] Safepoint "Cleanup", Time since last: 1000097754 ns, Reaching safepoint: 113951 ns, At safepoint: 3359 ns, Total: 117310 ns
[2023-05-16T03:12:45.999+0000][6][safepoint    ] Safepoint "Cleanup", Time since last: 1000111566 ns, Reaching safepoint: 145671 ns, At safepoint: 4314 ns, Total: 149985 ns
[2023-05-16T03:12:46.999+0000][6][safepoint    ] Safepoint "Cleanup", Time since last: 1000119787 ns, Reaching safepoint: 131027 ns, At safepoint: 3312 ns, Total: 134339 ns
[2023-05-16T03:12:48.000+0000][6][safepoint    ] Safepoint "Cleanup", Time since last: 1000117426 ns, Reaching safepoint: 118443 ns, At safepoint: 4171 ns, Total: 122614 ns
[2023-05-16T03:12:49.000+0000][6][safepoint    ] Safepoint "Cleanup", Time since last: 1000115871 ns, Reaching safepoint: 213608 ns, At safepoint: 5095 ns, Total: 218703 ns
[2023-05-16T03:12:50.001+0000][6][safepoint    ] Safepoint "Cleanup", Time since last: 1000143732 ns, Reaching safepoint: 621991 ns, At safepoint: 8006 ns, Total: 629997 ns
[2023-05-16T03:12:51.001+0000][6][safepoint    ] Safepoint "Cleanup", Time since last: 1000301294 ns, Reaching safepoint: 95427 ns, At safepoint: 3531 ns, Total: 98958 ns
[2023-05-16T03:12:52.002+0000][6][safepoint    ] Safepoint "Cleanup", Time since last: 1000185745 ns, Reaching safepoint: 349767 ns, At safepoint: 5465 ns, Total: 355232 ns
[2023-05-16T03:12:53.002+0000][6][safepoint    ] Safepoint "Cleanup", Time since last: 1000122867 ns, Reaching safepoint: 122509 ns, At safepoint: 6332 ns, Total: 128841 ns
[2023-05-16T03:12:54.002+0000][6][safepoint    ] Safepoint "Cleanup", Time since last: 1000103873 ns, Reaching safepoint: 86123 ns, At safepoint: 5530 ns, Total: 91653 ns
[2023-05-16T03:12:55.002+0000][6][safepoint    ] Safepoint "Cleanup", Time since last: 1000097446 ns, Reaching safepoint: 128737 ns, At safepoint: 4203 ns, Total: 132940 ns
[2023-05-16T03:12:56.003+0000][6][safepoint    ] Safepoint "Cleanup", Time since last: 1000098205 ns, Reaching safepoint: 258278 ns, At safepoint: 6865 ns, Total: 265143 ns
[2023-05-16T03:12:57.004+0000][6][safepoint    ] Safepoint "Cleanup", Time since last: 1000231482 ns, Reaching safepoint: 675440 ns, At safepoint: 13941 ns, Total: 689381 ns
[2023-05-16T03:12:58.004+0000][6][safepoint    ] Safepoint "Cleanup", Time since last: 1000334651 ns, Reaching safepoint: 107210 ns, At safepoint: 4989 ns, Total: 112199 ns
[2023-05-16T03:12:59.004+0000][6][safepoint    ] Safepoint "Cleanup", Time since last: 1000121262 ns, Reaching safepoint: 275036 ns, At safepoint: 5911 ns, Total: 280947 ns
[2023-05-16T03:13:00.005+0000][6][safepoint    ] Safepoint "Cleanup", Time since last: 1000112806 ns, Reaching safepoint: 156890 ns, At safepoint: 6309 ns, Total: 163199 ns
[2023-05-16T03:13:01.005+0000][6][safepoint    ] Safepoint "Cleanup", Time since last: 1000127019 ns, Reaching safepoint: 101940 ns, At safepoint: 4430 ns, Total: 106370 ns
[2023-05-16T03:13:02.005+0000][6][safepoint    ] Safepoint "Cleanup", Time since last: 1000154597 ns, Reaching safepoint: 227628 ns, At safepoint: 6089 ns, Total: 233717 ns
[2023-05-16T03:13:03.006+0000][6][safepoint    ] Safepoint "Cleanup", Time since last: 1000115061 ns, Reaching safepoint: 122657 ns, At safepoint: 6330 ns, Total: 128987 ns
[2023-05-16T03:13:04.006+0000][6][safepoint    ] Safepoint "Cleanup", Time since last: 1000128983 ns, Reaching safepoint: 82926 ns, At safepoint: 5457 ns, Total: 88383 ns
[2023-05-16T03:13:05.006+0000][6][safepoint    ] Safepoint "Cleanup", Time since last: 1000110975 ns, Reaching safepoint: 189924 ns, At safepoint: 5690 ns, Total: 195614 ns
[2023-05-16T03:13:06.007+0000][6][safepoint    ] Safepoint "Cleanup", Time since last: 1000244064 ns, Reaching safepoint: 296811 ns, At safepoint: 5564 ns, Total: 302375 ns
[2023-05-16T03:13:07.007+0000][6][safepoint    ] Safepoint "Cleanup", Time since last: 1000119121 ns, Reaching safepoint: 147349 ns, At safepoint: 5419 ns, Total: 152768 ns
[2023-05-16T03:13:08.007+0000][6][safepoint    ] Safepoint "Cleanup", Time since last: 1000096467 ns, Reaching safepoint: 121288 ns, At safepoint: 6481 ns, Total: 127769 ns
[2023-05-16T03:13:09.007+0000][6][safepoint    ] Safepoint "Cleanup", Time since last: 1000108470 ns, Reaching safepoint: 113789 ns, At safepoint: 5785 ns, Total: 119574 ns
[2023-05-16T03:13:10.008+0000][6][safepoint    ] Safepoint "Cleanup", Time since last: 1000113959 ns, Reaching safepoint: 489625 ns, At safepoint: 13150 ns, Total: 502775 ns
[2023-05-16T03:13:11.009+0000][6][safepoint    ] Safepoint "Cleanup", Time since last: 1000385242 ns, Reaching safepoint: 559064 ns, At safepoint: 11610 ns, Total: 570674 ns
[2023-05-16T03:13:12.009+0000][6][safepoint    ] Safepoint "Cleanup", Time since last: 1000202744 ns, Reaching safepoint: 123230 ns, At safepoint: 6384 ns, Total: 129614 ns
[2023-05-16T03:13:13.009+0000][6][safepoint    ] Safepoint "Cleanup", Time since last: 1000108298 ns, Reaching safepoint: 123454 ns, At safepoint: 6473 ns, Total: 129927 ns
[2023-05-16T03:13:14.010+0000][6][safepoint    ] Safepoint "Cleanup", Time since last: 1000112617 ns, Reaching safepoint: 119891 ns, At safepoint: 6274 ns, Total: 126165 ns
[2023-05-16T03:13:15.010+0000][6][safepoint    ] Safepoint "Cleanup", Time since last: 1000137886 ns, Reaching safepoint: 393563 ns, At safepoint: 10157 ns, Total: 403720 ns
[2023-05-16T03:13:16.011+0000][6][safepoint    ] Safepoint "Cleanup", Time since last: 1000173149 ns, Reaching safepoint: 148900 ns, At safepoint: 6456 ns, Total: 155356 ns
[2023-05-16T03:13:17.011+0000][6][safepoint    ] Safepoint "Cleanup", Time since last: 1000117123 ns, Reaching safepoint: 125967 ns, At safepoint: 5972 ns, Total: 131939 ns
[2023-05-16T03:13:18.350+0000][6][safepoint    ] Safepoint "Cleanup", Time since last: 1338322734 ns, Reaching safepoint: 655178 ns, At safepoint: 13147 ns, Total: 668325 ns
[2023-05-16T03:13:19.351+0000][6][safepoint    ] Safepoint "Cleanup", Time since last: 1000311202 ns, Reaching safepoint: 669033 ns, At safepoint: 7610 ns, Total: 676643 ns
[2023-05-16T03:13:20.352+0000][6][safepoint    ] Safepoint "Cleanup", Time since last: 1000177185 ns, Reaching safepoint: 838468 ns, At safepoint: 15717 ns, Total: 854185 ns
[2023-05-16T03:13:21.352+0000][6][safepoint    ] Safepoint "Cleanup", Time since last: 1000296482 ns, Reaching safepoint: 276457 ns, At safepoint: 13986 ns, Total: 290443 ns
[2023-05-16T03:13:22.353+0000][6][safepoint    ] Safepoint "Cleanup", Time since last: 1000134287 ns, Reaching safepoint: 172679 ns, At safepoint: 2961 ns, Total: 175640 ns
[2023-05-16T03:13:23.354+0000][6][safepoint    ] Safepoint "Cleanup", Time since last: 1000157702 ns, Reaching safepoint: 721621 ns, At safepoint: 13065 ns, Total: 734686 ns
[2023-05-16T03:13:24.354+0000][6][safepoint    ] Safepoint "Cleanup", Time since last: 1000193858 ns, Reaching safepoint: 538839 ns, At safepoint: 8396 ns, Total: 547235 ns
[2023-05-16T03:13:25.355+0000][6][safepoint    ] Safepoint "Cleanup", Time since last: 1000347188 ns, Reaching safepoint: 672497 ns, At safepoint: 15456 ns, Total: 687953 ns
[2023-05-16T03:13:26.356+0000][6][safepoint    ] Safepoint "Cleanup", Time since last: 1000320526 ns, Reaching safepoint: 174652 ns, At safepoint: 6088 ns, Total: 180740 ns
[2023-05-16T03:13:27.356+0000][6][safepoint    ] Safepoint "Cleanup", Time since last: 1000075293 ns, Reaching safepoint: 130018 ns, At safepoint: 3376 ns, Total: 133394 ns
[2023-05-16T03:13:28.356+0000][6][safepoint    ] Safepoint "Cleanup", Time since last: 1000101827 ns, Reaching safepoint: 177161 ns, At safepoint: 3376 ns, Total: 180537 ns
[2023-05-16T03:13:29.357+0000][6][safepoint    ] Safepoint "Cleanup", Time since last: 1000116566 ns, Reaching safepoint: 376297 ns, At safepoint: 4730 ns, Total: 381027 ns
[2023-05-16T03:13:30.358+0000][6][safepoint    ] Safepoint "Cleanup", Time since last: 1000194985 ns, Reaching safepoint: 719705 ns, At safepoint: 4385 ns, Total: 724090 ns
[2023-05-16T03:13:31.358+0000][6][safepoint    ] Safepoint "Cleanup", Time since last: 1000234655 ns, Reaching safepoint: 113840 ns, At safepoint: 3501 ns, Total: 117341 ns
[2023-05-16T03:13:32.359+0000][6][safepoint    ] Safepoint "Cleanup", Time since last: 1000126483 ns, Reaching safepoint: 196644 ns, At safepoint: 6022 ns, Total: 202666 ns
[2023-05-16T03:13:33.359+0000][6][safepoint    ] Safepoint "Cleanup", Time since last: 1000162462 ns, Reaching safepoint: 267035 ns, At safepoint: 4525 ns, Total: 271560 ns
[2023-05-16T03:13:34.359+0000][6][safepoint    ] Safepoint "Cleanup", Time since last: 1000190347 ns, Reaching safepoint: 151919 ns, At safepoint: 6289 ns, Total: 158208 ns
[2023-05-16T03:13:35.360+0000][6][safepoint    ] Safepoint "Cleanup", Time since last: 1000103057 ns, Reaching safepoint: 210201 ns, At safepoint: 6190 ns, Total: 216391 ns
[2023-05-16T03:13:36.360+0000][6][safepoint    ] Safepoint "Cleanup", Time since last: 1000119127 ns, Reaching safepoint: 92752 ns, At safepoint: 5650 ns, Total: 98402 ns
[2023-05-16T03:13:37.361+0000][6][safepoint    ] Safepoint "Cleanup", Time since last: 1000144746 ns, Reaching safepoint: 677388 ns, At safepoint: 11631 ns, Total: 689019 ns
[2023-05-16T03:13:38.361+0000][6][safepoint    ] Safepoint "Cleanup", Time since last: 1000267312 ns, Reaching safepoint: 315630 ns, At safepoint: 5906 ns, Total: 321536 ns
[2023-05-16T03:13:39.362+0000][6][safepoint    ] Safepoint "Cleanup", Time since last: 1000182084 ns, Reaching safepoint: 146177 ns, At safepoint: 4457 ns, Total: 150634 ns
[2023-05-16T03:13:40.362+0000][6][safepoint    ] Safepoint "Cleanup", Time since last: 1000149747 ns, Reaching safepoint: 152895 ns, At safepoint: 5176 ns, Total: 158071 ns
[2023-05-16T03:13:41.362+0000][6][safepoint    ] Safepoint "Cleanup", Time since last: 1000108433 ns, Reaching safepoint: 125164 ns, At safepoint: 5824 ns, Total: 130988 ns
[2023-05-16T03:13:42.363+0000][6][safepoint    ] Safepoint "Cleanup", Time since last: 1000188851 ns, Reaching safepoint: 430496 ns, At safepoint: 6993 ns, Total: 437489 ns
[2023-05-16T03:13:43.363+0000][6][safepoint    ] Safepoint "Cleanup", Time since last: 1000438513 ns, Reaching safepoint: 126541 ns, At safepoint: 4081 ns, Total: 130622 ns
[2023-05-16T03:13:44.364+0000][6][safepoint    ] Safepoint "Cleanup", Time since last: 1000124869 ns, Reaching safepoint: 257659 ns, At safepoint: 7559 ns, Total: 265218 ns
[2023-05-16T03:13:45.364+0000][6][safepoint    ] Safepoint "Cleanup", Time since last: 1000122579 ns, Reaching safepoint: 218588 ns, At safepoint: 9648 ns, Total: 228236 ns
[2023-05-16T03:13:46.365+0000][6][safepoint    ] Safepoint "Cleanup", Time since last: 1000136183 ns, Reaching safepoint: 282755 ns, At safepoint: 5566 ns, Total: 288321 ns
[2023-05-16T03:13:47.366+0000][6][safepoint    ] Safepoint "Cleanup", Time since last: 1000163415 ns, Reaching safepoint: 852388 ns, At safepoint: 26669 ns, Total: 879057 ns
[2023-05-16T03:13:48.400+0000][6][safepoint    ] Safepoint "Cleanup", Time since last: 1034282361 ns, Reaching safepoint: 108164 ns, At safepoint: 8653 ns, Total: 116817 ns
[2023-05-16T03:13:49.401+0000][6][safepoint    ] Safepoint "Cleanup", Time since last: 1000142395 ns, Reaching safepoint: 583485 ns, At safepoint: 17417 ns, Total: 600902 ns
[2023-05-16T03:13:50.402+0000][6][safepoint    ] Safepoint "Cleanup", Time since last: 1000372854 ns, Reaching safepoint: 868397 ns, At safepoint: 19307 ns, Total: 887704 ns
[2023-05-16T03:13:51.402+0000][6][safepoint    ] Safepoint "Cleanup", Time since last: 1000204614 ns, Reaching safepoint: 161731 ns, At safepoint: 6921 ns, Total: 168652 ns
[2023-05-16T03:13:52.403+0000][6][safepoint    ] Safepoint "Cleanup", Time since last: 1000113829 ns, Reaching safepoint: 179464 ns, At safepoint: 6584 ns, Total: 186048 ns
[2023-05-16T03:13:53.404+0000][6][safepoint    ] Safepoint "Cleanup", Time since last: 1000216390 ns, Reaching safepoint: 845818 ns, At safepoint: 9906 ns, Total: 855724 ns
[2023-05-16T03:13:54.404+0000][6][safepoint    ] Safepoint "Cleanup", Time since last: 1000289770 ns, Reaching safepoint: 95476 ns, At safepoint: 3992 ns, Total: 99468 ns
[2023-05-16T03:13:55.404+0000][6][safepoint    ] Safepoint "Cleanup", Time since last: 1000070578 ns, Reaching safepoint: 252964 ns, At safepoint: 3907 ns, Total: 256871 ns
[2023-05-16T03:13:56.405+0000][6][safepoint    ] Safepoint "Cleanup", Time since last: 1000137270 ns, Reaching safepoint: 132251 ns, At safepoint: 3642 ns, Total: 135893 ns
[2023-05-16T03:13:57.405+0000][6][safepoint    ] Safepoint "Cleanup", Time since last: 1000108071 ns, Reaching safepoint: 95817 ns, At safepoint: 4121 ns, Total: 99938 ns
[2023-05-16T03:13:58.405+0000][6][safepoint    ] Safepoint "Cleanup", Time since last: 1000132972 ns, Reaching safepoint: 157098 ns, At safepoint: 6471 ns, Total: 163569 ns
[2023-05-16T03:13:59.406+0000][6][safepoint    ] Safepoint "Cleanup", Time since last: 1000122702 ns, Reaching safepoint: 204989 ns, At safepoint: 7189 ns, Total: 212178 ns
[2023-05-16T03:14:00.406+0000][6][safepoint    ] Safepoint "Cleanup", Time since last: 1000180174 ns, Reaching safepoint: 508200 ns, At safepoint: 8961 ns, Total: 517161 ns
[2023-05-16T03:14:01.407+0000][6][safepoint    ] Safepoint "Cleanup", Time since last: 1000301733 ns, Reaching safepoint: 619993 ns, At safepoint: 12831 ns, Total: 632824 ns
[2023-05-16T03:14:02.407+0000][6][safepoint    ] Safepoint "Cleanup", Time since last: 1000225952 ns, Reaching safepoint: 95539 ns, At safepoint: 4691 ns, Total: 100230 ns
[2023-05-16T03:14:03.408+0000][6][safepoint    ] Safepoint "Cleanup", Time since last: 1000104723 ns, Reaching safepoint: 335690 ns, At safepoint: 6653 ns, Total: 342343 ns
[2023-05-16T03:14:04.408+0000][6][safepoint    ] Safepoint "Cleanup", Time since last: 1000172744 ns, Reaching safepoint: 115035 ns, At safepoint: 4343 ns, Total: 119378 ns
[2023-05-16T03:14:05.408+0000][6][safepoint    ] Safepoint "Cleanup", Time since last: 1000098631 ns, Reaching safepoint: 102164 ns, At safepoint: 3747 ns, Total: 105911 ns
[2023-05-16T03:14:06.409+0000][6][safepoint    ] Safepoint "Cleanup", Time since last: 1000167973 ns, Reaching safepoint: 249498 ns, At safepoint: 6760 ns, Total: 256258 ns
[2023-05-16T03:14:07.410+0000][6][safepoint    ] Safepoint "Cleanup", Time since last: 1000251171 ns, Reaching safepoint: 533417 ns, At safepoint: 19036 ns, Total: 552453 ns
[2023-05-16T03:14:08.410+0000][6][safepoint    ] Safepoint "Cleanup", Time since last: 1000270221 ns, Reaching safepoint: 122498 ns, At safepoint: 4190 ns, Total: 126688 ns
[2023-05-16T03:14:09.411+0000][6][safepoint    ] Safepoint "Cleanup", Time since last: 1000168588 ns, Reaching safepoint: 400565 ns, At safepoint: 6423 ns, Total: 406988 ns
[2023-05-16T03:14:10.412+0000][6][safepoint    ] Safepoint "Cleanup", Time since last: 1000311065 ns, Reaching safepoint: 779163 ns, At safepoint: 15378 ns, Total: 794541 ns
[2023-05-16T03:14:11.412+0000][6][safepoint    ] Safepoint "Cleanup", Time since last: 1000257986 ns, Reaching safepoint: 129915 ns, At safepoint: 3307 ns, Total: 133222 ns
[2023-05-16T03:14:12.412+0000][6][safepoint    ] Safepoint "Cleanup", Time since last: 1000093930 ns, Reaching safepoint: 109296 ns, At safepoint: 3992 ns, Total: 113288 ns
[2023-05-16T03:14:13.413+0000][6][safepoint    ] Safepoint "Cleanup", Time since last: 1000057005 ns, Reaching safepoint: 148012 ns, At safepoint: 4977 ns, Total: 152989 ns
[2023-05-16T03:14:14.413+0000][6][safepoint    ] Safepoint "Cleanup", Time since last: 1000129050 ns, Reaching safepoint: 158250 ns, At safepoint: 6320 ns, Total: 164570 ns
[2023-05-16T03:14:15.413+0000][6][safepoint    ] Safepoint "Cleanup", Time since last: 1000100016 ns, Reaching safepoint: 129791 ns, At safepoint: 8630 ns, Total: 138421 ns
[2023-05-16T03:14:16.414+0000][6][safepoint    ] Safepoint "Cleanup", Time since last: 1000077903 ns, Reaching safepoint: 363403 ns, At safepoint: 14699 ns, Total: 378102 ns
[2023-05-16T03:14:17.230+0000][6][gc,start     ] GC(30) Pause Young (Normal) (G1 Evacuation Pause)
[2023-05-16T03:14:17.230+0000][6][gc,task      ] GC(30) Using 8 workers of 8 for evacuation
[2023-05-16T03:14:17.230+0000][6][gc,age       ] GC(30) Desired survivor size 37748736 bytes, new threshold 9 (max threshold 15)
[2023-05-16T03:14:17.246+0000][6][gc,age       ] GC(30) Age table with threshold 9 (max threshold 15)
[2023-05-16T03:14:17.246+0000][6][gc,age       ] GC(30) - age   1:    4589808 bytes,    4589808 total
[2023-05-16T03:14:17.246+0000][6][gc,age       ] GC(30) - age   2:    4408568 bytes,    8998376 total
[2023-05-16T03:14:17.246+0000][6][gc,age       ] GC(30) - age   3:    4499256 bytes,   13497632 total
[2023-05-16T03:14:17.246+0000][6][gc,age       ] GC(30) - age   4:    4470864 bytes,   17968496 total
[2023-05-16T03:14:17.246+0000][6][gc,age       ] GC(30) - age   5:    4460472 bytes,   22428968 total
[2023-05-16T03:14:17.246+0000][6][gc,age       ] GC(30) - age   6:    4378992 bytes,   26807960 total
[2023-05-16T03:14:17.246+0000][6][gc,age       ] GC(30) - age   7:    4766752 bytes,   31574712 total
[2023-05-16T03:14:17.246+0000][6][gc,age       ] GC(30) - age   8:    5220616 bytes,   36795328 total
[2023-05-16T03:14:17.246+0000][6][gc,age       ] GC(30) - age   9:    3157824 bytes,   39953152 total
[2023-05-16T03:14:17.246+0000][6][gc,phases    ] GC(30)   Pre Evacuate Collection Set: 0.1ms
[2023-05-16T03:14:17.246+0000][6][gc,phases    ] GC(30)   Merge Heap Roots: 0.1ms
[2023-05-16T03:14:17.246+0000][6][gc,phases    ] GC(30)   Evacuate Collection Set: 14.6ms
[2023-05-16T03:14:17.246+0000][6][gc,phases    ] GC(30)   Post Evacuate Collection Set: 0.8ms
[2023-05-16T03:14:17.246+0000][6][gc,phases    ] GC(30)   Other: 0.3ms
[2023-05-16T03:14:17.246+0000][6][gc,heap      ] GC(30) Eden regions: 525->0(525)
[2023-05-16T03:14:17.246+0000][6][gc,heap      ] GC(30) Survivor regions: 45->42(72)
[2023-05-16T03:14:17.246+0000][6][gc,heap      ] GC(30) Old regions: 101->107
[2023-05-16T03:14:17.246+0000][6][gc,heap      ] GC(30) Archive regions: 2->2
[2023-05-16T03:14:17.246+0000][6][gc,heap      ] GC(30) Humongous regions: 55->50
[2023-05-16T03:14:17.246+0000][6][gc,metaspace ] GC(30) Metaspace: 96817K(104428K)->96817K(104428K) NonClass: 84170K(88684K)->84170K(88684K) Class: 12646K(15744K)->12646K(15744K)
[2023-05-16T03:14:17.246+0000][6][gc           ] GC(30) Pause Young (Normal) (G1 Evacuation Pause) 726M->198M(1024M) 16.030ms
[2023-05-16T03:14:17.246+0000][6][gc,cpu       ] GC(30) User=0.06s Sys=0.00s Real=0.01s
[2023-05-16T03:14:17.246+0000][6][safepoint    ] Safepoint "G1CollectForAllocation", Time since last: 816728790 ns, Reaching safepoint: 111355 ns, At safepoint: 16126797 ns, Total: 16238152 ns
[2023-05-16T03:14:18.247+0000][6][safepoint    ] Safepoint "Cleanup", Time since last: 1000034559 ns, Reaching safepoint: 404824 ns, At safepoint: 7381 ns, Total: 412205 ns
[2023-05-16T03:14:19.247+0000][6][safepoint    ] Safepoint "Cleanup", Time since last: 1000137659 ns, Reaching safepoint: 130835 ns, At safepoint: 6103 ns, Total: 136938 ns
[2023-05-16T03:14:20.248+0000][6][safepoint    ] Safepoint "Cleanup", Time since last: 1000224575 ns, Reaching safepoint: 763789 ns, At safepoint: 15569 ns, Total: 779358 ns
[2023-05-16T03:14:21.249+0000][6][safepoint    ] Safepoint "Cleanup", Time since last: 1000234887 ns, Reaching safepoint: 101004 ns, At safepoint: 4012 ns, Total: 105016 ns
[2023-05-16T03:14:22.249+0000][6][safepoint    ] Safepoint "Cleanup", Time since last: 1000549303 ns, Reaching safepoint: 151677 ns, At safepoint: 7419 ns, Total: 159096 ns
[2023-05-16T03:14:23.250+0000][6][safepoint    ] Safepoint "Cleanup", Time since last: 1000114847 ns, Reaching safepoint: 115203 ns, At safepoint: 4283 ns, Total: 119486 ns
[2023-05-16T03:14:24.250+0000][6][safepoint    ] Safepoint "Cleanup", Time since last: 1000112250 ns, Reaching safepoint: 381856 ns, At safepoint: 16287 ns, Total: 398143 ns
[2023-05-16T03:14:25.251+0000][6][safepoint    ] Safepoint "Cleanup", Time since last: 1000195514 ns, Reaching safepoint: 843929 ns, At safepoint: 8683 ns, Total: 852612 ns
[2023-05-16T03:14:26.252+0000][6][safepoint    ] Safepoint "Cleanup", Time since last: 1000373218 ns, Reaching safepoint: 586460 ns, At safepoint: 16324 ns, Total: 602784 ns
[2023-05-16T03:14:27.252+0000][6][safepoint    ] Safepoint "Cleanup", Time since last: 1000275225 ns, Reaching safepoint: 147899 ns, At safepoint: 5656 ns, Total: 153555 ns
[2023-05-16T03:14:28.253+0000][6][safepoint    ] Safepoint "Cleanup", Time since last: 1000208234 ns, Reaching safepoint: 430038 ns, At safepoint: 9578 ns, Total: 439616 ns
[2023-05-16T03:14:29.254+0000][6][safepoint    ] Safepoint "Cleanup", Time since last: 1000418260 ns, Reaching safepoint: 799127 ns, At safepoint: 18019 ns, Total: 817146 ns
[2023-05-16T03:14:30.255+0000][6][safepoint    ] Safepoint "Cleanup", Time since last: 1000412802 ns, Reaching safepoint: 565930 ns, At safepoint: 6674 ns, Total: 572604 ns
[2023-05-16T03:14:31.256+0000][6][safepoint    ] Safepoint "Cleanup", Time since last: 1000318235 ns, Reaching safepoint: 123175 ns, At safepoint: 3441 ns, Total: 126616 ns
[2023-05-16T03:14:32.256+0000][6][safepoint    ] Safepoint "Cleanup", Time since last: 1000109590 ns, Reaching safepoint: 190986 ns, At safepoint: 4938 ns, Total: 195924 ns
[2023-05-16T03:14:33.256+0000][6][safepoint    ] Safepoint "Cleanup", Time since last: 1000171070 ns, Reaching safepoint: 142313 ns, At safepoint: 4875 ns, Total: 147188 ns
[2023-05-16T03:14:34.257+0000][6][safepoint    ] Safepoint "Cleanup", Time since last: 1000112503 ns, Reaching safepoint: 139985 ns, At safepoint: 6466 ns, Total: 146451 ns
[2023-05-16T03:14:35.257+0000][6][safepoint    ] Safepoint "Cleanup", Time since last: 1000118901 ns, Reaching safepoint: 142261 ns, At safepoint: 3984 ns, Total: 146245 ns
[2023-05-16T03:14:36.258+0000][6][safepoint    ] Safepoint "Cleanup", Time since last: 1000155114 ns, Reaching safepoint: 425422 ns, At safepoint: 20680 ns, Total: 446102 ns
[2023-05-16T03:14:37.258+0000][6][safepoint    ] Safepoint "Cleanup", Time since last: 1000365600 ns, Reaching safepoint: 203420 ns, At safepoint: 4373 ns, Total: 207793 ns
[2023-05-16T03:14:38.258+0000][6][safepoint    ] Safepoint "Cleanup", Time since last: 1000103596 ns, Reaching safepoint: 101802 ns, At safepoint: 3606 ns, Total: 105408 ns
[2023-05-16T03:14:39.259+0000][6][safepoint    ] Safepoint "Cleanup", Time since last: 1000106769 ns, Reaching safepoint: 139120 ns, At safepoint: 4238 ns, Total: 143358 ns
[2023-05-16T03:14:40.259+0000][6][safepoint    ] Safepoint "Cleanup", Time since last: 1000151959 ns, Reaching safepoint: 595901 ns, At safepoint: 11977 ns, Total: 607878 ns
[2023-05-16T03:14:41.260+0000][6][safepoint    ] Safepoint "Cleanup", Time since last: 1000265370 ns, Reaching safepoint: 261023 ns, At safepoint: 8504 ns, Total: 269527 ns
[2023-05-16T03:14:42.261+0000][6][safepoint    ] Safepoint "Cleanup", Time since last: 1000200148 ns, Reaching safepoint: 1117154 ns, At safepoint: 24244 ns, Total: 1141398 ns
[2023-05-16T03:14:43.262+0000][6][safepoint    ] Safepoint "Cleanup", Time since last: 1000232424 ns, Reaching safepoint: 356368 ns, At safepoint: 5597 ns, Total: 361965 ns
[2023-05-16T03:14:44.262+0000][6][safepoint    ] Safepoint "Cleanup", Time since last: 1000177094 ns, Reaching safepoint: 454459 ns, At safepoint: 20196 ns, Total: 474655 ns
[2023-05-16T03:14:45.263+0000][6][safepoint    ] Safepoint "Cleanup", Time since last: 1000327502 ns, Reaching safepoint: 579392 ns, At safepoint: 15792 ns, Total: 595184 ns
[2023-05-16T03:14:46.264+0000][6][safepoint    ] Safepoint "Cleanup", Time since last: 1000267436 ns, Reaching safepoint: 221071 ns, At safepoint: 5075 ns, Total: 226146 ns
[2023-05-16T03:14:47.264+0000][6][safepoint    ] Safepoint "Cleanup", Time since last: 1000130679 ns, Reaching safepoint: 160805 ns, At safepoint: 6725 ns, Total: 167530 ns
[2023-05-16T03:14:48.264+0000][6][safepoint    ] Safepoint "Cleanup", Time since last: 1000114581 ns, Reaching safepoint: 142687 ns, At safepoint: 9133 ns, Total: 151820 ns
[2023-05-16T03:14:49.270+0000][6][safepoint    ] Safepoint "Cleanup", Time since last: 1004236784 ns, Reaching safepoint: 838364 ns, At safepoint: 11969 ns, Total: 850333 ns
[2023-05-16T03:14:51.136+0000][6][safepoint    ] Safepoint "Cleanup", Time since last: 1865918195 ns, Reaching safepoint: 230217 ns, At safepoint: 8997 ns, Total: 239214 ns
[2023-05-16T03:14:52.136+0000][6][safepoint    ] Safepoint "Cleanup", Time since last: 1000105875 ns, Reaching safepoint: 240664 ns, At safepoint: 6877 ns, Total: 247541 ns
[2023-05-16T03:14:53.145+0000][6][safepoint    ] Safepoint "Cleanup", Time since last: 1008583351 ns, Reaching safepoint: 172502 ns, At safepoint: 6937 ns, Total: 179439 ns
[2023-05-16T03:14:53.375+0000][6][gc,start     ] GC(31) Pause Young (Normal) (G1 Evacuation Pause)
[2023-05-16T03:14:53.375+0000][6][gc,task      ] GC(31) Using 8 workers of 8 for evacuation
[2023-05-16T03:14:53.375+0000][6][gc,age       ] GC(31) Desired survivor size 37224448 bytes, new threshold 9 (max threshold 15)
[2023-05-16T03:14:53.392+0000][6][gc,age       ] GC(31) Age table with threshold 9 (max threshold 15)
[2023-05-16T03:14:53.393+0000][6][gc,age       ] GC(31) - age   1:    4563240 bytes,    4563240 total
[2023-05-16T03:14:53.393+0000][6][gc,age       ] GC(31) - age   2:    4553824 bytes,    9117064 total
[2023-05-16T03:14:53.393+0000][6][gc,age       ] GC(31) - age   3:    4407352 bytes,   13524416 total
[2023-05-16T03:14:53.393+0000][6][gc,age       ] GC(31) - age   4:    4499256 bytes,   18023672 total
[2023-05-16T03:14:53.393+0000][6][gc,age       ] GC(31) - age   5:    4470864 bytes,   22494536 total
[2023-05-16T03:14:53.393+0000][6][gc,age       ] GC(31) - age   6:    4460448 bytes,   26954984 total
[2023-05-16T03:14:53.393+0000][6][gc,age       ] GC(31) - age   7:    4360416 bytes,   31315400 total
[2023-05-16T03:14:53.393+0000][6][gc,age       ] GC(31) - age   8:    4766752 bytes,   36082152 total
[2023-05-16T03:14:53.393+0000][6][gc,age       ] GC(31) - age   9:    5220616 bytes,   41302768 total
[2023-05-16T03:14:53.393+0000][6][gc,phases    ] GC(31)   Pre Evacuate Collection Set: 0.2ms
[2023-05-16T03:14:53.393+0000][6][gc,phases    ] GC(31)   Merge Heap Roots: 0.1ms
[2023-05-16T03:14:53.393+0000][6][gc,phases    ] GC(31)   Evacuate Collection Set: 16.0ms
[2023-05-16T03:14:53.393+0000][6][gc,phases    ] GC(31)   Post Evacuate Collection Set: 1.2ms
[2023-05-16T03:14:53.393+0000][6][gc,phases    ] GC(31)   Other: 0.4ms
[2023-05-16T03:14:53.393+0000][6][gc,heap      ] GC(31) Eden regions: 525->0(519)
[2023-05-16T03:14:53.393+0000][6][gc,heap      ] GC(31) Survivor regions: 42->43(71)
[2023-05-16T03:14:53.393+0000][6][gc,heap      ] GC(31) Old regions: 107->110
[2023-05-16T03:14:53.393+0000][6][gc,heap      ] GC(31) Archive regions: 2->2
[2023-05-16T03:14:53.393+0000][6][gc,heap      ] GC(31) Humongous regions: 53->51
[2023-05-16T03:14:53.393+0000][6][gc,metaspace ] GC(31) Metaspace: 96887K(104428K)->96887K(104428K) NonClass: 84240K(88684K)->84240K(88684K) Class: 12647K(15744K)->12647K(15744K)
[2023-05-16T03:14:53.393+0000][6][gc           ] GC(31) Pause Young (Normal) (G1 Evacuation Pause) 726M->203M(1024M) 17.941ms
[2023-05-16T03:14:53.393+0000][6][gc,cpu       ] GC(31) User=0.05s Sys=0.00s Real=0.02s
[2023-05-16T03:14:53.393+0000][6][safepoint    ] Safepoint "G1CollectForAllocation", Time since last: 229709905 ns, Reaching safepoint: 238765 ns, At safepoint: 18074921 ns, Total: 18313686 ns
[2023-05-16T03:14:54.394+0000][6][safepoint    ] Safepoint "Cleanup", Time since last: 1000524550 ns, Reaching safepoint: 377077 ns, At safepoint: 11962 ns, Total: 389039 ns
[2023-05-16T03:14:56.254+0000][6][safepoint    ] Safepoint "Cleanup", Time since last: 1859426337 ns, Reaching safepoint: 1013151 ns, At safepoint: 29953 ns, Total: 1043104 ns
[2023-05-16T03:14:57.260+0000][6][safepoint    ] Safepoint "Cleanup", Time since last: 1005326303 ns, Reaching safepoint: 174967 ns, At safepoint: 3595 ns, Total: 178562 ns
[2023-05-16T03:14:58.260+0000][6][safepoint    ] Safepoint "Cleanup", Time since last: 1000187541 ns, Reaching safepoint: 304681 ns, At safepoint: 5177 ns, Total: 309858 ns
[2023-05-16T03:14:59.260+0000][6][safepoint    ] Safepoint "Cleanup", Time since last: 1000109413 ns, Reaching safepoint: 107342 ns, At safepoint: 6033 ns, Total: 113375 ns
[2023-05-16T03:15:00.261+0000][6][safepoint    ] Safepoint "Cleanup", Time since last: 1000212040 ns, Reaching safepoint: 340805 ns, At safepoint: 11550 ns, Total: 352355 ns
[2023-05-16T03:15:01.261+0000][6][safepoint    ] Safepoint "Cleanup", Time since last: 1000269460 ns, Reaching safepoint: 135889 ns, At safepoint: 11335 ns, Total: 147224 ns
[2023-05-16T03:15:02.262+0000][6][safepoint    ] Safepoint "Cleanup", Time since last: 1000113417 ns, Reaching safepoint: 123135 ns, At safepoint: 5569 ns, Total: 128704 ns
[2023-05-16T03:15:03.262+0000][6][safepoint    ] Safepoint "Cleanup", Time since last: 1000099280 ns, Reaching safepoint: 120813 ns, At safepoint: 6000 ns, Total: 126813 ns
[2023-05-16T03:15:04.262+0000][6][safepoint    ] Safepoint "Cleanup", Time since last: 1000175687 ns, Reaching safepoint: 359441 ns, At safepoint: 12473 ns, Total: 371914 ns
[2023-05-16T03:15:05.264+0000][6][safepoint    ] Safepoint "Cleanup", Time since last: 1000379011 ns, Reaching safepoint: 755483 ns, At safepoint: 13920 ns, Total: 769403 ns
[2023-05-16T03:15:06.264+0000][6][safepoint    ] Safepoint "Cleanup", Time since last: 1000277021 ns, Reaching safepoint: 126890 ns, At safepoint: 4549 ns, Total: 131439 ns
[2023-05-16T03:15:07.264+0000][6][safepoint    ] Safepoint "Cleanup", Time since last: 1000121860 ns, Reaching safepoint: 193084 ns, At safepoint: 4598 ns, Total: 197682 ns
[2023-05-16T03:15:08.265+0000][6][safepoint    ] Safepoint "Cleanup", Time since last: 1000168392 ns, Reaching safepoint: 147009 ns, At safepoint: 4974 ns, Total: 151983 ns
[2023-05-16T03:15:09.265+0000][6][safepoint    ] Safepoint "Cleanup", Time since last: 1000253872 ns, Reaching safepoint: 372468 ns, At safepoint: 12808 ns, Total: 385276 ns
[2023-05-16T03:15:10.266+0000][6][safepoint    ] Safepoint "Cleanup", Time since last: 1000292977 ns, Reaching safepoint: 105091 ns, At safepoint: 3434 ns, Total: 108525 ns
[2023-05-16T03:15:11.266+0000][6][safepoint    ] Safepoint "Cleanup", Time since last: 1000167451 ns, Reaching safepoint: 565583 ns, At safepoint: 9516 ns, Total: 575099 ns
[2023-05-16T03:15:12.267+0000][6][safepoint    ] Safepoint "Cleanup", Time since last: 1000345142 ns, Reaching safepoint: 121415 ns, At safepoint: 6713 ns, Total: 128128 ns
[2023-05-16T03:15:13.267+0000][6][safepoint    ] Safepoint "Cleanup", Time since last: 1000127294 ns, Reaching safepoint: 109227 ns, At safepoint: 4143 ns, Total: 113370 ns
[2023-05-16T03:15:14.268+0000][6][safepoint    ] Safepoint "Cleanup", Time since last: 1000197410 ns, Reaching safepoint: 432486 ns, At safepoint: 10155 ns, Total: 442641 ns
[2023-05-16T03:15:15.268+0000][6][safepoint    ] Safepoint "Cleanup", Time since last: 1000235738 ns, Reaching safepoint: 115440 ns, At safepoint: 3943 ns, Total: 119383 ns
[2023-05-16T03:15:16.268+0000][6][safepoint    ] Safepoint "Cleanup", Time since last: 1000102142 ns, Reaching safepoint: 97139 ns, At safepoint: 3967 ns, Total: 101106 ns
[2023-05-16T03:15:17.269+0000][6][safepoint    ] Safepoint "Cleanup", Time since last: 1000177779 ns, Reaching safepoint: 513561 ns, At safepoint: 10870 ns, Total: 524431 ns
[2023-05-16T03:15:18.270+0000][6][safepoint    ] Safepoint "Cleanup", Time since last: 1000315885 ns, Reaching safepoint: 517178 ns, At safepoint: 7480 ns, Total: 524658 ns
[2023-05-16T03:15:19.270+0000][6][safepoint    ] Safepoint "Cleanup", Time since last: 1000313069 ns, Reaching safepoint: 294733 ns, At safepoint: 8417 ns, Total: 303150 ns
[2023-05-16T03:15:20.271+0000][6][safepoint    ] Safepoint "Cleanup", Time since last: 1000248072 ns, Reaching safepoint: 313463 ns, At safepoint: 5583 ns, Total: 319046 ns
[2023-05-16T03:15:21.272+0000][6][safepoint    ] Safepoint "Cleanup", Time since last: 1000167930 ns, Reaching safepoint: 830006 ns, At safepoint: 42953 ns, Total: 872959 ns
[2023-05-16T03:15:22.273+0000][6][safepoint    ] Safepoint "Cleanup", Time since last: 1000423056 ns, Reaching safepoint: 154986 ns, At safepoint: 3744 ns, Total: 158730 ns
[2023-05-16T03:15:23.273+0000][6][safepoint    ] Safepoint "Cleanup", Time since last: 1000095585 ns, Reaching safepoint: 101167 ns, At safepoint: 3403 ns, Total: 104570 ns
[2023-05-16T03:15:24.273+0000][6][safepoint    ] Safepoint "Cleanup", Time since last: 1000113095 ns, Reaching safepoint: 155235 ns, At safepoint: 9229 ns, Total: 164464 ns
[2023-05-16T03:15:25.274+0000][6][safepoint    ] Safepoint "Cleanup", Time since last: 1000167536 ns, Reaching safepoint: 441855 ns, At safepoint: 10237 ns, Total: 452092 ns
[2023-05-16T03:15:26.274+0000][6][safepoint    ] Safepoint "Cleanup", Time since last: 1000204527 ns, Reaching safepoint: 102357 ns, At safepoint: 3185 ns, Total: 105542 ns
[2023-05-16T03:15:27.274+0000][6][safepoint    ] Safepoint "Cleanup", Time since last: 1000134398 ns, Reaching safepoint: 111209 ns, At safepoint: 6355 ns, Total: 117564 ns
[2023-05-16T03:15:28.275+0000][6][safepoint    ] Safepoint "Cleanup", Time since last: 1000119758 ns, Reaching safepoint: 139966 ns, At safepoint: 4116 ns, Total: 144082 ns
[2023-05-16T03:15:29.275+0000][6][safepoint    ] Safepoint "Cleanup", Time since last: 1000105775 ns, Reaching safepoint: 306002 ns, At safepoint: 4074 ns, Total: 310076 ns
[2023-05-16T03:15:30.276+0000][6][safepoint    ] Safepoint "Cleanup", Time since last: 1000131038 ns, Reaching safepoint: 382379 ns, At safepoint: 3728 ns, Total: 386107 ns
[2023-05-16T03:15:31.276+0000][6][safepoint    ] Safepoint "Cleanup", Time since last: 1000104850 ns, Reaching safepoint: 181550 ns, At safepoint: 3957 ns, Total: 185507 ns
[2023-05-16T03:15:32.276+0000][6][safepoint    ] Safepoint "Cleanup", Time since last: 1000106369 ns, Reaching safepoint: 116325 ns, At safepoint: 4071 ns, Total: 120396 ns
[2023-05-16T03:15:33.276+0000][6][safepoint    ] Safepoint "Cleanup", Time since last: 1000127307 ns, Reaching safepoint: 194524 ns, At safepoint: 3734 ns, Total: 198258 ns
[2023-05-16T03:15:34.277+0000][6][safepoint    ] Safepoint "Cleanup", Time since last: 1000104557 ns, Reaching safepoint: 219846 ns, At safepoint: 6160 ns, Total: 226006 ns
[2023-05-16T03:15:35.277+0000][6][safepoint    ] Safepoint "Cleanup", Time since last: 1000108693 ns, Reaching safepoint: 178624 ns, At safepoint: 4525 ns, Total: 183149 ns
[2023-05-16T03:15:36.278+0000][6][safepoint    ] Safepoint "Cleanup", Time since last: 1000206133 ns, Reaching safepoint: 721548 ns, At safepoint: 16285 ns, Total: 737833 ns
[2023-05-16T03:15:37.278+0000][6][safepoint    ] Safepoint "Cleanup", Time since last: 1000274269 ns, Reaching safepoint: 149520 ns, At safepoint: 4940 ns, Total: 154460 ns
[2023-05-16T03:15:38.279+0000][6][safepoint    ] Safepoint "Cleanup", Time since last: 1000118813 ns, Reaching safepoint: 111680 ns, At safepoint: 4377 ns, Total: 116057 ns
[2023-05-16T03:15:39.279+0000][6][safepoint    ] Safepoint "Cleanup", Time since last: 1000116749 ns, Reaching safepoint: 124852 ns, At safepoint: 4326 ns, Total: 129178 ns
[2023-05-16T03:15:40.279+0000][6][safepoint    ] Safepoint "Cleanup", Time since last: 1000166448 ns, Reaching safepoint: 373643 ns, At safepoint: 9220 ns, Total: 382863 ns
[2023-05-16T03:15:41.280+0000][6][safepoint    ] Safepoint "Cleanup", Time since last: 1000209357 ns, Reaching safepoint: 124442 ns, At safepoint: 3620 ns, Total: 128062 ns
[2023-05-16T03:15:42.280+0000][6][safepoint    ] Safepoint "Cleanup", Time since last: 1000115330 ns, Reaching safepoint: 269816 ns, At safepoint: 4367 ns, Total: 274183 ns
[2023-05-16T03:15:43.280+0000][6][safepoint    ] Safepoint "Cleanup", Time since last: 1000108663 ns, Reaching safepoint: 101558 ns, At safepoint: 5215 ns, Total: 106773 ns
[2023-05-16T03:15:44.281+0000][6][safepoint    ] Safepoint "Cleanup", Time since last: 1000108131 ns, Reaching safepoint: 133908 ns, At safepoint: 41319 ns, Total: 175227 ns
[2023-05-16T03:15:45.281+0000][6][safepoint    ] Safepoint "Cleanup", Time since last: 1000114442 ns, Reaching safepoint: 205952 ns, At safepoint: 11841 ns, Total: 217793 ns
[2023-05-16T03:15:46.281+0000][6][safepoint    ] Safepoint "Cleanup", Time since last: 1000113191 ns, Reaching safepoint: 103707 ns, At safepoint: 3417 ns, Total: 107124 ns
[2023-05-16T03:15:47.281+0000][6][safepoint    ] Safepoint "Cleanup", Time since last: 1000128306 ns, Reaching safepoint: 82920 ns, At safepoint: 5184 ns, Total: 88104 ns
[2023-05-16T03:15:48.282+0000][6][safepoint    ] Safepoint "Cleanup", Time since last: 1000093461 ns, Reaching safepoint: 98202 ns, At safepoint: 4766 ns, Total: 102968 ns
[2023-05-16T03:15:49.282+0000][6][safepoint    ] Safepoint "Cleanup", Time since last: 1000103818 ns, Reaching safepoint: 586671 ns, At safepoint: 13254 ns, Total: 599925 ns
[2023-05-16T03:15:50.283+0000][6][safepoint    ] Safepoint "Cleanup", Time since last: 1000278090 ns, Reaching safepoint: 478706 ns, At safepoint: 4807 ns, Total: 483513 ns
[2023-05-16T03:15:51.284+0000][6][safepoint    ] Safepoint "Cleanup", Time since last: 1000315467 ns, Reaching safepoint: 284676 ns, At safepoint: 4541 ns, Total: 289217 ns
[2023-05-16T03:15:52.284+0000][6][safepoint    ] Safepoint "Cleanup", Time since last: 1000166395 ns, Reaching safepoint: 219106 ns, At safepoint: 3645 ns, Total: 222751 ns
[2023-05-16T03:15:53.284+0000][6][safepoint    ] Safepoint "Cleanup", Time since last: 1000234547 ns, Reaching safepoint: 109051 ns, At safepoint: 6658 ns, Total: 115709 ns
[2023-05-16T03:15:54.285+0000][6][safepoint    ] Safepoint "Cleanup", Time since last: 1000160779 ns, Reaching safepoint: 384597 ns, At safepoint: 16488 ns, Total: 401085 ns
[2023-05-16T03:15:55.285+0000][6][safepoint    ] Safepoint "Cleanup", Time since last: 1000265894 ns, Reaching safepoint: 104660 ns, At safepoint: 3240 ns, Total: 107900 ns
[2023-05-16T03:15:56.286+0000][6][safepoint    ] Safepoint "Cleanup", Time since last: 1000104909 ns, Reaching safepoint: 93817 ns, At safepoint: 5659 ns, Total: 99476 ns
[2023-05-16T03:15:57.286+0000][6][safepoint    ] Safepoint "Cleanup", Time since last: 1000105256 ns, Reaching safepoint: 108636 ns, At safepoint: 3981 ns, Total: 112617 ns
[2023-05-16T03:15:58.286+0000][6][safepoint    ] Safepoint "Cleanup", Time since last: 1000116265 ns, Reaching safepoint: 127826 ns, At safepoint: 6162 ns, Total: 133988 ns
[2023-05-16T03:15:59.287+0000][6][safepoint    ] Safepoint "Cleanup", Time since last: 1000188866 ns, Reaching safepoint: 404411 ns, At safepoint: 12090 ns, Total: 416501 ns
[2023-05-16T03:16:00.288+0000][6][safepoint    ] Safepoint "Cleanup", Time since last: 1000386089 ns, Reaching safepoint: 567292 ns, At safepoint: 11358 ns, Total: 578650 ns
[2023-05-16T03:16:01.288+0000][6][safepoint    ] Safepoint "Cleanup", Time since last: 1000305028 ns, Reaching safepoint: 520697 ns, At safepoint: 15542 ns, Total: 536239 ns
[2023-05-16T03:16:02.289+0000][6][safepoint    ] Safepoint "Cleanup", Time since last: 1000314448 ns, Reaching safepoint: 129748 ns, At safepoint: 3303 ns, Total: 133051 ns
[2023-05-16T03:16:03.289+0000][6][safepoint    ] Safepoint "Cleanup", Time since last: 1000107501 ns, Reaching safepoint: 99817 ns, At safepoint: 4212 ns, Total: 104029 ns
[2023-05-16T03:16:04.290+0000][6][safepoint    ] Safepoint "Cleanup", Time since last: 1000133137 ns, Reaching safepoint: 372949 ns, At safepoint: 7388 ns, Total: 380337 ns
[2023-05-16T03:16:05.290+0000][6][safepoint    ] Safepoint "Cleanup", Time since last: 1000325107 ns, Reaching safepoint: 408203 ns, At safepoint: 9093 ns, Total: 417296 ns
[2023-05-16T03:16:06.291+0000][6][safepoint    ] Safepoint "Cleanup", Time since last: 1000264834 ns, Reaching safepoint: 139864 ns, At safepoint: 3193 ns, Total: 143057 ns
[2023-05-16T03:16:07.291+0000][6][safepoint    ] Safepoint "Cleanup", Time since last: 1000079990 ns, Reaching safepoint: 126176 ns, At safepoint: 4618 ns, Total: 130794 ns
[2023-05-16T03:16:07.326+0000][6][gc,start     ] GC(32) Pause Young (Normal) (G1 Evacuation Pause)
[2023-05-16T03:16:07.326+0000][6][gc,task      ] GC(32) Using 8 workers of 8 for evacuation
[2023-05-16T03:16:07.326+0000][6][gc,age       ] GC(32) Desired survivor size 37224448 bytes, new threshold 9 (max threshold 15)
[2023-05-16T03:16:07.340+0000][6][gc,age       ] GC(32) Age table with threshold 9 (max threshold 15)
[2023-05-16T03:16:07.340+0000][6][gc,age       ] GC(32) - age   1:    8242016 bytes,    8242016 total
[2023-05-16T03:16:07.340+0000][6][gc,age       ] GC(32) - age   2:    1315496 bytes,    9557512 total
[2023-05-16T03:16:07.340+0000][6][gc,age       ] GC(32) - age   3:    4547024 bytes,   14104536 total
[2023-05-16T03:16:07.340+0000][6][gc,age       ] GC(32) - age   4:    4403608 bytes,   18508144 total
[2023-05-16T03:16:07.340+0000][6][gc,age       ] GC(32) - age   5:    4499256 bytes,   23007400 total
[2023-05-16T03:16:07.340+0000][6][gc,age       ] GC(32) - age   6:    4470864 bytes,   27478264 total
[2023-05-16T03:16:07.340+0000][6][gc,age       ] GC(32) - age   7:    4460448 bytes,   31938712 total
[2023-05-16T03:16:07.340+0000][6][gc,age       ] GC(32) - age   8:    4360416 bytes,   36299128 total
[2023-05-16T03:16:07.340+0000][6][gc,age       ] GC(32) - age   9:    4766752 bytes,   41065880 total
[2023-05-16T03:16:07.340+0000][6][gc,phases    ] GC(32)   Pre Evacuate Collection Set: 0.1ms
[2023-05-16T03:16:07.340+0000][6][gc,phases    ] GC(32)   Merge Heap Roots: 0.1ms
[2023-05-16T03:16:07.340+0000][6][gc,phases    ] GC(32)   Evacuate Collection Set: 13.0ms
[2023-05-16T03:16:07.340+0000][6][gc,phases    ] GC(32)   Post Evacuate Collection Set: 1.0ms
[2023-05-16T03:16:07.340+0000][6][gc,phases    ] GC(32)   Other: 0.3ms
[2023-05-16T03:16:07.340+0000][6][gc,heap      ] GC(32) Eden regions: 519->0(512)
[2023-05-16T03:16:07.340+0000][6][gc,heap      ] GC(32) Survivor regions: 43->43(71)
[2023-05-16T03:16:07.340+0000][6][gc,heap      ] GC(32) Old regions: 110->115
[2023-05-16T03:16:07.340+0000][6][gc,heap      ] GC(32) Archive regions: 2->2
[2023-05-16T03:16:07.340+0000][6][gc,heap      ] GC(32) Humongous regions: 53->53
[2023-05-16T03:16:07.340+0000][6][gc,metaspace ] GC(32) Metaspace: 96934K(104428K)->96934K(104428K) NonClass: 84285K(88684K)->84285K(88684K) Class: 12648K(15744K)->12648K(15744K)
[2023-05-16T03:16:07.340+0000][6][gc           ] GC(32) Pause Young (Normal) (G1 Evacuation Pause) 724M->211M(1024M) 14.672ms
[2023-05-16T03:16:07.340+0000][6][gc,cpu       ] GC(32) User=0.05s Sys=0.00s Real=0.01s
[2023-05-16T03:16:07.340+0000][6][safepoint    ] Safepoint "G1CollectForAllocation", Time since last: 34618486 ns, Reaching safepoint: 119777 ns, At safepoint: 14783529 ns, Total: 14903306 ns
[2023-05-16T03:16:08.341+0000][6][safepoint    ] Safepoint "Cleanup", Time since last: 1000044259 ns, Reaching safepoint: 142240 ns, At safepoint: 8511 ns, Total: 150751 ns
[2023-05-16T03:16:09.341+0000][6][safepoint    ] Safepoint "Cleanup", Time since last: 1000110150 ns, Reaching safepoint: 111974 ns, At safepoint: 5022 ns, Total: 116996 ns
[2023-05-16T03:16:10.341+0000][6][safepoint    ] Safepoint "Cleanup", Time since last: 1000114666 ns, Reaching safepoint: 107427 ns, At safepoint: 6649 ns, Total: 114076 ns
[2023-05-16T03:16:11.342+0000][6][safepoint    ] Safepoint "Cleanup", Time since last: 1000180759 ns, Reaching safepoint: 256790 ns, At safepoint: 3899 ns, Total: 260689 ns
[2023-05-16T03:16:12.342+0000][6][safepoint    ] Safepoint "Cleanup", Time since last: 1000124373 ns, Reaching safepoint: 193062 ns, At safepoint: 5807 ns, Total: 198869 ns
[2023-05-16T03:16:13.342+0000][6][safepoint    ] Safepoint "Cleanup", Time since last: 1000125143 ns, Reaching safepoint: 183094 ns, At safepoint: 7148 ns, Total: 190242 ns
[2023-05-16T03:16:14.343+0000][6][safepoint    ] Safepoint "Cleanup", Time since last: 1000127329 ns, Reaching safepoint: 290474 ns, At safepoint: 7115 ns, Total: 297589 ns
[2023-05-16T03:16:15.343+0000][6][safepoint    ] Safepoint "Cleanup", Time since last: 1000144466 ns, Reaching safepoint: 86157 ns, At safepoint: 3725 ns, Total: 89882 ns
[2023-05-16T03:16:16.343+0000][6][safepoint    ] Safepoint "Cleanup", Time since last: 1000108069 ns, Reaching safepoint: 97119 ns, At safepoint: 3429 ns, Total: 100548 ns
[2023-05-16T03:16:17.344+0000][6][safepoint    ] Safepoint "Cleanup", Time since last: 1000178212 ns, Reaching safepoint: 489777 ns, At safepoint: 8048 ns, Total: 497825 ns
[2023-05-16T03:16:18.344+0000][6][safepoint    ] Safepoint "Cleanup", Time since last: 1000275527 ns, Reaching safepoint: 106302 ns, At safepoint: 4683 ns, Total: 110985 ns
[2023-05-16T03:16:19.344+0000][6][safepoint    ] Safepoint "Cleanup", Time since last: 1000115094 ns, Reaching safepoint: 207300 ns, At safepoint: 6373 ns, Total: 213673 ns
[2023-05-16T03:16:20.345+0000][6][safepoint    ] Safepoint "Cleanup", Time since last: 1000092355 ns, Reaching safepoint: 129572 ns, At safepoint: 4108 ns, Total: 133680 ns
[2023-05-16T03:16:21.345+0000][6][safepoint    ] Safepoint "Cleanup", Time since last: 1000111448 ns, Reaching safepoint: 92463 ns, At safepoint: 3912 ns, Total: 96375 ns
[2023-05-16T03:16:22.345+0000][6][safepoint    ] Safepoint "Cleanup", Time since last: 1000189813 ns, Reaching safepoint: 332888 ns, At safepoint: 9171 ns, Total: 342059 ns
[2023-05-16T03:16:23.346+0000][6][safepoint    ] Safepoint "Cleanup", Time since last: 1000188559 ns, Reaching safepoint: 171518 ns, At safepoint: 5310 ns, Total: 176828 ns
[2023-05-16T03:16:24.346+0000][6][safepoint    ] Safepoint "Cleanup", Time since last: 1000116972 ns, Reaching safepoint: 122724 ns, At safepoint: 7233 ns, Total: 129957 ns
[2023-05-16T03:16:25.346+0000][6][safepoint    ] Safepoint "Cleanup", Time since last: 1000125332 ns, Reaching safepoint: 211304 ns, At safepoint: 6593 ns, Total: 217897 ns
[2023-05-16T03:16:26.347+0000][6][safepoint    ] Safepoint "Cleanup", Time since last: 1000114070 ns, Reaching safepoint: 111854 ns, At safepoint: 6288 ns, Total: 118142 ns
[2023-05-16T03:16:27.347+0000][6][safepoint    ] Safepoint "Cleanup", Time since last: 1000125711 ns, Reaching safepoint: 180982 ns, At safepoint: 5386 ns, Total: 186368 ns
[2023-05-16T03:16:28.347+0000][6][safepoint    ] Safepoint "Cleanup", Time since last: 1000121724 ns, Reaching safepoint: 109814 ns, At safepoint: 6401 ns, Total: 116215 ns
[2023-05-16T03:16:29.347+0000][6][safepoint    ] Safepoint "Cleanup", Time since last: 1000107253 ns, Reaching safepoint: 90815 ns, At safepoint: 4078 ns, Total: 94893 ns
[2023-05-16T03:16:30.348+0000][6][safepoint    ] Safepoint "Cleanup", Time since last: 1000100524 ns, Reaching safepoint: 74937 ns, At safepoint: 4659 ns, Total: 79596 ns
[2023-05-16T03:16:31.348+0000][6][safepoint    ] Safepoint "Cleanup", Time since last: 1000112541 ns, Reaching safepoint: 107249 ns, At safepoint: 10059 ns, Total: 117308 ns
[2023-05-16T03:16:32.348+0000][6][safepoint    ] Safepoint "Cleanup", Time since last: 1000111629 ns, Reaching safepoint: 105616 ns, At safepoint: 7333 ns, Total: 112949 ns
[2023-05-16T03:16:33.348+0000][6][safepoint    ] Safepoint "Cleanup", Time since last: 1000106869 ns, Reaching safepoint: 103635 ns, At safepoint: 4910 ns, Total: 108545 ns
[2023-05-16T03:16:34.349+0000][6][safepoint    ] Safepoint "Cleanup", Time since last: 1000227984 ns, Reaching safepoint: 211541 ns, At safepoint: 5131 ns, Total: 216672 ns
[2023-05-16T03:16:35.349+0000][6][safepoint    ] Safepoint "Cleanup", Time since last: 1000107302 ns, Reaching safepoint: 93093 ns, At safepoint: 3319 ns, Total: 96412 ns
[2023-05-16T03:16:36.349+0000][6][safepoint    ] Safepoint "Cleanup", Time since last: 1000096723 ns, Reaching safepoint: 82676 ns, At safepoint: 4113 ns, Total: 86789 ns
[2023-05-16T03:16:37.349+0000][6][safepoint    ] Safepoint "Cleanup", Time since last: 1000098490 ns, Reaching safepoint: 123956 ns, At safepoint: 5418 ns, Total: 129374 ns
[2023-05-16T03:16:38.349+0000][6][safepoint    ] Safepoint "Cleanup", Time since last: 1000107737 ns, Reaching safepoint: 96102 ns, At safepoint: 7269 ns, Total: 103371 ns
[2023-05-16T03:16:39.350+0000][6][safepoint    ] Safepoint "Cleanup", Time since last: 1000092467 ns, Reaching safepoint: 108506 ns, At safepoint: 3179 ns, Total: 111685 ns
[2023-05-16T03:16:40.350+0000][6][safepoint    ] Safepoint "Cleanup", Time since last: 1000098558 ns, Reaching safepoint: 75022 ns, At safepoint: 3061 ns, Total: 78083 ns
[2023-05-16T03:16:41.350+0000][6][safepoint    ] Safepoint "Cleanup", Time since last: 1000091201 ns, Reaching safepoint: 90346 ns, At safepoint: 5078 ns, Total: 95424 ns
[2023-05-16T03:16:42.350+0000][6][safepoint    ] Safepoint "Cleanup", Time since last: 1000098545 ns, Reaching safepoint: 99680 ns, At safepoint: 5716 ns, Total: 105396 ns
[2023-05-16T03:16:43.350+0000][6][safepoint    ] Safepoint "Cleanup", Time since last: 1000083648 ns, Reaching safepoint: 98179 ns, At safepoint: 3491 ns, Total: 101670 ns
[2023-05-16T03:16:44.351+0000][6][safepoint    ] Safepoint "Cleanup", Time since last: 1000118435 ns, Reaching safepoint: 330205 ns, At safepoint: 8738 ns, Total: 338943 ns
[2023-05-16T03:16:45.351+0000][6][safepoint    ] Safepoint "Cleanup", Time since last: 1000167323 ns, Reaching safepoint: 94922 ns, At safepoint: 4457 ns, Total: 99379 ns
[2023-05-16T03:16:46.351+0000][6][safepoint    ] Safepoint "Cleanup", Time since last: 1000120523 ns, Reaching safepoint: 104498 ns, At safepoint: 6090 ns, Total: 110588 ns
[2023-05-16T03:16:47.352+0000][6][safepoint    ] Safepoint "Cleanup", Time since last: 1000113318 ns, Reaching safepoint: 113090 ns, At safepoint: 6453 ns, Total: 119543 ns
[2023-05-16T03:16:48.352+0000][6][safepoint    ] Safepoint "Cleanup", Time since last: 1000104717 ns, Reaching safepoint: 78627 ns, At safepoint: 3388 ns, Total: 82015 ns
[2023-05-16T03:16:49.352+0000][6][safepoint    ] Safepoint "Cleanup", Time since last: 1000074935 ns, Reaching safepoint: 198308 ns, At safepoint: 5587 ns, Total: 203895 ns
[2023-05-16T03:16:50.352+0000][6][safepoint    ] Safepoint "Cleanup", Time since last: 1000211811 ns, Reaching safepoint: 99612 ns, At safepoint: 4403 ns, Total: 104015 ns
[2023-05-16T03:16:51.353+0000][6][safepoint    ] Safepoint "Cleanup", Time since last: 1000066222 ns, Reaching safepoint: 101718 ns, At safepoint: 33671 ns, Total: 135389 ns
[2023-05-16T03:16:52.353+0000][6][safepoint    ] Safepoint "Cleanup", Time since last: 1000107887 ns, Reaching safepoint: 73080 ns, At safepoint: 3144 ns, Total: 76224 ns
[2023-05-16T03:16:53.353+0000][6][safepoint    ] Safepoint "Cleanup", Time since last: 1000129450 ns, Reaching safepoint: 376593 ns, At safepoint: 8916 ns, Total: 385509 ns
[2023-05-16T03:16:54.354+0000][6][safepoint    ] Safepoint "Cleanup", Time since last: 1000235788 ns, Reaching safepoint: 225814 ns, At safepoint: 6149 ns, Total: 231963 ns
[2023-05-16T03:16:55.354+0000][6][safepoint    ] Safepoint "Cleanup", Time since last: 1000135722 ns, Reaching safepoint: 214061 ns, At safepoint: 5152 ns, Total: 219213 ns
[2023-05-16T03:16:56.354+0000][6][safepoint    ] Safepoint "Cleanup", Time since last: 1000132270 ns, Reaching safepoint: 163333 ns, At safepoint: 8932 ns, Total: 172265 ns
[2023-05-16T03:16:57.355+0000][6][safepoint    ] Safepoint "Cleanup", Time since last: 1000119052 ns, Reaching safepoint: 201890 ns, At safepoint: 8743 ns, Total: 210633 ns
[2023-05-16T03:16:58.355+0000][6][safepoint    ] Safepoint "Cleanup", Time since last: 1000119864 ns, Reaching safepoint: 82680 ns, At safepoint: 2848 ns, Total: 85528 ns
[2023-05-16T03:16:59.355+0000][6][safepoint    ] Safepoint "Cleanup", Time since last: 1000096651 ns, Reaching safepoint: 122007 ns, At safepoint: 3532 ns, Total: 125539 ns
[2023-05-16T03:17:00.355+0000][6][safepoint    ] Safepoint "Cleanup", Time since last: 1000121571 ns, Reaching safepoint: 119164 ns, At safepoint: 7317 ns, Total: 126481 ns
[2023-05-16T03:17:01.356+0000][6][safepoint    ] Safepoint "Cleanup", Time since last: 1000091773 ns, Reaching safepoint: 158694 ns, At safepoint: 4760 ns, Total: 163454 ns
[2023-05-16T03:17:02.356+0000][6][safepoint    ] Safepoint "Cleanup", Time since last: 1000140404 ns, Reaching safepoint: 125489 ns, At safepoint: 5215 ns, Total: 130704 ns
[2023-05-16T03:17:03.357+0000][6][safepoint    ] Safepoint "Cleanup", Time since last: 1000187592 ns, Reaching safepoint: 340693 ns, At safepoint: 10481 ns, Total: 351174 ns
[2023-05-16T03:17:04.357+0000][6][safepoint    ] Safepoint "Cleanup", Time since last: 1000332986 ns, Reaching safepoint: 213418 ns, At safepoint: 5883 ns, Total: 219301 ns
[2023-05-16T03:17:05.357+0000][6][safepoint    ] Safepoint "Cleanup", Time since last: 1000165224 ns, Reaching safepoint: 190893 ns, At safepoint: 3587 ns, Total: 194480 ns
[2023-05-16T03:17:06.358+0000][6][safepoint    ] Safepoint "Cleanup", Time since last: 1000112417 ns, Reaching safepoint: 136632 ns, At safepoint: 3897 ns, Total: 140529 ns
[2023-05-16T03:17:07.358+0000][6][safepoint    ] Safepoint "Cleanup", Time since last: 1000111714 ns, Reaching safepoint: 618356 ns, At safepoint: 13426 ns, Total: 631782 ns
[2023-05-16T03:17:08.359+0000][6][safepoint    ] Safepoint "Cleanup", Time since last: 1000269182 ns, Reaching safepoint: 102475 ns, At safepoint: 5063 ns, Total: 107538 ns
[2023-05-16T03:17:09.359+0000][6][safepoint    ] Safepoint "Cleanup", Time since last: 1000108908 ns, Reaching safepoint: 151170 ns, At safepoint: 8299 ns, Total: 159469 ns
[2023-05-16T03:17:10.359+0000][6][safepoint    ] Safepoint "Cleanup", Time since last: 1000118284 ns, Reaching safepoint: 171660 ns, At safepoint: 9169 ns, Total: 180829 ns
[2023-05-16T03:17:11.360+0000][6][safepoint    ] Safepoint "Cleanup", Time since last: 1000110325 ns, Reaching safepoint: 497804 ns, At safepoint: 6741 ns, Total: 504545 ns
[2023-05-16T03:17:12.360+0000][6][safepoint    ] Safepoint "Cleanup", Time since last: 1000121373 ns, Reaching safepoint: 102341 ns, At safepoint: 4298 ns, Total: 106639 ns
[2023-05-16T03:17:13.360+0000][6][safepoint    ] Safepoint "Cleanup", Time since last: 1000108273 ns, Reaching safepoint: 124458 ns, At safepoint: 4339 ns, Total: 128797 ns
[2023-05-16T03:17:14.361+0000][6][safepoint    ] Safepoint "Cleanup", Time since last: 1000227107 ns, Reaching safepoint: 627828 ns, At safepoint: 16782 ns, Total: 644610 ns
[2023-05-16T03:17:15.362+0000][6][safepoint    ] Safepoint "Cleanup", Time since last: 1000302910 ns, Reaching safepoint: 218035 ns, At safepoint: 6029 ns, Total: 224064 ns
[2023-05-16T03:17:16.362+0000][6][safepoint    ] Safepoint "Cleanup", Time since last: 1000142802 ns, Reaching safepoint: 130539 ns, At safepoint: 5591 ns, Total: 136130 ns
[2023-05-16T03:17:17.362+0000][6][safepoint    ] Safepoint "Cleanup", Time since last: 1000116254 ns, Reaching safepoint: 121598 ns, At safepoint: 6535 ns, Total: 128133 ns
[2023-05-16T03:17:18.363+0000][6][safepoint    ] Safepoint "Cleanup", Time since last: 1000123583 ns, Reaching safepoint: 114733 ns, At safepoint: 6763 ns, Total: 121496 ns
[2023-05-16T03:17:19.364+0000][6][safepoint    ] Safepoint "Cleanup", Time since last: 1000198308 ns, Reaching safepoint: 1105545 ns, At safepoint: 53211 ns, Total: 1158756 ns
[2023-05-16T03:17:20.365+0000][6][safepoint    ] Safepoint "Cleanup", Time since last: 1000387784 ns, Reaching safepoint: 368877 ns, At safepoint: 6433 ns, Total: 375310 ns
[2023-05-16T03:17:21.365+0000][6][safepoint    ] Safepoint "Cleanup", Time since last: 1000146476 ns, Reaching safepoint: 136629 ns, At safepoint: 5535 ns, Total: 142164 ns
[2023-05-16T03:17:21.940+0000][6][gc,start     ] GC(33) Pause Young (Normal) (G1 Evacuation Pause)
[2023-05-16T03:17:21.940+0000][6][gc,task      ] GC(33) Using 8 workers of 8 for evacuation
[2023-05-16T03:17:21.940+0000][6][gc,age       ] GC(33) Desired survivor size 36700160 bytes, new threshold 9 (max threshold 15)
[2023-05-16T03:17:21.962+0000][6][gc,age       ] GC(33) Age table with threshold 9 (max threshold 15)
[2023-05-16T03:17:21.962+0000][6][gc,age       ] GC(33) - age   1:   10573216 bytes,   10573216 total
[2023-05-16T03:17:21.962+0000][6][gc,age       ] GC(33) - age   2:    6518400 bytes,   17091616 total
[2023-05-16T03:17:21.962+0000][6][gc,age       ] GC(33) - age   3:    1313960 bytes,   18405576 total
[2023-05-16T03:17:21.962+0000][6][gc,age       ] GC(33) - age   4:    4547024 bytes,   22952600 total
[2023-05-16T03:17:21.962+0000][6][gc,age       ] GC(33) - age   5:    4403608 bytes,   27356208 total
[2023-05-16T03:17:21.962+0000][6][gc,age       ] GC(33) - age   6:    4499256 bytes,   31855464 total
[2023-05-16T03:17:21.962+0000][6][gc,age       ] GC(33) - age   7:    4470864 bytes,   36326328 total
[2023-05-16T03:17:21.962+0000][6][gc,age       ] GC(33) - age   8:    4459712 bytes,   40786040 total
[2023-05-16T03:17:21.962+0000][6][gc,age       ] GC(33) - age   9:    4360416 bytes,   45146456 total
[2023-05-16T03:17:21.963+0000][6][gc,phases    ] GC(33)   Pre Evacuate Collection Set: 0.1ms
[2023-05-16T03:17:21.963+0000][6][gc,phases    ] GC(33)   Merge Heap Roots: 0.1ms
[2023-05-16T03:17:21.963+0000][6][gc,phases    ] GC(33)   Evacuate Collection Set: 18.7ms
[2023-05-16T03:17:21.963+0000][6][gc,phases    ] GC(33)   Post Evacuate Collection Set: 3.5ms
[2023-05-16T03:17:21.963+0000][6][gc,phases    ] GC(33)   Other: 0.9ms
[2023-05-16T03:17:21.963+0000][6][gc,heap      ] GC(33) Eden regions: 512->0(497)
[2023-05-16T03:17:21.963+0000][6][gc,heap      ] GC(33) Survivor regions: 43->48(70)
[2023-05-16T03:17:21.963+0000][6][gc,heap      ] GC(33) Old regions: 115->119
[2023-05-16T03:17:21.963+0000][6][gc,heap      ] GC(33) Archive regions: 2->2
[2023-05-16T03:17:21.963+0000][6][gc,heap      ] GC(33) Humongous regions: 55->54
[2023-05-16T03:17:21.963+0000][6][gc,metaspace ] GC(33) Metaspace: 96938K(104428K)->96938K(104428K) NonClass: 84289K(88684K)->84289K(88684K) Class: 12648K(15744K)->12648K(15744K)
[2023-05-16T03:17:21.963+0000][6][gc           ] GC(33) Pause Young (Normal) (G1 Evacuation Pause) 725M->221M(1024M) 23.580ms
[2023-05-16T03:17:21.963+0000][6][gc,cpu       ] GC(33) User=0.08s Sys=0.00s Real=0.03s
[2023-05-16T03:17:21.963+0000][6][safepoint    ] Safepoint "G1CollectForAllocation", Time since last: 574360960 ns, Reaching safepoint: 97906 ns, At safepoint: 23916801 ns, Total: 24014707 ns
[2023-05-16T03:17:22.964+0000][6][safepoint    ] Safepoint "Cleanup", Time since last: 1000099203 ns, Reaching safepoint: 93802 ns, At safepoint: 4029 ns, Total: 97831 ns
[2023-05-16T03:17:23.964+0000][6][safepoint    ] Safepoint "Cleanup", Time since last: 1000141954 ns, Reaching safepoint: 324906 ns, At safepoint: 4007 ns, Total: 328913 ns
[2023-05-16T03:17:24.965+0000][6][safepoint    ] Safepoint "Cleanup", Time since last: 1000236266 ns, Reaching safepoint: 572976 ns, At safepoint: 8975 ns, Total: 581951 ns
[2023-05-16T03:17:25.965+0000][6][safepoint    ] Safepoint "Cleanup", Time since last: 1000296419 ns, Reaching safepoint: 133157 ns, At safepoint: 3981 ns, Total: 137138 ns
[2023-05-16T03:17:26.966+0000][6][safepoint    ] Safepoint "Cleanup", Time since last: 1000142385 ns, Reaching safepoint: 395529 ns, At safepoint: 11165 ns, Total: 406694 ns
[2023-05-16T03:17:27.966+0000][6][safepoint    ] Safepoint "Cleanup", Time since last: 1000322891 ns, Reaching safepoint: 113592 ns, At safepoint: 8702 ns, Total: 122294 ns
[2023-05-16T03:17:28.967+0000][6][safepoint    ] Safepoint "Cleanup", Time since last: 1000110215 ns, Reaching safepoint: 152824 ns, At safepoint: 6474 ns, Total: 159298 ns
[2023-05-16T03:17:29.967+0000][6][safepoint    ] Safepoint "Cleanup", Time since last: 1000125017 ns, Reaching safepoint: 122190 ns, At safepoint: 6612 ns, Total: 128802 ns
[2023-05-16T03:17:30.968+0000][6][safepoint    ] Safepoint "Cleanup", Time since last: 1000174399 ns, Reaching safepoint: 1014317 ns, At safepoint: 30228 ns, Total: 1044545 ns
[2023-05-16T03:17:31.968+0000][6][safepoint    ] Safepoint "Cleanup", Time since last: 1000298396 ns, Reaching safepoint: 118766 ns, At safepoint: 5075 ns, Total: 123841 ns
[2023-05-16T03:17:32.969+0000][6][safepoint    ] Safepoint "Cleanup", Time since last: 1000121247 ns, Reaching safepoint: 149351 ns, At safepoint: 6083 ns, Total: 155434 ns
[2023-05-16T03:17:33.970+0000][6][safepoint    ] Safepoint "Cleanup", Time since last: 1000196383 ns, Reaching safepoint: 615587 ns, At safepoint: 13812 ns, Total: 629399 ns
[2023-05-16T03:17:34.970+0000][6][safepoint    ] Safepoint "Cleanup", Time since last: 1000288708 ns, Reaching safepoint: 225205 ns, At safepoint: 3416 ns, Total: 228621 ns
[2023-05-16T03:17:35.970+0000][6][safepoint    ] Safepoint "Cleanup", Time since last: 1000174689 ns, Reaching safepoint: 209947 ns, At safepoint: 12874 ns, Total: 222821 ns
[2023-05-16T03:17:36.971+0000][6][safepoint    ] Safepoint "Cleanup", Time since last: 1000227442 ns, Reaching safepoint: 512191 ns, At safepoint: 13141 ns, Total: 525332 ns
[2023-05-16T03:17:37.972+0000][6][safepoint    ] Safepoint "Cleanup", Time since last: 1000248136 ns, Reaching safepoint: 406956 ns, At safepoint: 8383 ns, Total: 415339 ns
[2023-05-16T03:17:38.972+0000][6][safepoint    ] Safepoint "Cleanup", Time since last: 1000200325 ns, Reaching safepoint: 243280 ns, At safepoint: 5522 ns, Total: 248802 ns
[2023-05-16T03:17:39.973+0000][6][safepoint    ] Safepoint "Cleanup", Time since last: 1000123442 ns, Reaching safepoint: 320227 ns, At safepoint: 14631 ns, Total: 334858 ns
[2023-05-16T03:17:40.973+0000][6][safepoint    ] Safepoint "Cleanup", Time since last: 1000233494 ns, Reaching safepoint: 97159 ns, At safepoint: 5763 ns, Total: 102922 ns
[2023-05-16T03:17:41.973+0000][6][safepoint    ] Safepoint "Cleanup", Time since last: 1000120431 ns, Reaching safepoint: 111267 ns, At safepoint: 5991 ns, Total: 117258 ns
[2023-05-16T03:17:42.974+0000][6][safepoint    ] Safepoint "Cleanup", Time since last: 1000211992 ns, Reaching safepoint: 615861 ns, At safepoint: 15534 ns, Total: 631395 ns
[2023-05-16T03:17:43.974+0000][6][safepoint    ] Safepoint "Cleanup", Time since last: 1000121383 ns, Reaching safepoint: 117591 ns, At safepoint: 3726 ns, Total: 121317 ns
[2023-05-16T03:17:44.975+0000][6][safepoint    ] Safepoint "Cleanup", Time since last: 1000101852 ns, Reaching safepoint: 88543 ns, At safepoint: 3287 ns, Total: 91830 ns
[2023-05-16T03:17:45.975+0000][6][safepoint    ] Safepoint "Cleanup", Time since last: 1000116593 ns, Reaching safepoint: 483270 ns, At safepoint: 10173 ns, Total: 493443 ns
[2023-05-16T03:17:46.976+0000][6][safepoint    ] Safepoint "Cleanup", Time since last: 1000304503 ns, Reaching safepoint: 440150 ns, At safepoint: 9742 ns, Total: 449892 ns
[2023-05-16T03:17:47.976+0000][6][safepoint    ] Safepoint "Cleanup", Time since last: 1000231815 ns, Reaching safepoint: 86185 ns, At safepoint: 4557 ns, Total: 90742 ns
[2023-05-16T03:17:48.977+0000][6][safepoint    ] Safepoint "Cleanup", Time since last: 1000179235 ns, Reaching safepoint: 601748 ns, At safepoint: 7128 ns, Total: 608876 ns
[2023-05-16T03:17:49.978+0000][6][safepoint    ] Safepoint "Cleanup", Time since last: 1000212748 ns, Reaching safepoint: 195721 ns, At safepoint: 4029 ns, Total: 199750 ns
[2023-05-16T03:17:50.978+0000][6][safepoint    ] Safepoint "Cleanup", Time since last: 1000126178 ns, Reaching safepoint: 115924 ns, At safepoint: 8780 ns, Total: 124704 ns
[2023-05-16T03:17:51.979+0000][6][safepoint    ] Safepoint "Cleanup", Time since last: 1000232420 ns, Reaching safepoint: 754588 ns, At safepoint: 22664 ns, Total: 777252 ns
[2023-05-16T03:17:52.979+0000][6][safepoint    ] Safepoint "Cleanup", Time since last: 1000254150 ns, Reaching safepoint: 83638 ns, At safepoint: 3222 ns, Total: 86860 ns
[2023-05-16T03:17:53.979+0000][6][safepoint    ] Safepoint "Cleanup", Time since last: 1000099517 ns, Reaching safepoint: 107821 ns, At safepoint: 4956 ns, Total: 112777 ns
[2023-05-16T03:17:54.980+0000][6][safepoint    ] Safepoint "Cleanup", Time since last: 1000103372 ns, Reaching safepoint: 120792 ns, At safepoint: 4284 ns, Total: 125076 ns
[2023-05-16T03:17:55.980+0000][6][safepoint    ] Safepoint "Cleanup", Time since last: 1000123713 ns, Reaching safepoint: 240834 ns, At safepoint: 10111 ns, Total: 250945 ns
[2023-05-16T03:17:56.980+0000][6][safepoint    ] Safepoint "Cleanup", Time since last: 1000221969 ns, Reaching safepoint: 171613 ns, At safepoint: 6377 ns, Total: 177990 ns
[2023-05-16T03:17:57.981+0000][6][safepoint    ] Safepoint "Cleanup", Time since last: 1000129663 ns, Reaching safepoint: 185823 ns, At safepoint: 4646 ns, Total: 190469 ns
[2023-05-16T03:17:58.981+0000][6][safepoint    ] Safepoint "Cleanup", Time since last: 1000126567 ns, Reaching safepoint: 111293 ns, At safepoint: 3218 ns, Total: 114511 ns
[2023-05-16T03:17:59.981+0000][6][safepoint    ] Safepoint "Cleanup", Time since last: 1000100229 ns, Reaching safepoint: 239830 ns, At safepoint: 4612 ns, Total: 244442 ns
[2023-05-16T03:18:00.981+0000][6][safepoint    ] Safepoint "Cleanup", Time since last: 1000098363 ns, Reaching safepoint: 82005 ns, At safepoint: 3484 ns, Total: 85489 ns
[2023-05-16T03:18:01.982+0000][6][safepoint    ] Safepoint "Cleanup", Time since last: 1000170457 ns, Reaching safepoint: 445885 ns, At safepoint: 7271 ns, Total: 453156 ns
[2023-05-16T03:18:02.983+0000][6][safepoint    ] Safepoint "Cleanup", Time since last: 1000270380 ns, Reaching safepoint: 185896 ns, At safepoint: 4972 ns, Total: 190868 ns
[2023-05-16T03:18:03.983+0000][6][safepoint    ] Safepoint "Cleanup", Time since last: 1000119862 ns, Reaching safepoint: 113243 ns, At safepoint: 7756 ns, Total: 120999 ns
[2023-05-16T03:18:04.983+0000][6][safepoint    ] Safepoint "Cleanup", Time since last: 1000126898 ns, Reaching safepoint: 184341 ns, At safepoint: 7492 ns, Total: 191833 ns
[2023-05-16T03:18:05.983+0000][6][safepoint    ] Safepoint "Cleanup", Time since last: 1000145282 ns, Reaching safepoint: 126581 ns, At safepoint: 3610 ns, Total: 130191 ns
[2023-05-16T03:18:06.984+0000][6][safepoint    ] Safepoint "Cleanup", Time since last: 1000137860 ns, Reaching safepoint: 147548 ns, At safepoint: 5524 ns, Total: 153072 ns
[2023-05-16T03:18:07.984+0000][6][safepoint    ] Safepoint "Cleanup", Time since last: 1000131089 ns, Reaching safepoint: 123808 ns, At safepoint: 6619 ns, Total: 130427 ns
[2023-05-16T03:18:08.984+0000][6][safepoint    ] Safepoint "Cleanup", Time since last: 1000104403 ns, Reaching safepoint: 96304 ns, At safepoint: 4669 ns, Total: 100973 ns
[2023-05-16T03:18:09.985+0000][6][safepoint    ] Safepoint "Cleanup", Time since last: 1000242749 ns, Reaching safepoint: 642489 ns, At safepoint: 8761 ns, Total: 651250 ns
[2023-05-16T03:18:10.986+0000][6][safepoint    ] Safepoint "Cleanup", Time since last: 1000231058 ns, Reaching safepoint: 258950 ns, At safepoint: 8568 ns, Total: 267518 ns
[2023-05-16T03:18:11.986+0000][6][safepoint    ] Safepoint "Cleanup", Time since last: 1000177470 ns, Reaching safepoint: 441757 ns, At safepoint: 13395 ns, Total: 455152 ns
[2023-05-16T03:18:12.987+0000][6][safepoint    ] Safepoint "Cleanup", Time since last: 1000182822 ns, Reaching safepoint: 218299 ns, At safepoint: 6051 ns, Total: 224350 ns
[2023-05-16T03:18:13.987+0000][6][safepoint    ] Safepoint "Cleanup", Time since last: 1000115788 ns, Reaching safepoint: 253256 ns, At safepoint: 4982 ns, Total: 258238 ns
[2023-05-16T03:18:14.987+0000][6][safepoint    ] Safepoint "Cleanup", Time since last: 1000127701 ns, Reaching safepoint: 419942 ns, At safepoint: 4898 ns, Total: 424840 ns
[2023-05-16T03:18:15.988+0000][6][safepoint    ] Safepoint "Cleanup", Time since last: 1000203284 ns, Reaching safepoint: 170276 ns, At safepoint: 7109 ns, Total: 177385 ns
[2023-05-16T03:18:16.988+0000][6][safepoint    ] Safepoint "Cleanup", Time since last: 1000136306 ns, Reaching safepoint: 214014 ns, At safepoint: 6732 ns, Total: 220746 ns
[2023-05-16T03:18:17.989+0000][6][safepoint    ] Safepoint "Cleanup", Time since last: 1000179782 ns, Reaching safepoint: 212374 ns, At safepoint: 3561 ns, Total: 215935 ns
[2023-05-16T03:18:18.989+0000][6][safepoint    ] Safepoint "Cleanup", Time since last: 1000103062 ns, Reaching safepoint: 136579 ns, At safepoint: 3099 ns, Total: 139678 ns
[2023-05-16T03:18:19.989+0000][6][safepoint    ] Safepoint "Cleanup", Time since last: 1000118088 ns, Reaching safepoint: 168456 ns, At safepoint: 10049 ns, Total: 178505 ns
[2023-05-16T03:18:20.990+0000][6][safepoint    ] Safepoint "Cleanup", Time since last: 1000195577 ns, Reaching safepoint: 553951 ns, At safepoint: 6499 ns, Total: 560450 ns
[2023-05-16T03:18:21.990+0000][6][safepoint    ] Safepoint "Cleanup", Time since last: 1000274052 ns, Reaching safepoint: 118173 ns, At safepoint: 4108 ns, Total: 122281 ns
[2023-05-16T03:18:23.363+0000][6][safepoint    ] Safepoint "Cleanup", Time since last: 1372187521 ns, Reaching safepoint: 189562 ns, At safepoint: 5551 ns, Total: 195113 ns
[2023-05-16T03:18:24.363+0000][6][safepoint    ] Safepoint "Cleanup", Time since last: 1000099117 ns, Reaching safepoint: 147048 ns, At safepoint: 3218 ns, Total: 150266 ns
[2023-05-16T03:18:25.364+0000][6][safepoint    ] Safepoint "Cleanup", Time since last: 1000134905 ns, Reaching safepoint: 616913 ns, At safepoint: 19375 ns, Total: 636288 ns
[2023-05-16T03:18:26.364+0000][6][safepoint    ] Safepoint "Cleanup", Time since last: 1000297512 ns, Reaching safepoint: 114193 ns, At safepoint: 4317 ns, Total: 118510 ns
[2023-05-16T03:18:27.365+0000][6][safepoint    ] Safepoint "Cleanup", Time since last: 1000139944 ns, Reaching safepoint: 599974 ns, At safepoint: 11393 ns, Total: 611367 ns
[2023-05-16T03:18:28.365+0000][6][safepoint    ] Safepoint "Cleanup", Time since last: 1000254804 ns, Reaching safepoint: 150740 ns, At safepoint: 4182 ns, Total: 154922 ns
[2023-05-16T03:18:29.366+0000][6][safepoint    ] Safepoint "Cleanup", Time since last: 1000188327 ns, Reaching safepoint: 651734 ns, At safepoint: 16352 ns, Total: 668086 ns
[2023-05-16T03:18:30.367+0000][6][safepoint    ] Safepoint "Cleanup", Time since last: 1000375346 ns, Reaching safepoint: 458319 ns, At safepoint: 11476 ns, Total: 469795 ns
[2023-05-16T03:18:31.368+0000][6][safepoint    ] Safepoint "Cleanup", Time since last: 1000411362 ns, Reaching safepoint: 649434 ns, At safepoint: 8890 ns, Total: 658324 ns
[2023-05-16T03:18:32.369+0000][6][safepoint    ] Safepoint "Cleanup", Time since last: 1000306565 ns, Reaching safepoint: 382857 ns, At safepoint: 10812 ns, Total: 393669 ns
[2023-05-16T03:18:33.369+0000][6][safepoint    ] Safepoint "Cleanup", Time since last: 1000216642 ns, Reaching safepoint: 117698 ns, At safepoint: 3807 ns, Total: 121505 ns
[2023-05-16T03:18:34.369+0000][6][safepoint    ] Safepoint "Cleanup", Time since last: 1000122636 ns, Reaching safepoint: 119209 ns, At safepoint: 4907 ns, Total: 124116 ns
[2023-05-16T03:18:35.370+0000][6][safepoint    ] Safepoint "Cleanup", Time since last: 1000120671 ns, Reaching safepoint: 155629 ns, At safepoint: 4035 ns, Total: 159664 ns
[2023-05-16T03:18:36.371+0000][6][safepoint    ] Safepoint "Cleanup", Time since last: 1000162476 ns, Reaching safepoint: 828041 ns, At safepoint: 25158 ns, Total: 853199 ns
[2023-05-16T03:18:37.371+0000][6][safepoint    ] Safepoint "Cleanup", Time since last: 1000243223 ns, Reaching safepoint: 94692 ns, At safepoint: 6349 ns, Total: 101041 ns
[2023-05-16T03:18:38.371+0000][6][safepoint    ] Safepoint "Cleanup", Time since last: 1000098624 ns, Reaching safepoint: 83750 ns, At safepoint: 3803 ns, Total: 87553 ns
[2023-05-16T03:18:39.371+0000][6][safepoint    ] Safepoint "Cleanup", Time since last: 1000097473 ns, Reaching safepoint: 106915 ns, At safepoint: 5738 ns, Total: 112653 ns
[2023-05-16T03:18:40.372+0000][6][safepoint    ] Safepoint "Cleanup", Time since last: 1000095269 ns, Reaching safepoint: 83012 ns, At safepoint: 3615 ns, Total: 86627 ns
[2023-05-16T03:18:41.372+0000][6][safepoint    ] Safepoint "Cleanup", Time since last: 1000114515 ns, Reaching safepoint: 125656 ns, At safepoint: 6635 ns, Total: 132291 ns
[2023-05-16T03:18:42.372+0000][6][safepoint    ] Safepoint "Cleanup", Time since last: 1000122175 ns, Reaching safepoint: 132369 ns, At safepoint: 7596 ns, Total: 139965 ns
[2023-05-16T03:18:42.572+0000][6][gc,start     ] GC(34) Pause Young (Normal) (G1 Evacuation Pause)
[2023-05-16T03:18:42.572+0000][6][gc,task      ] GC(34) Using 8 workers of 8 for evacuation
[2023-05-16T03:18:42.572+0000][6][gc,age       ] GC(34) Desired survivor size 36175872 bytes, new threshold 7 (max threshold 15)
[2023-05-16T03:18:42.588+0000][6][gc,age       ] GC(34) Age table with threshold 7 (max threshold 15)
[2023-05-16T03:18:42.588+0000][6][gc,age       ] GC(34) - age   1:   11211080 bytes,   11211080 total
[2023-05-16T03:18:42.588+0000][6][gc,age       ] GC(34) - age   2:    7002552 bytes,   18213632 total
[2023-05-16T03:18:42.588+0000][6][gc,age       ] GC(34) - age   3:    6515920 bytes,   24729552 total
[2023-05-16T03:18:42.588+0000][6][gc,age       ] GC(34) - age   4:    1313960 bytes,   26043512 total
[2023-05-16T03:18:42.588+0000][6][gc,age       ] GC(34) - age   5:    4547024 bytes,   30590536 total
[2023-05-16T03:18:42.588+0000][6][gc,age       ] GC(34) - age   6:    4403608 bytes,   34994144 total
[2023-05-16T03:18:42.588+0000][6][gc,age       ] GC(34) - age   7:    4499256 bytes,   39493400 total
[2023-05-16T03:18:42.588+0000][6][gc,phases    ] GC(34)   Pre Evacuate Collection Set: 0.1ms
[2023-05-16T03:18:42.588+0000][6][gc,phases    ] GC(34)   Merge Heap Roots: 0.1ms
[2023-05-16T03:18:42.588+0000][6][gc,phases    ] GC(34)   Evacuate Collection Set: 15.2ms
[2023-05-16T03:18:42.588+0000][6][gc,phases    ] GC(34)   Post Evacuate Collection Set: 0.7ms
[2023-05-16T03:18:42.588+0000][6][gc,phases    ] GC(34)   Other: 0.2ms
[2023-05-16T03:18:42.588+0000][6][gc,heap      ] GC(34) Eden regions: 497->0(494)
[2023-05-16T03:18:42.588+0000][6][gc,heap      ] GC(34) Survivor regions: 48->42(69)
[2023-05-16T03:18:42.588+0000][6][gc,heap      ] GC(34) Old regions: 119->132
[2023-05-16T03:18:42.588+0000][6][gc,heap      ] GC(34) Archive regions: 2->2
[2023-05-16T03:18:42.588+0000][6][gc,heap      ] GC(34) Humongous regions: 56->56
[2023-05-16T03:18:42.588+0000][6][gc,metaspace ] GC(34) Metaspace: 96940K(104428K)->96940K(104428K) NonClass: 84291K(88684K)->84291K(88684K) Class: 12648K(15744K)->12648K(15744K)
[2023-05-16T03:18:42.588+0000][6][gc           ] GC(34) Pause Young (Normal) (G1 Evacuation Pause) 720M->230M(1024M) 16.360ms
[2023-05-16T03:18:42.588+0000][6][gc,cpu       ] GC(34) User=0.08s Sys=0.00s Real=0.01s
[2023-05-16T03:18:42.588+0000][6][safepoint    ] Safepoint "G1CollectForAllocation", Time since last: 199369002 ns, Reaching safepoint: 80251 ns, At safepoint: 16448345 ns, Total: 16528596 ns
[2023-05-16T03:18:43.588+0000][6][safepoint    ] Safepoint "Cleanup", Time since last: 1000076294 ns, Reaching safepoint: 102011 ns, At safepoint: 4457 ns, Total: 106468 ns
[2023-05-16T03:18:44.588+0000][6][safepoint    ] Safepoint "Cleanup", Time since last: 1000120610 ns, Reaching safepoint: 76178 ns, At safepoint: 2579 ns, Total: 78757 ns
[2023-05-16T03:18:45.589+0000][6][safepoint    ] Safepoint "Cleanup", Time since last: 1000092359 ns, Reaching safepoint: 128746 ns, At safepoint: 4694 ns, Total: 133440 ns
[2023-05-16T03:18:46.589+0000][6][safepoint    ] Safepoint "Cleanup", Time since last: 1000106855 ns, Reaching safepoint: 120562 ns, At safepoint: 5803 ns, Total: 126365 ns
[2023-05-16T03:18:47.589+0000][6][safepoint    ] Safepoint "Cleanup", Time since last: 1000102622 ns, Reaching safepoint: 88716 ns, At safepoint: 5508 ns, Total: 94224 ns
[2023-05-16T03:18:48.589+0000][6][safepoint    ] Safepoint "Cleanup", Time since last: 1000083082 ns, Reaching safepoint: 170265 ns, At safepoint: 4224 ns, Total: 174489 ns
[2023-05-16T03:18:49.590+0000][6][safepoint    ] Safepoint "Cleanup", Time since last: 1000249109 ns, Reaching safepoint: 153430 ns, At safepoint: 4144 ns, Total: 157574 ns
[2023-05-16T03:18:50.590+0000][6][safepoint    ] Safepoint "Cleanup", Time since last: 1000088057 ns, Reaching safepoint: 140481 ns, At safepoint: 3441 ns, Total: 143922 ns
[2023-05-16T03:18:51.590+0000][6][safepoint    ] Safepoint "Cleanup", Time since last: 1000143509 ns, Reaching safepoint: 244232 ns, At safepoint: 3457 ns, Total: 247689 ns
[2023-05-16T03:18:52.590+0000][6][safepoint    ] Safepoint "Cleanup", Time since last: 1000097399 ns, Reaching safepoint: 72568 ns, At safepoint: 4250 ns, Total: 76818 ns
[2023-05-16T03:18:53.591+0000][6][safepoint    ] Safepoint "Cleanup", Time since last: 1000092155 ns, Reaching safepoint: 128273 ns, At safepoint: 4021 ns, Total: 132294 ns
[2023-05-16T03:18:54.591+0000][6][safepoint    ] Safepoint "Cleanup", Time since last: 1000096169 ns, Reaching safepoint: 74884 ns, At safepoint: 2718 ns, Total: 77602 ns
[2023-05-16T03:18:55.591+0000][6][safepoint    ] Safepoint "Cleanup", Time since last: 1000102543 ns, Reaching safepoint: 181543 ns, At safepoint: 3859 ns, Total: 185402 ns
[2023-05-16T03:18:56.591+0000][6][safepoint    ] Safepoint "Cleanup", Time since last: 1000104787 ns, Reaching safepoint: 161425 ns, At safepoint: 6146 ns, Total: 167571 ns
[2023-05-16T03:18:57.592+0000][6][safepoint    ] Safepoint "Cleanup", Time since last: 1000114930 ns, Reaching safepoint: 145165 ns, At safepoint: 5522 ns, Total: 150687 ns
[2023-05-16T03:18:58.592+0000][6][safepoint    ] Safepoint "Cleanup", Time since last: 1000110940 ns, Reaching safepoint: 149422 ns, At safepoint: 4998 ns, Total: 154420 ns
[2023-05-16T03:18:59.592+0000][6][safepoint    ] Safepoint "Cleanup", Time since last: 1000105697 ns, Reaching safepoint: 323240 ns, At safepoint: 13906 ns, Total: 337146 ns
[2023-05-16T03:19:00.593+0000][6][safepoint    ] Safepoint "Cleanup", Time since last: 1000149837 ns, Reaching safepoint: 179995 ns, At safepoint: 4069 ns, Total: 184064 ns
[2023-05-16T03:19:01.593+0000][6][safepoint    ] Safepoint "Cleanup", Time since last: 1000121063 ns, Reaching safepoint: 174169 ns, At safepoint: 4857 ns, Total: 179026 ns
[2023-05-16T03:19:02.593+0000][6][safepoint    ] Safepoint "Cleanup", Time since last: 1000112104 ns, Reaching safepoint: 143238 ns, At safepoint: 10414 ns, Total: 153652 ns
[2023-05-16T03:19:03.594+0000][6][safepoint    ] Safepoint "Cleanup", Time since last: 1000117889 ns, Reaching safepoint: 184336 ns, At safepoint: 4364 ns, Total: 188700 ns
[2023-05-16T03:19:04.594+0000][6][safepoint    ] Safepoint "Cleanup", Time since last: 1000123894 ns, Reaching safepoint: 159014 ns, At safepoint: 4364 ns, Total: 163378 ns
[2023-05-16T03:19:05.594+0000][6][safepoint    ] Safepoint "Cleanup", Time since last: 1000112147 ns, Reaching safepoint: 141483 ns, At safepoint: 3193 ns, Total: 144676 ns
[2023-05-16T03:19:06.595+0000][6][safepoint    ] Safepoint "Cleanup", Time since last: 1000108928 ns, Reaching safepoint: 292952 ns, At safepoint: 5967 ns, Total: 298919 ns
[2023-05-16T03:19:07.595+0000][6][safepoint    ] Safepoint "Cleanup", Time since last: 1000081423 ns, Reaching safepoint: 150587 ns, At safepoint: 6082 ns, Total: 156669 ns
[2023-05-16T03:19:08.595+0000][6][safepoint    ] Safepoint "Cleanup", Time since last: 1000108989 ns, Reaching safepoint: 201827 ns, At safepoint: 4351 ns, Total: 206178 ns
[2023-05-16T03:19:09.595+0000][6][safepoint    ] Safepoint "Cleanup", Time since last: 1000146003 ns, Reaching safepoint: 148335 ns, At safepoint: 3916 ns, Total: 152251 ns
[2023-05-16T03:19:10.596+0000][6][safepoint    ] Safepoint "Cleanup", Time since last: 1000095548 ns, Reaching safepoint: 201702 ns, At safepoint: 4905 ns, Total: 206607 ns
[2023-05-16T03:19:11.596+0000][6][safepoint    ] Safepoint "Cleanup", Time since last: 1000109684 ns, Reaching safepoint: 156910 ns, At safepoint: 6064 ns, Total: 162974 ns
[2023-05-16T03:19:12.596+0000][6][safepoint    ] Safepoint "Cleanup", Time since last: 1000109246 ns, Reaching safepoint: 137217 ns, At safepoint: 5675 ns, Total: 142892 ns
[2023-05-16T03:19:13.597+0000][6][safepoint    ] Safepoint "Cleanup", Time since last: 1000155137 ns, Reaching safepoint: 157427 ns, At safepoint: 5870 ns, Total: 163297 ns
[2023-05-16T03:19:14.597+0000][6][safepoint    ] Safepoint "Cleanup", Time since last: 1000120240 ns, Reaching safepoint: 210488 ns, At safepoint: 8219 ns, Total: 218707 ns
[2023-05-16T03:19:15.597+0000][6][safepoint    ] Safepoint "Cleanup", Time since last: 1000112242 ns, Reaching safepoint: 119091 ns, At safepoint: 4629 ns, Total: 123720 ns
[2023-05-16T03:19:16.597+0000][6][safepoint    ] Safepoint "Cleanup", Time since last: 1000093550 ns, Reaching safepoint: 125015 ns, At safepoint: 5250 ns, Total: 130265 ns
[2023-05-16T03:19:17.598+0000][6][safepoint    ] Safepoint "Cleanup", Time since last: 1000101037 ns, Reaching safepoint: 155577 ns, At safepoint: 4584 ns, Total: 160161 ns
[2023-05-16T03:19:18.598+0000][6][safepoint    ] Safepoint "Cleanup", Time since last: 1000118705 ns, Reaching safepoint: 205013 ns, At safepoint: 7610 ns, Total: 212623 ns
[2023-05-16T03:19:19.599+0000][6][safepoint    ] Safepoint "Cleanup", Time since last: 1000229379 ns, Reaching safepoint: 319311 ns, At safepoint: 6353 ns, Total: 325664 ns
[2023-05-16T03:19:20.599+0000][6][safepoint    ] Safepoint "Cleanup", Time since last: 1000107623 ns, Reaching safepoint: 184503 ns, At safepoint: 3071 ns, Total: 187574 ns
[2023-05-16T03:19:21.599+0000][6][safepoint    ] Safepoint "Cleanup", Time since last: 1000149279 ns, Reaching safepoint: 194829 ns, At safepoint: 5803 ns, Total: 200632 ns
[2023-05-16T03:19:22.599+0000][6][safepoint    ] Safepoint "Cleanup", Time since last: 1000138199 ns, Reaching safepoint: 111168 ns, At safepoint: 4173 ns, Total: 115341 ns
[2023-05-16T03:19:23.600+0000][6][safepoint    ] Safepoint "Cleanup", Time since last: 1000094687 ns, Reaching safepoint: 128412 ns, At safepoint: 7207 ns, Total: 135619 ns
[2023-05-16T03:19:24.600+0000][6][safepoint    ] Safepoint "Cleanup", Time since last: 1000103542 ns, Reaching safepoint: 169550 ns, At safepoint: 3609 ns, Total: 173159 ns
[2023-05-16T03:19:25.600+0000][6][safepoint    ] Safepoint "Cleanup", Time since last: 1000119031 ns, Reaching safepoint: 118748 ns, At safepoint: 4208 ns, Total: 122956 ns
[2023-05-16T03:19:26.601+0000][6][safepoint    ] Safepoint "Cleanup", Time since last: 1000177743 ns, Reaching safepoint: 709068 ns, At safepoint: 23857 ns, Total: 732925 ns
[2023-05-16T03:19:27.602+0000][6][safepoint    ] Safepoint "Cleanup", Time since last: 1000549435 ns, Reaching safepoint: 784666 ns, At safepoint: 4227 ns, Total: 788893 ns
[2023-05-16T03:19:28.603+0000][6][safepoint    ] Safepoint "Cleanup", Time since last: 1000245680 ns, Reaching safepoint: 200848 ns, At safepoint: 4963 ns, Total: 205811 ns
[2023-05-16T03:19:29.604+0000][6][safepoint    ] Safepoint "Cleanup", Time since last: 1000127409 ns, Reaching safepoint: 567364 ns, At safepoint: 16128 ns, Total: 583492 ns
[2023-05-16T03:19:30.604+0000][6][safepoint    ] Safepoint "Cleanup", Time since last: 1000217950 ns, Reaching safepoint: 109018 ns, At safepoint: 4068 ns, Total: 113086 ns
[2023-05-16T03:19:31.604+0000][6][safepoint    ] Safepoint "Cleanup", Time since last: 1000083983 ns, Reaching safepoint: 100455 ns, At safepoint: 4113 ns, Total: 104568 ns
[2023-05-16T03:19:32.605+0000][6][safepoint    ] Safepoint "Cleanup", Time since last: 1000147293 ns, Reaching safepoint: 690843 ns, At safepoint: 10210 ns, Total: 701053 ns
[2023-05-16T03:19:33.616+0000][6][safepoint    ] Safepoint "Cleanup", Time since last: 1000251801 ns, Reaching safepoint: 10483818 ns, At safepoint: 5994 ns, Total: 10489812 ns
[2023-05-16T03:19:34.617+0000][6][safepoint    ] Safepoint "Cleanup", Time since last: 1000244527 ns, Reaching safepoint: 713698 ns, At safepoint: 9683 ns, Total: 723381 ns
[2023-05-16T03:19:35.617+0000][6][safepoint    ] Safepoint "Cleanup", Time since last: 1000247205 ns, Reaching safepoint: 122555 ns, At safepoint: 10540 ns, Total: 133095 ns
[2023-05-16T03:19:36.617+0000][6][safepoint    ] Safepoint "Cleanup", Time since last: 1000137763 ns, Reaching safepoint: 77314 ns, At safepoint: 3461 ns, Total: 80775 ns
[2023-05-16T03:19:37.618+0000][6][safepoint    ] Safepoint "Cleanup", Time since last: 1000118794 ns, Reaching safepoint: 886392 ns, At safepoint: 15689 ns, Total: 902081 ns
[2023-05-16T03:19:38.619+0000][6][safepoint    ] Safepoint "Cleanup", Time since last: 1000256145 ns, Reaching safepoint: 196972 ns, At safepoint: 8329 ns, Total: 205301 ns
[2023-05-16T03:19:39.619+0000][6][safepoint    ] Safepoint "Cleanup", Time since last: 1000118791 ns, Reaching safepoint: 271033 ns, At safepoint: 9336 ns, Total: 280369 ns
[2023-05-16T03:19:40.619+0000][6][safepoint    ] Safepoint "Cleanup", Time since last: 1000215617 ns, Reaching safepoint: 156213 ns, At safepoint: 6731 ns, Total: 162944 ns
[2023-05-16T03:19:41.620+0000][6][safepoint    ] Safepoint "Cleanup", Time since last: 1000117689 ns, Reaching safepoint: 94234 ns, At safepoint: 2803 ns, Total: 97037 ns
[2023-05-16T03:19:42.620+0000][6][safepoint    ] Safepoint "Cleanup", Time since last: 1000100898 ns, Reaching safepoint: 159253 ns, At safepoint: 7793 ns, Total: 167046 ns
[2023-05-16T03:19:43.620+0000][6][safepoint    ] Safepoint "Cleanup", Time since last: 1000115307 ns, Reaching safepoint: 190718 ns, At safepoint: 5937 ns, Total: 196655 ns
[2023-05-16T03:19:44.621+0000][6][safepoint    ] Safepoint "Cleanup", Time since last: 1000117627 ns, Reaching safepoint: 244439 ns, At safepoint: 5120 ns, Total: 249559 ns
[2023-05-16T03:19:45.621+0000][6][safepoint    ] Safepoint "Cleanup", Time since last: 1000139201 ns, Reaching safepoint: 106442 ns, At safepoint: 3576 ns, Total: 110018 ns
[2023-05-16T03:19:46.621+0000][6][safepoint    ] Safepoint "Cleanup", Time since last: 1000106835 ns, Reaching safepoint: 183590 ns, At safepoint: 3175 ns, Total: 186765 ns
[2023-05-16T03:19:47.622+0000][6][safepoint    ] Safepoint "Cleanup", Time since last: 1000128398 ns, Reaching safepoint: 290472 ns, At safepoint: 6387 ns, Total: 296859 ns
[2023-05-16T03:19:48.623+0000][6][safepoint    ] Safepoint "Cleanup", Time since last: 1000185303 ns, Reaching safepoint: 953649 ns, At safepoint: 10510 ns, Total: 964159 ns
[2023-05-16T03:19:49.623+0000][6][safepoint    ] Safepoint "Cleanup", Time since last: 1000345455 ns, Reaching safepoint: 233566 ns, At safepoint: 7239 ns, Total: 240805 ns
[2023-05-16T03:19:50.624+0000][6][safepoint    ] Safepoint "Cleanup", Time since last: 1000150149 ns, Reaching safepoint: 180162 ns, At safepoint: 4759 ns, Total: 184921 ns
[2023-05-16T03:19:51.624+0000][6][safepoint    ] Safepoint "Cleanup", Time since last: 1000123624 ns, Reaching safepoint: 367072 ns, At safepoint: 7540 ns, Total: 374612 ns
[2023-05-16T03:19:52.625+0000][6][safepoint    ] Safepoint "Cleanup", Time since last: 1000208925 ns, Reaching safepoint: 851036 ns, At safepoint: 8559 ns, Total: 859595 ns
[2023-05-16T03:19:53.626+0000][6][safepoint    ] Safepoint "Cleanup", Time since last: 1000268310 ns, Reaching safepoint: 224358 ns, At safepoint: 3995 ns, Total: 228353 ns
[2023-05-16T03:19:54.626+0000][6][safepoint    ] Safepoint "Cleanup", Time since last: 1000110124 ns, Reaching safepoint: 332991 ns, At safepoint: 7132 ns, Total: 340123 ns
[2023-05-16T03:19:55.627+0000][6][safepoint    ] Safepoint "Cleanup", Time since last: 1000134003 ns, Reaching safepoint: 193120 ns, At safepoint: 5657 ns, Total: 198777 ns
[2023-05-16T03:19:56.627+0000][6][safepoint    ] Safepoint "Cleanup", Time since last: 1000099459 ns, Reaching safepoint: 112301 ns, At safepoint: 5368 ns, Total: 117669 ns
[2023-05-16T03:19:57.628+0000][6][safepoint    ] Safepoint "Cleanup", Time since last: 1000151070 ns, Reaching safepoint: 908303 ns, At safepoint: 6708 ns, Total: 915011 ns
[2023-05-16T03:19:58.628+0000][6][safepoint    ] Safepoint "Cleanup", Time since last: 1000239204 ns, Reaching safepoint: 169617 ns, At safepoint: 5536 ns, Total: 175153 ns
[2023-05-16T03:19:59.628+0000][6][safepoint    ] Safepoint "Cleanup", Time since last: 1000079405 ns, Reaching safepoint: 99215 ns, At safepoint: 3962 ns, Total: 103177 ns
[2023-05-16T03:20:00.629+0000][6][safepoint    ] Safepoint "Cleanup", Time since last: 1000106951 ns, Reaching safepoint: 269600 ns, At safepoint: 5055 ns, Total: 274655 ns
[2023-05-16T03:20:01.630+0000][6][safepoint    ] Safepoint "Cleanup", Time since last: 1000221598 ns, Reaching safepoint: 488255 ns, At safepoint: 6824 ns, Total: 495079 ns
[2023-05-16T03:20:02.630+0000][6][safepoint    ] Safepoint "Cleanup", Time since last: 1000116306 ns, Reaching safepoint: 88775 ns, At safepoint: 2936 ns, Total: 91711 ns
[2023-05-16T03:20:03.630+0000][6][safepoint    ] Safepoint "Cleanup", Time since last: 1000102275 ns, Reaching safepoint: 136139 ns, At safepoint: 5086 ns, Total: 141225 ns
[2023-05-16T03:20:04.631+0000][6][safepoint    ] Safepoint "Cleanup", Time since last: 1000131627 ns, Reaching safepoint: 707050 ns, At safepoint: 4028 ns, Total: 711078 ns
[2023-05-16T03:20:05.631+0000][6][safepoint    ] Safepoint "Cleanup", Time since last: 1000125296 ns, Reaching safepoint: 165546 ns, At safepoint: 5342 ns, Total: 170888 ns
[2023-05-16T03:20:06.631+0000][6][safepoint    ] Safepoint "Cleanup", Time since last: 1000105938 ns, Reaching safepoint: 110763 ns, At safepoint: 3554 ns, Total: 114317 ns
[2023-05-16T03:20:07.632+0000][6][safepoint    ] Safepoint "Cleanup", Time since last: 1000140135 ns, Reaching safepoint: 571751 ns, At safepoint: 10451 ns, Total: 582202 ns
[2023-05-16T03:20:08.633+0000][6][safepoint    ] Safepoint "Cleanup", Time since last: 1000199543 ns, Reaching safepoint: 297103 ns, At safepoint: 7069 ns, Total: 304172 ns
[2023-05-16T03:20:09.633+0000][6][safepoint    ] Safepoint "Cleanup", Time since last: 1000160614 ns, Reaching safepoint: 189354 ns, At safepoint: 8373 ns, Total: 197727 ns
[2023-05-16T03:20:10.633+0000][6][safepoint    ] Safepoint "Cleanup", Time since last: 1000121419 ns, Reaching safepoint: 175306 ns, At safepoint: 4495 ns, Total: 179801 ns
[2023-05-16T03:20:11.634+0000][6][safepoint    ] Safepoint "Cleanup", Time since last: 1000120760 ns, Reaching safepoint: 426714 ns, At safepoint: 5272 ns, Total: 431986 ns
[2023-05-16T03:20:12.634+0000][6][safepoint    ] Safepoint "Cleanup", Time since last: 1000131662 ns, Reaching safepoint: 124495 ns, At safepoint: 3630 ns, Total: 128125 ns
[2023-05-16T03:20:13.634+0000][6][safepoint    ] Safepoint "Cleanup", Time since last: 1000127256 ns, Reaching safepoint: 210294 ns, At safepoint: 3760 ns, Total: 214054 ns
[2023-05-16T03:20:14.635+0000][6][safepoint    ] Safepoint "Cleanup", Time since last: 1000168431 ns, Reaching safepoint: 357410 ns, At safepoint: 8176 ns, Total: 365586 ns
[2023-05-16T03:20:15.635+0000][6][safepoint    ] Safepoint "Cleanup", Time since last: 1000140935 ns, Reaching safepoint: 103603 ns, At safepoint: 3447 ns, Total: 107050 ns
[2023-05-16T03:20:16.635+0000][6][safepoint    ] Safepoint "Cleanup", Time since last: 1000088828 ns, Reaching safepoint: 127655 ns, At safepoint: 3088 ns, Total: 130743 ns
[2023-05-16T03:20:17.634+0000][6][gc,start     ] GC(35) Pause Young (Normal) (G1 Evacuation Pause)
[2023-05-16T03:20:17.634+0000][6][gc,task      ] GC(35) Using 8 workers of 8 for evacuation
[2023-05-16T03:20:17.634+0000][6][gc,age       ] GC(35) Desired survivor size 35127296 bytes, new threshold 7 (max threshold 15)
[2023-05-16T03:20:17.662+0000][6][gc,age       ] GC(35) Age table with threshold 7 (max threshold 15)
[2023-05-16T03:20:17.662+0000][6][gc,age       ] GC(35) - age   1:    8381136 bytes,    8381136 total
[2023-05-16T03:20:17.662+0000][6][gc,age       ] GC(35) - age   2:    6241152 bytes,   14622288 total
[2023-05-16T03:20:17.662+0000][6][gc,age       ] GC(35) - age   3:    6996888 bytes,   21619176 total
[2023-05-16T03:20:17.662+0000][6][gc,age       ] GC(35) - age   4:    6515568 bytes,   28134744 total
[2023-05-16T03:20:17.662+0000][6][gc,age       ] GC(35) - age   5:    1313960 bytes,   29448704 total
[2023-05-16T03:20:17.662+0000][6][gc,age       ] GC(35) - age   6:    4547024 bytes,   33995728 total
[2023-05-16T03:20:17.662+0000][6][gc,age       ] GC(35) - age   7:    4403608 bytes,   38399336 total
[2023-05-16T03:20:17.662+0000][6][gc,phases    ] GC(35)   Pre Evacuate Collection Set: 0.2ms
[2023-05-16T03:20:17.662+0000][6][gc,phases    ] GC(35)   Merge Heap Roots: 0.1ms
[2023-05-16T03:20:17.662+0000][6][gc,phases    ] GC(35)   Evacuate Collection Set: 26.6ms
[2023-05-16T03:20:17.662+0000][6][gc,phases    ] GC(35)   Post Evacuate Collection Set: 1.0ms
[2023-05-16T03:20:17.662+0000][6][gc,phases    ] GC(35)   Other: 0.3ms
[2023-05-16T03:20:17.662+0000][6][gc,heap      ] GC(35) Eden regions: 494->0(486)
[2023-05-16T03:20:17.662+0000][6][gc,heap      ] GC(35) Survivor regions: 42->40(67)
[2023-05-16T03:20:17.662+0000][6][gc,heap      ] GC(35) Old regions: 132->137
[2023-05-16T03:20:17.662+0000][6][gc,heap      ] GC(35) Archive regions: 2->2
[2023-05-16T03:20:17.662+0000][6][gc,heap      ] GC(35) Humongous regions: 63->63
[2023-05-16T03:20:17.662+0000][6][gc,metaspace ] GC(35) Metaspace: 96960K(104684K)->96960K(104684K) NonClass: 84311K(88940K)->84311K(88940K) Class: 12648K(15744K)->12648K(15744K)
[2023-05-16T03:20:17.662+0000][6][gc           ] GC(35) Pause Young (Normal) (G1 Evacuation Pause) 731M->240M(1024M) 28.237ms
[2023-05-16T03:20:17.662+0000][6][gc,cpu       ] GC(35) User=0.09s Sys=0.00s Real=0.03s
[2023-05-16T03:20:17.662+0000][6][safepoint    ] Safepoint "G1CollectForAllocation", Time since last: 998458115 ns, Reaching safepoint: 145527 ns, At safepoint: 28367290 ns, Total: 28512817 ns
[2023-05-16T03:20:18.663+0000][6][safepoint    ] Safepoint "Cleanup", Time since last: 1000111419 ns, Reaching safepoint: 650061 ns, At safepoint: 12552 ns, Total: 662613 ns
[2023-05-16T03:20:19.663+0000][6][safepoint    ] Safepoint "Cleanup", Time since last: 1000197763 ns, Reaching safepoint: 157541 ns, At safepoint: 3536 ns, Total: 161077 ns
[2023-05-16T03:20:20.664+0000][6][safepoint    ] Safepoint "Cleanup", Time since last: 1000118102 ns, Reaching safepoint: 276628 ns, At safepoint: 4876 ns, Total: 281504 ns
[2023-05-16T03:20:22.638+0000][6][safepoint    ] Safepoint "BulkRevokeBias", Time since last: 1972595444 ns, Reaching safepoint: 335990 ns, At safepoint: 922250 ns, Total: 1258240 ns
[2023-05-16T03:20:23.638+0000][6][safepoint    ] Safepoint "Cleanup", Time since last: 1000144100 ns, Reaching safepoint: 263925 ns, At safepoint: 5250 ns, Total: 269175 ns
[2023-05-16T03:20:24.638+0000][6][safepoint    ] Safepoint "Cleanup", Time since last: 1000104744 ns, Reaching safepoint: 96682 ns, At safepoint: 3022 ns, Total: 99704 ns
[2023-05-16T03:20:25.639+0000][6][safepoint    ] Safepoint "Cleanup", Time since last: 1000108911 ns, Reaching safepoint: 306979 ns, At safepoint: 6210 ns, Total: 313189 ns
[2023-05-16T03:20:26.640+0000][6][safepoint    ] Safepoint "Cleanup", Time since last: 1000178124 ns, Reaching safepoint: 678615 ns, At safepoint: 11957 ns, Total: 690572 ns
[2023-05-16T03:20:27.640+0000][6][safepoint    ] Safepoint "Cleanup", Time since last: 1000248352 ns, Reaching safepoint: 104707 ns, At safepoint: 3844 ns, Total: 108551 ns
[2023-05-16T03:20:28.640+0000][6][safepoint    ] Safepoint "Cleanup", Time since last: 1000107618 ns, Reaching safepoint: 171819 ns, At safepoint: 4513 ns, Total: 176332 ns
[2023-05-16T03:20:29.641+0000][6][safepoint    ] Safepoint "Cleanup", Time since last: 1000147876 ns, Reaching safepoint: 627159 ns, At safepoint: 12754 ns, Total: 639913 ns
[2023-05-16T03:20:30.642+0000][6][safepoint    ] Safepoint "Cleanup", Time since last: 1000263957 ns, Reaching safepoint: 337072 ns, At safepoint: 5734 ns, Total: 342806 ns
[2023-05-16T03:20:31.642+0000][6][safepoint    ] Safepoint "Cleanup", Time since last: 1000127896 ns, Reaching safepoint: 132411 ns, At safepoint: 4115 ns, Total: 136526 ns
[2023-05-16T03:20:32.643+0000][6][safepoint    ] Safepoint "Cleanup", Time since last: 1000159169 ns, Reaching safepoint: 654390 ns, At safepoint: 8417 ns, Total: 662807 ns
[2023-05-16T03:20:33.643+0000][6][safepoint    ] Safepoint "Cleanup", Time since last: 1000223979 ns, Reaching safepoint: 127036 ns, At safepoint: 3616 ns, Total: 130652 ns
[2023-05-16T03:20:34.644+0000][6][safepoint    ] Safepoint "Cleanup", Time since last: 1000186998 ns, Reaching safepoint: 539285 ns, At safepoint: 15180 ns, Total: 554465 ns
[2023-05-16T03:20:35.644+0000][6][safepoint    ] Safepoint "Cleanup", Time since last: 1000232949 ns, Reaching safepoint: 142141 ns, At safepoint: 4767 ns, Total: 146908 ns
[2023-05-16T03:20:36.645+0000][6][safepoint    ] Safepoint "Cleanup", Time since last: 1000118858 ns, Reaching safepoint: 170606 ns, At safepoint: 4920 ns, Total: 175526 ns
[2023-05-16T03:20:37.645+0000][6][safepoint    ] Safepoint "Cleanup", Time since last: 1000140569 ns, Reaching safepoint: 98592 ns, At safepoint: 3952 ns, Total: 102544 ns
[2023-05-16T03:20:38.645+0000][6][safepoint    ] Safepoint "Cleanup", Time since last: 1000162305 ns, Reaching safepoint: 474976 ns, At safepoint: 8187 ns, Total: 483163 ns
[2023-05-16T03:20:39.647+0000][6][safepoint    ] Safepoint "Cleanup", Time since last: 1000243287 ns, Reaching safepoint: 974946 ns, At safepoint: 23468 ns, Total: 998414 ns
[2023-05-16T03:20:40.647+0000][6][safepoint    ] Safepoint "Cleanup", Time since last: 1000301320 ns, Reaching safepoint: 104471 ns, At safepoint: 5001 ns, Total: 109472 ns
[2023-05-16T03:20:41.647+0000][6][safepoint    ] Safepoint "Cleanup", Time since last: 1000096233 ns, Reaching safepoint: 116552 ns, At safepoint: 4253 ns, Total: 120805 ns
[2023-05-16T03:20:42.648+0000][6][safepoint    ] Safepoint "Cleanup", Time since last: 1000100060 ns, Reaching safepoint: 139831 ns, At safepoint: 3842 ns, Total: 143673 ns
[2023-05-16T03:20:43.648+0000][6][safepoint    ] Safepoint "Cleanup", Time since last: 1000108801 ns, Reaching safepoint: 126833 ns, At safepoint: 3247 ns, Total: 130080 ns
[2023-05-16T03:20:44.649+0000][6][safepoint    ] Safepoint "Cleanup", Time since last: 1000154930 ns, Reaching safepoint: 863452 ns, At safepoint: 17890 ns, Total: 881342 ns
[2023-05-16T03:20:45.649+0000][6][safepoint    ] Safepoint "Cleanup", Time since last: 1000163719 ns, Reaching safepoint: 285146 ns, At safepoint: 9670 ns, Total: 294816 ns
[2023-05-16T03:20:46.650+0000][6][safepoint    ] Safepoint "Cleanup", Time since last: 1000093493 ns, Reaching safepoint: 213460 ns, At safepoint: 5589 ns, Total: 219049 ns
[2023-05-16T03:20:47.650+0000][6][safepoint    ] Safepoint "Cleanup", Time since last: 1000195035 ns, Reaching safepoint: 429465 ns, At safepoint: 7195 ns, Total: 436660 ns
[2023-05-16T03:20:48.680+0000][6][safepoint    ] Safepoint "Cleanup", Time since last: 1028684345 ns, Reaching safepoint: 576663 ns, At safepoint: 9710 ns, Total: 586373 ns
[2023-05-16T03:20:49.680+0000][6][safepoint    ] Safepoint "Cleanup", Time since last: 1000159838 ns, Reaching safepoint: 137244 ns, At safepoint: 9140 ns, Total: 146384 ns
[2023-05-16T03:20:50.681+0000][6][safepoint    ] Safepoint "Cleanup", Time since last: 1000197347 ns, Reaching safepoint: 499073 ns, At safepoint: 20883 ns, Total: 519956 ns
[2023-05-16T03:20:51.681+0000][6][safepoint    ] Safepoint "Cleanup", Time since last: 1000333611 ns, Reaching safepoint: 301470 ns, At safepoint: 7710 ns, Total: 309180 ns
[2023-05-16T03:20:52.681+0000][6][safepoint    ] Safepoint "Cleanup", Time since last: 1000214104 ns, Reaching safepoint: 87962 ns, At safepoint: 5547 ns, Total: 93509 ns
[2023-05-16T03:20:54.584+0000][6][safepoint    ] Safepoint "Cleanup", Time since last: 1901545333 ns, Reaching safepoint: 457835 ns, At safepoint: 18411 ns, Total: 476246 ns
[2023-05-16T03:20:55.584+0000][6][safepoint    ] Safepoint "Cleanup", Time since last: 1000251461 ns, Reaching safepoint: 158278 ns, At safepoint: 6188 ns, Total: 164466 ns
[2023-05-16T03:20:56.584+0000][6][safepoint    ] Safepoint "Cleanup", Time since last: 1000137627 ns, Reaching safepoint: 86009 ns, At safepoint: 4260 ns, Total: 90269 ns
[2023-05-16T03:20:57.585+0000][6][safepoint    ] Safepoint "Cleanup", Time since last: 1000162163 ns, Reaching safepoint: 516427 ns, At safepoint: 10532 ns, Total: 526959 ns
[2023-05-16T03:20:58.586+0000][6][safepoint    ] Safepoint "Cleanup", Time since last: 1000325328 ns, Reaching safepoint: 353871 ns, At safepoint: 8759 ns, Total: 362630 ns
[2023-05-16T03:20:59.586+0000][6][safepoint    ] Safepoint "Cleanup", Time since last: 1000222154 ns, Reaching safepoint: 169878 ns, At safepoint: 5793 ns, Total: 175671 ns
[2023-05-16T03:21:00.586+0000][6][safepoint    ] Safepoint "Cleanup", Time since last: 1000128555 ns, Reaching safepoint: 183174 ns, At safepoint: 4690 ns, Total: 187864 ns
[2023-05-16T03:21:01.588+0000][6][safepoint    ] Safepoint "Cleanup", Time since last: 1001607619 ns, Reaching safepoint: 133665 ns, At safepoint: 4821 ns, Total: 138486 ns
[2023-05-16T03:21:02.588+0000][6][safepoint    ] Safepoint "Cleanup", Time since last: 1000114374 ns, Reaching safepoint: 107240 ns, At safepoint: 4430 ns, Total: 111670 ns
[2023-05-16T03:21:03.588+0000][6][safepoint    ] Safepoint "Cleanup", Time since last: 1000106183 ns, Reaching safepoint: 121419 ns, At safepoint: 3474 ns, Total: 124893 ns
[2023-05-16T03:21:04.589+0000][6][safepoint    ] Safepoint "Cleanup", Time since last: 1000114067 ns, Reaching safepoint: 148967 ns, At safepoint: 6044 ns, Total: 155011 ns
[2023-05-16T03:21:05.592+0000][6][safepoint    ] Safepoint "Cleanup", Time since last: 1002984095 ns, Reaching safepoint: 146969 ns, At safepoint: 6072 ns, Total: 153041 ns
[2023-05-16T03:21:06.592+0000][6][safepoint    ] Safepoint "Cleanup", Time since last: 1000118379 ns, Reaching safepoint: 112220 ns, At safepoint: 3455 ns, Total: 115675 ns
[2023-05-16T03:21:07.593+0000][6][safepoint    ] Safepoint "Cleanup", Time since last: 1000169396 ns, Reaching safepoint: 562339 ns, At safepoint: 8794 ns, Total: 571133 ns
[2023-05-16T03:21:08.593+0000][6][safepoint    ] Safepoint "Cleanup", Time since last: 1000293887 ns, Reaching safepoint: 104045 ns, At safepoint: 3311 ns, Total: 107356 ns
[2023-05-16T03:21:09.594+0000][6][safepoint    ] Safepoint "Cleanup", Time since last: 1000179504 ns, Reaching safepoint: 176842 ns, At safepoint: 6914 ns, Total: 183756 ns
[2023-05-16T03:21:10.595+0000][6][safepoint    ] Safepoint "Cleanup", Time since last: 1000194348 ns, Reaching safepoint: 709887 ns, At safepoint: 14166 ns, Total: 724053 ns
[2023-05-16T03:21:11.595+0000][6][safepoint    ] Safepoint "Cleanup", Time since last: 1000289708 ns, Reaching safepoint: 301959 ns, At safepoint: 5838 ns, Total: 307797 ns
[2023-05-16T03:21:12.595+0000][6][safepoint    ] Safepoint "Cleanup", Time since last: 1000208638 ns, Reaching safepoint: 83491 ns, At safepoint: 4586 ns, Total: 88077 ns
[2023-05-16T03:21:13.596+0000][6][safepoint    ] Safepoint "Cleanup", Time since last: 1000115820 ns, Reaching safepoint: 248157 ns, At safepoint: 7561 ns, Total: 255718 ns
[2023-05-16T03:21:14.596+0000][6][safepoint    ] Safepoint "Cleanup", Time since last: 1000216062 ns, Reaching safepoint: 402732 ns, At safepoint: 14443 ns, Total: 417175 ns
[2023-05-16T03:21:15.597+0000][6][safepoint    ] Safepoint "Cleanup", Time since last: 1000349506 ns, Reaching safepoint: 551603 ns, At safepoint: 16146 ns, Total: 567749 ns
[2023-05-16T03:21:16.598+0000][6][safepoint    ] Safepoint "Cleanup", Time since last: 1000347760 ns, Reaching safepoint: 721046 ns, At safepoint: 15573 ns, Total: 736619 ns
[2023-05-16T03:21:17.599+0000][6][safepoint    ] Safepoint "Cleanup", Time since last: 1000235788 ns, Reaching safepoint: 176626 ns, At safepoint: 5851 ns, Total: 182477 ns
[2023-05-16T03:21:18.599+0000][6][safepoint    ] Safepoint "Cleanup", Time since last: 1000116940 ns, Reaching safepoint: 150752 ns, At safepoint: 3679 ns, Total: 154431 ns
[2023-05-16T03:21:19.600+0000][6][safepoint    ] Safepoint "Cleanup", Time since last: 1000149286 ns, Reaching safepoint: 424445 ns, At safepoint: 11471 ns, Total: 435916 ns
[2023-05-16T03:21:20.601+0000][6][safepoint    ] Safepoint "Cleanup", Time since last: 1000327767 ns, Reaching safepoint: 786918 ns, At safepoint: 6852 ns, Total: 793770 ns
[2023-05-16T03:21:21.601+0000][6][safepoint    ] Safepoint "Cleanup", Time since last: 1000080171 ns, Reaching safepoint: 74225 ns, At safepoint: 4356 ns, Total: 78581 ns
[2023-05-16T03:21:22.346+0000][6][safepoint    ] Safepoint "BulkRevokeBias", Time since last: 740607819 ns, Reaching safepoint: 3827905 ns, At safepoint: 818878 ns, Total: 4646783 ns
[2023-05-16T03:21:22.837+0000][6][safepoint    ] Safepoint "BulkRevokeBias", Time since last: 485331866 ns, Reaching safepoint: 4292780 ns, At safepoint: 1253647 ns, Total: 5546427 ns
[2023-05-16T03:21:22.860+0000][6][safepoint    ] Safepoint "BulkRevokeBias", Time since last: 22055132 ns, Reaching safepoint: 674795 ns, At safepoint: 425170 ns, Total: 1099965 ns
[2023-05-16T03:21:24.363+0000][6][safepoint    ] Safepoint "Cleanup", Time since last: 1502564935 ns, Reaching safepoint: 483551 ns, At safepoint: 7162 ns, Total: 490713 ns
[2023-05-16T03:21:24.554+0000][6][gc,start     ] GC(36) Pause Young (Normal) (G1 Evacuation Pause)
[2023-05-16T03:21:24.554+0000][6][gc,task      ] GC(36) Using 8 workers of 8 for evacuation
[2023-05-16T03:21:24.554+0000][6][gc,age       ] GC(36) Desired survivor size 34603008 bytes, new threshold 7 (max threshold 15)
[2023-05-16T03:21:24.616+0000][6][gc,age       ] GC(36) Age table with threshold 7 (max threshold 15)
[2023-05-16T03:21:24.616+0000][6][gc,age       ] GC(36) - age   1:    6160112 bytes,    6160112 total
[2023-05-16T03:21:24.616+0000][6][gc,age       ] GC(36) - age   2:    5531920 bytes,   11692032 total
[2023-05-16T03:21:24.616+0000][6][gc,age       ] GC(36) - age   3:    5647672 bytes,   17339704 total
[2023-05-16T03:21:24.616+0000][6][gc,age       ] GC(36) - age   4:    6359624 bytes,   23699328 total
[2023-05-16T03:21:24.616+0000][6][gc,age       ] GC(36) - age   5:    4953592 bytes,   28652920 total
[2023-05-16T03:21:24.616+0000][6][gc,age       ] GC(36) - age   6:    1296720 bytes,   29949640 total
[2023-05-16T03:21:24.616+0000][6][gc,age       ] GC(36) - age   7:    4547024 bytes,   34496664 total
[2023-05-16T03:21:24.616+0000][6][gc,phases    ] GC(36)   Pre Evacuate Collection Set: 0.2ms
[2023-05-16T03:21:24.616+0000][6][gc,phases    ] GC(36)   Merge Heap Roots: 0.2ms
[2023-05-16T03:21:24.616+0000][6][gc,phases    ] GC(36)   Evacuate Collection Set: 60.2ms
[2023-05-16T03:21:24.616+0000][6][gc,phases    ] GC(36)   Post Evacuate Collection Set: 1.7ms
[2023-05-16T03:21:24.616+0000][6][gc,phases    ] GC(36)   Other: 0.4ms
[2023-05-16T03:21:24.616+0000][6][gc,heap      ] GC(36) Eden regions: 486->0(490)
[2023-05-16T03:21:24.616+0000][6][gc,heap      ] GC(36) Survivor regions: 40->36(66)
[2023-05-16T03:21:24.616+0000][6][gc,heap      ] GC(36) Old regions: 137->141
[2023-05-16T03:21:24.616+0000][6][gc,heap      ] GC(36) Archive regions: 2->2
[2023-05-16T03:21:24.616+0000][6][gc,heap      ] GC(36) Humongous regions: 73->63
[2023-05-16T03:21:24.616+0000][6][gc,metaspace ] GC(36) Metaspace: 97108K(104684K)->97108K(104684K) NonClass: 84440K(88940K)->84440K(88940K) Class: 12667K(15744K)->12667K(15744K)
[2023-05-16T03:21:24.616+0000][6][gc           ] GC(36) Pause Young (Normal) (G1 Evacuation Pause) 736M->240M(1024M) 62.787ms
[2023-05-16T03:21:24.616+0000][6][gc,cpu       ] GC(36) User=0.07s Sys=0.01s Real=0.06s
[2023-05-16T03:21:24.616+0000][6][safepoint    ] Safepoint "G1CollectForAllocation", Time since last: 187946119 ns, Reaching safepoint: 2286821 ns, At safepoint: 62921757 ns, Total: 65208578 ns
[2023-05-16T03:21:25.830+0000][6][safepoint    ] Safepoint "Cleanup", Time since last: 1213564063 ns, Reaching safepoint: 122280 ns, At safepoint: 7400 ns, Total: 129680 ns
[2023-05-16T03:21:27.018+0000][6][safepoint    ] Safepoint "Cleanup", Time since last: 1187838156 ns, Reaching safepoint: 499185 ns, At safepoint: 12536 ns, Total: 511721 ns
[2023-05-16T03:21:27.808+0000][6][gc,heap,exit ] Heap
[2023-05-16T03:21:27.808+0000][6][gc,heap,exit ]  garbage-first heap   total 1048576K, used 413156K [0x00000000c0000000, 0x0000000100000000)
[2023-05-16T03:21:27.808+0000][6][gc,heap,exit ]   region size 1024K, 201 young (205824K), 36 survivors (36864K)
[2023-05-16T03:21:27.808+0000][6][gc,heap,exit ]  Metaspace       used 97285K, capacity 104694K, committed 104940K, reserved 1138688K
[2023-05-16T03:21:27.808+0000][6][gc,heap,exit ]   class space    used 12685K, capacity 15734K, committed 15744K, reserved 1048576K
